[0.015s][info][gc] Using Serial
[9.216s][info][gc] GC(0) Pause Young (Allocation Failure) 4M->2M(15M) 5.094ms
[9.457s][info][gc] GC(1) Pause Young (Allocation Failure) 6M->3M(15M) 5.888ms
[33.501s][info][gc] GC(2) Pause Young (Allocation Failure) 7M->3M(15M) 2.528ms
[72.531s][info][gc] GC(3) Pause Young (Allocation Failure) 7M->3M(15M) 2.627ms
[76.727s][info][gc] GC(4) Pause Young (Allocation Failure) 7M->5M(15M) 3.656ms
[76.756s][info][gc] GC(5) Pause Young (Allocation Failure) 9M->6M(15M) 4.387ms
[76.785s][info][gc] GC(6) Pause Young (Allocation Failure) 11M->8M(15M) 4.094ms
[76.808s][info][gc] GC(7) Pause Young (Allocation Failure) 12M->10M(15M) 3.795ms
[76.824s][info][gc] GC(8) Pause Young (Allocation Failure) 14M->14M(15M) 0.050ms
[76.847s][info][gc] GC(9) Pause Full (Allocation Failure) 14M->7M(15M) 21.913ms
[76.873s][info][gc] GC(10) Pause Young (Allocation Failure) 12M->9M(15M) 5.243ms
[76.886s][info][gc] GC(11) Pause Young (Allocation Failure) 14M->14M(15M) 0.055ms
[76.902s][info][gc] GC(12) Pause Full (Allocation Failure) 14M->6M(15M) 16.525ms
[76.921s][info][gc] GC(13) Pause Young (Allocation Failure) 10M->8M(15M) 4.529ms
[76.936s][info][gc] GC(14) Pause Young (Allocation Failure) 12M->9M(15M) 3.541ms
[76.948s][info][gc] GC(15) Pause Young (Allocation Failure) 14M->14M(15M) 0.042ms
[76.965s][info][gc] GC(16) Pause Full (Allocation Failure) 14M->6M(15M) 17.160ms
[76.982s][info][gc] GC(17) Pause Young (Allocation Failure) 10M->8M(15M) 4.256ms
[76.995s][info][gc] GC(18) Pause Young (Allocation Failure) 12M->10M(15M) 3.240ms
[77.005s][info][gc] GC(19) Pause Young (Allocation Failure) 14M->14M(15M) 0.044ms
[77.024s][info][gc] GC(20) Pause Full (Allocation Failure) 14M->6M(15M) 19.358ms
[77.041s][info][gc] GC(21) Pause Young (Allocation Failure) 10M->8M(15M) 4.713ms
[77.054s][info][gc] GC(22) Pause Young (Allocation Failure) 12M->10M(15M) 3.357ms
[77.065s][info][gc] GC(23) Pause Young (Allocation Failure) 14M->14M(15M) 0.044ms
[77.083s][info][gc] GC(24) Pause Full (Allocation Failure) 14M->6M(15M) 18.274ms
[77.097s][info][gc] GC(25) Pause Young (Allocation Failure) 11M->8M(15M) 4.471ms
[77.103s][info][gc] GC(26) Pause Young (Allocation Failure) 13M->13M(15M) 0.039ms
[77.119s][info][gc] GC(27) Pause Full (Allocation Failure) 13M->5M(15M) 16.391ms
[77.129s][info][gc] GC(28) Pause Young (Allocation Failure) 10M->8M(15M) 4.145ms
[77.137s][info][gc] GC(29) Pause Young (Allocation Failure) 12M->9M(15M) 3.152ms
[77.143s][info][gc] GC(30) Pause Young (Allocation Failure) 14M->14M(15M) 0.034ms
[77.160s][info][gc] GC(31) Pause Full (Allocation Failure) 14M->6M(15M) 17.565ms
[77.170s][info][gc] GC(32) Pause Young (Allocation Failure) 11M->8M(15M) 4.389ms
[77.175s][info][gc] GC(33) Pause Young (Allocation Failure) 13M->13M(15M) 0.040ms
[77.191s][info][gc] GC(34) Pause Full (Allocation Failure) 13M->5M(15M) 15.920ms
[77.201s][info][gc] GC(35) Pause Young (Allocation Failure) 9M->7M(15M) 4.063ms
[77.209s][info][gc] GC(36) Pause Young (Allocation Failure) 12M->9M(15M) 3.100ms
[77.214s][info][gc] GC(37) Pause Young (Allocation Failure) 13M->13M(15M) 0.033ms
[77.231s][info][gc] GC(38) Pause Full (Allocation Failure) 13M->6M(15M) 17.026ms
[77.241s][info][gc] GC(39) Pause Young (Allocation Failure) 10M->8M(15M) 4.521ms
[77.246s][info][gc] GC(40) Pause Young (Allocation Failure) 12M->12M(15M) 0.034ms
[77.262s][info][gc] GC(41) Pause Full (Allocation Failure) 12M->6M(15M) 15.723ms
[77.271s][info][gc] GC(42) Pause Young (Allocation Failure) 10M->8M(15M) 3.973ms
[77.279s][info][gc] GC(43) Pause Young (Allocation Failure) 12M->9M(15M) 3.141ms
[77.285s][info][gc] GC(44) Pause Young (Allocation Failure) 14M->14M(15M) 0.034ms
[77.302s][info][gc] GC(45) Pause Full (Allocation Failure) 14M->6M(15M) 17.343ms
[77.312s][info][gc] GC(46) Pause Young (Allocation Failure) 11M->8M(15M) 4.284ms
[77.317s][info][gc] GC(47) Pause Young (Allocation Failure) 13M->13M(15M) 0.034ms
[77.333s][info][gc] GC(48) Pause Full (Allocation Failure) 13M->5M(15M) 16.113ms
[77.343s][info][gc] GC(49) Pause Young (Allocation Failure) 10M->7M(15M) 4.258ms
[77.351s][info][gc] GC(50) Pause Young (Allocation Failure) 12M->9M(15M) 3.017ms
[77.356s][info][gc] GC(51) Pause Young (Allocation Failure) 13M->13M(15M) 0.034ms
[77.373s][info][gc] GC(52) Pause Full (Allocation Failure) 13M->6M(15M) 17.240ms
[77.383s][info][gc] GC(53) Pause Young (Allocation Failure) 11M->8M(15M) 4.291ms
[77.388s][info][gc] GC(54) Pause Young (Allocation Failure) 13M->13M(15M) 0.034ms
[77.404s][info][gc] GC(55) Pause Full (Allocation Failure) 13M->6M(15M) 15.962ms
[77.414s][info][gc] GC(56) Pause Young (Allocation Failure) 10M->8M(15M) 4.220ms
[77.422s][info][gc] GC(57) Pause Young (Allocation Failure) 12M->10M(15M) 3.025ms
[77.427s][info][gc] GC(58) Pause Young (Allocation Failure) 14M->14M(15M) 0.034ms
[77.445s][info][gc] GC(59) Pause Full (Allocation Failure) 14M->6M(15M) 17.856ms
[77.455s][info][gc] GC(60) Pause Young (Allocation Failure) 11M->8M(15M) 4.571ms
[77.460s][info][gc] GC(61) Pause Young (Allocation Failure) 13M->13M(15M) 0.035ms
[77.476s][info][gc] GC(62) Pause Full (Allocation Failure) 13M->5M(15M) 16.350ms
[77.486s][info][gc] GC(63) Pause Young (Allocation Failure) 9M->7M(15M) 4.314ms
[77.494s][info][gc] GC(64) Pause Young (Allocation Failure) 11M->9M(15M) 3.191ms
[77.500s][info][gc] GC(65) Pause Young (Allocation Failure) 13M->13M(15M) 0.047ms
[77.518s][info][gc] GC(66) Pause Full (Allocation Failure) 13M->6M(15M) 18.517ms
[77.528s][info][gc] GC(67) Pause Young (Allocation Failure) 10M->8M(15M) 4.323ms
[77.533s][info][gc] GC(68) Pause Young (Allocation Failure) 12M->12M(15M) 0.054ms
[77.549s][info][gc] GC(69) Pause Full (Allocation Failure) 12M->5M(15M) 15.874ms
[77.559s][info][gc] GC(70) Pause Young (Allocation Failure) 10M->8M(15M) 4.171ms
[77.567s][info][gc] GC(71) Pause Young (Allocation Failure) 12M->9M(15M) 3.176ms
[77.573s][info][gc] GC(72) Pause Young (Allocation Failure) 14M->14M(15M) 0.040ms
[77.591s][info][gc] GC(73) Pause Full (Allocation Failure) 14M->6M(15M) 18.278ms
[77.601s][info][gc] GC(74) Pause Young (Allocation Failure) 11M->8M(15M) 4.564ms
[77.607s][info][gc] GC(75) Pause Young (Allocation Failure) 13M->13M(15M) 0.036ms
[77.623s][info][gc] GC(76) Pause Full (Allocation Failure) 13M->5M(15M) 16.199ms
[77.633s][info][gc] GC(77) Pause Young (Allocation Failure) 9M->7M(15M) 4.216ms
[77.641s][info][gc] GC(78) Pause Young (Allocation Failure) 11M->9M(15M) 3.235ms
[77.646s][info][gc] GC(79) Pause Young (Allocation Failure) 13M->13M(15M) 0.035ms
[77.664s][info][gc] GC(80) Pause Full (Allocation Failure) 13M->6M(15M) 17.872ms
[77.674s][info][gc] GC(81) Pause Young (Allocation Failure) 10M->8M(15M) 4.435ms
[77.680s][info][gc] GC(82) Pause Young (Allocation Failure) 13M->13M(15M) 0.044ms
[77.695s][info][gc] GC(83) Pause Full (Allocation Failure) 13M->6M(15M) 15.754ms
[77.705s][info][gc] GC(84) Pause Young (Allocation Failure) 10M->8M(15M) 4.199ms
[77.713s][info][gc] GC(85) Pause Young (Allocation Failure) 12M->9M(15M) 3.153ms
[77.719s][info][gc] GC(86) Pause Young (Allocation Failure) 14M->14M(15M) 0.046ms
[77.737s][info][gc] GC(87) Pause Full (Allocation Failure) 14M->6M(15M) 18.178ms
[77.747s][info][gc] GC(88) Pause Young (Allocation Failure) 11M->9M(15M) 4.669ms
[77.752s][info][gc] GC(89) Pause Young (Allocation Failure) 13M->13M(15M) 0.047ms
[77.770s][info][gc] GC(90) Pause Full (Allocation Failure) 13M->5M(15M) 17.493ms
[77.779s][info][gc] GC(91) Pause Young (Allocation Failure) 10M->7M(15M) 4.208ms
[77.787s][info][gc] GC(92) Pause Young (Allocation Failure) 12M->9M(15M) 2.997ms
[77.792s][info][gc] GC(93) Pause Young (Allocation Failure) 13M->13M(15M) 0.033ms
[77.809s][info][gc] GC(94) Pause Full (Allocation Failure) 13M->6M(15M) 16.720ms
[77.818s][info][gc] GC(95) Pause Young (Allocation Failure) 10M->8M(15M) 4.094ms
[77.823s][info][gc] GC(96) Pause Young (Allocation Failure) 12M->12M(15M) 0.045ms
[77.839s][info][gc] GC(97) Pause Full (Allocation Failure) 12M->6M(15M) 16.023ms
[77.848s][info][gc] GC(98) Pause Young (Allocation Failure) 10M->8M(15M) 4.080ms
[77.853s][info][gc] GC(99) Pause Young (Allocation Failure) 12M->12M(15M) 0.033ms
[77.869s][info][gc] GC(100) Pause Full (Allocation Failure) 12M->6M(15M) 15.840ms
[77.878s][info][gc] GC(101) Pause Young (Allocation Failure) 10M->8M(15M) 4.052ms
[77.886s][info][gc] GC(102) Pause Young (Allocation Failure) 12M->10M(15M) 3.071ms
[77.891s][info][gc] GC(103) Pause Young (Allocation Failure) 14M->14M(15M) 0.034ms
[77.909s][info][gc] GC(104) Pause Full (Allocation Failure) 14M->6M(15M) 17.199ms
[77.918s][info][gc] GC(105) Pause Young (Allocation Failure) 10M->8M(15M) 4.305ms
[77.926s][info][gc] GC(106) Pause Young (Allocation Failure) 12M->9M(15M) 3.428ms
[77.931s][info][gc] GC(107) Pause Young (Allocation Failure) 14M->14M(15M) 0.035ms
[77.950s][info][gc] GC(108) Pause Full (Allocation Failure) 14M->6M(15M) 18.092ms
[77.960s][info][gc] GC(109) Pause Young (Allocation Failure) 11M->9M(15M) 4.580ms
[77.965s][info][gc] GC(110) Pause Young (Allocation Failure) 13M->13M(15M) 0.036ms
[77.981s][info][gc] GC(111) Pause Full (Allocation Failure) 13M->6M(15M) 16.348ms
[77.990s][info][gc] GC(112) Pause Young (Allocation Failure) 10M->8M(15M) 3.957ms
[77.998s][info][gc] GC(113) Pause Young (Allocation Failure) 12M->10M(15M) 3.089ms
[78.003s][info][gc] GC(114) Pause Young (Allocation Failure) 14M->14M(15M) 0.033ms
[78.021s][info][gc] GC(115) Pause Full (Allocation Failure) 14M->6M(15M) 17.190ms
[78.030s][info][gc] GC(116) Pause Young (Allocation Failure) 11M->8M(15M) 4.312ms
[78.035s][info][gc] GC(117) Pause Young (Allocation Failure) 13M->13M(15M) 0.035ms
[78.051s][info][gc] GC(118) Pause Full (Allocation Failure) 13M->5M(15M) 15.993ms
[78.060s][info][gc] GC(119) Pause Young (Allocation Failure) 10M->7M(15M) 4.095ms
[78.068s][info][gc] GC(120) Pause Young (Allocation Failure) 12M->9M(15M) 3.049ms
[78.073s][info][gc] GC(121) Pause Young (Allocation Failure) 13M->13M(15M) 0.034ms
[78.090s][info][gc] GC(122) Pause Full (Allocation Failure) 13M->6M(15M) 17.182ms
[78.100s][info][gc] GC(123) Pause Young (Allocation Failure) 10M->8M(15M) 4.240ms
[78.105s][info][gc] GC(124) Pause Young (Allocation Failure) 12M->12M(15M) 0.035ms
[78.121s][info][gc] GC(125) Pause Full (Allocation Failure) 12M->6M(15M) 16.264ms
[78.131s][info][gc] GC(126) Pause Young (Allocation Failure) 10M->8M(15M) 4.209ms
[78.139s][info][gc] GC(127) Pause Young (Allocation Failure) 12M->10M(15M) 3.030ms
[78.143s][info][gc] GC(128) Pause Young (Allocation Failure) 14M->14M(15M) 0.032ms
[78.161s][info][gc] GC(129) Pause Full (Allocation Failure) 14M->6M(15M) 17.700ms
[78.171s][info][gc] GC(130) Pause Young (Allocation Failure) 11M->9M(15M) 4.409ms
[78.176s][info][gc] GC(131) Pause Young (Allocation Failure) 13M->13M(15M) 0.036ms
[78.192s][info][gc] GC(132) Pause Full (Allocation Failure) 13M->5M(15M) 15.916ms
[78.201s][info][gc] GC(133) Pause Young (Allocation Failure) 10M->7M(15M) 3.961ms
[78.208s][info][gc] GC(134) Pause Young (Allocation Failure) 12M->9M(15M) 2.994ms
[78.213s][info][gc] GC(135) Pause Young (Allocation Failure) 13M->13M(15M) 0.035ms
[78.231s][info][gc] GC(136) Pause Full (Allocation Failure) 13M->6M(15M) 17.905ms
[78.241s][info][gc] GC(137) Pause Young (Allocation Failure) 11M->9M(15M) 4.583ms
[78.246s][info][gc] GC(138) Pause Young (Allocation Failure) 13M->13M(15M) 0.034ms
[78.262s][info][gc] GC(139) Pause Full (Allocation Failure) 13M->6M(15M) 16.300ms
[78.271s][info][gc] GC(140) Pause Young (Allocation Failure) 10M->8M(15M) 3.990ms
[78.276s][info][gc] GC(141) Pause Young (Allocation Failure) 12M->12M(15M) 0.035ms
[78.292s][info][gc] GC(142) Pause Full (Allocation Failure) 12M->6M(15M) 16.070ms
[78.302s][info][gc] GC(143) Pause Young (Allocation Failure) 10M->8M(15M) 4.125ms
[78.307s][info][gc] GC(144) Pause Young (Allocation Failure) 12M->12M(15M) 0.033ms
[78.322s][info][gc] GC(145) Pause Full (Allocation Failure) 12M->5M(15M) 15.855ms
[78.331s][info][gc] GC(146) Pause Young (Allocation Failure) 10M->7M(15M) 3.940ms
[78.339s][info][gc] GC(147) Pause Young (Allocation Failure) 12M->9M(15M) 3.114ms
[78.344s][info][gc] GC(148) Pause Young (Allocation Failure) 13M->13M(15M) 0.034ms
[78.361s][info][gc] GC(149) Pause Full (Allocation Failure) 13M->6M(15M) 17.083ms
[78.371s][info][gc] GC(150) Pause Young (Allocation Failure) 10M->8M(15M) 4.416ms
[78.376s][info][gc] GC(151) Pause Young (Allocation Failure) 12M->12M(15M) 0.034ms
[78.392s][info][gc] GC(152) Pause Full (Allocation Failure) 12M->6M(15M) 15.947ms
[78.401s][info][gc] GC(153) Pause Young (Allocation Failure) 10M->8M(15M) 4.013ms
[78.409s][info][gc] GC(154) Pause Young (Allocation Failure) 12M->10M(15M) 3.123ms
[78.414s][info][gc] GC(155) Pause Young (Allocation Failure) 14M->14M(15M) 0.033ms
[78.432s][info][gc] GC(156) Pause Full (Allocation Failure) 14M->7M(15M) 18.026ms
[78.442s][info][gc] GC(157) Pause Young (Allocation Failure) 11M->9M(15M) 4.328ms
[78.446s][info][gc] GC(158) Pause Young (Allocation Failure) 13M->13M(15M) 0.034ms
[78.463s][info][gc] GC(159) Pause Full (Allocation Failure) 13M->5M(15M) 16.983ms
[78.473s][info][gc] GC(160) Pause Young (Allocation Failure) 10M->7M(15M) 4.223ms
[78.481s][info][gc] GC(161) Pause Young (Allocation Failure) 12M->9M(15M) 3.233ms
[78.486s][info][gc] GC(162) Pause Young (Allocation Failure) 14M->14M(15M) 0.050ms
[78.505s][info][gc] GC(163) Pause Full (Allocation Failure) 14M->6M(15M) 18.827ms
[78.515s][info][gc] GC(164) Pause Young (Allocation Failure) 11M->8M(15M) 4.196ms
[78.520s][info][gc] GC(165) Pause Young (Allocation Failure) 13M->13M(15M) 0.037ms
[78.536s][info][gc] GC(166) Pause Full (Allocation Failure) 13M->6M(15M) 16.296ms
[78.546s][info][gc] GC(167) Pause Young (Allocation Failure) 10M->8M(15M) 4.079ms
[78.551s][info][gc] GC(168) Pause Young (Allocation Failure) 12M->12M(15M) 0.034ms
[78.566s][info][gc] GC(169) Pause Full (Allocation Failure) 12M->6M(15M) 15.779ms
[78.576s][info][gc] GC(170) Pause Young (Allocation Failure) 10M->8M(15M) 4.211ms
[78.581s][info][gc] GC(171) Pause Young (Allocation Failure) 12M->12M(15M) 0.034ms
[78.597s][info][gc] GC(172) Pause Full (Allocation Failure) 12M->5M(15M) 15.929ms
[78.606s][info][gc] GC(173) Pause Young (Allocation Failure) 10M->7M(15M) 3.979ms
[78.614s][info][gc] GC(174) Pause Young (Allocation Failure) 12M->9M(15M) 3.135ms
[78.619s][info][gc] GC(175) Pause Young (Allocation Failure) 13M->13M(15M) 0.032ms
[78.637s][info][gc] GC(176) Pause Full (Allocation Failure) 13M->6M(15M) 18.088ms
[78.647s][info][gc] GC(177) Pause Young (Allocation Failure) 11M->8M(15M) 4.374ms
[78.652s][info][gc] GC(178) Pause Young (Allocation Failure) 13M->13M(15M) 0.034ms
[78.668s][info][gc] GC(179) Pause Full (Allocation Failure) 13M->6M(15M) 16.603ms
[78.678s][info][gc] GC(180) Pause Young (Allocation Failure) 10M->8M(15M) 4.311ms
[78.683s][info][gc] GC(181) Pause Young (Allocation Failure) 12M->12M(15M) 0.036ms
[78.699s][info][gc] GC(182) Pause Full (Allocation Failure) 12M->6M(15M) 16.058ms
[78.708s][info][gc] GC(183) Pause Young (Allocation Failure) 10M->8M(15M) 3.914ms
[78.716s][info][gc] GC(184) Pause Young (Allocation Failure) 12M->10M(15M) 3.099ms
[78.721s][info][gc] GC(185) Pause Young (Allocation Failure) 14M->14M(15M) 0.035ms
[78.738s][info][gc] GC(186) Pause Full (Allocation Failure) 14M->6M(15M) 17.634ms
[78.748s][info][gc] GC(187) Pause Young (Allocation Failure) 10M->8M(15M) 4.226ms
[78.753s][info][gc] GC(188) Pause Young (Allocation Failure) 12M->12M(15M) 0.034ms
[78.769s][info][gc] GC(189) Pause Full (Allocation Failure) 12M->6M(15M) 16.112ms
[78.778s][info][gc] GC(190) Pause Young (Allocation Failure) 10M->8M(15M) 4.122ms
[78.783s][info][gc] GC(191) Pause Young (Allocation Failure) 12M->12M(15M) 0.034ms
[78.799s][info][gc] GC(192) Pause Full (Allocation Failure) 12M->6M(15M) 15.966ms
[78.808s][info][gc] GC(193) Pause Young (Allocation Failure) 10M->8M(15M) 4.048ms
[78.816s][info][gc] GC(194) Pause Young (Allocation Failure) 12M->10M(15M) 3.109ms
[78.821s][info][gc] GC(195) Pause Young (Allocation Failure) 14M->14M(15M) 0.034ms
[78.838s][info][gc] GC(196) Pause Full (Allocation Failure) 14M->6M(15M) 17.192ms
[78.848s][info][gc] GC(197) Pause Young (Allocation Failure) 11M->8M(15M) 4.355ms
[78.853s][info][gc] GC(198) Pause Young (Allocation Failure) 13M->13M(15M) 0.035ms
[78.869s][info][gc] GC(199) Pause Full (Allocation Failure) 13M->5M(15M) 16.193ms
[78.878s][info][gc] GC(200) Pause Young (Allocation Failure) 10M->8M(15M) 4.324ms
[78.886s][info][gc] GC(201) Pause Young (Allocation Failure) 12M->9M(15M) 3.036ms
[78.891s][info][gc] GC(202) Pause Young (Allocation Failure) 14M->14M(15M) 0.033ms
[78.909s][info][gc] GC(203) Pause Full (Allocation Failure) 14M->6M(15M) 17.860ms
[78.919s][info][gc] GC(204) Pause Young (Allocation Failure) 11M->8M(15M) 4.359ms
[78.924s][info][gc] GC(205) Pause Young (Allocation Failure) 13M->13M(15M) 0.034ms
[78.939s][info][gc] GC(206) Pause Full (Allocation Failure) 13M->6M(15M) 15.813ms
[78.949s][info][gc] GC(207) Pause Young (Allocation Failure) 10M->8M(15M) 4.037ms
[78.956s][info][gc] GC(208) Pause Young (Allocation Failure) 12M->9M(15M) 3.005ms
[78.961s][info][gc] GC(209) Pause Young (Allocation Failure) 14M->14M(15M) 0.036ms
[78.979s][info][gc] GC(210) Pause Full (Allocation Failure) 14M->7M(15M) 18.197ms
[78.990s][info][gc] GC(211) Pause Young (Allocation Failure) 11M->9M(15M) 4.780ms
[78.995s][info][gc] GC(212) Pause Young (Allocation Failure) 13M->13M(15M) 0.036ms
[79.011s][info][gc] GC(213) Pause Full (Allocation Failure) 13M->5M(15M) 16.372ms
[79.020s][info][gc] GC(214) Pause Young (Allocation Failure) 10M->7M(15M) 3.987ms
[79.028s][info][gc] GC(215) Pause Young (Allocation Failure) 12M->9M(15M) 3.075ms
[79.033s][info][gc] GC(216) Pause Young (Allocation Failure) 13M->13M(15M) 0.033ms
[79.050s][info][gc] GC(217) Pause Full (Allocation Failure) 13M->6M(15M) 17.335ms
[79.060s][info][gc] GC(218) Pause Young (Allocation Failure) 10M->8M(15M) 4.298ms
[79.065s][info][gc] GC(219) Pause Young (Allocation Failure) 12M->12M(15M) 0.034ms
[79.081s][info][gc] GC(220) Pause Full (Allocation Failure) 12M->6M(15M) 16.180ms
[79.090s][info][gc] GC(221) Pause Young (Allocation Failure) 10M->8M(15M) 4.038ms
[79.095s][info][gc] GC(222) Pause Young (Allocation Failure) 12M->12M(15M) 0.036ms
[79.111s][info][gc] GC(223) Pause Full (Allocation Failure) 12M->6M(15M) 16.334ms
[79.121s][info][gc] GC(224) Pause Young (Allocation Failure) 10M->8M(15M) 4.218ms
[79.125s][info][gc] GC(225) Pause Young (Allocation Failure) 12M->12M(15M) 0.034ms
[79.142s][info][gc] GC(226) Pause Full (Allocation Failure) 12M->5M(15M) 16.107ms
[79.151s][info][gc] GC(227) Pause Young (Allocation Failure) 10M->7M(15M) 4.093ms
[79.159s][info][gc] GC(228) Pause Young (Allocation Failure) 12M->9M(15M) 2.976ms
[79.164s][info][gc] GC(229) Pause Young (Allocation Failure) 13M->13M(15M) 0.034ms
[79.181s][info][gc] GC(230) Pause Full (Allocation Failure) 13M->6M(15M) 17.081ms
[79.190s][info][gc] GC(231) Pause Young (Allocation Failure) 10M->8M(15M) 4.100ms
[79.195s][info][gc] GC(232) Pause Young (Allocation Failure) 12M->12M(15M) 0.033ms
[79.211s][info][gc] GC(233) Pause Full (Allocation Failure) 12M->6M(15M) 16.223ms
[79.220s][info][gc] GC(234) Pause Young (Allocation Failure) 10M->8M(15M) 4.150ms
[79.225s][info][gc] GC(235) Pause Young (Allocation Failure) 12M->12M(15M) 0.035ms
[79.241s][info][gc] GC(236) Pause Full (Allocation Failure) 12M->6M(15M) 16.293ms
[79.251s][info][gc] GC(237) Pause Young (Allocation Failure) 10M->8M(15M) 4.054ms
[79.256s][info][gc] GC(238) Pause Young (Allocation Failure) 12M->12M(15M) 0.035ms
[79.272s][info][gc] GC(239) Pause Full (Allocation Failure) 12M->5M(15M) 16.098ms
[79.281s][info][gc] GC(240) Pause Young (Allocation Failure) 10M->8M(15M) 4.122ms
[79.289s][info][gc] GC(241) Pause Young (Allocation Failure) 12M->9M(15M) 3.035ms
[79.294s][info][gc] GC(242) Pause Young (Allocation Failure) 14M->14M(15M) 0.034ms
[79.312s][info][gc] GC(243) Pause Full (Allocation Failure) 14M->7M(15M) 18.330ms
[79.322s][info][gc] GC(244) Pause Young (Allocation Failure) 11M->9M(15M) 4.519ms
[79.327s][info][gc] GC(245) Pause Young (Allocation Failure) 13M->13M(15M) 0.034ms
[79.343s][info][gc] GC(246) Pause Full (Allocation Failure) 13M->6M(15M) 16.261ms
[79.352s][info][gc] GC(247) Pause Young (Allocation Failure) 10M->8M(15M) 3.962ms
[79.357s][info][gc] GC(248) Pause Young (Allocation Failure) 12M->12M(15M) 0.035ms
[79.373s][info][gc] GC(249) Pause Full (Allocation Failure) 12M->6M(15M) 16.187ms
[79.383s][info][gc] GC(250) Pause Young (Allocation Failure) 10M->8M(15M) 4.121ms
[79.388s][info][gc] GC(251) Pause Young (Allocation Failure) 12M->12M(15M) 0.034ms
[79.404s][info][gc] GC(252) Pause Full (Allocation Failure) 12M->5M(15M) 16.366ms
[79.413s][info][gc] GC(253) Pause Young (Allocation Failure) 10M->7M(15M) 3.990ms
[79.421s][info][gc] GC(254) Pause Young (Allocation Failure) 12M->9M(15M) 3.071ms
[79.426s][info][gc] GC(255) Pause Young (Allocation Failure) 13M->13M(15M) 0.033ms
[79.444s][info][gc] GC(256) Pause Full (Allocation Failure) 13M->7M(15M) 18.214ms
[79.454s][info][gc] GC(257) Pause Young (Allocation Failure) 11M->9M(15M) 4.549ms
[79.459s][info][gc] GC(258) Pause Young (Allocation Failure) 13M->13M(15M) 0.034ms
[79.476s][info][gc] GC(259) Pause Full (Allocation Failure) 13M->6M(15M) 17.655ms
[79.487s][info][gc] GC(260) Pause Young (Allocation Failure) 10M->8M(15M) 4.952ms
[79.492s][info][gc] GC(261) Pause Young (Allocation Failure) 12M->12M(15M) 0.045ms
[79.510s][info][gc] GC(262) Pause Full (Allocation Failure) 12M->6M(15M) 17.673ms
[79.519s][info][gc] GC(263) Pause Young (Allocation Failure) 10M->8M(15M) 4.407ms
[79.528s][info][gc] GC(264) Pause Young (Allocation Failure) 12M->9M(15M) 3.134ms
[79.533s][info][gc] GC(265) Pause Young (Allocation Failure) 14M->14M(15M) 0.048ms
[79.551s][info][gc] GC(266) Pause Full (Allocation Failure) 14M->6M(15M) 18.623ms
[79.561s][info][gc] GC(267) Pause Young (Allocation Failure) 10M->8M(15M) 4.478ms
[79.566s][info][gc] GC(268) Pause Young (Allocation Failure) 12M->12M(15M) 0.044ms
[79.582s][info][gc] GC(269) Pause Full (Allocation Failure) 12M->6M(15M) 15.957ms
[79.591s][info][gc] GC(270) Pause Young (Allocation Failure) 10M->8M(15M) 4.087ms
[79.599s][info][gc] GC(271) Pause Young (Allocation Failure) 12M->9M(15M) 3.177ms
[79.604s][info][gc] GC(272) Pause Young (Allocation Failure) 14M->14M(15M) 0.042ms
[79.623s][info][gc] GC(273) Pause Full (Allocation Failure) 14M->7M(15M) 18.562ms
[79.633s][info][gc] GC(274) Pause Young (Allocation Failure) 11M->9M(15M) 4.476ms
[79.638s][info][gc] GC(275) Pause Young (Allocation Failure) 13M->13M(15M) 0.044ms
[79.655s][info][gc] GC(276) Pause Full (Allocation Failure) 13M->6M(15M) 17.468ms
[79.665s][info][gc] GC(277) Pause Young (Allocation Failure) 10M->8M(15M) 4.364ms
[79.670s][info][gc] GC(278) Pause Young (Allocation Failure) 12M->12M(15M) 0.044ms
[79.687s][info][gc] GC(279) Pause Full (Allocation Failure) 12M->5M(15M) 17.502ms
[79.697s][info][gc] GC(280) Pause Young (Allocation Failure) 10M->7M(15M) 4.302ms
[79.705s][info][gc] GC(281) Pause Young (Allocation Failure) 12M->9M(15M) 3.475ms
[79.711s][info][gc] GC(282) Pause Young (Allocation Failure) 14M->14M(15M) 0.043ms
[79.730s][info][gc] GC(283) Pause Full (Allocation Failure) 14M->7M(15M) 19.570ms
[79.740s][info][gc] GC(284) Pause Young (Allocation Failure) 11M->9M(15M) 4.530ms
[79.745s][info][gc] GC(285) Pause Young (Allocation Failure) 13M->13M(15M) 0.045ms
[79.763s][info][gc] GC(286) Pause Full (Allocation Failure) 13M->6M(15M) 17.952ms
[79.773s][info][gc] GC(287) Pause Young (Allocation Failure) 10M->8M(15M) 4.278ms
[79.778s][info][gc] GC(288) Pause Young (Allocation Failure) 12M->12M(15M) 0.046ms
[79.795s][info][gc] GC(289) Pause Full (Allocation Failure) 12M->6M(15M) 17.191ms
[79.805s][info][gc] GC(290) Pause Young (Allocation Failure) 10M->8M(15M) 4.126ms
[79.810s][info][gc] GC(291) Pause Young (Allocation Failure) 12M->12M(15M) 0.046ms
[79.827s][info][gc] GC(292) Pause Full (Allocation Failure) 12M->5M(15M) 17.471ms
[79.837s][info][gc] GC(293) Pause Young (Allocation Failure) 10M->8M(15M) 4.379ms
[79.845s][info][gc] GC(294) Pause Young (Allocation Failure) 12M->9M(15M) 3.216ms
[79.850s][info][gc] GC(295) Pause Young (Allocation Failure) 14M->14M(15M) 0.044ms
[79.869s][info][gc] GC(296) Pause Full (Allocation Failure) 14M->7M(15M) 19.031ms
[79.879s][info][gc] GC(297) Pause Young (Allocation Failure) 11M->9M(15M) 4.552ms
[79.884s][info][gc] GC(298) Pause Young (Allocation Failure) 13M->13M(15M) 0.046ms
[79.902s][info][gc] GC(299) Pause Full (Allocation Failure) 13M->6M(15M) 17.172ms
[79.911s][info][gc] GC(300) Pause Young (Allocation Failure) 10M->8M(15M) 4.310ms
[79.919s][info][gc] GC(301) Pause Young (Allocation Failure) 12M->9M(15M) 3.286ms
[79.925s][info][gc] GC(302) Pause Young (Allocation Failure) 14M->14M(15M) 0.051ms
[79.943s][info][gc] GC(303) Pause Full (Allocation Failure) 14M->6M(15M) 18.701ms
[79.953s][info][gc] GC(304) Pause Young (Allocation Failure) 11M->9M(15M) 4.595ms
[79.958s][info][gc] GC(305) Pause Young (Allocation Failure) 13M->13M(15M) 0.047ms
[79.976s][info][gc] GC(306) Pause Full (Allocation Failure) 13M->6M(15M) 17.771ms
[79.986s][info][gc] GC(307) Pause Young (Allocation Failure) 10M->8M(15M) 4.380ms
[79.994s][info][gc] GC(308) Pause Young (Allocation Failure) 12M->9M(15M) 3.234ms
[79.999s][info][gc] GC(309) Pause Young (Allocation Failure) 14M->14M(15M) 0.058ms
[80.018s][info][gc] GC(310) Pause Full (Allocation Failure) 14M->7M(15M) 19.159ms
[80.028s][info][gc] GC(311) Pause Young (Allocation Failure) 11M->9M(15M) 4.668ms
[80.033s][info][gc] GC(312) Pause Young (Allocation Failure) 13M->13M(15M) 0.048ms
[80.051s][info][gc] GC(313) Pause Full (Allocation Failure) 13M->6M(15M) 17.477ms
[80.060s][info][gc] GC(314) Pause Young (Allocation Failure) 10M->8M(15M) 4.239ms
[80.065s][info][gc] GC(315) Pause Young (Allocation Failure) 12M->12M(15M) 0.045ms
[80.083s][info][gc] GC(316) Pause Full (Allocation Failure) 12M->6M(15M) 17.997ms
[80.093s][info][gc] GC(317) Pause Young (Allocation Failure) 10M->8M(15M) 4.313ms
[80.098s][info][gc] GC(318) Pause Young (Allocation Failure) 12M->12M(15M) 0.044ms
[80.115s][info][gc] GC(319) Pause Full (Allocation Failure) 12M->5M(15M) 17.602ms
[80.125s][info][gc] GC(320) Pause Young (Allocation Failure) 10M->7M(15M) 4.254ms
[80.133s][info][gc] GC(321) Pause Young (Allocation Failure) 12M->9M(15M) 3.221ms
[80.138s][info][gc] GC(322) Pause Young (Allocation Failure) 13M->13M(15M) 0.046ms
[80.157s][info][gc] GC(323) Pause Full (Allocation Failure) 13M->6M(15M) 18.500ms
[80.167s][info][gc] GC(324) Pause Young (Allocation Failure) 10M->8M(15M) 4.409ms
[80.172s][info][gc] GC(325) Pause Young (Allocation Failure) 13M->13M(15M) 0.046ms
[80.190s][info][gc] GC(326) Pause Full (Allocation Failure) 13M->6M(15M) 17.693ms
[80.199s][info][gc] GC(327) Pause Young (Allocation Failure) 10M->8M(15M) 4.452ms
[80.205s][info][gc] GC(328) Pause Young (Allocation Failure) 12M->12M(15M) 0.045ms
[80.222s][info][gc] GC(329) Pause Full (Allocation Failure) 12M->6M(15M) 17.739ms
[80.232s][info][gc] GC(330) Pause Young (Allocation Failure) 10M->8M(15M) 4.248ms
[80.237s][info][gc] GC(331) Pause Young (Allocation Failure) 12M->12M(15M) 0.046ms
[80.255s][info][gc] GC(332) Pause Full (Allocation Failure) 12M->6M(15M) 17.888ms
[80.265s][info][gc] GC(333) Pause Young (Allocation Failure) 10M->8M(15M) 4.465ms
[80.274s][info][gc] GC(334) Pause Young (Allocation Failure) 12M->9M(15M) 3.334ms
[80.279s][info][gc] GC(335) Pause Young (Allocation Failure) 14M->14M(15M) 0.044ms
[80.298s][info][gc] GC(336) Pause Full (Allocation Failure) 14M->7M(15M) 18.666ms
[80.307s][info][gc] GC(337) Pause Young (Allocation Failure) 11M->9M(15M) 4.388ms
[80.312s][info][gc] GC(338) Pause Young (Allocation Failure) 13M->13M(15M) 0.036ms
[80.330s][info][gc] GC(339) Pause Full (Allocation Failure) 13M->6M(15M) 17.543ms
[80.340s][info][gc] GC(340) Pause Young (Allocation Failure) 10M->8M(15M) 4.314ms
[80.345s][info][gc] GC(341) Pause Young (Allocation Failure) 13M->13M(15M) 0.038ms
[80.362s][info][gc] GC(342) Pause Full (Allocation Failure) 13M->6M(15M) 17.248ms
[80.372s][info][gc] GC(343) Pause Young (Allocation Failure) 10M->8M(15M) 4.542ms
[80.377s][info][gc] GC(344) Pause Young (Allocation Failure) 12M->12M(15M) 0.040ms
[80.394s][info][gc] GC(345) Pause Full (Allocation Failure) 12M->5M(15M) 17.345ms
[80.404s][info][gc] GC(346) Pause Young (Allocation Failure) 10M->7M(15M) 4.375ms
[80.412s][info][gc] GC(347) Pause Young (Allocation Failure) 12M->9M(15M) 3.057ms
[80.417s][info][gc] GC(348) Pause Young (Allocation Failure) 13M->13M(15M) 0.040ms
[80.437s][info][gc] GC(349) Pause Full (Allocation Failure) 13M->7M(15M) 19.050ms
[80.447s][info][gc] GC(350) Pause Young (Allocation Failure) 11M->9M(15M) 4.672ms
[80.452s][info][gc] GC(351) Pause Young (Allocation Failure) 13M->13M(15M) 0.045ms
[80.471s][info][gc] GC(352) Pause Full (Allocation Failure) 13M->6M(15M) 18.412ms
[80.481s][info][gc] GC(353) Pause Young (Allocation Failure) 10M->8M(15M) 4.351ms
[80.486s][info][gc] GC(354) Pause Young (Allocation Failure) 12M->12M(15M) 0.049ms
[80.504s][info][gc] GC(355) Pause Full (Allocation Failure) 12M->6M(15M) 18.108ms
[80.514s][info][gc] GC(356) Pause Young (Allocation Failure) 10M->8M(15M) 4.603ms
[80.519s][info][gc] GC(357) Pause Young (Allocation Failure) 13M->13M(15M) 0.042ms
[80.536s][info][gc] GC(358) Pause Full (Allocation Failure) 13M->5M(15M) 17.557ms
[80.547s][info][gc] GC(359) Pause Young (Allocation Failure) 10M->8M(15M) 4.671ms
[80.556s][info][gc] GC(360) Pause Young (Allocation Failure) 12M->9M(15M) 3.459ms
[80.561s][info][gc] GC(361) Pause Young (Allocation Failure) 14M->14M(15M) 0.047ms
[80.581s][info][gc] GC(362) Pause Full (Allocation Failure) 14M->7M(15M) 20.343ms
[80.594s][info][gc] GC(363) Pause Young (Allocation Failure) 11M->9M(15M) 5.143ms
[80.599s][info][gc] GC(364) Pause Young (Allocation Failure) 13M->13M(15M) 0.049ms
[80.618s][info][gc] GC(365) Pause Full (Allocation Failure) 13M->6M(15M) 18.713ms
[80.628s][info][gc] GC(366) Pause Young (Allocation Failure) 10M->8M(15M) 4.577ms
[80.633s][info][gc] GC(367) Pause Young (Allocation Failure) 12M->12M(15M) 0.051ms
[80.651s][info][gc] GC(368) Pause Full (Allocation Failure) 12M->6M(15M) 17.659ms
[80.661s][info][gc] GC(369) Pause Young (Allocation Failure) 10M->8M(15M) 4.461ms
[80.666s][info][gc] GC(370) Pause Young (Allocation Failure) 12M->12M(15M) 0.047ms
[80.684s][info][gc] GC(371) Pause Full (Allocation Failure) 12M->5M(15M) 18.467ms
[80.694s][info][gc] GC(372) Pause Young (Allocation Failure) 10M->8M(15M) 4.139ms
[80.704s][info][gc] GC(373) Pause Young (Allocation Failure) 12M->9M(15M) 3.630ms
[80.710s][info][gc] GC(374) Pause Young (Allocation Failure) 14M->14M(15M) 0.043ms
[80.731s][info][gc] GC(375) Pause Full (Allocation Failure) 14M->6M(15M) 20.998ms
[80.741s][info][gc] GC(376) Pause Young (Allocation Failure) 11M->8M(15M) 4.475ms
[80.747s][info][gc] GC(377) Pause Young (Allocation Failure) 13M->13M(15M) 0.048ms
[80.765s][info][gc] GC(378) Pause Full (Allocation Failure) 13M->6M(15M) 18.304ms
[80.777s][info][gc] GC(379) Pause Young (Allocation Failure) 10M->8M(15M) 4.591ms
[80.783s][info][gc] GC(380) Pause Young (Allocation Failure) 12M->12M(15M) 0.050ms
[80.802s][info][gc] GC(381) Pause Full (Allocation Failure) 12M->6M(15M) 18.467ms
[80.823s][info][gc] GC(382) Pause Young (Allocation Failure) 10M->8M(15M) 4.688ms
[80.830s][info][gc] GC(383) Pause Young (Allocation Failure) 12M->12M(15M) 0.047ms
[80.848s][info][gc] GC(384) Pause Full (Allocation Failure) 12M->6M(15M) 18.445ms
[80.859s][info][gc] GC(385) Pause Young (Allocation Failure) 10M->8M(15M) 4.373ms
[80.867s][info][gc] GC(386) Pause Young (Allocation Failure) 12M->9M(15M) 3.725ms
[80.873s][info][gc] GC(387) Pause Young (Allocation Failure) 14M->14M(15M) 0.049ms
[80.893s][info][gc] GC(388) Pause Full (Allocation Failure) 14M->7M(15M) 19.505ms
[80.904s][info][gc] GC(389) Pause Young (Allocation Failure) 11M->9M(15M) 4.927ms
[80.910s][info][gc] GC(390) Pause Young (Allocation Failure) 13M->13M(15M) 0.043ms
[80.929s][info][gc] GC(391) Pause Full (Allocation Failure) 13M->6M(15M) 18.495ms
[80.941s][info][gc] GC(392) Pause Young (Allocation Failure) 10M->8M(15M) 4.452ms
[80.946s][info][gc] GC(393) Pause Young (Allocation Failure) 12M->12M(15M) 0.047ms
[80.965s][info][gc] GC(394) Pause Full (Allocation Failure) 12M->6M(15M) 18.178ms
[80.976s][info][gc] GC(395) Pause Young (Allocation Failure) 10M->8M(15M) 4.476ms
[80.982s][info][gc] GC(396) Pause Young (Allocation Failure) 12M->12M(15M) 0.047ms
[81.001s][info][gc] GC(397) Pause Full (Allocation Failure) 12M->6M(15M) 18.775ms
[81.011s][info][gc] GC(398) Pause Young (Allocation Failure) 10M->8M(15M) 4.800ms
[81.020s][info][gc] GC(399) Pause Young (Allocation Failure) 12M->9M(15M) 3.451ms
[81.025s][info][gc] GC(400) Pause Young (Allocation Failure) 14M->14M(15M) 0.048ms
[81.045s][info][gc] GC(401) Pause Full (Allocation Failure) 14M->7M(15M) 20.066ms
[81.057s][info][gc] GC(402) Pause Young (Allocation Failure) 11M->9M(15M) 4.704ms
[81.062s][info][gc] GC(403) Pause Young (Allocation Failure) 13M->13M(15M) 0.045ms
[81.081s][info][gc] GC(404) Pause Full (Allocation Failure) 13M->6M(15M) 18.372ms
[81.090s][info][gc] GC(405) Pause Young (Allocation Failure) 10M->8M(15M) 4.288ms
[81.095s][info][gc] GC(406) Pause Young (Allocation Failure) 12M->12M(15M) 0.038ms
[81.113s][info][gc] GC(407) Pause Full (Allocation Failure) 12M->6M(15M) 17.601ms
[81.123s][info][gc] GC(408) Pause Young (Allocation Failure) 10M->8M(15M) 4.236ms
[81.128s][info][gc] GC(409) Pause Young (Allocation Failure) 12M->12M(15M) 0.050ms
[81.145s][info][gc] GC(410) Pause Full (Allocation Failure) 12M->6M(15M) 17.535ms
[81.155s][info][gc] GC(411) Pause Young (Allocation Failure) 10M->8M(15M) 4.416ms
[81.163s][info][gc] GC(412) Pause Young (Allocation Failure) 12M->9M(15M) 3.004ms
[81.168s][info][gc] GC(413) Pause Young (Allocation Failure) 14M->14M(15M) 0.043ms
[81.187s][info][gc] GC(414) Pause Full (Allocation Failure) 14M->7M(15M) 18.666ms
[81.196s][info][gc] GC(415) Pause Young (Allocation Failure) 11M->9M(15M) 4.215ms
[81.202s][info][gc] GC(416) Pause Young (Allocation Failure) 13M->13M(15M) 0.040ms
[81.219s][info][gc] GC(417) Pause Full (Allocation Failure) 13M->6M(15M) 17.129ms
[81.228s][info][gc] GC(418) Pause Young (Allocation Failure) 10M->8M(15M) 4.157ms
[81.233s][info][gc] GC(419) Pause Young (Allocation Failure) 13M->13M(15M) 0.034ms
[81.250s][info][gc] GC(420) Pause Full (Allocation Failure) 13M->6M(15M) 16.590ms
[81.259s][info][gc] GC(421) Pause Young (Allocation Failure) 10M->8M(15M) 3.893ms
[81.264s][info][gc] GC(422) Pause Young (Allocation Failure) 12M->12M(15M) 0.034ms
[81.281s][info][gc] GC(423) Pause Full (Allocation Failure) 12M->6M(15M) 16.633ms
[81.290s][info][gc] GC(424) Pause Young (Allocation Failure) 10M->8M(15M) 4.449ms
[81.295s][info][gc] GC(425) Pause Young (Allocation Failure) 12M->12M(15M) 0.038ms
[81.313s][info][gc] GC(426) Pause Full (Allocation Failure) 12M->6M(15M) 17.869ms
[81.323s][info][gc] GC(427) Pause Young (Allocation Failure) 10M->8M(15M) 4.373ms
[81.328s][info][gc] GC(428) Pause Young (Allocation Failure) 12M->12M(15M) 0.057ms
[81.346s][info][gc] GC(429) Pause Full (Allocation Failure) 12M->6M(15M) 17.846ms
[81.355s][info][gc] GC(430) Pause Young (Allocation Failure) 10M->8M(15M) 4.338ms
[81.361s][info][gc] GC(431) Pause Young (Allocation Failure) 13M->13M(15M) 0.036ms
[81.378s][info][gc] GC(432) Pause Full (Allocation Failure) 13M->6M(15M) 17.099ms
[81.387s][info][gc] GC(433) Pause Young (Allocation Failure) 10M->8M(15M) 4.143ms
[81.392s][info][gc] GC(434) Pause Young (Allocation Failure) 12M->12M(15M) 0.038ms
[81.410s][info][gc] GC(435) Pause Full (Allocation Failure) 12M->6M(15M) 17.551ms
[81.420s][info][gc] GC(436) Pause Young (Allocation Failure) 10M->8M(15M) 4.525ms
[81.428s][info][gc] GC(437) Pause Young (Allocation Failure) 12M->9M(15M) 3.106ms
[81.433s][info][gc] GC(438) Pause Young (Allocation Failure) 14M->14M(15M) 0.056ms
[81.452s][info][gc] GC(439) Pause Full (Allocation Failure) 14M->7M(15M) 19.009ms
[81.462s][info][gc] GC(440) Pause Young (Allocation Failure) 11M->9M(15M) 4.563ms
[81.469s][info][gc] GC(441) Pause Young (Allocation Failure) 13M->13M(15M) 0.049ms
[81.486s][info][gc] GC(442) Pause Full (Allocation Failure) 13M->6M(15M) 17.312ms
[81.496s][info][gc] GC(443) Pause Young (Allocation Failure) 10M->8M(15M) 4.621ms
[81.502s][info][gc] GC(444) Pause Young (Allocation Failure) 12M->12M(15M) 0.044ms
[81.520s][info][gc] GC(445) Pause Full (Allocation Failure) 12M->6M(15M) 17.634ms
[81.529s][info][gc] GC(446) Pause Young (Allocation Failure) 10M->8M(15M) 3.925ms
[81.534s][info][gc] GC(447) Pause Young (Allocation Failure) 12M->12M(15M) 0.044ms
[81.551s][info][gc] GC(448) Pause Full (Allocation Failure) 12M->6M(15M) 16.869ms
[81.562s][info][gc] GC(449) Pause Young (Allocation Failure) 10M->8M(15M) 3.969ms
[81.570s][info][gc] GC(450) Pause Young (Allocation Failure) 12M->9M(15M) 3.179ms
[81.575s][info][gc] GC(451) Pause Young (Allocation Failure) 14M->14M(15M) 0.038ms
[81.594s][info][gc] GC(452) Pause Full (Allocation Failure) 14M->7M(15M) 18.810ms
[81.604s][info][gc] GC(453) Pause Young (Allocation Failure) 11M->9M(15M) 4.366ms
[81.609s][info][gc] GC(454) Pause Young (Allocation Failure) 13M->13M(15M) 0.040ms
[81.626s][info][gc] GC(455) Pause Full (Allocation Failure) 13M->6M(15M) 17.215ms
[81.635s][info][gc] GC(456) Pause Young (Allocation Failure) 10M->8M(15M) 4.008ms
[81.640s][info][gc] GC(457) Pause Young (Allocation Failure) 12M->12M(15M) 0.035ms
[81.657s][info][gc] GC(458) Pause Full (Allocation Failure) 12M->6M(15M) 16.561ms
[81.666s][info][gc] GC(459) Pause Young (Allocation Failure) 10M->8M(15M) 3.890ms
[81.671s][info][gc] GC(460) Pause Young (Allocation Failure) 12M->12M(15M) 0.040ms
[81.688s][info][gc] GC(461) Pause Full (Allocation Failure) 12M->6M(15M) 16.793ms
[81.697s][info][gc] GC(462) Pause Young (Allocation Failure) 10M->8M(15M) 4.173ms
[81.706s][info][gc] GC(463) Pause Young (Allocation Failure) 12M->9M(15M) 3.042ms
[81.711s][info][gc] GC(464) Pause Young (Allocation Failure) 14M->14M(15M) 0.034ms
[81.729s][info][gc] GC(465) Pause Full (Allocation Failure) 14M->7M(15M) 18.132ms
[81.739s][info][gc] GC(466) Pause Young (Allocation Failure) 11M->9M(15M) 4.441ms
[81.744s][info][gc] GC(467) Pause Young (Allocation Failure) 13M->13M(15M) 0.034ms
[81.760s][info][gc] GC(468) Pause Full (Allocation Failure) 13M->6M(15M) 16.317ms
[81.770s][info][gc] GC(469) Pause Young (Allocation Failure) 10M->8M(15M) 4.021ms
[81.775s][info][gc] GC(470) Pause Young (Allocation Failure) 12M->12M(15M) 0.036ms
[81.792s][info][gc] GC(471) Pause Full (Allocation Failure) 12M->6M(15M) 16.725ms
[81.801s][info][gc] GC(472) Pause Young (Allocation Failure) 10M->8M(15M) 4.073ms
[81.806s][info][gc] GC(473) Pause Young (Allocation Failure) 13M->13M(15M) 0.034ms
[81.822s][info][gc] GC(474) Pause Full (Allocation Failure) 13M->5M(15M) 16.324ms
[81.832s][info][gc] GC(475) Pause Young (Allocation Failure) 10M->7M(15M) 4.133ms
[81.839s][info][gc] GC(476) Pause Young (Allocation Failure) 12M->9M(15M) 3.089ms
[81.844s][info][gc] GC(477) Pause Young (Allocation Failure) 13M->13M(15M) 0.035ms
[81.863s][info][gc] GC(478) Pause Full (Allocation Failure) 13M->7M(15M) 18.310ms
[81.872s][info][gc] GC(479) Pause Young (Allocation Failure) 11M->9M(15M) 4.387ms
[81.877s][info][gc] GC(480) Pause Young (Allocation Failure) 13M->13M(15M) 0.034ms
[81.894s][info][gc] GC(481) Pause Full (Allocation Failure) 13M->6M(15M) 16.486ms
[81.903s][info][gc] GC(482) Pause Young (Allocation Failure) 10M->8M(15M) 4.020ms
[81.908s][info][gc] GC(483) Pause Young (Allocation Failure) 12M->12M(15M) 0.034ms
[81.925s][info][gc] GC(484) Pause Full (Allocation Failure) 12M->6M(15M) 17.058ms
[81.934s][info][gc] GC(485) Pause Young (Allocation Failure) 10M->8M(15M) 4.149ms
[81.939s][info][gc] GC(486) Pause Young (Allocation Failure) 13M->13M(15M) 0.035ms
[81.956s][info][gc] GC(487) Pause Full (Allocation Failure) 13M->6M(15M) 16.782ms
[81.965s][info][gc] GC(488) Pause Young (Allocation Failure) 10M->8M(15M) 3.999ms
[81.973s][info][gc] GC(489) Pause Young (Allocation Failure) 12M->9M(15M) 3.000ms
[81.978s][info][gc] GC(490) Pause Young (Allocation Failure) 14M->14M(15M) 0.033ms
[81.997s][info][gc] GC(491) Pause Full (Allocation Failure) 14M->7M(15M) 19.120ms
[82.007s][info][gc] GC(492) Pause Young (Allocation Failure) 11M->9M(15M) 4.592ms
[82.012s][info][gc] GC(493) Pause Young (Allocation Failure) 13M->13M(15M) 0.036ms
[82.029s][info][gc] GC(494) Pause Full (Allocation Failure) 13M->6M(15M) 17.244ms
[82.039s][info][gc] GC(495) Pause Young (Allocation Failure) 10M->8M(15M) 4.114ms
[82.044s][info][gc] GC(496) Pause Young (Allocation Failure) 12M->12M(15M) 0.034ms
[82.061s][info][gc] GC(497) Pause Full (Allocation Failure) 12M->6M(15M) 17.136ms
[82.070s][info][gc] GC(498) Pause Young (Allocation Failure) 11M->8M(15M) 4.174ms
[82.075s][info][gc] GC(499) Pause Young (Allocation Failure) 13M->13M(15M) 0.035ms
[82.092s][info][gc] GC(500) Pause Full (Allocation Failure) 13M->6M(15M) 17.172ms
[82.101s][info][gc] GC(501) Pause Young (Allocation Failure) 10M->8M(15M) 4.100ms
[82.109s][info][gc] GC(502) Pause Young (Allocation Failure) 12M->9M(15M) 3.017ms
[82.114s][info][gc] GC(503) Pause Young (Allocation Failure) 14M->14M(15M) 0.033ms
[82.132s][info][gc] GC(504) Pause Full (Allocation Failure) 14M->7M(15M) 18.402ms
[82.142s][info][gc] GC(505) Pause Young (Allocation Failure) 11M->9M(15M) 4.316ms
[82.147s][info][gc] GC(506) Pause Young (Allocation Failure) 13M->13M(15M) 0.035ms
[82.164s][info][gc] GC(507) Pause Full (Allocation Failure) 13M->6M(15M) 17.082ms
[82.173s][info][gc] GC(508) Pause Young (Allocation Failure) 10M->8M(15M) 4.198ms
[82.178s][info][gc] GC(509) Pause Young (Allocation Failure) 13M->13M(15M) 0.034ms
[82.195s][info][gc] GC(510) Pause Full (Allocation Failure) 13M->6M(15M) 16.907ms
[82.204s][info][gc] GC(511) Pause Young (Allocation Failure) 10M->8M(15M) 3.963ms
[82.209s][info][gc] GC(512) Pause Young (Allocation Failure) 12M->12M(15M) 0.035ms
[82.226s][info][gc] GC(513) Pause Full (Allocation Failure) 12M->6M(15M) 17.012ms
[82.235s][info][gc] GC(514) Pause Young (Allocation Failure) 10M->8M(15M) 4.116ms
[82.241s][info][gc] GC(515) Pause Young (Allocation Failure) 12M->12M(15M) 0.038ms
[82.258s][info][gc] GC(516) Pause Full (Allocation Failure) 12M->6M(15M) 17.330ms
[82.267s][info][gc] GC(517) Pause Young (Allocation Failure) 11M->8M(15M) 3.980ms
[82.272s][info][gc] GC(518) Pause Young (Allocation Failure) 13M->13M(15M) 0.045ms
[82.289s][info][gc] GC(519) Pause Full (Allocation Failure) 13M->6M(15M) 17.261ms
[82.299s][info][gc] GC(520) Pause Young (Allocation Failure) 11M->8M(15M) 4.205ms
[82.304s][info][gc] GC(521) Pause Young (Allocation Failure) 13M->13M(15M) 0.035ms
[82.321s][info][gc] GC(522) Pause Full (Allocation Failure) 13M->6M(15M) 17.214ms
[82.330s][info][gc] GC(523) Pause Young (Allocation Failure) 10M->8M(15M) 3.928ms
[82.335s][info][gc] GC(524) Pause Young (Allocation Failure) 12M->12M(15M) 0.036ms
[82.352s][info][gc] GC(525) Pause Full (Allocation Failure) 12M->6M(15M) 17.060ms
[82.362s][info][gc] GC(526) Pause Young (Allocation Failure) 10M->8M(15M) 4.213ms
[82.367s][info][gc] GC(527) Pause Young (Allocation Failure) 12M->12M(15M) 0.035ms
[82.384s][info][gc] GC(528) Pause Full (Allocation Failure) 12M->6M(15M) 16.945ms
[82.393s][info][gc] GC(529) Pause Young (Allocation Failure) 10M->8M(15M) 3.949ms
[82.398s][info][gc] GC(530) Pause Young (Allocation Failure) 13M->13M(15M) 0.034ms
[82.415s][info][gc] GC(531) Pause Full (Allocation Failure) 13M->6M(15M) 17.160ms
[82.424s][info][gc] GC(532) Pause Young (Allocation Failure) 11M->8M(15M) 4.129ms
[82.429s][info][gc] GC(533) Pause Young (Allocation Failure) 13M->13M(15M) 0.035ms
[82.447s][info][gc] GC(534) Pause Full (Allocation Failure) 13M->6M(15M) 17.268ms
[82.456s][info][gc] GC(535) Pause Young (Allocation Failure) 11M->8M(15M) 4.016ms
[82.461s][info][gc] GC(536) Pause Young (Allocation Failure) 13M->13M(15M) 0.047ms
[82.479s][info][gc] GC(537) Pause Full (Allocation Failure) 13M->6M(15M) 18.075ms
[82.489s][info][gc] GC(538) Pause Young (Allocation Failure) 10M->8M(15M) 4.612ms
[82.494s][info][gc] GC(539) Pause Young (Allocation Failure) 12M->12M(15M) 0.044ms
[82.511s][info][gc] GC(540) Pause Full (Allocation Failure) 12M->6M(15M) 16.819ms
[82.520s][info][gc] GC(541) Pause Young (Allocation Failure) 10M->8M(15M) 4.138ms
[82.525s][info][gc] GC(542) Pause Young (Allocation Failure) 12M->12M(15M) 0.033ms
[82.542s][info][gc] GC(543) Pause Full (Allocation Failure) 12M->6M(15M) 17.124ms
[82.552s][info][gc] GC(544) Pause Young (Allocation Failure) 11M->8M(15M) 4.113ms
[82.557s][info][gc] GC(545) Pause Young (Allocation Failure) 13M->13M(15M) 0.036ms
[82.573s][info][gc] GC(546) Pause Full (Allocation Failure) 13M->6M(15M) 16.068ms
[82.582s][info][gc] GC(547) Pause Young (Allocation Failure) 10M->8M(15M) 3.661ms
[82.587s][info][gc] GC(548) Pause Young (Allocation Failure) 12M->12M(15M) 0.031ms
[82.603s][info][gc] GC(549) Pause Full (Allocation Failure) 12M->6M(15M) 16.722ms
[82.612s][info][gc] GC(550) Pause Young (Allocation Failure) 10M->8M(15M) 3.997ms
[82.617s][info][gc] GC(551) Pause Young (Allocation Failure) 12M->12M(15M) 0.032ms
[82.634s][info][gc] GC(552) Pause Full (Allocation Failure) 12M->6M(15M) 16.663ms
[82.643s][info][gc] GC(553) Pause Young (Allocation Failure) 10M->8M(15M) 4.016ms
[82.648s][info][gc] GC(554) Pause Young (Allocation Failure) 12M->12M(15M) 0.035ms
[82.665s][info][gc] GC(555) Pause Full (Allocation Failure) 12M->6M(15M) 17.006ms
[82.675s][info][gc] GC(556) Pause Young (Allocation Failure) 10M->8M(15M) 4.228ms
[82.680s][info][gc] GC(557) Pause Young (Allocation Failure) 13M->13M(15M) 0.046ms
[82.697s][info][gc] GC(558) Pause Full (Allocation Failure) 13M->6M(15M) 17.243ms
[82.706s][info][gc] GC(559) Pause Young (Allocation Failure) 11M->8M(15M) 4.125ms
[82.711s][info][gc] GC(560) Pause Young (Allocation Failure) 13M->13M(15M) 0.036ms
[82.728s][info][gc] GC(561) Pause Full (Allocation Failure) 13M->6M(15M) 17.045ms
[82.738s][info][gc] GC(562) Pause Young (Allocation Failure) 10M->8M(15M) 4.266ms
[82.743s][info][gc] GC(563) Pause Young (Allocation Failure) 12M->12M(15M) 0.036ms
[82.760s][info][gc] GC(564) Pause Full (Allocation Failure) 12M->6M(15M) 16.983ms
[82.769s][info][gc] GC(565) Pause Young (Allocation Failure) 10M->8M(15M) 3.977ms
[82.774s][info][gc] GC(566) Pause Young (Allocation Failure) 13M->13M(15M) 0.033ms
[82.791s][info][gc] GC(567) Pause Full (Allocation Failure) 13M->6M(15M) 16.945ms
[82.800s][info][gc] GC(568) Pause Young (Allocation Failure) 11M->8M(15M) 4.139ms
[82.805s][info][gc] GC(569) Pause Young (Allocation Failure) 13M->13M(15M) 0.033ms
[82.822s][info][gc] GC(570) Pause Full (Allocation Failure) 13M->6M(15M) 16.786ms
[82.831s][info][gc] GC(571) Pause Young (Allocation Failure) 10M->8M(15M) 4.061ms
[82.835s][info][gc] GC(572) Pause Young (Allocation Failure) 12M->12M(15M) 0.035ms
[82.853s][info][gc] GC(573) Pause Full (Allocation Failure) 12M->6M(15M) 17.072ms
[82.862s][info][gc] GC(574) Pause Young (Allocation Failure) 10M->8M(15M) 4.134ms
[82.867s][info][gc] GC(575) Pause Young (Allocation Failure) 12M->12M(15M) 0.034ms
[82.884s][info][gc] GC(576) Pause Full (Allocation Failure) 12M->6M(15M) 16.864ms
[82.893s][info][gc] GC(577) Pause Young (Allocation Failure) 10M->8M(15M) 4.017ms
[82.897s][info][gc] GC(578) Pause Young (Allocation Failure) 13M->13M(15M) 0.034ms
[82.915s][info][gc] GC(579) Pause Full (Allocation Failure) 13M->6M(15M) 17.061ms
[82.924s][info][gc] GC(580) Pause Young (Allocation Failure) 10M->8M(15M) 4.225ms
[82.929s][info][gc] GC(581) Pause Young (Allocation Failure) 13M->13M(15M) 0.033ms
[82.946s][info][gc] GC(582) Pause Full (Allocation Failure) 13M->6M(15M) 17.187ms
[82.955s][info][gc] GC(583) Pause Young (Allocation Failure) 11M->8M(15M) 4.057ms
[82.960s][info][gc] GC(584) Pause Young (Allocation Failure) 13M->13M(15M) 0.037ms
[82.978s][info][gc] GC(585) Pause Full (Allocation Failure) 13M->6M(15M) 17.652ms
[82.987s][info][gc] GC(586) Pause Young (Allocation Failure) 10M->8M(15M) 4.262ms
[82.992s][info][gc] GC(587) Pause Young (Allocation Failure) 12M->12M(15M) 0.033ms
[83.009s][info][gc] GC(588) Pause Full (Allocation Failure) 12M->6M(15M) 17.174ms
[83.018s][info][gc] GC(589) Pause Young (Allocation Failure) 11M->8M(15M) 4.149ms
[83.023s][info][gc] GC(590) Pause Young (Allocation Failure) 13M->13M(15M) 0.035ms
[83.041s][info][gc] GC(591) Pause Full (Allocation Failure) 13M->6M(15M) 17.422ms
[83.050s][info][gc] GC(592) Pause Young (Allocation Failure) 11M->8M(15M) 4.316ms
[83.055s][info][gc] GC(593) Pause Young (Allocation Failure) 13M->13M(15M) 0.034ms
[83.073s][info][gc] GC(594) Pause Full (Allocation Failure) 13M->6M(15M) 17.364ms
[83.082s][info][gc] GC(595) Pause Young (Allocation Failure) 11M->8M(15M) 4.126ms
[83.087s][info][gc] GC(596) Pause Young (Allocation Failure) 13M->13M(15M) 0.034ms
[83.104s][info][gc] GC(597) Pause Full (Allocation Failure) 13M->6M(15M) 17.099ms
[83.113s][info][gc] GC(598) Pause Young (Allocation Failure) 10M->8M(15M) 4.174ms
[83.118s][info][gc] GC(599) Pause Young (Allocation Failure) 12M->12M(15M) 0.052ms
[83.135s][info][gc] GC(600) Pause Full (Allocation Failure) 12M->6M(15M) 17.265ms
[83.145s][info][gc] GC(601) Pause Young (Allocation Failure) 11M->8M(15M) 4.289ms
[83.150s][info][gc] GC(602) Pause Young (Allocation Failure) 13M->13M(15M) 0.037ms
[83.167s][info][gc] GC(603) Pause Full (Allocation Failure) 13M->6M(15M) 17.302ms
[83.177s][info][gc] GC(604) Pause Young (Allocation Failure) 11M->8M(15M) 4.215ms
[83.182s][info][gc] GC(605) Pause Young (Allocation Failure) 13M->13M(15M) 0.034ms
[83.199s][info][gc] GC(606) Pause Full (Allocation Failure) 13M->6M(15M) 17.470ms
[83.208s][info][gc] GC(607) Pause Young (Allocation Failure) 11M->8M(15M) 4.068ms
[83.213s][info][gc] GC(608) Pause Young (Allocation Failure) 13M->13M(15M) 0.034ms
[83.230s][info][gc] GC(609) Pause Full (Allocation Failure) 13M->6M(15M) 17.215ms
[83.240s][info][gc] GC(610) Pause Young (Allocation Failure) 10M->8M(15M) 4.195ms
[83.245s][info][gc] GC(611) Pause Young (Allocation Failure) 12M->12M(15M) 0.034ms
[83.262s][info][gc] GC(612) Pause Full (Allocation Failure) 12M->6M(15M) 17.058ms
[83.271s][info][gc] GC(613) Pause Young (Allocation Failure) 11M->8M(15M) 4.001ms
[83.276s][info][gc] GC(614) Pause Young (Allocation Failure) 13M->13M(15M) 0.034ms
[83.293s][info][gc] GC(615) Pause Full (Allocation Failure) 13M->6M(15M) 17.194ms
[83.302s][info][gc] GC(616) Pause Young (Allocation Failure) 11M->8M(15M) 4.144ms
[83.307s][info][gc] GC(617) Pause Young (Allocation Failure) 13M->13M(15M) 0.034ms
[83.324s][info][gc] GC(618) Pause Full (Allocation Failure) 13M->6M(15M) 17.339ms
[83.334s][info][gc] GC(619) Pause Young (Allocation Failure) 11M->8M(15M) 4.082ms
[83.338s][info][gc] GC(620) Pause Young (Allocation Failure) 13M->13M(15M) 0.034ms
[83.356s][info][gc] GC(621) Pause Full (Allocation Failure) 13M->6M(15M) 17.129ms
[83.365s][info][gc] GC(622) Pause Young (Allocation Failure) 10M->8M(15M) 4.143ms
[83.370s][info][gc] GC(623) Pause Young (Allocation Failure) 12M->12M(15M) 0.034ms
[83.387s][info][gc] GC(624) Pause Full (Allocation Failure) 12M->6M(15M) 17.098ms
[83.396s][info][gc] GC(625) Pause Young (Allocation Failure) 11M->8M(15M) 4.026ms
[83.401s][info][gc] GC(626) Pause Young (Allocation Failure) 13M->13M(15M) 0.035ms
[83.418s][info][gc] GC(627) Pause Full (Allocation Failure) 13M->6M(15M) 17.088ms
[83.427s][info][gc] GC(628) Pause Young (Allocation Failure) 11M->8M(15M) 4.167ms
[83.432s][info][gc] GC(629) Pause Young (Allocation Failure) 13M->13M(15M) 0.034ms
[83.449s][info][gc] GC(630) Pause Full (Allocation Failure) 13M->6M(15M) 17.144ms
[83.458s][info][gc] GC(631) Pause Young (Allocation Failure) 11M->8M(15M) 4.049ms
[83.463s][info][gc] GC(632) Pause Young (Allocation Failure) 13M->13M(15M) 0.039ms
[83.482s][info][gc] GC(633) Pause Full (Allocation Failure) 13M->6M(15M) 18.239ms
[83.492s][info][gc] GC(634) Pause Young (Allocation Failure) 10M->8M(15M) 4.642ms
[83.497s][info][gc] GC(635) Pause Young (Allocation Failure) 12M->12M(15M) 0.043ms
[83.515s][info][gc] GC(636) Pause Full (Allocation Failure) 12M->6M(15M) 17.741ms
[83.524s][info][gc] GC(637) Pause Young (Allocation Failure) 11M->9M(15M) 4.188ms
[83.529s][info][gc] GC(638) Pause Young (Allocation Failure) 13M->13M(15M) 0.032ms
[83.546s][info][gc] GC(639) Pause Full (Allocation Failure) 13M->6M(15M) 17.242ms
[83.556s][info][gc] GC(640) Pause Young (Allocation Failure) 11M->8M(15M) 4.012ms
[83.561s][info][gc] GC(641) Pause Young (Allocation Failure) 13M->13M(15M) 0.032ms
[83.578s][info][gc] GC(642) Pause Full (Allocation Failure) 13M->6M(15M) 17.084ms
[83.587s][info][gc] GC(643) Pause Young (Allocation Failure) 11M->8M(15M) 4.038ms
[83.592s][info][gc] GC(644) Pause Young (Allocation Failure) 13M->13M(15M) 0.032ms
[83.609s][info][gc] GC(645) Pause Full (Allocation Failure) 13M->6M(15M) 16.712ms
[83.618s][info][gc] GC(646) Pause Young (Allocation Failure) 10M->8M(15M) 3.927ms
[83.623s][info][gc] GC(647) Pause Young (Allocation Failure) 12M->12M(15M) 0.033ms
[83.640s][info][gc] GC(648) Pause Full (Allocation Failure) 12M->6M(15M) 17.066ms
[83.649s][info][gc] GC(649) Pause Young (Allocation Failure) 10M->8M(15M) 4.018ms
[83.654s][info][gc] GC(650) Pause Young (Allocation Failure) 13M->13M(15M) 0.033ms
[83.671s][info][gc] GC(651) Pause Full (Allocation Failure) 13M->6M(15M) 17.529ms
[83.681s][info][gc] GC(652) Pause Young (Allocation Failure) 11M->9M(15M) 4.326ms
[83.686s][info][gc] GC(653) Pause Young (Allocation Failure) 13M->13M(15M) 0.035ms
[83.703s][info][gc] GC(654) Pause Full (Allocation Failure) 13M->6M(15M) 17.231ms
[83.712s][info][gc] GC(655) Pause Young (Allocation Failure) 11M->8M(15M) 4.115ms
[83.717s][info][gc] GC(656) Pause Young (Allocation Failure) 13M->13M(15M) 0.035ms
[83.734s][info][gc] GC(657) Pause Full (Allocation Failure) 13M->6M(15M) 16.524ms
[83.743s][info][gc] GC(658) Pause Young (Allocation Failure) 10M->8M(15M) 4.142ms
[83.751s][info][gc] GC(659) Pause Young (Allocation Failure) 12M->9M(15M) 2.986ms
[83.756s][info][gc] GC(660) Pause Young (Allocation Failure) 14M->14M(15M) 0.032ms
[83.775s][info][gc] GC(661) Pause Full (Allocation Failure) 14M->7M(15M) 18.832ms
[83.784s][info][gc] GC(662) Pause Young (Allocation Failure) 11M->9M(15M) 4.422ms
[83.789s][info][gc] GC(663) Pause Young (Allocation Failure) 13M->13M(15M) 0.035ms
[83.807s][info][gc] GC(664) Pause Full (Allocation Failure) 13M->6M(15M) 17.258ms
[83.816s][info][gc] GC(665) Pause Young (Allocation Failure) 11M->8M(15M) 3.977ms
[83.821s][info][gc] GC(666) Pause Young (Allocation Failure) 13M->13M(15M) 0.034ms
[83.838s][info][gc] GC(667) Pause Full (Allocation Failure) 13M->6M(15M) 17.211ms
[83.847s][info][gc] GC(668) Pause Young (Allocation Failure) 11M->8M(15M) 4.128ms
[83.852s][info][gc] GC(669) Pause Young (Allocation Failure) 13M->13M(15M) 0.034ms
[83.869s][info][gc] GC(670) Pause Full (Allocation Failure) 13M->6M(15M) 17.199ms
[83.878s][info][gc] GC(671) Pause Young (Allocation Failure) 10M->8M(15M) 3.950ms
[83.883s][info][gc] GC(672) Pause Young (Allocation Failure) 12M->12M(15M) 0.034ms
[83.900s][info][gc] GC(673) Pause Full (Allocation Failure) 12M->6M(15M) 17.206ms
[83.910s][info][gc] GC(674) Pause Young (Allocation Failure) 11M->8M(15M) 4.082ms
[83.914s][info][gc] GC(675) Pause Young (Allocation Failure) 13M->13M(15M) 0.034ms
[83.931s][info][gc] GC(676) Pause Full (Allocation Failure) 13M->6M(15M) 16.904ms
[83.941s][info][gc] GC(677) Pause Young (Allocation Failure) 10M->8M(15M) 4.010ms
[83.945s][info][gc] GC(678) Pause Young (Allocation Failure) 13M->13M(15M) 0.034ms
[83.963s][info][gc] GC(679) Pause Full (Allocation Failure) 13M->6M(15M) 17.247ms
[83.972s][info][gc] GC(680) Pause Young (Allocation Failure) 11M->8M(15M) 4.068ms
[83.977s][info][gc] GC(681) Pause Young (Allocation Failure) 13M->13M(15M) 0.035ms
[83.994s][info][gc] GC(682) Pause Full (Allocation Failure) 13M->6M(15M) 17.274ms
[84.003s][info][gc] GC(683) Pause Young (Allocation Failure) 10M->8M(15M) 4.010ms
[84.008s][info][gc] GC(684) Pause Young (Allocation Failure) 12M->12M(15M) 0.034ms
[84.025s][info][gc] GC(685) Pause Full (Allocation Failure) 12M->6M(15M) 17.273ms
[84.035s][info][gc] GC(686) Pause Young (Allocation Failure) 10M->8M(15M) 4.215ms
[84.040s][info][gc] GC(687) Pause Young (Allocation Failure) 13M->13M(15M) 0.034ms
[84.057s][info][gc] GC(688) Pause Full (Allocation Failure) 13M->6M(15M) 16.894ms
[84.066s][info][gc] GC(689) Pause Young (Allocation Failure) 10M->8M(15M) 4.040ms
[84.071s][info][gc] GC(690) Pause Young (Allocation Failure) 13M->13M(15M) 0.034ms
[84.088s][info][gc] GC(691) Pause Full (Allocation Failure) 13M->6M(15M) 17.287ms
[84.097s][info][gc] GC(692) Pause Young (Allocation Failure) 11M->8M(15M) 4.059ms
[84.102s][info][gc] GC(693) Pause Young (Allocation Failure) 13M->13M(15M) 0.035ms
[84.119s][info][gc] GC(694) Pause Full (Allocation Failure) 13M->6M(15M) 16.573ms
[84.128s][info][gc] GC(695) Pause Young (Allocation Failure) 10M->8M(15M) 4.049ms
[84.133s][info][gc] GC(696) Pause Young (Allocation Failure) 12M->12M(15M) 0.034ms
[84.150s][info][gc] GC(697) Pause Full (Allocation Failure) 12M->6M(15M) 17.222ms
[84.160s][info][gc] GC(698) Pause Young (Allocation Failure) 10M->8M(15M) 3.950ms
[84.164s][info][gc] GC(699) Pause Young (Allocation Failure) 12M->12M(15M) 0.035ms
[84.182s][info][gc] GC(700) Pause Full (Allocation Failure) 12M->6M(15M) 17.371ms
[84.191s][info][gc] GC(701) Pause Young (Allocation Failure) 11M->9M(15M) 4.206ms
[84.196s][info][gc] GC(702) Pause Young (Allocation Failure) 13M->13M(15M) 0.034ms
[84.213s][info][gc] GC(703) Pause Full (Allocation Failure) 13M->6M(15M) 17.172ms
[84.222s][info][gc] GC(704) Pause Young (Allocation Failure) 11M->8M(15M) 3.947ms
[84.227s][info][gc] GC(705) Pause Young (Allocation Failure) 13M->13M(15M) 0.034ms
[84.245s][info][gc] GC(706) Pause Full (Allocation Failure) 13M->6M(15M) 17.335ms
[84.254s][info][gc] GC(707) Pause Young (Allocation Failure) 10M->8M(15M) 4.210ms
[84.259s][info][gc] GC(708) Pause Young (Allocation Failure) 12M->12M(15M) 0.033ms
[84.276s][info][gc] GC(709) Pause Full (Allocation Failure) 12M->6M(15M) 17.038ms
[84.285s][info][gc] GC(710) Pause Young (Allocation Failure) 11M->8M(15M) 3.932ms
[84.290s][info][gc] GC(711) Pause Young (Allocation Failure) 13M->13M(15M) 0.034ms
[84.307s][info][gc] GC(712) Pause Full (Allocation Failure) 13M->6M(15M) 17.296ms
[84.317s][info][gc] GC(713) Pause Young (Allocation Failure) 11M->9M(15M) 4.287ms
[84.322s][info][gc] GC(714) Pause Young (Allocation Failure) 13M->13M(15M) 0.036ms
[84.339s][info][gc] GC(715) Pause Full (Allocation Failure) 13M->6M(15M) 17.317ms
[84.348s][info][gc] GC(716) Pause Young (Allocation Failure) 11M->8M(15M) 4.050ms
[84.353s][info][gc] GC(717) Pause Young (Allocation Failure) 13M->13M(15M) 0.034ms
[84.371s][info][gc] GC(718) Pause Full (Allocation Failure) 13M->6M(15M) 17.703ms
[84.380s][info][gc] GC(719) Pause Young (Allocation Failure) 10M->8M(15M) 4.266ms
[84.385s][info][gc] GC(720) Pause Young (Allocation Failure) 12M->12M(15M) 0.036ms
[84.403s][info][gc] GC(721) Pause Full (Allocation Failure) 12M->6M(15M) 18.086ms
[84.413s][info][gc] GC(722) Pause Young (Allocation Failure) 11M->8M(15M) 4.192ms
[84.418s][info][gc] GC(723) Pause Young (Allocation Failure) 13M->13M(15M) 0.036ms
[84.435s][info][gc] GC(724) Pause Full (Allocation Failure) 13M->6M(15M) 17.049ms
[84.444s][info][gc] GC(725) Pause Young (Allocation Failure) 11M->8M(15M) 4.121ms
[84.449s][info][gc] GC(726) Pause Young (Allocation Failure) 13M->13M(15M) 0.035ms
[84.467s][info][gc] GC(727) Pause Full (Allocation Failure) 13M->6M(15M) 17.756ms
[84.476s][info][gc] GC(728) Pause Young (Allocation Failure) 11M->8M(15M) 4.126ms
[84.481s][info][gc] GC(729) Pause Young (Allocation Failure) 13M->13M(15M) 0.048ms
[84.499s][info][gc] GC(730) Pause Full (Allocation Failure) 13M->6M(15M) 17.993ms
[84.509s][info][gc] GC(731) Pause Young (Allocation Failure) 10M->8M(15M) 4.460ms
[84.514s][info][gc] GC(732) Pause Young (Allocation Failure) 12M->12M(15M) 0.040ms
[84.532s][info][gc] GC(733) Pause Full (Allocation Failure) 12M->6M(15M) 17.444ms
[84.541s][info][gc] GC(734) Pause Young (Allocation Failure) 11M->8M(15M) 4.142ms
[84.547s][info][gc] GC(735) Pause Young (Allocation Failure) 13M->13M(15M) 0.042ms
[84.565s][info][gc] GC(736) Pause Full (Allocation Failure) 13M->6M(15M) 18.866ms
[84.575s][info][gc] GC(737) Pause Young (Allocation Failure) 11M->8M(15M) 4.333ms
[84.580s][info][gc] GC(738) Pause Young (Allocation Failure) 13M->13M(15M) 0.044ms
[84.599s][info][gc] GC(739) Pause Full (Allocation Failure) 13M->6M(15M) 18.026ms
[84.607s][info][gc] GC(740) Pause Young (Allocation Failure) 10M->8M(15M) 3.863ms
[84.612s][info][gc] GC(741) Pause Young (Allocation Failure) 13M->13M(15M) 0.041ms
[84.631s][info][gc] GC(742) Pause Full (Allocation Failure) 13M->6M(15M) 18.382ms
[84.640s][info][gc] GC(743) Pause Young (Allocation Failure) 10M->8M(15M) 3.940ms
[84.645s][info][gc] GC(744) Pause Young (Allocation Failure) 12M->12M(15M) 0.046ms
[84.662s][info][gc] GC(745) Pause Full (Allocation Failure) 12M->6M(15M) 17.166ms
[84.671s][info][gc] GC(746) Pause Young (Allocation Failure) 10M->8M(15M) 3.854ms
[84.676s][info][gc] GC(747) Pause Young (Allocation Failure) 12M->12M(15M) 0.032ms
[84.693s][info][gc] GC(748) Pause Full (Allocation Failure) 12M->6M(15M) 17.298ms
[84.703s][info][gc] GC(749) Pause Young (Allocation Failure) 11M->8M(15M) 4.178ms
[84.708s][info][gc] GC(750) Pause Young (Allocation Failure) 13M->13M(15M) 0.033ms
[84.725s][info][gc] GC(751) Pause Full (Allocation Failure) 13M->7M(15M) 17.270ms
[84.734s][info][gc] GC(752) Pause Young (Allocation Failure) 11M->9M(15M) 4.115ms
[84.739s][info][gc] GC(753) Pause Young (Allocation Failure) 13M->13M(15M) 0.036ms
[84.757s][info][gc] GC(754) Pause Full (Allocation Failure) 13M->6M(15M) 17.586ms
[84.766s][info][gc] GC(755) Pause Young (Allocation Failure) 10M->8M(15M) 4.129ms
[84.771s][info][gc] GC(756) Pause Young (Allocation Failure) 12M->12M(15M) 0.033ms
[84.788s][info][gc] GC(757) Pause Full (Allocation Failure) 12M->6M(15M) 17.190ms
[84.798s][info][gc] GC(758) Pause Young (Allocation Failure) 11M->8M(15M) 4.312ms
[84.803s][info][gc] GC(759) Pause Young (Allocation Failure) 13M->13M(15M) 0.036ms
[84.820s][info][gc] GC(760) Pause Full (Allocation Failure) 13M->6M(15M) 17.462ms
[84.830s][info][gc] GC(761) Pause Young (Allocation Failure) 11M->9M(15M) 4.291ms
[84.835s][info][gc] GC(762) Pause Young (Allocation Failure) 13M->13M(15M) 0.036ms
[84.852s][info][gc] GC(763) Pause Full (Allocation Failure) 13M->6M(15M) 17.333ms
[84.861s][info][gc] GC(764) Pause Young (Allocation Failure) 11M->8M(15M) 3.920ms
[84.866s][info][gc] GC(765) Pause Young (Allocation Failure) 13M->13M(15M) 0.033ms
[84.883s][info][gc] GC(766) Pause Full (Allocation Failure) 13M->6M(15M) 17.503ms
[84.893s][info][gc] GC(767) Pause Young (Allocation Failure) 10M->8M(15M) 4.135ms
[84.898s][info][gc] GC(768) Pause Young (Allocation Failure) 12M->12M(15M) 0.034ms
[84.915s][info][gc] GC(769) Pause Full (Allocation Failure) 12M->7M(15M) 17.680ms
[84.925s][info][gc] GC(770) Pause Young (Allocation Failure) 11M->9M(15M) 4.100ms
[84.929s][info][gc] GC(771) Pause Young (Allocation Failure) 13M->13M(15M) 0.035ms
[84.947s][info][gc] GC(772) Pause Full (Allocation Failure) 13M->7M(15M) 17.813ms
[84.957s][info][gc] GC(773) Pause Young (Allocation Failure) 11M->9M(15M) 4.203ms
[84.962s][info][gc] GC(774) Pause Young (Allocation Failure) 13M->13M(15M) 0.034ms
[84.979s][info][gc] GC(775) Pause Full (Allocation Failure) 13M->6M(15M) 17.482ms
[84.988s][info][gc] GC(776) Pause Young (Allocation Failure) 11M->8M(15M) 4.036ms
[84.993s][info][gc] GC(777) Pause Young (Allocation Failure) 13M->13M(15M) 0.033ms
[85.011s][info][gc] GC(778) Pause Full (Allocation Failure) 13M->6M(15M) 17.549ms
[85.020s][info][gc] GC(779) Pause Young (Allocation Failure) 10M->8M(15M) 4.239ms
[85.025s][info][gc] GC(780) Pause Young (Allocation Failure) 12M->12M(15M) 0.035ms
[85.043s][info][gc] GC(781) Pause Full (Allocation Failure) 12M->6M(15M) 17.562ms
[85.052s][info][gc] GC(782) Pause Young (Allocation Failure) 11M->9M(15M) 4.252ms
[85.057s][info][gc] GC(783) Pause Young (Allocation Failure) 13M->13M(15M) 0.036ms
[85.075s][info][gc] GC(784) Pause Full (Allocation Failure) 13M->7M(15M) 18.426ms
[85.085s][info][gc] GC(785) Pause Young (Allocation Failure) 11M->9M(15M) 4.364ms
[85.090s][info][gc] GC(786) Pause Young (Allocation Failure) 13M->13M(15M) 0.035ms
[85.108s][info][gc] GC(787) Pause Full (Allocation Failure) 13M->6M(15M) 17.650ms
[85.117s][info][gc] GC(788) Pause Young (Allocation Failure) 11M->8M(15M) 3.965ms
[85.122s][info][gc] GC(789) Pause Young (Allocation Failure) 13M->13M(15M) 0.033ms
[85.139s][info][gc] GC(790) Pause Full (Allocation Failure) 13M->6M(15M) 17.655ms
[85.149s][info][gc] GC(791) Pause Young (Allocation Failure) 10M->8M(15M) 4.144ms
[85.154s][info][gc] GC(792) Pause Young (Allocation Failure) 12M->12M(15M) 0.033ms
[85.171s][info][gc] GC(793) Pause Full (Allocation Failure) 12M->7M(15M) 17.764ms
[85.180s][info][gc] GC(794) Pause Young (Allocation Failure) 11M->9M(15M) 3.981ms
[85.185s][info][gc] GC(795) Pause Young (Allocation Failure) 13M->13M(15M) 0.034ms
[85.203s][info][gc] GC(796) Pause Full (Allocation Failure) 13M->7M(15M) 17.692ms
[85.212s][info][gc] GC(797) Pause Young (Allocation Failure) 11M->9M(15M) 4.213ms
[85.217s][info][gc] GC(798) Pause Young (Allocation Failure) 13M->13M(15M) 0.034ms
[85.235s][info][gc] GC(799) Pause Full (Allocation Failure) 13M->6M(15M) 17.617ms
[85.244s][info][gc] GC(800) Pause Young (Allocation Failure) 11M->9M(15M) 4.004ms
[85.249s][info][gc] GC(801) Pause Young (Allocation Failure) 13M->13M(15M) 0.032ms
[85.267s][info][gc] GC(802) Pause Full (Allocation Failure) 13M->6M(15M) 17.603ms
[85.276s][info][gc] GC(803) Pause Young (Allocation Failure) 10M->8M(15M) 4.170ms
[85.281s][info][gc] GC(804) Pause Young (Allocation Failure) 12M->12M(15M) 0.034ms
[85.299s][info][gc] GC(805) Pause Full (Allocation Failure) 12M->7M(15M) 17.672ms
[85.308s][info][gc] GC(806) Pause Young (Allocation Failure) 11M->9M(15M) 4.412ms
[85.313s][info][gc] GC(807) Pause Young (Allocation Failure) 13M->13M(15M) 0.037ms
[85.331s][info][gc] GC(808) Pause Full (Allocation Failure) 13M->7M(15M) 17.678ms
[85.340s][info][gc] GC(809) Pause Young (Allocation Failure) 11M->9M(15M) 4.207ms
[85.346s][info][gc] GC(810) Pause Young (Allocation Failure) 13M->13M(15M) 0.046ms
[85.365s][info][gc] GC(811) Pause Full (Allocation Failure) 13M->6M(15M) 18.953ms
[85.373s][info][gc] GC(812) Pause Young (Allocation Failure) 11M->9M(15M) 3.808ms
[85.379s][info][gc] GC(813) Pause Young (Allocation Failure) 13M->13M(15M) 0.041ms
[85.397s][info][gc] GC(814) Pause Full (Allocation Failure) 13M->6M(15M) 18.406ms
[85.407s][info][gc] GC(815) Pause Young (Allocation Failure) 10M->8M(15M) 3.972ms
[85.412s][info][gc] GC(816) Pause Young (Allocation Failure) 12M->12M(15M) 0.032ms
[85.429s][info][gc] GC(817) Pause Full (Allocation Failure) 12M->6M(15M) 17.346ms
[85.439s][info][gc] GC(818) Pause Young (Allocation Failure) 11M->8M(15M) 3.880ms
[85.444s][info][gc] GC(819) Pause Young (Allocation Failure) 13M->13M(15M) 0.034ms
[85.461s][info][gc] GC(820) Pause Full (Allocation Failure) 13M->7M(15M) 17.469ms
[85.471s][info][gc] GC(821) Pause Young (Allocation Failure) 11M->9M(15M) 4.284ms
[85.476s][info][gc] GC(822) Pause Young (Allocation Failure) 13M->13M(15M) 0.033ms
[85.493s][info][gc] GC(823) Pause Full (Allocation Failure) 13M->6M(15M) 17.437ms
[85.503s][info][gc] GC(824) Pause Young (Allocation Failure) 11M->9M(15M) 4.278ms
[85.508s][info][gc] GC(825) Pause Young (Allocation Failure) 13M->13M(15M) 0.040ms
[85.526s][info][gc] GC(826) Pause Full (Allocation Failure) 13M->6M(15M) 17.579ms
[85.535s][info][gc] GC(827) Pause Young (Allocation Failure) 10M->8M(15M) 4.421ms
[85.540s][info][gc] GC(828) Pause Young (Allocation Failure) 12M->12M(15M) 0.044ms
[85.558s][info][gc] GC(829) Pause Full (Allocation Failure) 12M->7M(15M) 17.898ms
[85.567s][info][gc] GC(830) Pause Young (Allocation Failure) 11M->9M(15M) 4.016ms
[85.572s][info][gc] GC(831) Pause Young (Allocation Failure) 13M->13M(15M) 0.032ms
[85.590s][info][gc] GC(832) Pause Full (Allocation Failure) 13M->7M(15M) 17.643ms
[85.599s][info][gc] GC(833) Pause Young (Allocation Failure) 11M->9M(15M) 3.840ms
[85.604s][info][gc] GC(834) Pause Young (Allocation Failure) 13M->13M(15M) 0.033ms
[85.621s][info][gc] GC(835) Pause Full (Allocation Failure) 13M->7M(15M) 17.378ms
[85.630s][info][gc] GC(836) Pause Young (Allocation Failure) 11M->9M(15M) 3.982ms
[85.635s][info][gc] GC(837) Pause Young (Allocation Failure) 13M->13M(15M) 0.032ms
[85.653s][info][gc] GC(838) Pause Full (Allocation Failure) 13M->6M(15M) 17.398ms
[85.662s][info][gc] GC(839) Pause Young (Allocation Failure) 10M->8M(15M) 3.900ms
[85.667s][info][gc] GC(840) Pause Young (Allocation Failure) 12M->12M(15M) 0.033ms
[85.684s][info][gc] GC(841) Pause Full (Allocation Failure) 12M->6M(15M) 17.811ms
[85.694s][info][gc] GC(842) Pause Young (Allocation Failure) 11M->9M(15M) 4.111ms
[85.699s][info][gc] GC(843) Pause Young (Allocation Failure) 13M->13M(15M) 0.034ms
[85.717s][info][gc] GC(844) Pause Full (Allocation Failure) 13M->7M(15M) 18.538ms
[85.726s][info][gc] GC(845) Pause Young (Allocation Failure) 11M->9M(15M) 4.010ms
[85.731s][info][gc] GC(846) Pause Young (Allocation Failure) 13M->13M(15M) 0.047ms
[85.750s][info][gc] GC(847) Pause Full (Allocation Failure) 13M->7M(15M) 18.382ms
[85.759s][info][gc] GC(848) Pause Young (Allocation Failure) 11M->9M(15M) 4.220ms
[85.764s][info][gc] GC(849) Pause Young (Allocation Failure) 13M->13M(15M) 0.033ms
[85.782s][info][gc] GC(850) Pause Full (Allocation Failure) 13M->6M(15M) 17.630ms
[85.791s][info][gc] GC(851) Pause Young (Allocation Failure) 10M->8M(15M) 3.928ms
[85.796s][info][gc] GC(852) Pause Young (Allocation Failure) 12M->12M(15M) 0.037ms
[85.814s][info][gc] GC(853) Pause Full (Allocation Failure) 12M->6M(15M) 18.166ms
[85.823s][info][gc] GC(854) Pause Young (Allocation Failure) 11M->9M(15M) 4.198ms
[85.828s][info][gc] GC(855) Pause Young (Allocation Failure) 13M->13M(15M) 0.035ms
[85.846s][info][gc] GC(856) Pause Full (Allocation Failure) 13M->6M(15M) 17.583ms
[85.855s][info][gc] GC(857) Pause Young (Allocation Failure) 11M->9M(15M) 3.916ms
[85.860s][info][gc] GC(858) Pause Young (Allocation Failure) 13M->13M(15M) 0.035ms
[85.878s][info][gc] GC(859) Pause Full (Allocation Failure) 13M->7M(15M) 17.915ms
[85.887s][info][gc] GC(860) Pause Young (Allocation Failure) 11M->9M(15M) 4.226ms
[85.892s][info][gc] GC(861) Pause Young (Allocation Failure) 13M->13M(15M) 0.033ms
[85.910s][info][gc] GC(862) Pause Full (Allocation Failure) 13M->6M(15M) 17.655ms
[85.919s][info][gc] GC(863) Pause Young (Allocation Failure) 10M->8M(15M) 3.929ms
[85.923s][info][gc] GC(864) Pause Young (Allocation Failure) 12M->12M(15M) 0.034ms
[85.941s][info][gc] GC(865) Pause Full (Allocation Failure) 12M->6M(15M) 17.997ms
[85.951s][info][gc] GC(866) Pause Young (Allocation Failure) 11M->9M(15M) 4.196ms
[85.956s][info][gc] GC(867) Pause Young (Allocation Failure) 13M->13M(15M) 0.037ms
[85.974s][info][gc] GC(868) Pause Full (Allocation Failure) 13M->7M(15M) 17.974ms
[85.983s][info][gc] GC(869) Pause Young (Allocation Failure) 11M->9M(15M) 3.921ms
[85.988s][info][gc] GC(870) Pause Young (Allocation Failure) 13M->13M(15M) 0.034ms
[86.006s][info][gc] GC(871) Pause Full (Allocation Failure) 13M->7M(15M) 17.981ms
[86.015s][info][gc] GC(872) Pause Young (Allocation Failure) 11M->9M(15M) 4.194ms
[86.020s][info][gc] GC(873) Pause Young (Allocation Failure) 13M->13M(15M) 0.034ms
[86.038s][info][gc] GC(874) Pause Full (Allocation Failure) 13M->6M(15M) 17.659ms
[86.047s][info][gc] GC(875) Pause Young (Allocation Failure) 10M->8M(15M) 3.919ms
[86.052s][info][gc] GC(876) Pause Young (Allocation Failure) 12M->12M(15M) 0.034ms
[86.070s][info][gc] GC(877) Pause Full (Allocation Failure) 12M->6M(15M) 17.934ms
[86.079s][info][gc] GC(878) Pause Young (Allocation Failure) 11M->9M(15M) 4.201ms
[86.084s][info][gc] GC(879) Pause Young (Allocation Failure) 13M->13M(15M) 0.037ms
[86.102s][info][gc] GC(880) Pause Full (Allocation Failure) 13M->6M(15M) 18.027ms
[86.111s][info][gc] GC(881) Pause Young (Allocation Failure) 11M->9M(15M) 3.977ms
[86.116s][info][gc] GC(882) Pause Young (Allocation Failure) 13M->13M(15M) 0.034ms
[86.134s][info][gc] GC(883) Pause Full (Allocation Failure) 13M->7M(15M) 17.798ms
[86.144s][info][gc] GC(884) Pause Young (Allocation Failure) 11M->9M(15M) 4.411ms
[86.148s][info][gc] GC(885) Pause Young (Allocation Failure) 13M->13M(15M) 0.035ms
[86.166s][info][gc] GC(886) Pause Full (Allocation Failure) 13M->6M(15M) 17.902ms
[86.175s][info][gc] GC(887) Pause Young (Allocation Failure) 10M->8M(15M) 3.987ms
[86.180s][info][gc] GC(888) Pause Young (Allocation Failure) 12M->12M(15M) 0.034ms
[86.198s][info][gc] GC(889) Pause Full (Allocation Failure) 12M->6M(15M) 17.940ms
[86.208s][info][gc] GC(890) Pause Young (Allocation Failure) 11M->9M(15M) 4.122ms
[86.212s][info][gc] GC(891) Pause Young (Allocation Failure) 13M->13M(15M) 0.034ms
[86.230s][info][gc] GC(892) Pause Full (Allocation Failure) 13M->7M(15M) 17.899ms
[86.240s][info][gc] GC(893) Pause Young (Allocation Failure) 11M->9M(15M) 4.101ms
[86.244s][info][gc] GC(894) Pause Young (Allocation Failure) 13M->13M(15M) 0.034ms
[86.262s][info][gc] GC(895) Pause Full (Allocation Failure) 13M->7M(15M) 17.977ms
[86.272s][info][gc] GC(896) Pause Young (Allocation Failure) 11M->9M(15M) 4.159ms
[86.277s][info][gc] GC(897) Pause Young (Allocation Failure) 13M->13M(15M) 0.034ms
[86.294s][info][gc] GC(898) Pause Full (Allocation Failure) 13M->6M(15M) 17.647ms
[86.303s][info][gc] GC(899) Pause Young (Allocation Failure) 10M->8M(15M) 3.947ms
[86.308s][info][gc] GC(900) Pause Young (Allocation Failure) 12M->12M(15M) 0.033ms
[86.326s][info][gc] GC(901) Pause Full (Allocation Failure) 12M->7M(15M) 17.901ms
[86.336s][info][gc] GC(902) Pause Young (Allocation Failure) 11M->9M(15M) 4.228ms
[86.341s][info][gc] GC(903) Pause Young (Allocation Failure) 13M->13M(15M) 0.034ms
[86.358s][info][gc] GC(904) Pause Full (Allocation Failure) 13M->7M(15M) 17.684ms
[86.367s][info][gc] GC(905) Pause Young (Allocation Failure) 11M->9M(15M) 4.031ms
[86.372s][info][gc] GC(906) Pause Young (Allocation Failure) 13M->13M(15M) 0.036ms
[86.391s][info][gc] GC(907) Pause Full (Allocation Failure) 13M->7M(15M) 18.185ms
[86.400s][info][gc] GC(908) Pause Young (Allocation Failure) 11M->9M(15M) 4.130ms
[86.405s][info][gc] GC(909) Pause Young (Allocation Failure) 13M->13M(15M) 0.034ms
[86.423s][info][gc] GC(910) Pause Full (Allocation Failure) 13M->6M(15M) 17.830ms
[86.432s][info][gc] GC(911) Pause Young (Allocation Failure) 10M->8M(15M) 4.032ms
[86.437s][info][gc] GC(912) Pause Young (Allocation Failure) 12M->12M(15M) 0.035ms
[86.455s][info][gc] GC(913) Pause Full (Allocation Failure) 12M->7M(15M) 18.040ms
[86.464s][info][gc] GC(914) Pause Young (Allocation Failure) 11M->9M(15M) 4.468ms
[86.469s][info][gc] GC(915) Pause Young (Allocation Failure) 13M->13M(15M) 0.038ms
[86.488s][info][gc] GC(916) Pause Full (Allocation Failure) 13M->7M(15M) 18.292ms
[86.498s][info][gc] GC(917) Pause Young (Allocation Failure) 11M->9M(15M) 4.762ms
[86.504s][info][gc] GC(918) Pause Young (Allocation Failure) 13M->13M(15M) 0.055ms
[86.522s][info][gc] GC(919) Pause Full (Allocation Failure) 13M->6M(15M) 17.890ms
[86.531s][info][gc] GC(920) Pause Young (Allocation Failure) 11M->8M(15M) 3.794ms
[86.536s][info][gc] GC(921) Pause Young (Allocation Failure) 13M->13M(15M) 0.043ms
[86.555s][info][gc] GC(922) Pause Full (Allocation Failure) 13M->6M(15M) 18.517ms
[86.564s][info][gc] GC(923) Pause Young (Allocation Failure) 10M->8M(15M) 3.910ms
[86.568s][info][gc] GC(924) Pause Young (Allocation Failure) 12M->12M(15M) 0.037ms
[86.586s][info][gc] GC(925) Pause Full (Allocation Failure) 12M->7M(15M) 17.750ms
[86.595s][info][gc] GC(926) Pause Young (Allocation Failure) 11M->9M(15M) 3.906ms
[86.600s][info][gc] GC(927) Pause Young (Allocation Failure) 13M->13M(15M) 0.035ms
[86.618s][info][gc] GC(928) Pause Full (Allocation Failure) 13M->6M(15M) 17.258ms
[86.627s][info][gc] GC(929) Pause Young (Allocation Failure) 11M->9M(15M) 3.833ms
[86.631s][info][gc] GC(930) Pause Young (Allocation Failure) 13M->13M(15M) 0.033ms
[86.649s][info][gc] GC(931) Pause Full (Allocation Failure) 13M->7M(15M) 17.617ms
[86.658s][info][gc] GC(932) Pause Young (Allocation Failure) 11M->9M(15M) 3.946ms
[86.663s][info][gc] GC(933) Pause Young (Allocation Failure) 13M->13M(15M) 0.034ms
[86.681s][info][gc] GC(934) Pause Full (Allocation Failure) 13M->6M(15M) 17.993ms
[86.690s][info][gc] GC(935) Pause Young (Allocation Failure) 11M->8M(15M) 4.153ms
[86.695s][info][gc] GC(936) Pause Young (Allocation Failure) 13M->13M(15M) 0.035ms
[86.713s][info][gc] GC(937) Pause Full (Allocation Failure) 13M->7M(15M) 18.032ms
[86.722s][info][gc] GC(938) Pause Young (Allocation Failure) 11M->9M(15M) 3.995ms
[86.727s][info][gc] GC(939) Pause Young (Allocation Failure) 13M->13M(15M) 0.034ms
[86.745s][info][gc] GC(940) Pause Full (Allocation Failure) 13M->7M(15M) 17.957ms
[86.755s][info][gc] GC(941) Pause Young (Allocation Failure) 11M->9M(15M) 4.142ms
[86.760s][info][gc] GC(942) Pause Young (Allocation Failure) 13M->13M(15M) 0.034ms
[86.778s][info][gc] GC(943) Pause Full (Allocation Failure) 13M->7M(15M) 18.112ms
[86.787s][info][gc] GC(944) Pause Young (Allocation Failure) 11M->9M(15M) 4.000ms
[86.792s][info][gc] GC(945) Pause Young (Allocation Failure) 13M->13M(15M) 0.037ms
[86.810s][info][gc] GC(946) Pause Full (Allocation Failure) 13M->6M(15M) 18.206ms
[86.819s][info][gc] GC(947) Pause Young (Allocation Failure) 10M->8M(15M) 4.151ms
[86.824s][info][gc] GC(948) Pause Young (Allocation Failure) 13M->13M(15M) 0.053ms
[86.842s][info][gc] GC(949) Pause Full (Allocation Failure) 13M->7M(15M) 17.900ms
[86.851s][info][gc] GC(950) Pause Young (Allocation Failure) 11M->9M(15M) 3.972ms
[86.856s][info][gc] GC(951) Pause Young (Allocation Failure) 13M->13M(15M) 0.035ms
[86.874s][info][gc] GC(952) Pause Full (Allocation Failure) 13M->7M(15M) 17.854ms
[86.883s][info][gc] GC(953) Pause Young (Allocation Failure) 11M->9M(15M) 4.137ms
[86.888s][info][gc] GC(954) Pause Young (Allocation Failure) 13M->13M(15M) 0.035ms
[86.906s][info][gc] GC(955) Pause Full (Allocation Failure) 13M->7M(15M) 17.951ms
[86.915s][info][gc] GC(956) Pause Young (Allocation Failure) 11M->9M(15M) 3.988ms
[86.920s][info][gc] GC(957) Pause Young (Allocation Failure) 13M->13M(15M) 0.034ms
[86.938s][info][gc] GC(958) Pause Full (Allocation Failure) 13M->6M(15M) 17.974ms
[86.947s][info][gc] GC(959) Pause Young (Allocation Failure) 10M->8M(15M) 4.105ms
[86.952s][info][gc] GC(960) Pause Young (Allocation Failure) 13M->13M(15M) 0.035ms
[86.970s][info][gc] GC(961) Pause Full (Allocation Failure) 13M->7M(15M) 17.632ms
[86.979s][info][gc] GC(962) Pause Young (Allocation Failure) 11M->9M(15M) 3.961ms
[86.984s][info][gc] GC(963) Pause Young (Allocation Failure) 13M->13M(15M) 0.035ms
[87.002s][info][gc] GC(964) Pause Full (Allocation Failure) 13M->7M(15M) 17.920ms
[87.011s][info][gc] GC(965) Pause Young (Allocation Failure) 11M->9M(15M) 4.107ms
[87.016s][info][gc] GC(966) Pause Young (Allocation Failure) 13M->13M(15M) 0.035ms
[87.035s][info][gc] GC(967) Pause Full (Allocation Failure) 13M->7M(15M) 18.238ms
[87.044s][info][gc] GC(968) Pause Young (Allocation Failure) 11M->9M(15M) 4.034ms
[87.049s][info][gc] GC(969) Pause Young (Allocation Failure) 13M->13M(15M) 0.034ms
[87.067s][info][gc] GC(970) Pause Full (Allocation Failure) 13M->6M(15M) 18.274ms
[87.077s][info][gc] GC(971) Pause Young (Allocation Failure) 10M->8M(15M) 4.142ms
[87.086s][info][gc] GC(972) Pause Young (Allocation Failure) 13M->13M(15M) 0.040ms
[87.104s][info][gc] GC(973) Pause Full (Allocation Failure) 13M->6M(15M) 17.886ms
[87.117s][info][gc] GC(974) Pause Young (Allocation Failure) 11M->9M(15M) 4.095ms
[87.126s][info][gc] GC(975) Pause Young (Allocation Failure) 13M->13M(15M) 0.034ms
[87.144s][info][gc] GC(976) Pause Full (Allocation Failure) 13M->7M(15M) 18.001ms
[87.157s][info][gc] GC(977) Pause Young (Allocation Failure) 11M->9M(15M) 4.051ms
[87.166s][info][gc] GC(978) Pause Young (Allocation Failure) 13M->13M(15M) 0.046ms
[87.185s][info][gc] GC(979) Pause Full (Allocation Failure) 13M->7M(15M) 18.425ms
[87.198s][info][gc] GC(980) Pause Young (Allocation Failure) 11M->9M(15M) 4.408ms
[87.206s][info][gc] GC(981) Pause Young (Allocation Failure) 13M->13M(15M) 0.048ms
[87.225s][info][gc] GC(982) Pause Full (Allocation Failure) 13M->6M(15M) 18.902ms
[87.236s][info][gc] GC(983) Pause Young (Allocation Failure) 10M->8M(15M) 3.996ms
[87.241s][info][gc] GC(984) Pause Young (Allocation Failure) 12M->12M(15M) 0.034ms
[87.259s][info][gc] GC(985) Pause Full (Allocation Failure) 12M->7M(15M) 18.182ms
[87.268s][info][gc] GC(986) Pause Young (Allocation Failure) 11M->9M(15M) 4.179ms
[87.273s][info][gc] GC(987) Pause Young (Allocation Failure) 13M->13M(15M) 0.038ms
[87.291s][info][gc] GC(988) Pause Full (Allocation Failure) 13M->7M(15M) 18.026ms
[87.300s][info][gc] GC(989) Pause Young (Allocation Failure) 11M->9M(15M) 4.123ms
[87.305s][info][gc] GC(990) Pause Young (Allocation Failure) 13M->13M(15M) 0.034ms
[87.323s][info][gc] GC(991) Pause Full (Allocation Failure) 13M->7M(15M) 17.812ms
[87.332s][info][gc] GC(992) Pause Young (Allocation Failure) 11M->9M(15M) 4.066ms
[87.337s][info][gc] GC(993) Pause Young (Allocation Failure) 13M->13M(15M) 0.036ms
[87.355s][info][gc] GC(994) Pause Full (Allocation Failure) 13M->6M(15M) 18.050ms
[87.365s][info][gc] GC(995) Pause Young (Allocation Failure) 10M->8M(15M) 4.170ms
[87.370s][info][gc] GC(996) Pause Young (Allocation Failure) 13M->13M(15M) 0.034ms
[87.388s][info][gc] GC(997) Pause Full (Allocation Failure) 13M->7M(15M) 17.959ms
[87.397s][info][gc] GC(998) Pause Young (Allocation Failure) 11M->9M(15M) 4.080ms
[87.402s][info][gc] GC(999) Pause Young (Allocation Failure) 13M->13M(15M) 0.034ms
[87.420s][info][gc] GC(1000) Pause Full (Allocation Failure) 13M->7M(15M) 17.944ms
[87.429s][info][gc] GC(1001) Pause Young (Allocation Failure) 11M->9M(15M) 4.163ms
[87.434s][info][gc] GC(1002) Pause Young (Allocation Failure) 13M->13M(15M) 0.034ms
[87.452s][info][gc] GC(1003) Pause Full (Allocation Failure) 13M->7M(15M) 18.021ms
[87.461s][info][gc] GC(1004) Pause Young (Allocation Failure) 11M->9M(15M) 4.149ms
[87.466s][info][gc] GC(1005) Pause Young (Allocation Failure) 13M->13M(15M) 0.042ms
[87.485s][info][gc] GC(1006) Pause Full (Allocation Failure) 13M->6M(15M) 18.662ms
[87.495s][info][gc] GC(1007) Pause Young (Allocation Failure) 10M->8M(15M) 4.644ms
[87.502s][info][gc] GC(1008) Pause Young (Allocation Failure) 12M->12M(15M) 0.047ms
[87.521s][info][gc] GC(1009) Pause Full (Allocation Failure) 12M->7M(15M) 18.900ms
[87.530s][info][gc] GC(1010) Pause Young (Allocation Failure) 11M->9M(15M) 3.971ms
[87.535s][info][gc] GC(1011) Pause Young (Allocation Failure) 13M->13M(15M) 0.043ms
[87.554s][info][gc] GC(1012) Pause Full (Allocation Failure) 13M->7M(15M) 18.120ms
[87.563s][info][gc] GC(1013) Pause Young (Allocation Failure) 11M->9M(15M) 3.826ms
[87.568s][info][gc] GC(1014) Pause Young (Allocation Failure) 13M->13M(15M) 0.033ms
[87.585s][info][gc] GC(1015) Pause Full (Allocation Failure) 13M->7M(15M) 17.644ms
[87.594s][info][gc] GC(1016) Pause Young (Allocation Failure) 11M->9M(15M) 3.953ms
[87.600s][info][gc] GC(1017) Pause Young (Allocation Failure) 13M->13M(15M) 0.033ms
[87.617s][info][gc] GC(1018) Pause Full (Allocation Failure) 13M->6M(15M) 17.650ms
[87.626s][info][gc] GC(1019) Pause Young (Allocation Failure) 10M->8M(15M) 3.957ms
[87.631s][info][gc] GC(1020) Pause Young (Allocation Failure) 12M->12M(15M) 0.034ms
[87.650s][info][gc] GC(1021) Pause Full (Allocation Failure) 12M->6M(15M) 18.308ms
[87.659s][info][gc] GC(1022) Pause Young (Allocation Failure) 11M->9M(15M) 4.151ms
[87.664s][info][gc] GC(1023) Pause Young (Allocation Failure) 13M->13M(15M) 0.037ms
[87.682s][info][gc] GC(1024) Pause Full (Allocation Failure) 13M->6M(15M) 17.883ms
[87.691s][info][gc] GC(1025) Pause Young (Allocation Failure) 11M->9M(15M) 3.907ms
[87.696s][info][gc] GC(1026) Pause Young (Allocation Failure) 13M->13M(15M) 0.034ms
[87.714s][info][gc] GC(1027) Pause Full (Allocation Failure) 13M->7M(15M) 18.112ms
[87.723s][info][gc] GC(1028) Pause Young (Allocation Failure) 11M->9M(15M) 3.938ms
[87.728s][info][gc] GC(1029) Pause Young (Allocation Failure) 13M->13M(15M) 0.034ms
[87.746s][info][gc] GC(1030) Pause Full (Allocation Failure) 13M->6M(15M) 18.467ms
[87.756s][info][gc] GC(1031) Pause Young (Allocation Failure) 11M->8M(15M) 4.240ms
[87.761s][info][gc] GC(1032) Pause Young (Allocation Failure) 13M->13M(15M) 0.035ms
[87.779s][info][gc] GC(1033) Pause Full (Allocation Failure) 13M->6M(15M) 18.028ms
[87.788s][info][gc] GC(1034) Pause Young (Allocation Failure) 11M->8M(15M) 4.025ms
[87.793s][info][gc] GC(1035) Pause Young (Allocation Failure) 13M->13M(15M) 0.035ms
[87.811s][info][gc] GC(1036) Pause Full (Allocation Failure) 13M->7M(15M) 18.292ms
[87.821s][info][gc] GC(1037) Pause Young (Allocation Failure) 11M->9M(15M) 4.270ms
[87.826s][info][gc] GC(1038) Pause Young (Allocation Failure) 13M->13M(15M) 0.035ms
[87.844s][info][gc] GC(1039) Pause Full (Allocation Failure) 13M->7M(15M) 18.066ms
[87.853s][info][gc] GC(1040) Pause Young (Allocation Failure) 11M->9M(15M) 3.914ms
[87.858s][info][gc] GC(1041) Pause Young (Allocation Failure) 13M->13M(15M) 0.034ms
[87.876s][info][gc] GC(1042) Pause Full (Allocation Failure) 13M->6M(15M) 18.214ms
[87.885s][info][gc] GC(1043) Pause Young (Allocation Failure) 11M->8M(15M) 4.204ms
[87.890s][info][gc] GC(1044) Pause Young (Allocation Failure) 13M->13M(15M) 0.035ms
[87.908s][info][gc] GC(1045) Pause Full (Allocation Failure) 13M->7M(15M) 18.196ms
[87.918s][info][gc] GC(1046) Pause Young (Allocation Failure) 11M->9M(15M) 4.032ms
[87.923s][info][gc] GC(1047) Pause Young (Allocation Failure) 13M->13M(15M) 0.035ms
[87.940s][info][gc] GC(1048) Pause Full (Allocation Failure) 13M->6M(15M) 17.552ms
[87.949s][info][gc] GC(1049) Pause Young (Allocation Failure) 11M->9M(15M) 3.944ms
[87.954s][info][gc] GC(1050) Pause Young (Allocation Failure) 13M->13M(15M) 0.034ms
[87.972s][info][gc] GC(1051) Pause Full (Allocation Failure) 13M->7M(15M) 18.164ms
[87.981s][info][gc] GC(1052) Pause Young (Allocation Failure) 11M->9M(15M) 4.002ms
[87.986s][info][gc] GC(1053) Pause Young (Allocation Failure) 13M->13M(15M) 0.034ms
[88.005s][info][gc] GC(1054) Pause Full (Allocation Failure) 13M->6M(15M) 18.604ms
[88.014s][info][gc] GC(1055) Pause Young (Allocation Failure) 11M->8M(15M) 4.198ms
[88.019s][info][gc] GC(1056) Pause Young (Allocation Failure) 13M->13M(15M) 0.034ms
[88.037s][info][gc] GC(1057) Pause Full (Allocation Failure) 13M->7M(15M) 18.194ms
[88.047s][info][gc] GC(1058) Pause Young (Allocation Failure) 11M->9M(15M) 4.060ms
[88.052s][info][gc] GC(1059) Pause Young (Allocation Failure) 13M->13M(15M) 0.035ms
[88.069s][info][gc] GC(1060) Pause Full (Allocation Failure) 13M->7M(15M) 17.564ms
[88.078s][info][gc] GC(1061) Pause Young (Allocation Failure) 11M->9M(15M) 4.024ms
[88.083s][info][gc] GC(1062) Pause Young (Allocation Failure) 13M->13M(15M) 0.032ms
[88.102s][info][gc] GC(1063) Pause Full (Allocation Failure) 13M->7M(15M) 18.460ms
[88.111s][info][gc] GC(1064) Pause Young (Allocation Failure) 11M->9M(15M) 3.942ms
[88.116s][info][gc] GC(1065) Pause Young (Allocation Failure) 13M->13M(15M) 0.035ms
[88.135s][info][gc] GC(1066) Pause Full (Allocation Failure) 13M->6M(15M) 18.736ms
[88.144s][info][gc] GC(1067) Pause Young (Allocation Failure) 11M->8M(15M) 4.156ms
[88.149s][info][gc] GC(1068) Pause Young (Allocation Failure) 13M->13M(15M) 0.036ms
[88.168s][info][gc] GC(1069) Pause Full (Allocation Failure) 13M->7M(15M) 18.506ms
[88.177s][info][gc] GC(1070) Pause Young (Allocation Failure) 11M->9M(15M) 3.938ms
[88.182s][info][gc] GC(1071) Pause Young (Allocation Failure) 13M->13M(15M) 0.046ms
[88.200s][info][gc] GC(1072) Pause Full (Allocation Failure) 13M->7M(15M) 18.805ms
[88.210s][info][gc] GC(1073) Pause Young (Allocation Failure) 11M->9M(15M) 4.224ms
[88.215s][info][gc] GC(1074) Pause Young (Allocation Failure) 13M->13M(15M) 0.035ms
[88.233s][info][gc] GC(1075) Pause Full (Allocation Failure) 13M->7M(15M) 18.247ms
[88.242s][info][gc] GC(1076) Pause Young (Allocation Failure) 11M->9M(15M) 4.004ms
[88.247s][info][gc] GC(1077) Pause Young (Allocation Failure) 13M->13M(15M) 0.034ms
[88.265s][info][gc] GC(1078) Pause Full (Allocation Failure) 13M->6M(15M) 18.264ms
[88.275s][info][gc] GC(1079) Pause Young (Allocation Failure) 11M->8M(15M) 4.177ms
[88.280s][info][gc] GC(1080) Pause Young (Allocation Failure) 13M->13M(15M) 0.034ms
[88.298s][info][gc] GC(1081) Pause Full (Allocation Failure) 13M->7M(15M) 18.094ms
[88.307s][info][gc] GC(1082) Pause Young (Allocation Failure) 11M->9M(15M) 4.205ms
[88.312s][info][gc] GC(1083) Pause Young (Allocation Failure) 13M->13M(15M) 0.037ms
[88.330s][info][gc] GC(1084) Pause Full (Allocation Failure) 13M->7M(15M) 18.026ms
[88.339s][info][gc] GC(1085) Pause Young (Allocation Failure) 11M->9M(15M) 4.107ms
[88.344s][info][gc] GC(1086) Pause Young (Allocation Failure) 13M->13M(15M) 0.034ms
[88.362s][info][gc] GC(1087) Pause Full (Allocation Failure) 13M->7M(15M) 17.809ms
[88.371s][info][gc] GC(1088) Pause Young (Allocation Failure) 11M->9M(15M) 4.007ms
[88.376s][info][gc] GC(1089) Pause Young (Allocation Failure) 13M->13M(15M) 0.035ms
[88.394s][info][gc] GC(1090) Pause Full (Allocation Failure) 13M->6M(15M) 18.098ms
[88.404s][info][gc] GC(1091) Pause Young (Allocation Failure) 11M->8M(15M) 4.163ms
[88.408s][info][gc] GC(1092) Pause Young (Allocation Failure) 13M->13M(15M) 0.035ms
[88.426s][info][gc] GC(1093) Pause Full (Allocation Failure) 13M->7M(15M) 17.860ms
[88.436s][info][gc] GC(1094) Pause Young (Allocation Failure) 11M->9M(15M) 4.183ms
[88.441s][info][gc] GC(1095) Pause Young (Allocation Failure) 13M->13M(15M) 0.035ms
[88.459s][info][gc] GC(1096) Pause Full (Allocation Failure) 13M->7M(15M) 18.212ms
[88.468s][info][gc] GC(1097) Pause Young (Allocation Failure) 11M->9M(15M) 4.191ms
[88.473s][info][gc] GC(1098) Pause Young (Allocation Failure) 13M->13M(15M) 0.035ms
[88.492s][info][gc] GC(1099) Pause Full (Allocation Failure) 13M->7M(15M) 18.470ms
[88.502s][info][gc] GC(1100) Pause Young (Allocation Failure) 11M->9M(15M) 4.687ms
[88.507s][info][gc] GC(1101) Pause Young (Allocation Failure) 13M->13M(15M) 0.044ms
[88.526s][info][gc] GC(1102) Pause Full (Allocation Failure) 13M->6M(15M) 19.280ms
[88.536s][info][gc] GC(1103) Pause Young (Allocation Failure) 11M->8M(15M) 4.329ms
[88.541s][info][gc] GC(1104) Pause Young (Allocation Failure) 13M->13M(15M) 0.043ms
[88.560s][info][gc] GC(1105) Pause Full (Allocation Failure) 13M->7M(15M) 18.610ms
[88.569s][info][gc] GC(1106) Pause Young (Allocation Failure) 11M->9M(15M) 3.853ms
[88.574s][info][gc] GC(1107) Pause Young (Allocation Failure) 13M->13M(15M) 0.033ms
[88.592s][info][gc] GC(1108) Pause Full (Allocation Failure) 13M->7M(15M) 18.184ms
[88.601s][info][gc] GC(1109) Pause Young (Allocation Failure) 11M->9M(15M) 3.957ms
[88.606s][info][gc] GC(1110) Pause Young (Allocation Failure) 13M->13M(15M) 0.032ms
[88.624s][info][gc] GC(1111) Pause Full (Allocation Failure) 13M->7M(15M) 18.398ms
[88.633s][info][gc] GC(1112) Pause Young (Allocation Failure) 11M->9M(15M) 4.133ms
[88.638s][info][gc] GC(1113) Pause Young (Allocation Failure) 13M->13M(15M) 0.033ms
[88.656s][info][gc] GC(1114) Pause Full (Allocation Failure) 13M->6M(15M) 17.617ms
[88.665s][info][gc] GC(1115) Pause Young (Allocation Failure) 10M->8M(15M) 3.937ms
[88.670s][info][gc] GC(1116) Pause Young (Allocation Failure) 12M->12M(15M) 0.034ms
[88.688s][info][gc] GC(1117) Pause Full (Allocation Failure) 12M->7M(15M) 18.392ms
[88.698s][info][gc] GC(1118) Pause Young (Allocation Failure) 11M->9M(15M) 4.124ms
[88.703s][info][gc] GC(1119) Pause Young (Allocation Failure) 13M->13M(15M) 0.034ms
[88.721s][info][gc] GC(1120) Pause Full (Allocation Failure) 13M->7M(15M) 18.318ms
[88.730s][info][gc] GC(1121) Pause Young (Allocation Failure) 11M->9M(15M) 3.977ms
[88.735s][info][gc] GC(1122) Pause Young (Allocation Failure) 13M->13M(15M) 0.035ms
[88.754s][info][gc] GC(1123) Pause Full (Allocation Failure) 13M->7M(15M) 18.511ms
[88.763s][info][gc] GC(1124) Pause Young (Allocation Failure) 11M->9M(15M) 4.133ms
[88.768s][info][gc] GC(1125) Pause Young (Allocation Failure) 13M->13M(15M) 0.034ms
[88.786s][info][gc] GC(1126) Pause Full (Allocation Failure) 13M->6M(15M) 18.494ms
[88.796s][info][gc] GC(1127) Pause Young (Allocation Failure) 11M->8M(15M) 3.972ms
[88.801s][info][gc] GC(1128) Pause Young (Allocation Failure) 13M->13M(15M) 0.036ms
[88.819s][info][gc] GC(1129) Pause Full (Allocation Failure) 13M->7M(15M) 18.446ms
[88.828s][info][gc] GC(1130) Pause Young (Allocation Failure) 11M->9M(15M) 4.092ms
[88.833s][info][gc] GC(1131) Pause Young (Allocation Failure) 13M->13M(15M) 0.035ms
[88.851s][info][gc] GC(1132) Pause Full (Allocation Failure) 13M->7M(15M) 18.049ms
[88.860s][info][gc] GC(1133) Pause Young (Allocation Failure) 11M->9M(15M) 3.956ms
[88.865s][info][gc] GC(1134) Pause Young (Allocation Failure) 13M->13M(15M) 0.037ms
[88.884s][info][gc] GC(1135) Pause Full (Allocation Failure) 13M->7M(15M) 18.826ms
[88.894s][info][gc] GC(1136) Pause Young (Allocation Failure) 11M->9M(15M) 4.130ms
[88.899s][info][gc] GC(1137) Pause Young (Allocation Failure) 13M->13M(15M) 0.034ms
[88.917s][info][gc] GC(1138) Pause Full (Allocation Failure) 13M->6M(15M) 18.448ms
[88.926s][info][gc] GC(1139) Pause Young (Allocation Failure) 11M->8M(15M) 3.983ms
[88.931s][info][gc] GC(1140) Pause Young (Allocation Failure) 13M->13M(15M) 0.034ms
[88.950s][info][gc] GC(1141) Pause Full (Allocation Failure) 13M->7M(15M) 18.521ms
[88.959s][info][gc] GC(1142) Pause Young (Allocation Failure) 11M->9M(15M) 4.252ms
[88.964s][info][gc] GC(1143) Pause Young (Allocation Failure) 13M->13M(15M) 0.035ms
[88.982s][info][gc] GC(1144) Pause Full (Allocation Failure) 13M->7M(15M) 18.364ms
[88.991s][info][gc] GC(1145) Pause Young (Allocation Failure) 11M->9M(15M) 3.969ms
[88.996s][info][gc] GC(1146) Pause Young (Allocation Failure) 13M->13M(15M) 0.034ms
[89.015s][info][gc] GC(1147) Pause Full (Allocation Failure) 13M->7M(15M) 18.517ms
[89.024s][info][gc] GC(1148) Pause Young (Allocation Failure) 11M->9M(15M) 4.213ms
[89.029s][info][gc] GC(1149) Pause Young (Allocation Failure) 13M->13M(15M) 0.034ms
[89.048s][info][gc] GC(1150) Pause Full (Allocation Failure) 13M->6M(15M) 18.482ms
[89.057s][info][gc] GC(1151) Pause Young (Allocation Failure) 11M->8M(15M) 4.011ms
[89.062s][info][gc] GC(1152) Pause Young (Allocation Failure) 13M->13M(15M) 0.034ms
[89.080s][info][gc] GC(1153) Pause Full (Allocation Failure) 13M->7M(15M) 18.526ms
[89.090s][info][gc] GC(1154) Pause Young (Allocation Failure) 11M->9M(15M) 4.155ms
[89.094s][info][gc] GC(1155) Pause Young (Allocation Failure) 13M->13M(15M) 0.035ms
[89.113s][info][gc] GC(1156) Pause Full (Allocation Failure) 13M->7M(15M) 18.368ms
[89.122s][info][gc] GC(1157) Pause Young (Allocation Failure) 11M->9M(15M) 4.119ms
[89.127s][info][gc] GC(1158) Pause Young (Allocation Failure) 13M->13M(15M) 0.035ms
[89.146s][info][gc] GC(1159) Pause Full (Allocation Failure) 13M->7M(15M) 18.780ms
[89.156s][info][gc] GC(1160) Pause Young (Allocation Failure) 11M->9M(15M) 4.263ms
[89.161s][info][gc] GC(1161) Pause Young (Allocation Failure) 13M->13M(15M) 0.035ms
[89.179s][info][gc] GC(1162) Pause Full (Allocation Failure) 13M->6M(15M) 18.611ms
[89.188s][info][gc] GC(1163) Pause Young (Allocation Failure) 10M->8M(15M) 4.037ms
[89.193s][info][gc] GC(1164) Pause Young (Allocation Failure) 13M->13M(15M) 0.036ms
[89.212s][info][gc] GC(1165) Pause Full (Allocation Failure) 13M->7M(15M) 18.426ms
[89.221s][info][gc] GC(1166) Pause Young (Allocation Failure) 11M->9M(15M) 4.156ms
[89.226s][info][gc] GC(1167) Pause Young (Allocation Failure) 13M->13M(15M) 0.034ms
[89.245s][info][gc] GC(1168) Pause Full (Allocation Failure) 13M->7M(15M) 18.538ms
[89.254s][info][gc] GC(1169) Pause Young (Allocation Failure) 11M->9M(15M) 3.961ms
[89.259s][info][gc] GC(1170) Pause Young (Allocation Failure) 13M->13M(15M) 0.034ms
[89.277s][info][gc] GC(1171) Pause Full (Allocation Failure) 13M->7M(15M) 18.391ms
[89.286s][info][gc] GC(1172) Pause Young (Allocation Failure) 11M->9M(15M) 4.122ms
[89.291s][info][gc] GC(1173) Pause Young (Allocation Failure) 13M->13M(15M) 0.034ms
[89.310s][info][gc] GC(1174) Pause Full (Allocation Failure) 13M->6M(15M) 18.562ms
[89.319s][info][gc] GC(1175) Pause Young (Allocation Failure) 11M->8M(15M) 3.953ms
[89.324s][info][gc] GC(1176) Pause Young (Allocation Failure) 13M->13M(15M) 0.034ms
[89.343s][info][gc] GC(1177) Pause Full (Allocation Failure) 13M->7M(15M) 18.483ms
[89.352s][info][gc] GC(1178) Pause Young (Allocation Failure) 11M->9M(15M) 4.205ms
[89.357s][info][gc] GC(1179) Pause Young (Allocation Failure) 13M->13M(15M) 0.034ms
[89.375s][info][gc] GC(1180) Pause Full (Allocation Failure) 13M->7M(15M) 18.281ms
[89.384s][info][gc] GC(1181) Pause Young (Allocation Failure) 11M->9M(15M) 3.916ms
[89.389s][info][gc] GC(1182) Pause Young (Allocation Failure) 13M->13M(15M) 0.034ms
[89.408s][info][gc] GC(1183) Pause Full (Allocation Failure) 13M->7M(15M) 18.501ms
[89.417s][info][gc] GC(1184) Pause Young (Allocation Failure) 11M->9M(15M) 4.175ms
[89.422s][info][gc] GC(1185) Pause Young (Allocation Failure) 13M->13M(15M) 0.035ms
[89.440s][info][gc] GC(1186) Pause Full (Allocation Failure) 13M->6M(15M) 18.469ms
[89.450s][info][gc] GC(1187) Pause Young (Allocation Failure) 11M->8M(15M) 4.013ms
[89.454s][info][gc] GC(1188) Pause Young (Allocation Failure) 13M->13M(15M) 0.034ms
[89.474s][info][gc] GC(1189) Pause Full (Allocation Failure) 13M->7M(15M) 19.094ms
[89.483s][info][gc] GC(1190) Pause Young (Allocation Failure) 11M->9M(15M) 4.288ms
[89.489s][info][gc] GC(1191) Pause Young (Allocation Failure) 13M->13M(15M) 0.043ms
[89.508s][info][gc] GC(1192) Pause Full (Allocation Failure) 13M->7M(15M) 19.790ms
[89.518s][info][gc] GC(1193) Pause Young (Allocation Failure) 11M->9M(15M) 4.097ms
[89.523s][info][gc] GC(1194) Pause Young (Allocation Failure) 13M->13M(15M) 0.034ms
[89.541s][info][gc] GC(1195) Pause Full (Allocation Failure) 13M->7M(15M) 18.638ms
[89.551s][info][gc] GC(1196) Pause Young (Allocation Failure) 11M->9M(15M) 4.058ms
[89.556s][info][gc] GC(1197) Pause Young (Allocation Failure) 13M->13M(15M) 0.034ms
[89.573s][info][gc] GC(1198) Pause Full (Allocation Failure) 13M->6M(15M) 17.454ms
[89.582s][info][gc] GC(1199) Pause Young (Allocation Failure) 10M->8M(15M) 3.735ms
[89.587s][info][gc] GC(1200) Pause Young (Allocation Failure) 12M->12M(15M) 0.033ms
[89.605s][info][gc] GC(1201) Pause Full (Allocation Failure) 12M->7M(15M) 18.211ms
[89.614s][info][gc] GC(1202) Pause Young (Allocation Failure) 11M->9M(15M) 4.051ms
[89.619s][info][gc] GC(1203) Pause Young (Allocation Failure) 13M->13M(15M) 0.034ms
[89.637s][info][gc] GC(1204) Pause Full (Allocation Failure) 13M->7M(15M) 18.403ms
[89.646s][info][gc] GC(1205) Pause Young (Allocation Failure) 11M->9M(15M) 3.963ms
[89.652s][info][gc] GC(1206) Pause Young (Allocation Failure) 13M->13M(15M) 0.036ms
[89.670s][info][gc] GC(1207) Pause Full (Allocation Failure) 13M->7M(15M) 18.811ms
[89.680s][info][gc] GC(1208) Pause Young (Allocation Failure) 11M->9M(15M) 4.048ms
[89.685s][info][gc] GC(1209) Pause Young (Allocation Failure) 13M->13M(15M) 0.035ms
[89.703s][info][gc] GC(1210) Pause Full (Allocation Failure) 13M->6M(15M) 17.968ms
[89.712s][info][gc] GC(1211) Pause Young (Allocation Failure) 10M->8M(15M) 3.943ms
[89.716s][info][gc] GC(1212) Pause Young (Allocation Failure) 12M->12M(15M) 0.034ms
[89.735s][info][gc] GC(1213) Pause Full (Allocation Failure) 12M->7M(15M) 18.616ms
[89.744s][info][gc] GC(1214) Pause Young (Allocation Failure) 11M->9M(15M) 3.953ms
[89.749s][info][gc] GC(1215) Pause Young (Allocation Failure) 13M->13M(15M) 0.035ms
[89.768s][info][gc] GC(1216) Pause Full (Allocation Failure) 13M->7M(15M) 18.542ms
[89.777s][info][gc] GC(1217) Pause Young (Allocation Failure) 11M->9M(15M) 4.160ms
[89.782s][info][gc] GC(1218) Pause Young (Allocation Failure) 13M->13M(15M) 0.034ms
[89.801s][info][gc] GC(1219) Pause Full (Allocation Failure) 13M->7M(15M) 18.675ms
[89.810s][info][gc] GC(1220) Pause Young (Allocation Failure) 11M->9M(15M) 3.954ms
[89.814s][info][gc] GC(1221) Pause Young (Allocation Failure) 13M->13M(15M) 0.035ms
[89.833s][info][gc] GC(1222) Pause Full (Allocation Failure) 13M->6M(15M) 18.624ms
[89.843s][info][gc] GC(1223) Pause Young (Allocation Failure) 11M->9M(15M) 4.146ms
[89.847s][info][gc] GC(1224) Pause Young (Allocation Failure) 13M->13M(15M) 0.034ms
[89.866s][info][gc] GC(1225) Pause Full (Allocation Failure) 13M->7M(15M) 18.775ms
[89.875s][info][gc] GC(1226) Pause Young (Allocation Failure) 11M->9M(15M) 3.982ms
[89.880s][info][gc] GC(1227) Pause Young (Allocation Failure) 13M->13M(15M) 0.035ms
[89.899s][info][gc] GC(1228) Pause Full (Allocation Failure) 13M->7M(15M) 18.799ms
[89.909s][info][gc] GC(1229) Pause Young (Allocation Failure) 11M->9M(15M) 4.199ms
[89.913s][info][gc] GC(1230) Pause Young (Allocation Failure) 13M->13M(15M) 0.036ms
[89.932s][info][gc] GC(1231) Pause Full (Allocation Failure) 13M->7M(15M) 18.596ms
[89.941s][info][gc] GC(1232) Pause Young (Allocation Failure) 11M->9M(15M) 4.082ms
[89.946s][info][gc] GC(1233) Pause Young (Allocation Failure) 13M->13M(15M) 0.035ms
[89.965s][info][gc] GC(1234) Pause Full (Allocation Failure) 13M->6M(15M) 18.440ms
[89.974s][info][gc] GC(1235) Pause Young (Allocation Failure) 10M->8M(15M) 4.018ms
[89.979s][info][gc] GC(1236) Pause Young (Allocation Failure) 13M->13M(15M) 0.034ms
[89.997s][info][gc] GC(1237) Pause Full (Allocation Failure) 13M->7M(15M) 18.621ms
[90.007s][info][gc] GC(1238) Pause Young (Allocation Failure) 11M->9M(15M) 4.233ms
[90.012s][info][gc] GC(1239) Pause Young (Allocation Failure) 13M->13M(15M) 0.034ms
[90.030s][info][gc] GC(1240) Pause Full (Allocation Failure) 13M->7M(15M) 18.268ms
[90.039s][info][gc] GC(1241) Pause Young (Allocation Failure) 11M->9M(15M) 3.928ms
[90.044s][info][gc] GC(1242) Pause Young (Allocation Failure) 13M->13M(15M) 0.036ms
[90.063s][info][gc] GC(1243) Pause Full (Allocation Failure) 13M->7M(15M) 18.430ms
[90.072s][info][gc] GC(1244) Pause Young (Allocation Failure) 11M->9M(15M) 3.947ms
[90.077s][info][gc] GC(1245) Pause Young (Allocation Failure) 13M->13M(15M) 0.034ms
[90.096s][info][gc] GC(1246) Pause Full (Allocation Failure) 13M->7M(15M) 18.887ms
[90.105s][info][gc] GC(1247) Pause Young (Allocation Failure) 11M->9M(15M) 4.203ms
[90.110s][info][gc] GC(1248) Pause Young (Allocation Failure) 13M->13M(15M) 0.038ms
[90.129s][info][gc] GC(1249) Pause Full (Allocation Failure) 13M->7M(15M) 18.888ms
[90.138s][info][gc] GC(1250) Pause Young (Allocation Failure) 11M->9M(15M) 4.155ms
[90.143s][info][gc] GC(1251) Pause Young (Allocation Failure) 13M->13M(15M) 0.036ms
[90.162s][info][gc] GC(1252) Pause Full (Allocation Failure) 13M->7M(15M) 18.279ms
[90.171s][info][gc] GC(1253) Pause Young (Allocation Failure) 11M->9M(15M) 4.013ms
[90.176s][info][gc] GC(1254) Pause Young (Allocation Failure) 13M->13M(15M) 0.034ms
[90.195s][info][gc] GC(1255) Pause Full (Allocation Failure) 13M->7M(15M) 18.647ms
[90.205s][info][gc] GC(1256) Pause Young (Allocation Failure) 11M->9M(15M) 4.162ms
[90.210s][info][gc] GC(1257) Pause Young (Allocation Failure) 13M->13M(15M) 0.037ms
[90.228s][info][gc] GC(1258) Pause Full (Allocation Failure) 13M->6M(15M) 18.404ms
[90.238s][info][gc] GC(1259) Pause Young (Allocation Failure) 11M->8M(15M) 4.118ms
[90.242s][info][gc] GC(1260) Pause Young (Allocation Failure) 13M->13M(15M) 0.034ms
[90.261s][info][gc] GC(1261) Pause Full (Allocation Failure) 13M->7M(15M) 18.662ms
[90.271s][info][gc] GC(1262) Pause Young (Allocation Failure) 11M->9M(15M) 4.123ms
[90.275s][info][gc] GC(1263) Pause Young (Allocation Failure) 13M->13M(15M) 0.035ms
[90.294s][info][gc] GC(1264) Pause Full (Allocation Failure) 13M->7M(15M) 18.561ms
[90.303s][info][gc] GC(1265) Pause Young (Allocation Failure) 11M->9M(15M) 3.965ms
[90.308s][info][gc] GC(1266) Pause Young (Allocation Failure) 13M->13M(15M) 0.035ms
[90.327s][info][gc] GC(1267) Pause Full (Allocation Failure) 13M->7M(15M) 18.850ms
[90.336s][info][gc] GC(1268) Pause Young (Allocation Failure) 11M->9M(15M) 4.199ms
[90.341s][info][gc] GC(1269) Pause Young (Allocation Failure) 13M->13M(15M) 0.035ms
[90.360s][info][gc] GC(1270) Pause Full (Allocation Failure) 13M->6M(15M) 18.783ms
[90.369s][info][gc] GC(1271) Pause Young (Allocation Failure) 11M->9M(15M) 4.063ms
[90.374s][info][gc] GC(1272) Pause Young (Allocation Failure) 13M->13M(15M) 0.036ms
[90.393s][info][gc] GC(1273) Pause Full (Allocation Failure) 13M->7M(15M) 18.781ms
[90.402s][info][gc] GC(1274) Pause Young (Allocation Failure) 11M->9M(15M) 4.165ms
[90.407s][info][gc] GC(1275) Pause Young (Allocation Failure) 13M->13M(15M) 0.034ms
[90.426s][info][gc] GC(1276) Pause Full (Allocation Failure) 13M->7M(15M) 18.621ms
[90.435s][info][gc] GC(1277) Pause Young (Allocation Failure) 11M->9M(15M) 3.918ms
[90.440s][info][gc] GC(1278) Pause Young (Allocation Failure) 13M->13M(15M) 0.034ms
[90.459s][info][gc] GC(1279) Pause Full (Allocation Failure) 13M->7M(15M) 18.763ms
[90.469s][info][gc] GC(1280) Pause Young (Allocation Failure) 11M->9M(15M) 4.548ms
[90.474s][info][gc] GC(1281) Pause Young (Allocation Failure) 13M->13M(15M) 0.036ms
[90.493s][info][gc] GC(1282) Pause Full (Allocation Failure) 13M->7M(15M) 19.169ms
[90.503s][info][gc] GC(1283) Pause Young (Allocation Failure) 11M->9M(15M) 4.661ms
[90.508s][info][gc] GC(1284) Pause Young (Allocation Failure) 13M->13M(15M) 0.044ms
[90.527s][info][gc] GC(1285) Pause Full (Allocation Failure) 13M->7M(15M) 18.679ms
[90.536s][info][gc] GC(1286) Pause Young (Allocation Failure) 11M->9M(15M) 4.229ms
[90.541s][info][gc] GC(1287) Pause Young (Allocation Failure) 13M->13M(15M) 0.043ms
[90.560s][info][gc] GC(1288) Pause Full (Allocation Failure) 13M->7M(15M) 18.379ms
[90.569s][info][gc] GC(1289) Pause Young (Allocation Failure) 11M->9M(15M) 3.924ms
[90.574s][info][gc] GC(1290) Pause Young (Allocation Failure) 13M->13M(15M) 0.037ms
[90.593s][info][gc] GC(1291) Pause Full (Allocation Failure) 13M->7M(15M) 18.790ms
[90.602s][info][gc] GC(1292) Pause Young (Allocation Failure) 11M->9M(15M) 3.977ms
[90.607s][info][gc] GC(1293) Pause Young (Allocation Failure) 13M->13M(15M) 0.035ms
[90.626s][info][gc] GC(1294) Pause Full (Allocation Failure) 13M->6M(15M) 18.896ms
[90.635s][info][gc] GC(1295) Pause Young (Allocation Failure) 11M->9M(15M) 4.206ms
[90.640s][info][gc] GC(1296) Pause Young (Allocation Failure) 13M->13M(15M) 0.033ms
[90.659s][info][gc] GC(1297) Pause Full (Allocation Failure) 13M->7M(15M) 19.116ms
[90.668s][info][gc] GC(1298) Pause Young (Allocation Failure) 11M->9M(15M) 4.110ms
[90.673s][info][gc] GC(1299) Pause Young (Allocation Failure) 13M->13M(15M) 0.035ms
[90.692s][info][gc] GC(1300) Pause Full (Allocation Failure) 13M->7M(15M) 18.850ms
[90.701s][info][gc] GC(1301) Pause Young (Allocation Failure) 11M->9M(15M) 4.163ms
[90.706s][info][gc] GC(1302) Pause Young (Allocation Failure) 13M->13M(15M) 0.033ms
[90.725s][info][gc] GC(1303) Pause Full (Allocation Failure) 13M->7M(15M) 18.889ms
[90.734s][info][gc] GC(1304) Pause Young (Allocation Failure) 11M->9M(15M) 4.066ms
[90.739s][info][gc] GC(1305) Pause Young (Allocation Failure) 13M->13M(15M) 0.035ms
[90.758s][info][gc] GC(1306) Pause Full (Allocation Failure) 13M->7M(15M) 18.961ms
[90.768s][info][gc] GC(1307) Pause Young (Allocation Failure) 11M->9M(15M) 4.197ms
[90.773s][info][gc] GC(1308) Pause Young (Allocation Failure) 13M->13M(15M) 0.034ms
[90.791s][info][gc] GC(1309) Pause Full (Allocation Failure) 13M->7M(15M) 18.689ms
[90.801s][info][gc] GC(1310) Pause Young (Allocation Failure) 11M->9M(15M) 4.048ms
[90.806s][info][gc] GC(1311) Pause Young (Allocation Failure) 13M->13M(15M) 0.035ms
[90.824s][info][gc] GC(1312) Pause Full (Allocation Failure) 13M->7M(15M) 18.741ms
[90.833s][info][gc] GC(1313) Pause Young (Allocation Failure) 11M->9M(15M) 3.995ms
[90.838s][info][gc] GC(1314) Pause Young (Allocation Failure) 13M->13M(15M) 0.034ms
[90.857s][info][gc] GC(1315) Pause Full (Allocation Failure) 13M->7M(15M) 18.718ms
[90.866s][info][gc] GC(1316) Pause Young (Allocation Failure) 11M->9M(15M) 4.025ms
[90.871s][info][gc] GC(1317) Pause Young (Allocation Failure) 13M->13M(15M) 0.035ms
[90.889s][info][gc] GC(1318) Pause Full (Allocation Failure) 13M->6M(15M) 18.166ms
[90.898s][info][gc] GC(1319) Pause Young (Allocation Failure) 11M->8M(15M) 3.988ms
[90.903s][info][gc] GC(1320) Pause Young (Allocation Failure) 13M->13M(15M) 0.036ms
[90.922s][info][gc] GC(1321) Pause Full (Allocation Failure) 13M->7M(15M) 18.620ms
[90.931s][info][gc] GC(1322) Pause Young (Allocation Failure) 11M->9M(15M) 4.140ms
[90.936s][info][gc] GC(1323) Pause Young (Allocation Failure) 13M->13M(15M) 0.039ms
[90.955s][info][gc] GC(1324) Pause Full (Allocation Failure) 13M->7M(15M) 19.184ms
[90.964s][info][gc] GC(1325) Pause Young (Allocation Failure) 11M->9M(15M) 3.969ms
[90.969s][info][gc] GC(1326) Pause Young (Allocation Failure) 13M->13M(15M) 0.034ms
[90.989s][info][gc] GC(1327) Pause Full (Allocation Failure) 13M->7M(15M) 19.149ms
[90.998s][info][gc] GC(1328) Pause Young (Allocation Failure) 11M->9M(15M) 4.167ms
[91.003s][info][gc] GC(1329) Pause Young (Allocation Failure) 13M->13M(15M) 0.038ms
[91.022s][info][gc] GC(1330) Pause Full (Allocation Failure) 13M->6M(15M) 19.406ms
[91.032s][info][gc] GC(1331) Pause Young (Allocation Failure) 11M->8M(15M) 4.123ms
[91.037s][info][gc] GC(1332) Pause Young (Allocation Failure) 13M->13M(15M) 0.035ms
[91.056s][info][gc] GC(1333) Pause Full (Allocation Failure) 13M->7M(15M) 19.568ms
[91.066s][info][gc] GC(1334) Pause Young (Allocation Failure) 11M->9M(15M) 4.411ms
[91.071s][info][gc] GC(1335) Pause Young (Allocation Failure) 13M->13M(15M) 0.035ms
[91.090s][info][gc] GC(1336) Pause Full (Allocation Failure) 13M->7M(15M) 19.293ms
[91.100s][info][gc] GC(1337) Pause Young (Allocation Failure) 11M->9M(15M) 4.456ms
[91.104s][info][gc] GC(1338) Pause Young (Allocation Failure) 13M->13M(15M) 0.034ms
[91.123s][info][gc] GC(1339) Pause Full (Allocation Failure) 13M->7M(15M) 18.962ms
[91.133s][info][gc] GC(1340) Pause Young (Allocation Failure) 11M->9M(15M) 4.243ms
[91.138s][info][gc] GC(1341) Pause Young (Allocation Failure) 14M->14M(15M) 0.035ms
[91.157s][info][gc] GC(1342) Pause Full (Allocation Failure) 14M->6M(15M) 19.238ms
[91.166s][info][gc] GC(1343) Pause Young (Allocation Failure) 11M->9M(15M) 4.225ms
[91.171s][info][gc] GC(1344) Pause Young (Allocation Failure) 13M->13M(15M) 0.036ms
[91.190s][info][gc] GC(1345) Pause Full (Allocation Failure) 13M->7M(15M) 18.497ms
[91.199s][info][gc] GC(1346) Pause Young (Allocation Failure) 11M->9M(15M) 4.003ms
[91.204s][info][gc] GC(1347) Pause Young (Allocation Failure) 13M->13M(15M) 0.036ms
[91.223s][info][gc] GC(1348) Pause Full (Allocation Failure) 13M->7M(15M) 18.899ms
[91.232s][info][gc] GC(1349) Pause Young (Allocation Failure) 11M->9M(15M) 4.053ms
[91.237s][info][gc] GC(1350) Pause Young (Allocation Failure) 13M->13M(15M) 0.035ms
[91.256s][info][gc] GC(1351) Pause Full (Allocation Failure) 13M->7M(15M) 18.504ms
[91.265s][info][gc] GC(1352) Pause Young (Allocation Failure) 11M->9M(15M) 3.966ms
[91.270s][info][gc] GC(1353) Pause Young (Allocation Failure) 13M->13M(15M) 0.035ms
[91.288s][info][gc] GC(1354) Pause Full (Allocation Failure) 13M->6M(15M) 18.886ms
[91.298s][info][gc] GC(1355) Pause Young (Allocation Failure) 11M->9M(15M) 4.112ms
[91.303s][info][gc] GC(1356) Pause Young (Allocation Failure) 13M->13M(15M) 0.035ms
[91.322s][info][gc] GC(1357) Pause Full (Allocation Failure) 13M->7M(15M) 18.954ms
[91.331s][info][gc] GC(1358) Pause Young (Allocation Failure) 11M->9M(15M) 4.044ms
[91.336s][info][gc] GC(1359) Pause Young (Allocation Failure) 13M->13M(15M) 0.039ms
[91.355s][info][gc] GC(1360) Pause Full (Allocation Failure) 13M->7M(15M) 19.233ms
[91.364s][info][gc] GC(1361) Pause Young (Allocation Failure) 11M->9M(15M) 4.212ms
[91.369s][info][gc] GC(1362) Pause Young (Allocation Failure) 13M->13M(15M) 0.035ms
[91.388s][info][gc] GC(1363) Pause Full (Allocation Failure) 13M->7M(15M) 18.969ms
[91.397s][info][gc] GC(1364) Pause Young (Allocation Failure) 11M->9M(15M) 4.039ms
[91.402s][info][gc] GC(1365) Pause Young (Allocation Failure) 13M->13M(15M) 0.034ms
[91.421s][info][gc] GC(1366) Pause Full (Allocation Failure) 13M->7M(15M) 19.036ms
[91.431s][info][gc] GC(1367) Pause Young (Allocation Failure) 11M->9M(15M) 4.111ms
[91.436s][info][gc] GC(1368) Pause Young (Allocation Failure) 13M->13M(15M) 0.034ms
[91.454s][info][gc] GC(1369) Pause Full (Allocation Failure) 13M->7M(15M) 18.768ms
[91.464s][info][gc] GC(1370) Pause Young (Allocation Failure) 11M->9M(15M) 4.319ms
[91.469s][info][gc] GC(1371) Pause Young (Allocation Failure) 13M->13M(15M) 0.045ms
[91.488s][info][gc] GC(1372) Pause Full (Allocation Failure) 13M->7M(15M) 19.072ms
[91.498s][info][gc] GC(1373) Pause Young (Allocation Failure) 11M->9M(15M) 4.712ms
[91.505s][info][gc] GC(1374) Pause Young (Allocation Failure) 13M->13M(15M) 0.047ms
[91.526s][info][gc] GC(1375) Pause Full (Allocation Failure) 13M->7M(15M) 20.601ms
[91.535s][info][gc] GC(1376) Pause Young (Allocation Failure) 11M->9M(15M) 4.458ms
[91.541s][info][gc] GC(1377) Pause Young (Allocation Failure) 14M->14M(15M) 0.052ms
[91.560s][info][gc] GC(1378) Pause Full (Allocation Failure) 14M->7M(15M) 19.050ms
[91.569s][info][gc] GC(1379) Pause Young (Allocation Failure) 11M->9M(15M) 3.915ms
[91.574s][info][gc] GC(1380) Pause Young (Allocation Failure) 13M->13M(15M) 0.032ms
[91.592s][info][gc] GC(1381) Pause Full (Allocation Failure) 13M->7M(15M) 18.518ms
[91.601s][info][gc] GC(1382) Pause Young (Allocation Failure) 11M->9M(15M) 3.979ms
[91.606s][info][gc] GC(1383) Pause Young (Allocation Failure) 13M->13M(15M) 0.033ms
[91.625s][info][gc] GC(1384) Pause Full (Allocation Failure) 13M->7M(15M) 18.234ms
[91.634s][info][gc] GC(1385) Pause Young (Allocation Failure) 11M->9M(15M) 3.868ms
[91.639s][info][gc] GC(1386) Pause Young (Allocation Failure) 13M->13M(15M) 0.032ms
[91.657s][info][gc] GC(1387) Pause Full (Allocation Failure) 13M->7M(15M) 18.775ms
[91.667s][info][gc] GC(1388) Pause Young (Allocation Failure) 11M->9M(15M) 4.205ms
[91.672s][info][gc] GC(1389) Pause Young (Allocation Failure) 13M->13M(15M) 0.034ms
[91.690s][info][gc] GC(1390) Pause Full (Allocation Failure) 13M->6M(15M) 18.138ms
[91.699s][info][gc] GC(1391) Pause Young (Allocation Failure) 11M->8M(15M) 3.912ms
[91.704s][info][gc] GC(1392) Pause Young (Allocation Failure) 13M->13M(15M) 0.033ms
[91.722s][info][gc] GC(1393) Pause Full (Allocation Failure) 13M->7M(15M) 18.719ms
[91.732s][info][gc] GC(1394) Pause Young (Allocation Failure) 11M->9M(15M) 4.083ms
[91.736s][info][gc] GC(1395) Pause Young (Allocation Failure) 13M->13M(15M) 0.034ms
[91.755s][info][gc] GC(1396) Pause Full (Allocation Failure) 13M->7M(15M) 18.728ms
[91.765s][info][gc] GC(1397) Pause Young (Allocation Failure) 11M->9M(15M) 4.102ms
[91.769s][info][gc] GC(1398) Pause Young (Allocation Failure) 13M->13M(15M) 0.036ms
[91.788s][info][gc] GC(1399) Pause Full (Allocation Failure) 13M->7M(15M) 18.979ms
[91.798s][info][gc] GC(1400) Pause Young (Allocation Failure) 11M->9M(15M) 4.108ms
[91.803s][info][gc] GC(1401) Pause Young (Allocation Failure) 13M->13M(15M) 0.034ms
[91.822s][info][gc] GC(1402) Pause Full (Allocation Failure) 13M->7M(15M) 18.803ms
[91.831s][info][gc] GC(1403) Pause Young (Allocation Failure) 11M->9M(15M) 3.938ms
[91.836s][info][gc] GC(1404) Pause Young (Allocation Failure) 13M->13M(15M) 0.046ms
[91.855s][info][gc] GC(1405) Pause Full (Allocation Failure) 13M->7M(15M) 19.349ms
[91.864s][info][gc] GC(1406) Pause Young (Allocation Failure) 11M->9M(15M) 4.121ms
[91.869s][info][gc] GC(1407) Pause Young (Allocation Failure) 13M->13M(15M) 0.035ms
[91.888s][info][gc] GC(1408) Pause Full (Allocation Failure) 13M->7M(15M) 19.264ms
[91.898s][info][gc] GC(1409) Pause Young (Allocation Failure) 11M->9M(15M) 3.978ms
[91.902s][info][gc] GC(1410) Pause Young (Allocation Failure) 13M->13M(15M) 0.038ms
[91.922s][info][gc] GC(1411) Pause Full (Allocation Failure) 13M->7M(15M) 19.457ms
[91.931s][info][gc] GC(1412) Pause Young (Allocation Failure) 11M->9M(15M) 4.278ms
[91.936s][info][gc] GC(1413) Pause Young (Allocation Failure) 14M->14M(15M) 0.034ms
[91.955s][info][gc] GC(1414) Pause Full (Allocation Failure) 14M->7M(15M) 18.949ms
[91.964s][info][gc] GC(1415) Pause Young (Allocation Failure) 11M->9M(15M) 4.012ms
[91.969s][info][gc] GC(1416) Pause Young (Allocation Failure) 13M->13M(15M) 0.035ms
[91.989s][info][gc] GC(1417) Pause Full (Allocation Failure) 13M->7M(15M) 19.228ms
[91.998s][info][gc] GC(1418) Pause Young (Allocation Failure) 11M->9M(15M) 4.155ms
[92.003s][info][gc] GC(1419) Pause Young (Allocation Failure) 13M->13M(15M) 0.034ms
[92.022s][info][gc] GC(1420) Pause Full (Allocation Failure) 13M->7M(15M) 19.130ms
[92.031s][info][gc] GC(1421) Pause Young (Allocation Failure) 11M->9M(15M) 4.049ms
[92.036s][info][gc] GC(1422) Pause Young (Allocation Failure) 13M->13M(15M) 0.035ms
[92.055s][info][gc] GC(1423) Pause Full (Allocation Failure) 13M->7M(15M) 19.001ms
[92.065s][info][gc] GC(1424) Pause Young (Allocation Failure) 11M->9M(15M) 4.200ms
[92.069s][info][gc] GC(1425) Pause Young (Allocation Failure) 14M->14M(15M) 0.034ms
[92.088s][info][gc] GC(1426) Pause Full (Allocation Failure) 14M->7M(15M) 18.979ms
[92.097s][info][gc] GC(1427) Pause Young (Allocation Failure) 11M->9M(15M) 3.939ms
[92.102s][info][gc] GC(1428) Pause Young (Allocation Failure) 13M->13M(15M) 0.035ms
[92.121s][info][gc] GC(1429) Pause Full (Allocation Failure) 13M->7M(15M) 19.012ms
[92.131s][info][gc] GC(1430) Pause Young (Allocation Failure) 11M->9M(15M) 4.061ms
[92.136s][info][gc] GC(1431) Pause Young (Allocation Failure) 13M->13M(15M) 0.035ms
[92.155s][info][gc] GC(1432) Pause Full (Allocation Failure) 13M->7M(15M) 19.292ms
[92.164s][info][gc] GC(1433) Pause Young (Allocation Failure) 11M->9M(15M) 3.981ms
[92.169s][info][gc] GC(1434) Pause Young (Allocation Failure) 13M->13M(15M) 0.042ms
[92.189s][info][gc] GC(1435) Pause Full (Allocation Failure) 13M->7M(15M) 19.689ms
[92.198s][info][gc] GC(1436) Pause Young (Allocation Failure) 11M->9M(15M) 4.239ms
[92.204s][info][gc] GC(1437) Pause Young (Allocation Failure) 14M->14M(15M) 0.034ms
[92.223s][info][gc] GC(1438) Pause Full (Allocation Failure) 14M->7M(15M) 19.114ms
[92.232s][info][gc] GC(1439) Pause Young (Allocation Failure) 11M->9M(15M) 4.034ms
[92.237s][info][gc] GC(1440) Pause Young (Allocation Failure) 13M->13M(15M) 0.034ms
[92.256s][info][gc] GC(1441) Pause Full (Allocation Failure) 13M->7M(15M) 19.349ms
[92.265s][info][gc] GC(1442) Pause Young (Allocation Failure) 11M->9M(15M) 4.053ms
[92.270s][info][gc] GC(1443) Pause Young (Allocation Failure) 13M->13M(15M) 0.034ms
[92.289s][info][gc] GC(1444) Pause Full (Allocation Failure) 13M->7M(15M) 18.716ms
[92.298s][info][gc] GC(1445) Pause Young (Allocation Failure) 11M->9M(15M) 3.961ms
[92.303s][info][gc] GC(1446) Pause Young (Allocation Failure) 13M->13M(15M) 0.034ms
[92.322s][info][gc] GC(1447) Pause Full (Allocation Failure) 13M->7M(15M) 19.003ms
[92.331s][info][gc] GC(1448) Pause Young (Allocation Failure) 11M->9M(15M) 4.127ms
[92.336s][info][gc] GC(1449) Pause Young (Allocation Failure) 14M->14M(15M) 0.035ms
[92.355s][info][gc] GC(1450) Pause Full (Allocation Failure) 14M->7M(15M) 18.813ms
[92.364s][info][gc] GC(1451) Pause Young (Allocation Failure) 11M->9M(15M) 4.026ms
[92.369s][info][gc] GC(1452) Pause Young (Allocation Failure) 13M->13M(15M) 0.034ms
[92.388s][info][gc] GC(1453) Pause Full (Allocation Failure) 13M->7M(15M) 19.088ms
[92.397s][info][gc] GC(1454) Pause Young (Allocation Failure) 11M->9M(15M) 4.215ms
[92.402s][info][gc] GC(1455) Pause Young (Allocation Failure) 13M->13M(15M) 0.035ms
[92.421s][info][gc] GC(1456) Pause Full (Allocation Failure) 13M->7M(15M) 18.812ms
[92.430s][info][gc] GC(1457) Pause Young (Allocation Failure) 11M->9M(15M) 4.045ms
[92.435s][info][gc] GC(1458) Pause Young (Allocation Failure) 13M->13M(15M) 0.035ms
[92.454s][info][gc] GC(1459) Pause Full (Allocation Failure) 13M->7M(15M) 19.178ms
[92.464s][info][gc] GC(1460) Pause Young (Allocation Failure) 11M->9M(15M) 4.280ms
[92.469s][info][gc] GC(1461) Pause Young (Allocation Failure) 13M->13M(15M) 0.037ms
[92.488s][info][gc] GC(1462) Pause Full (Allocation Failure) 13M->6M(15M) 18.715ms
[92.498s][info][gc] GC(1463) Pause Young (Allocation Failure) 11M->8M(15M) 4.486ms
[92.503s][info][gc] GC(1464) Pause Young (Allocation Failure) 13M->13M(15M) 0.041ms
[92.523s][info][gc] GC(1465) Pause Full (Allocation Failure) 13M->7M(15M) 19.600ms
[92.532s][info][gc] GC(1466) Pause Young (Allocation Failure) 11M->9M(15M) 4.043ms
[92.537s][info][gc] GC(1467) Pause Young (Allocation Failure) 13M->13M(15M) 0.064ms
[92.557s][info][gc] GC(1468) Pause Full (Allocation Failure) 13M->7M(15M) 19.392ms
[92.562s][info][gc] GC(1469) Pause Young (Allocation Failure) 12M->12M(15M) 0.046ms
[92.579s][info][gc] GC(1470) Pause Full (Allocation Failure) 12M->6M(15M) 17.065ms
[92.588s][info][gc] GC(1471) Pause Young (Allocation Failure) 11M->8M(15M) 3.620ms
[92.593s][info][gc] GC(1472) Pause Young (Allocation Failure) 13M->13M(15M) 0.032ms
[92.612s][info][gc] GC(1473) Pause Full (Allocation Failure) 13M->7M(15M) 18.674ms
[92.621s][info][gc] GC(1474) Pause Young (Allocation Failure) 11M->9M(15M) 3.911ms
[92.625s][info][gc] GC(1475) Pause Young (Allocation Failure) 13M->13M(15M) 0.034ms
[92.645s][info][gc] GC(1476) Pause Full (Allocation Failure) 13M->7M(15M) 19.242ms
[92.655s][info][gc] GC(1477) Pause Young (Allocation Failure) 11M->9M(15M) 4.259ms
[92.660s][info][gc] GC(1478) Pause Young (Allocation Failure) 13M->13M(15M) 0.037ms
[92.679s][info][gc] GC(1479) Pause Full (Allocation Failure) 13M->7M(15M) 19.622ms
[92.689s][info][gc] GC(1480) Pause Young (Allocation Failure) 11M->9M(15M) 4.175ms
[92.694s][info][gc] GC(1481) Pause Young (Allocation Failure) 14M->14M(15M) 0.034ms
[92.713s][info][gc] GC(1482) Pause Full (Allocation Failure) 14M->7M(15M) 19.245ms
[92.719s][info][gc] GC(1483) Pause Young (Allocation Failure) 12M->12M(15M) 0.037ms
[92.736s][info][gc] GC(1484) Pause Full (Allocation Failure) 12M->6M(15M) 17.351ms
[92.745s][info][gc] GC(1485) Pause Young (Allocation Failure) 10M->8M(15M) 3.669ms
[92.750s][info][gc] GC(1486) Pause Young (Allocation Failure) 12M->12M(15M) 0.034ms
[92.769s][info][gc] GC(1487) Pause Full (Allocation Failure) 12M->7M(15M) 19.271ms
[92.774s][info][gc] GC(1488) Pause Young (Allocation Failure) 12M->12M(15M) 0.040ms
[92.792s][info][gc] GC(1489) Pause Full (Allocation Failure) 12M->7M(15M) 17.821ms
[92.801s][info][gc] GC(1490) Pause Young (Allocation Failure) 11M->9M(15M) 3.705ms
[92.806s][info][gc] GC(1491) Pause Young (Allocation Failure) 13M->13M(15M) 0.041ms
[92.825s][info][gc] GC(1492) Pause Full (Allocation Failure) 13M->7M(15M) 19.464ms
[92.835s][info][gc] GC(1493) Pause Young (Allocation Failure) 12M->9M(15M) 4.160ms
[92.840s][info][gc] GC(1494) Pause Young (Allocation Failure) 14M->14M(15M) 0.036ms
[92.860s][info][gc] GC(1495) Pause Full (Allocation Failure) 14M->7M(15M) 19.629ms
[92.870s][info][gc] GC(1496) Pause Young (Allocation Failure) 11M->9M(15M) 4.074ms
[92.875s][info][gc] GC(1497) Pause Young (Allocation Failure) 13M->13M(15M) 0.034ms
[92.894s][info][gc] GC(1498) Pause Full (Allocation Failure) 13M->7M(15M) 19.224ms
[92.899s][info][gc] GC(1499) Pause Young (Allocation Failure) 12M->12M(15M) 0.038ms
[92.917s][info][gc] GC(1500) Pause Full (Allocation Failure) 12M->7M(15M) 17.358ms
[92.926s][info][gc] GC(1501) Pause Young (Allocation Failure) 11M->9M(15M) 3.747ms
[92.930s][info][gc] GC(1502) Pause Young (Allocation Failure) 13M->13M(15M) 0.034ms
[92.950s][info][gc] GC(1503) Pause Full (Allocation Failure) 13M->7M(15M) 19.076ms
[92.955s][info][gc] GC(1504) Pause Young (Allocation Failure) 12M->12M(15M) 0.038ms
[92.972s][info][gc] GC(1505) Pause Full (Allocation Failure) 12M->6M(15M) 17.417ms
[92.981s][info][gc] GC(1506) Pause Young (Allocation Failure) 10M->8M(15M) 3.866ms
[92.986s][info][gc] GC(1507) Pause Young (Allocation Failure) 13M->13M(15M) 0.034ms
[93.005s][info][gc] GC(1508) Pause Full (Allocation Failure) 13M->7M(15M) 19.188ms
[93.010s][info][gc] GC(1509) Pause Young (Allocation Failure) 12M->12M(15M) 0.038ms
[93.028s][info][gc] GC(1510) Pause Full (Allocation Failure) 12M->7M(15M) 17.370ms
[93.036s][info][gc] GC(1511) Pause Young (Allocation Failure) 11M->9M(15M) 3.670ms
[93.041s][info][gc] GC(1512) Pause Young (Allocation Failure) 13M->13M(15M) 0.034ms
[93.061s][info][gc] GC(1513) Pause Full (Allocation Failure) 13M->7M(15M) 19.335ms
[93.066s][info][gc] GC(1514) Pause Young (Allocation Failure) 12M->12M(15M) 0.037ms
[93.084s][info][gc] GC(1515) Pause Full (Allocation Failure) 12M->6M(15M) 17.565ms
[93.093s][info][gc] GC(1516) Pause Young (Allocation Failure) 10M->8M(15M) 3.807ms
[93.097s][info][gc] GC(1517) Pause Young (Allocation Failure) 12M->12M(15M) 0.036ms
[93.117s][info][gc] GC(1518) Pause Full (Allocation Failure) 12M->7M(15M) 19.174ms
[93.122s][info][gc] GC(1519) Pause Young (Allocation Failure) 12M->12M(15M) 0.041ms
[93.140s][info][gc] GC(1520) Pause Full (Allocation Failure) 12M->7M(15M) 17.711ms
[93.148s][info][gc] GC(1521) Pause Young (Allocation Failure) 11M->9M(15M) 3.834ms
[93.154s][info][gc] GC(1522) Pause Young (Allocation Failure) 13M->13M(15M) 0.039ms
[93.173s][info][gc] GC(1523) Pause Full (Allocation Failure) 13M->7M(15M) 19.636ms
[93.179s][info][gc] GC(1524) Pause Young (Allocation Failure) 11M->11M(15M) 0.040ms
[93.196s][info][gc] GC(1525) Pause Full (Allocation Failure) 11M->6M(15M) 17.521ms
[93.206s][info][gc] GC(1526) Pause Young (Allocation Failure) 10M->8M(15M) 3.900ms
[93.211s][info][gc] GC(1527) Pause Young (Allocation Failure) 12M->12M(15M) 0.035ms
[93.230s][info][gc] GC(1528) Pause Full (Allocation Failure) 12M->7M(15M) 19.060ms
[93.236s][info][gc] GC(1529) Pause Young (Allocation Failure) 11M->11M(15M) 0.041ms
[93.253s][info][gc] GC(1530) Pause Full (Allocation Failure) 11M->7M(15M) 17.537ms
[93.262s][info][gc] GC(1531) Pause Young (Allocation Failure) 11M->9M(15M) 3.832ms
[93.267s][info][gc] GC(1532) Pause Young (Allocation Failure) 13M->13M(15M) 0.034ms
[93.286s][info][gc] GC(1533) Pause Full (Allocation Failure) 13M->7M(15M) 19.212ms
[93.292s][info][gc] GC(1534) Pause Young (Allocation Failure) 12M->12M(15M) 0.037ms
[93.309s][info][gc] GC(1535) Pause Full (Allocation Failure) 12M->6M(15M) 17.505ms
[93.318s][info][gc] GC(1536) Pause Young (Allocation Failure) 10M->8M(15M) 3.698ms
[93.323s][info][gc] GC(1537) Pause Young (Allocation Failure) 12M->12M(15M) 0.034ms
[93.342s][info][gc] GC(1538) Pause Full (Allocation Failure) 12M->7M(15M) 19.090ms
[93.347s][info][gc] GC(1539) Pause Young (Allocation Failure) 12M->12M(15M) 0.039ms
[93.365s][info][gc] GC(1540) Pause Full (Allocation Failure) 12M->7M(15M) 17.614ms
[93.374s][info][gc] GC(1541) Pause Young (Allocation Failure) 11M->9M(15M) 3.948ms
[93.379s][info][gc] GC(1542) Pause Young (Allocation Failure) 13M->13M(15M) 0.034ms
[93.398s][info][gc] GC(1543) Pause Full (Allocation Failure) 13M->7M(15M) 18.961ms
[93.403s][info][gc] GC(1544) Pause Young (Allocation Failure) 11M->11M(15M) 0.040ms
[93.420s][info][gc] GC(1545) Pause Full (Allocation Failure) 11M->6M(15M) 17.546ms
[93.429s][info][gc] GC(1546) Pause Young (Allocation Failure) 10M->8M(15M) 3.763ms
[93.434s][info][gc] GC(1547) Pause Young (Allocation Failure) 12M->12M(15M) 0.033ms
[93.453s][info][gc] GC(1548) Pause Full (Allocation Failure) 12M->7M(15M) 18.607ms
[93.462s][info][gc] GC(1549) Pause Young (Allocation Failure) 11M->9M(15M) 4.104ms
[93.467s][info][gc] GC(1550) Pause Young (Allocation Failure) 13M->13M(15M) 0.048ms
[93.487s][info][gc] GC(1551) Pause Full (Allocation Failure) 13M->7M(15M) 19.401ms
[93.492s][info][gc] GC(1552) Pause Young (Allocation Failure) 11M->11M(15M) 0.045ms
[93.511s][info][gc] GC(1553) Pause Full (Allocation Failure) 11M->7M(15M) 19.096ms
[93.523s][info][gc] GC(1554) Pause Young (Allocation Failure) 11M->9M(15M) 4.287ms
[93.529s][info][gc] GC(1555) Pause Young (Allocation Failure) 13M->13M(15M) 0.045ms
[93.549s][info][gc] GC(1556) Pause Full (Allocation Failure) 13M->7M(15M) 20.678ms
[93.560s][info][gc] GC(1557) Pause Young (Allocation Failure) 11M->9M(15M) 3.974ms
[93.565s][info][gc] GC(1558) Pause Young (Allocation Failure) 13M->13M(15M) 0.033ms
[93.584s][info][gc] GC(1559) Pause Full (Allocation Failure) 13M->7M(15M) 18.984ms
[93.589s][info][gc] GC(1560) Pause Young (Allocation Failure) 12M->12M(15M) 0.037ms
[93.607s][info][gc] GC(1561) Pause Full (Allocation Failure) 12M->7M(15M) 17.427ms
[93.616s][info][gc] GC(1562) Pause Young (Allocation Failure) 11M->9M(15M) 3.819ms
[93.620s][info][gc] GC(1563) Pause Young (Allocation Failure) 13M->13M(15M) 0.032ms
[93.640s][info][gc] GC(1564) Pause Full (Allocation Failure) 13M->7M(15M) 19.335ms
[93.645s][info][gc] GC(1565) Pause Young (Allocation Failure) 12M->12M(15M) 0.041ms
[93.663s][info][gc] GC(1566) Pause Full (Allocation Failure) 12M->6M(15M) 17.816ms
[93.672s][info][gc] GC(1567) Pause Young (Allocation Failure) 10M->8M(15M) 3.865ms
[93.677s][info][gc] GC(1568) Pause Young (Allocation Failure) 12M->12M(15M) 0.037ms
[93.697s][info][gc] GC(1569) Pause Full (Allocation Failure) 12M->7M(15M) 19.604ms
[93.702s][info][gc] GC(1570) Pause Young (Allocation Failure) 12M->12M(15M) 0.042ms
[93.720s][info][gc] GC(1571) Pause Full (Allocation Failure) 12M->7M(15M) 17.870ms
[93.729s][info][gc] GC(1572) Pause Young (Allocation Failure) 11M->9M(15M) 3.706ms
[93.734s][info][gc] GC(1573) Pause Young (Allocation Failure) 13M->13M(15M) 0.035ms
[93.753s][info][gc] GC(1574) Pause Full (Allocation Failure) 13M->7M(15M) 19.436ms
[93.758s][info][gc] GC(1575) Pause Young (Allocation Failure) 12M->12M(15M) 0.038ms
[93.776s][info][gc] GC(1576) Pause Full (Allocation Failure) 12M->6M(15M) 17.795ms
[93.785s][info][gc] GC(1577) Pause Young (Allocation Failure) 11M->8M(15M) 3.977ms
[93.790s][info][gc] GC(1578) Pause Young (Allocation Failure) 13M->13M(15M) 0.034ms
[93.810s][info][gc] GC(1579) Pause Full (Allocation Failure) 13M->7M(15M) 19.429ms
[93.815s][info][gc] GC(1580) Pause Young (Allocation Failure) 11M->11M(15M) 0.037ms
[93.832s][info][gc] GC(1581) Pause Full (Allocation Failure) 11M->7M(15M) 17.441ms
[93.841s][info][gc] GC(1582) Pause Young (Allocation Failure) 11M->9M(15M) 3.872ms
[93.846s][info][gc] GC(1583) Pause Young (Allocation Failure) 13M->13M(15M) 0.035ms
[93.865s][info][gc] GC(1584) Pause Full (Allocation Failure) 13M->7M(15M) 18.827ms
[93.870s][info][gc] GC(1585) Pause Young (Allocation Failure) 11M->11M(15M) 0.038ms
[93.888s][info][gc] GC(1586) Pause Full (Allocation Failure) 11M->6M(15M) 17.900ms
[93.897s][info][gc] GC(1587) Pause Young (Allocation Failure) 10M->8M(15M) 3.706ms
[93.902s][info][gc] GC(1588) Pause Young (Allocation Failure) 13M->13M(15M) 0.035ms
[93.922s][info][gc] GC(1589) Pause Full (Allocation Failure) 13M->7M(15M) 20.073ms
[93.927s][info][gc] GC(1590) Pause Young (Allocation Failure) 12M->12M(15M) 0.040ms
[93.946s][info][gc] GC(1591) Pause Full (Allocation Failure) 12M->7M(15M) 18.462ms
[93.955s][info][gc] GC(1592) Pause Young (Allocation Failure) 11M->9M(15M) 3.843ms
[93.959s][info][gc] GC(1593) Pause Young (Allocation Failure) 13M->13M(15M) 0.037ms
[93.979s][info][gc] GC(1594) Pause Full (Allocation Failure) 13M->7M(15M) 19.865ms
[93.984s][info][gc] GC(1595) Pause Young (Allocation Failure) 12M->12M(15M) 0.039ms
[94.002s][info][gc] GC(1596) Pause Full (Allocation Failure) 12M->6M(15M) 17.796ms
[94.011s][info][gc] GC(1597) Pause Young (Allocation Failure) 10M->8M(15M) 3.913ms
[94.016s][info][gc] GC(1598) Pause Young (Allocation Failure) 13M->13M(15M) 0.034ms
[94.036s][info][gc] GC(1599) Pause Full (Allocation Failure) 13M->7M(15M) 19.437ms
[94.041s][info][gc] GC(1600) Pause Young (Allocation Failure) 12M->12M(15M) 0.040ms
[94.059s][info][gc] GC(1601) Pause Full (Allocation Failure) 12M->7M(15M) 18.011ms
[94.068s][info][gc] GC(1602) Pause Young (Allocation Failure) 11M->9M(15M) 3.884ms
[94.073s][info][gc] GC(1603) Pause Young (Allocation Failure) 13M->13M(15M) 0.038ms
[94.092s][info][gc] GC(1604) Pause Full (Allocation Failure) 13M->7M(15M) 19.418ms
[94.098s][info][gc] GC(1605) Pause Young (Allocation Failure) 12M->12M(15M) 0.039ms
[94.115s][info][gc] GC(1606) Pause Full (Allocation Failure) 12M->6M(15M) 17.506ms
[94.124s][info][gc] GC(1607) Pause Young (Allocation Failure) 10M->8M(15M) 3.697ms
[94.130s][info][gc] GC(1608) Pause Young (Allocation Failure) 12M->12M(15M) 0.034ms
[94.149s][info][gc] GC(1609) Pause Full (Allocation Failure) 12M->7M(15M) 19.498ms
[94.154s][info][gc] GC(1610) Pause Young (Allocation Failure) 12M->12M(15M) 0.037ms
[94.172s][info][gc] GC(1611) Pause Full (Allocation Failure) 12M->7M(15M) 17.860ms
[94.181s][info][gc] GC(1612) Pause Young (Allocation Failure) 11M->9M(15M) 3.836ms
[94.186s][info][gc] GC(1613) Pause Young (Allocation Failure) 13M->13M(15M) 0.035ms
[94.206s][info][gc] GC(1614) Pause Full (Allocation Failure) 13M->7M(15M) 19.347ms
[94.211s][info][gc] GC(1615) Pause Young (Allocation Failure) 12M->12M(15M) 0.038ms
[94.229s][info][gc] GC(1616) Pause Full (Allocation Failure) 12M->6M(15M) 18.013ms
[94.238s][info][gc] GC(1617) Pause Young (Allocation Failure) 11M->8M(15M) 3.975ms
[94.243s][info][gc] GC(1618) Pause Young (Allocation Failure) 13M->13M(15M) 0.033ms
[94.262s][info][gc] GC(1619) Pause Full (Allocation Failure) 13M->7M(15M) 19.246ms
[94.268s][info][gc] GC(1620) Pause Young (Allocation Failure) 12M->12M(15M) 0.037ms
[94.285s][info][gc] GC(1621) Pause Full (Allocation Failure) 12M->7M(15M) 17.650ms
[94.294s][info][gc] GC(1622) Pause Young (Allocation Failure) 11M->9M(15M) 3.879ms
[94.299s][info][gc] GC(1623) Pause Young (Allocation Failure) 13M->13M(15M) 0.035ms
[94.318s][info][gc] GC(1624) Pause Full (Allocation Failure) 13M->7M(15M) 18.917ms
[94.323s][info][gc] GC(1625) Pause Young (Allocation Failure) 11M->11M(15M) 0.037ms
[94.341s][info][gc] GC(1626) Pause Full (Allocation Failure) 11M->6M(15M) 17.627ms
[94.350s][info][gc] GC(1627) Pause Young (Allocation Failure) 10M->8M(15M) 3.726ms
[94.355s][info][gc] GC(1628) Pause Young (Allocation Failure) 13M->13M(15M) 0.044ms
[94.374s][info][gc] GC(1629) Pause Full (Allocation Failure) 13M->7M(15M) 19.614ms
[94.380s][info][gc] GC(1630) Pause Young (Allocation Failure) 12M->12M(15M) 0.037ms
[94.397s][info][gc] GC(1631) Pause Full (Allocation Failure) 12M->7M(15M) 17.717ms
[94.406s][info][gc] GC(1632) Pause Young (Allocation Failure) 11M->9M(15M) 3.695ms
[94.411s][info][gc] GC(1633) Pause Young (Allocation Failure) 13M->13M(15M) 0.034ms
[94.430s][info][gc] GC(1634) Pause Full (Allocation Failure) 13M->7M(15M) 19.322ms
[94.436s][info][gc] GC(1635) Pause Young (Allocation Failure) 12M->12M(15M) 0.038ms
[94.453s][info][gc] GC(1636) Pause Full (Allocation Failure) 12M->6M(15M) 17.706ms
[94.462s][info][gc] GC(1637) Pause Young (Allocation Failure) 11M->8M(15M) 3.999ms
[94.468s][info][gc] GC(1638) Pause Young (Allocation Failure) 13M->13M(15M) 0.040ms
[94.488s][info][gc] GC(1639) Pause Full (Allocation Failure) 13M->7M(15M) 20.045ms
[94.493s][info][gc] GC(1640) Pause Young (Allocation Failure) 12M->12M(15M) 0.054ms
[94.512s][info][gc] GC(1641) Pause Full (Allocation Failure) 12M->7M(15M) 18.902ms
[94.521s][info][gc] GC(1642) Pause Young (Allocation Failure) 11M->9M(15M) 3.832ms
[94.526s][info][gc] GC(1643) Pause Young (Allocation Failure) 13M->13M(15M) 0.033ms
[94.546s][info][gc] GC(1644) Pause Full (Allocation Failure) 13M->7M(15M) 19.885ms
[94.552s][info][gc] GC(1645) Pause Young (Allocation Failure) 12M->12M(15M) 0.044ms
[94.570s][info][gc] GC(1646) Pause Full (Allocation Failure) 12M->6M(15M) 17.461ms
[94.579s][info][gc] GC(1647) Pause Young (Allocation Failure) 10M->8M(15M) 3.724ms
[94.584s][info][gc] GC(1648) Pause Young (Allocation Failure) 13M->13M(15M) 0.035ms
[94.603s][info][gc] GC(1649) Pause Full (Allocation Failure) 13M->7M(15M) 19.072ms
[94.609s][info][gc] GC(1650) Pause Young (Allocation Failure) 12M->12M(15M) 0.040ms
[94.626s][info][gc] GC(1651) Pause Full (Allocation Failure) 12M->7M(15M) 17.876ms
[94.636s][info][gc] GC(1652) Pause Young (Allocation Failure) 11M->9M(15M) 3.805ms
[94.641s][info][gc] GC(1653) Pause Young (Allocation Failure) 13M->13M(15M) 0.035ms
[94.660s][info][gc] GC(1654) Pause Full (Allocation Failure) 13M->7M(15M) 19.024ms
[94.665s][info][gc] GC(1655) Pause Young (Allocation Failure) 11M->11M(15M) 0.040ms
[94.683s][info][gc] GC(1656) Pause Full (Allocation Failure) 11M->6M(15M) 17.882ms
[94.692s][info][gc] GC(1657) Pause Young (Allocation Failure) 11M->8M(15M) 3.758ms
[94.697s][info][gc] GC(1658) Pause Young (Allocation Failure) 13M->13M(15M) 0.034ms
[94.717s][info][gc] GC(1659) Pause Full (Allocation Failure) 13M->7M(15M) 19.670ms
[94.722s][info][gc] GC(1660) Pause Young (Allocation Failure) 12M->12M(15M) 0.038ms
[94.740s][info][gc] GC(1661) Pause Full (Allocation Failure) 12M->7M(15M) 18.005ms
[94.749s][info][gc] GC(1662) Pause Young (Allocation Failure) 11M->9M(15M) 3.762ms
[94.754s][info][gc] GC(1663) Pause Young (Allocation Failure) 13M->13M(15M) 0.037ms
[94.773s][info][gc] GC(1664) Pause Full (Allocation Failure) 13M->7M(15M) 19.449ms
[94.779s][info][gc] GC(1665) Pause Young (Allocation Failure) 12M->12M(15M) 0.041ms
[94.797s][info][gc] GC(1666) Pause Full (Allocation Failure) 12M->6M(15M) 17.872ms
[94.806s][info][gc] GC(1667) Pause Young (Allocation Failure) 11M->8M(15M) 3.931ms
[94.811s][info][gc] GC(1668) Pause Young (Allocation Failure) 13M->13M(15M) 0.037ms
[94.831s][info][gc] GC(1669) Pause Full (Allocation Failure) 13M->7M(15M) 19.371ms
[94.836s][info][gc] GC(1670) Pause Young (Allocation Failure) 12M->12M(15M) 0.041ms
[94.854s][info][gc] GC(1671) Pause Full (Allocation Failure) 12M->7M(15M) 18.088ms
[94.863s][info][gc] GC(1672) Pause Young (Allocation Failure) 11M->9M(15M) 3.837ms
[94.869s][info][gc] GC(1673) Pause Young (Allocation Failure) 13M->13M(15M) 0.036ms
[94.888s][info][gc] GC(1674) Pause Full (Allocation Failure) 13M->7M(15M) 18.926ms
[94.893s][info][gc] GC(1675) Pause Young (Allocation Failure) 11M->11M(15M) 0.038ms
[94.911s][info][gc] GC(1676) Pause Full (Allocation Failure) 11M->6M(15M) 17.825ms
[94.919s][info][gc] GC(1677) Pause Young (Allocation Failure) 11M->8M(15M) 3.703ms
[94.924s][info][gc] GC(1678) Pause Young (Allocation Failure) 13M->13M(15M) 0.035ms
[94.944s][info][gc] GC(1679) Pause Full (Allocation Failure) 13M->7M(15M) 19.476ms
[94.949s][info][gc] GC(1680) Pause Young (Allocation Failure) 12M->12M(15M) 0.038ms
[94.967s][info][gc] GC(1681) Pause Full (Allocation Failure) 12M->7M(15M) 17.757ms
[94.976s][info][gc] GC(1682) Pause Young (Allocation Failure) 11M->9M(15M) 3.870ms
[94.981s][info][gc] GC(1683) Pause Young (Allocation Failure) 13M->13M(15M) 0.043ms
[95.000s][info][gc] GC(1684) Pause Full (Allocation Failure) 13M->7M(15M) 19.575ms
[95.005s][info][gc] GC(1685) Pause Young (Allocation Failure) 12M->12M(15M) 0.038ms
[95.023s][info][gc] GC(1686) Pause Full (Allocation Failure) 12M->6M(15M) 17.710ms
[95.032s][info][gc] GC(1687) Pause Young (Allocation Failure) 11M->8M(15M) 3.759ms
[95.037s][info][gc] GC(1688) Pause Young (Allocation Failure) 13M->13M(15M) 0.039ms
[95.057s][info][gc] GC(1689) Pause Full (Allocation Failure) 13M->7M(15M) 19.948ms
[95.062s][info][gc] GC(1690) Pause Young (Allocation Failure) 11M->11M(15M) 0.039ms
[95.082s][info][gc] GC(1691) Pause Full (Allocation Failure) 11M->7M(15M) 19.776ms
[95.092s][info][gc] GC(1692) Pause Young (Allocation Failure) 11M->9M(15M) 4.278ms
[95.097s][info][gc] GC(1693) Pause Young (Allocation Failure) 13M->13M(15M) 0.039ms
[95.118s][info][gc] GC(1694) Pause Full (Allocation Failure) 13M->7M(15M) 20.910ms
[97.490s][info][gc] GC(1695) Pause Young (Allocation Failure) 12M->12M(15M) 0.086ms
[97.520s][info][gc] GC(1696) Pause Full (Allocation Failure) 12M->6M(15M) 29.864ms
