[0.047s][info][gc] Using Parallel
[25.856s][info][gc] GC(0) Pause Young (Allocation Failure) 6M->2M(23M) 19.003ms
[49.297s][info][gc] GC(1) Pause Young (Allocation Failure) 8M->3M(23M) 22.133ms
[103.357s][info][gc] GC(2) Pause Young (Allocation Failure) 9M->3M(23M) 2.047ms
[150.427s][info][gc] GC(3) Pause Young (Allocation Failure) 9M->4M(23M) 3.726ms
[209.310s][info][gc] GC(4) Pause Young (Allocation Failure) 10M->4M(23M) 3.245ms
[268.492s][info][gc] GC(5) Pause Young (Allocation Failure) 10M->4M(20M) 1.772ms
[302.529s][info][gc] GC(6) Pause Young (Allocation Failure) 7M->4M(21M) 3.756ms
[329.557s][info][gc] GC(7) Pause Young (Allocation Failure) 7M->4M(21M) 0.669ms
[357.578s][info][gc] GC(8) Pause Young (Allocation Failure) 7M->4M(21M) 0.628ms
[385.594s][info][gc] GC(9) Pause Young (Allocation Failure) 7M->4M(21M) 0.329ms
[413.612s][info][gc] GC(10) Pause Young (Allocation Failure) 7M->4M(21M) 0.491ms
[446.639s][info][gc] GC(11) Pause Young (Allocation Failure) 7M->4M(21M) 0.462ms
[479.671s][info][gc] GC(12) Pause Young (Allocation Failure) 7M->4M(21M) 0.512ms
[511.694s][info][gc] GC(13) Pause Young (Allocation Failure) 7M->4M(21M) 0.601ms
[542.720s][info][gc] GC(14) Pause Young (Allocation Failure) 7M->4M(21M) 0.298ms
[575.745s][info][gc] GC(15) Pause Young (Allocation Failure) 7M->4M(21M) 0.540ms
[606.765s][info][gc] GC(16) Pause Young (Allocation Failure) 7M->4M(21M) 0.518ms
[634.780s][info][gc] GC(17) Pause Young (Allocation Failure) 7M->4M(22M) 0.482ms
[667.799s][info][gc] GC(18) Pause Young (Allocation Failure) 7M->4M(21M) 0.533ms
[701.815s][info][gc] GC(19) Pause Young (Allocation Failure) 7M->4M(21M) 0.537ms
[735.827s][info][gc] GC(20) Pause Young (Allocation Failure) 7M->4M(21M) 0.524ms
[770.623s][info][gc] GC(21) Pause Young (Allocation Failure) 7M->4M(21M) 0.470ms
[804.859s][info][gc] GC(22) Pause Young (Allocation Failure) 7M->4M(21M) 0.307ms
[838.875s][info][gc] GC(23) Pause Young (Allocation Failure) 7M->4M(22M) 0.486ms
[887.901s][info][gc] GC(24) Pause Young (Allocation Failure) 9M->4M(22M) 0.247ms
[937.934s][info][gc] GC(25) Pause Young (Allocation Failure) 9M->4M(22M) 0.366ms
[986.968s][info][gc] GC(26) Pause Young (Allocation Failure) 9M->4M(22M) 0.545ms
[1035.984s][info][gc] GC(27) Pause Young (Allocation Failure) 9M->4M(22M) 0.571ms
[1085.671s][info][gc] GC(28) Pause Young (Allocation Failure) 9M->4M(22M) 0.537ms
[1135.019s][info][gc] GC(29) Pause Young (Allocation Failure) 9M->4M(23M) 0.469ms
[1189.039s][info][gc] GC(30) Pause Young (Allocation Failure) 9M->4M(22M) 0.542ms
[1243.693s][info][gc] GC(31) Pause Young (Allocation Failure) 9M->4M(22M) 0.535ms
[1298.078s][info][gc] GC(32) Pause Young (Allocation Failure) 9M->4M(22M) 0.534ms
[1353.097s][info][gc] GC(33) Pause Young (Allocation Failure) 9M->4M(22M) 0.579ms
[1407.119s][info][gc] GC(34) Pause Young (Allocation Failure) 9M->4M(22M) 0.531ms
[1462.137s][info][gc] GC(35) Pause Young (Allocation Failure) 9M->4M(22M) 0.512ms
[1516.722s][info][gc] GC(36) Pause Young (Allocation Failure) 9M->4M(22M) 0.494ms
[1571.168s][info][gc] GC(37) Pause Young (Allocation Failure) 9M->4M(22M) 0.543ms
[1625.189s][info][gc] GC(38) Pause Young (Allocation Failure) 9M->4M(22M) 0.560ms
[1680.209s][info][gc] GC(39) Pause Young (Allocation Failure) 9M->4M(23M) 0.520ms
[1750.235s][info][gc] GC(40) Pause Young (Allocation Failure) 11M->4M(23M) 0.545ms
[1820.261s][info][gc] GC(41) Pause Young (Allocation Failure) 11M->4M(23M) 0.558ms
[1890.767s][info][gc] GC(42) Pause Young (Allocation Failure) 11M->4M(23M) 0.545ms
