[0.021s][info][gc] Using Serial
[13.346s][info][gc] GC(0) Pause Young (Allocation Failure) 4M->2M(15M) 4.499ms
[13.441s][info][gc] GC(1) Pause Young (Allocation Failure) 6M->4M(15M) 5.451ms
[13.513s][info][gc] GC(2) Pause Young (Allocation Failure) 8M->5M(15M) 4.219ms
[13.575s][info][gc] GC(3) Pause Young (Allocation Failure) 10M->7M(15M) 3.872ms
[13.606s][info][gc] GC(4) Pause Young (Allocation Failure) 11M->9M(15M) 4.035ms
[13.632s][info][gc] GC(5) Pause Young (Allocation Failure) 13M->13M(15M) 0.043ms
[13.650s][info][gc] GC(6) Pause Full (Allocation Failure) 13M->6M(15M) 17.878ms
[13.688s][info][gc] GC(7) Pause Young (Allocation Failure) 11M->9M(15M) 5.439ms
[13.709s][info][gc] GC(8) Pause Young (Allocation Failure) 13M->10M(15M) 3.716ms
