[0.069s][info][gc] Using The Z Garbage Collector
[0.807s][info][gc] GC(0) Garbage Collection (Warmup) 4M(17%)->4M(17%)
[0.889s][info][gc] GC(1) Garbage Collection (Allocation Rate) 4M(17%)->4M(17%)
[0.969s][info][gc] GC(2) Garbage Collection (Allocation Rate) 4M(17%)->4M(17%)
[1.070s][info][gc] GC(3) Garbage Collection (Allocation Rate) 4M(17%)->4M(17%)
[1.178s][info][gc] GC(4) Garbage Collection (Allocation Rate) 4M(17%)->4M(17%)
[1.271s][info][gc] GC(5) Garbage Collection (Allocation Rate) 4M(17%)->4M(17%)
[1.365s][info][gc] GC(6) Garbage Collection (Allocation Rate) 4M(17%)->4M(17%)
[1.474s][info][gc] GC(7) Garbage Collection (Allocation Rate) 4M(17%)->4M(17%)
[1.569s][info][gc] GC(8) Garbage Collection (Allocation Rate) 4M(17%)->4M(17%)
[10.465s][info][gc] GC(9) Garbage Collection (Warmup) 6M(25%)->4M(17%)
[10.882s][info][gc] GC(10) Garbage Collection (Warmup) 8M(33%)->6M(25%)
[12.086s][info][gc] GC(11) Garbage Collection (Proactive) 10M(42%)->6M(25%)
[15.274s][info][gc] GC(12) Garbage Collection (Proactive) 10M(42%)->6M(25%)
[26.394s][info][gc] GC(13) Garbage Collection (Proactive) 10M(42%)->6M(25%)
[38.393s][info][gc] GC(14) Garbage Collection (Proactive) 10M(42%)->6M(25%)
[50.281s][info][gc] GC(15) Garbage Collection (Proactive) 10M(42%)->8M(33%)
[76.373s][info][gc] GC(16) Garbage Collection (Proactive) 12M(50%)->6M(25%)
[88.374s][info][gc] GC(17) Garbage Collection (Proactive) 10M(42%)->6M(25%)
[98.383s][info][gc] GC(18) Garbage Collection (Proactive) 10M(42%)->6M(25%)
[102.177s][info][gc] GC(19) Garbage Collection (Proactive) 10M(42%)->8M(33%)
[114.395s][info][gc] GC(20) Garbage Collection (Proactive) 12M(50%)->8M(33%)
[129.381s][info][gc] GC(21) Garbage Collection (Proactive) 12M(50%)->8M(33%)
[144.387s][info][gc] GC(22) Garbage Collection (Proactive) 12M(50%)->8M(33%)
[159.494s][info][gc] GC(23) Garbage Collection (Proactive) 12M(50%)->8M(33%)
[174.492s][info][gc] GC(24) Garbage Collection (Proactive) 12M(50%)->8M(33%)
[186.165s][info][gc] Allocation Stall (main) 15.232ms
[186.167s][info][gc] GC(25) Garbage Collection (Allocation Stall) 24M(100%)->12M(50%)
[186.203s][info][gc] Allocation Stall (main) 13.590ms
[186.205s][info][gc] GC(26) Garbage Collection (Allocation Stall) 24M(100%)->14M(58%)
[186.280s][info][gc] GC(27) Garbage Collection (Allocation Rate) 18M(75%)->8M(33%)
[186.488s][info][gc] GC(28) Garbage Collection (Allocation Rate) 10M(42%)->8M(33%)
[186.572s][info][gc] GC(29) Garbage Collection (Allocation Rate) 8M(33%)->8M(33%)
[186.688s][info][gc] GC(30) Garbage Collection (Allocation Rate) 8M(33%)->8M(33%)
[186.783s][info][gc] GC(31) Garbage Collection (Allocation Rate) 8M(33%)->8M(33%)
[186.878s][info][gc] GC(32) Garbage Collection (Allocation Rate) 8M(33%)->8M(33%)
[201.488s][info][gc] GC(33) Garbage Collection (Proactive) 12M(50%)->8M(33%)
[214.484s][info][gc] GC(34) Garbage Collection (Proactive) 12M(50%)->8M(33%)
[229.485s][info][gc] GC(35) Garbage Collection (Proactive) 12M(50%)->8M(33%)
[243.487s][info][gc] GC(36) Garbage Collection (Proactive) 12M(50%)->8M(33%)
[258.490s][info][gc] GC(37) Garbage Collection (Proactive) 12M(50%)->8M(33%)
[271.487s][info][gc] GC(38) Garbage Collection (Proactive) 12M(50%)->8M(33%)
[286.489s][info][gc] GC(39) Garbage Collection (Proactive) 12M(50%)->10M(42%)
[314.585s][info][gc] GC(40) Garbage Collection (Proactive) 14M(58%)->8M(33%)
[329.585s][info][gc] GC(41) Garbage Collection (Proactive) 12M(50%)->8M(33%)
