[0.031s][info][gc] Using Serial
[5.818s][info][gc] GC(0) Pause Young (Allocation Failure) 4M->2M(15M) 4.998ms
[6.053s][info][gc] GC(1) Pause Young (Allocation Failure) 6M->3M(15M) 5.096ms
[33.080s][info][gc] GC(2) Pause Young (Allocation Failure) 7M->3M(15M) 3.801ms
[67.083s][info][gc] GC(3) Pause Young (Allocation Failure) 7M->3M(15M) 1.639ms
[93.840s][info][gc] GC(4) Pause Young (Allocation Failure) 7M->4M(15M) 1.744ms
[93.886s][info][gc] GC(5) Pause Young (Allocation Failure) 8M->5M(15M) 3.962ms
[93.919s][info][gc] GC(6) Pause Young (Allocation Failure) 10M->7M(15M) 3.772ms
[93.945s][info][gc] GC(7) Pause Young (Allocation Failure) 11M->9M(15M) 4.011ms
[93.967s][info][gc] GC(8) Pause Young (Allocation Failure) 13M->13M(15M) 0.042ms
[93.988s][info][gc] GC(9) Pause Full (Allocation Failure) 13M->6M(15M) 20.780ms
[94.014s][info][gc] GC(10) Pause Young (Allocation Failure) 11M->8M(15M) 4.818ms
[94.027s][info][gc] GC(11) Pause Young (Allocation Failure) 13M->13M(15M) 0.047ms
[94.043s][info][gc] GC(12) Pause Full (Allocation Failure) 13M->5M(15M) 16.517ms
[94.060s][info][gc] GC(13) Pause Young (Allocation Failure) 10M->8M(15M) 4.020ms
[115.164s][info][gc] GC(14) Pause Young (Allocation Failure) 12M->8M(15M) 2.144ms
[157.183s][info][gc] GC(15) Pause Young (Allocation Failure) 12M->8M(15M) 1.683ms
[198.197s][info][gc] GC(16) Pause Young (Allocation Failure) 12M->8M(15M) 0.395ms
[240.113s][info][gc] GC(17) Pause Young (Allocation Failure) 12M->8M(15M) 0.713ms
[281.241s][info][gc] GC(18) Pause Young (Allocation Failure) 12M->8M(15M) 0.844ms
[289.480s][info][gc] GC(19) Pause Young (Allocation Failure) 12M->9M(15M) 2.979ms
[289.490s][info][gc] GC(20) Pause Young (Allocation Failure) 14M->14M(15M) 0.044ms
[289.509s][info][gc] GC(21) Pause Full (Allocation Failure) 14M->6M(15M) 18.709ms
[289.523s][info][gc] GC(22) Pause Young (Allocation Failure) 11M->8M(15M) 4.349ms
[289.535s][info][gc] GC(23) Pause Young (Allocation Failure) 13M->10M(15M) 3.351ms
[289.544s][info][gc] GC(24) Pause Young (Allocation Failure) 14M->14M(15M) 0.043ms
[289.563s][info][gc] GC(25) Pause Full (Allocation Failure) 14M->6M(15M) 19.141ms
[289.578s][info][gc] GC(26) Pause Young (Allocation Failure) 10M->8M(15M) 4.299ms
[289.594s][info][gc] GC(27) Pause Young (Allocation Failure) 12M->9M(15M) 3.278ms
[289.606s][info][gc] GC(28) Pause Young (Allocation Failure) 14M->14M(15M) 0.045ms
[289.625s][info][gc] GC(29) Pause Full (Allocation Failure) 14M->6M(15M) 18.535ms
[289.637s][info][gc] GC(30) Pause Young (Allocation Failure) 10M->8M(15M) 4.375ms
[289.643s][info][gc] GC(31) Pause Young (Allocation Failure) 12M->12M(15M) 0.042ms
[289.660s][info][gc] GC(32) Pause Full (Allocation Failure) 12M->6M(15M) 16.580ms
[289.670s][info][gc] GC(33) Pause Young (Allocation Failure) 10M->8M(15M) 4.086ms
[289.679s][info][gc] GC(34) Pause Young (Allocation Failure) 12M->9M(15M) 3.228ms
[289.685s][info][gc] GC(35) Pause Young (Allocation Failure) 14M->14M(15M) 0.045ms
[289.703s][info][gc] GC(36) Pause Full (Allocation Failure) 14M->6M(15M) 17.809ms
[289.714s][info][gc] GC(37) Pause Young (Allocation Failure) 11M->8M(15M) 4.345ms
[289.719s][info][gc] GC(38) Pause Young (Allocation Failure) 13M->13M(15M) 0.043ms
[289.736s][info][gc] GC(39) Pause Full (Allocation Failure) 13M->5M(15M) 16.625ms
[289.746s][info][gc] GC(40) Pause Young (Allocation Failure) 9M->7M(15M) 4.130ms
[289.755s][info][gc] GC(41) Pause Young (Allocation Failure) 12M->9M(15M) 3.183ms
[289.760s][info][gc] GC(42) Pause Young (Allocation Failure) 13M->13M(15M) 0.042ms
[289.779s][info][gc] GC(43) Pause Full (Allocation Failure) 13M->6M(15M) 18.542ms
[289.789s][info][gc] GC(44) Pause Young (Allocation Failure) 11M->8M(15M) 4.162ms
[289.794s][info][gc] GC(45) Pause Young (Allocation Failure) 13M->13M(15M) 0.034ms
[289.811s][info][gc] GC(46) Pause Full (Allocation Failure) 13M->6M(15M) 16.568ms
[289.820s][info][gc] GC(47) Pause Young (Allocation Failure) 10M->8M(15M) 4.023ms
[289.826s][info][gc] GC(48) Pause Young (Allocation Failure) 12M->12M(15M) 0.043ms
[289.842s][info][gc] GC(49) Pause Full (Allocation Failure) 12M->6M(15M) 16.368ms
[289.852s][info][gc] GC(50) Pause Young (Allocation Failure) 10M->8M(15M) 4.052ms
[289.860s][info][gc] GC(51) Pause Young (Allocation Failure) 12M->9M(15M) 3.026ms
[289.865s][info][gc] GC(52) Pause Young (Allocation Failure) 14M->14M(15M) 0.035ms
[289.883s][info][gc] GC(53) Pause Full (Allocation Failure) 14M->6M(15M) 17.513ms
[289.893s][info][gc] GC(54) Pause Young (Allocation Failure) 10M->8M(15M) 4.314ms
[289.901s][info][gc] GC(55) Pause Young (Allocation Failure) 12M->9M(15M) 2.982ms
[289.906s][info][gc] GC(56) Pause Young (Allocation Failure) 14M->14M(15M) 0.034ms
[289.924s][info][gc] GC(57) Pause Full (Allocation Failure) 14M->6M(15M) 17.520ms
[289.934s][info][gc] GC(58) Pause Young (Allocation Failure) 10M->8M(15M) 4.148ms
[289.939s][info][gc] GC(59) Pause Young (Allocation Failure) 12M->12M(15M) 0.035ms
[289.956s][info][gc] GC(60) Pause Full (Allocation Failure) 12M->6M(15M) 16.759ms
[289.965s][info][gc] GC(61) Pause Young (Allocation Failure) 10M->8M(15M) 4.094ms
[289.971s][info][gc] GC(62) Pause Young (Allocation Failure) 12M->12M(15M) 0.034ms
[289.987s][info][gc] GC(63) Pause Full (Allocation Failure) 12M->6M(15M) 16.491ms
[289.997s][info][gc] GC(64) Pause Young (Allocation Failure) 10M->8M(15M) 4.143ms
[290.002s][info][gc] GC(65) Pause Young (Allocation Failure) 12M->12M(15M) 0.035ms
[290.019s][info][gc] GC(66) Pause Full (Allocation Failure) 12M->5M(15M) 16.486ms
[290.029s][info][gc] GC(67) Pause Young (Allocation Failure) 10M->7M(15M) 4.166ms
[290.037s][info][gc] GC(68) Pause Young (Allocation Failure) 12M->9M(15M) 2.991ms
[290.042s][info][gc] GC(69) Pause Young (Allocation Failure) 13M->13M(15M) 0.034ms
[290.060s][info][gc] GC(70) Pause Full (Allocation Failure) 13M->6M(15M) 18.008ms
[290.070s][info][gc] GC(71) Pause Young (Allocation Failure) 11M->8M(15M) 4.378ms
[290.076s][info][gc] GC(72) Pause Young (Allocation Failure) 13M->13M(15M) 0.036ms
[290.092s][info][gc] GC(73) Pause Full (Allocation Failure) 13M->5M(15M) 16.183ms
[290.102s][info][gc] GC(74) Pause Young (Allocation Failure) 10M->8M(15M) 4.448ms
[290.111s][info][gc] GC(75) Pause Young (Allocation Failure) 12M->9M(15M) 3.182ms
[290.117s][info][gc] GC(76) Pause Young (Allocation Failure) 14M->14M(15M) 0.051ms
[290.135s][info][gc] GC(77) Pause Full (Allocation Failure) 14M->6M(15M) 18.552ms
[290.146s][info][gc] GC(78) Pause Young (Allocation Failure) 10M->8M(15M) 4.961ms
[290.152s][info][gc] GC(79) Pause Young (Allocation Failure) 13M->13M(15M) 0.059ms
[290.168s][info][gc] GC(80) Pause Full (Allocation Failure) 13M->5M(15M) 16.441ms
[290.178s][info][gc] GC(81) Pause Young (Allocation Failure) 9M->7M(15M) 4.139ms
[290.186s][info][gc] GC(82) Pause Young (Allocation Failure) 12M->9M(15M) 3.055ms
[290.191s][info][gc] GC(83) Pause Young (Allocation Failure) 13M->13M(15M) 0.036ms
[290.210s][info][gc] GC(84) Pause Full (Allocation Failure) 13M->6M(15M) 18.493ms
[290.220s][info][gc] GC(85) Pause Young (Allocation Failure) 11M->8M(15M) 4.582ms
[290.226s][info][gc] GC(86) Pause Young (Allocation Failure) 13M->13M(15M) 0.043ms
[290.243s][info][gc] GC(87) Pause Full (Allocation Failure) 13M->6M(15M) 17.356ms
[290.253s][info][gc] GC(88) Pause Young (Allocation Failure) 10M->8M(15M) 4.327ms
[290.259s][info][gc] GC(89) Pause Young (Allocation Failure) 12M->12M(15M) 0.047ms
[290.275s][info][gc] GC(90) Pause Full (Allocation Failure) 12M->6M(15M) 16.318ms
[290.285s][info][gc] GC(91) Pause Young (Allocation Failure) 10M->8M(15M) 4.194ms
[290.291s][info][gc] GC(92) Pause Young (Allocation Failure) 12M->12M(15M) 0.039ms
[290.308s][info][gc] GC(93) Pause Full (Allocation Failure) 12M->5M(15M) 16.792ms
[290.318s][info][gc] GC(94) Pause Young (Allocation Failure) 10M->7M(15M) 4.330ms
[290.327s][info][gc] GC(95) Pause Young (Allocation Failure) 12M->9M(15M) 3.356ms
[290.332s][info][gc] GC(96) Pause Young (Allocation Failure) 13M->13M(15M) 0.047ms
[290.350s][info][gc] GC(97) Pause Full (Allocation Failure) 13M->6M(15M) 18.313ms
[290.361s][info][gc] GC(98) Pause Young (Allocation Failure) 10M->8M(15M) 4.500ms
[290.366s][info][gc] GC(99) Pause Young (Allocation Failure) 12M->12M(15M) 0.038ms
[290.382s][info][gc] GC(100) Pause Full (Allocation Failure) 12M->6M(15M) 16.443ms
[290.392s][info][gc] GC(101) Pause Young (Allocation Failure) 10M->8M(15M) 3.990ms
[290.400s][info][gc] GC(102) Pause Young (Allocation Failure) 12M->10M(15M) 3.109ms
[290.405s][info][gc] GC(103) Pause Young (Allocation Failure) 14M->14M(15M) 0.039ms
[290.424s][info][gc] GC(104) Pause Full (Allocation Failure) 14M->6M(15M) 18.863ms
[290.434s][info][gc] GC(105) Pause Young (Allocation Failure) 11M->9M(15M) 4.427ms
[290.439s][info][gc] GC(106) Pause Young (Allocation Failure) 13M->13M(15M) 0.034ms
[290.456s][info][gc] GC(107) Pause Full (Allocation Failure) 13M->5M(15M) 16.989ms
[290.466s][info][gc] GC(108) Pause Young (Allocation Failure) 10M->7M(15M) 4.257ms
[290.474s][info][gc] GC(109) Pause Young (Allocation Failure) 12M->9M(15M) 3.099ms
[290.479s][info][gc] GC(110) Pause Young (Allocation Failure) 14M->14M(15M) 0.035ms
[290.497s][info][gc] GC(111) Pause Full (Allocation Failure) 14M->6M(15M) 18.160ms
[290.507s][info][gc] GC(112) Pause Young (Allocation Failure) 11M->8M(15M) 4.265ms
[290.512s][info][gc] GC(113) Pause Young (Allocation Failure) 13M->13M(15M) 0.034ms
[290.528s][info][gc] GC(114) Pause Full (Allocation Failure) 13M->6M(15M) 16.563ms
[290.538s][info][gc] GC(115) Pause Young (Allocation Failure) 10M->8M(15M) 4.140ms
[290.543s][info][gc] GC(116) Pause Young (Allocation Failure) 12M->12M(15M) 0.034ms
[290.560s][info][gc] GC(117) Pause Full (Allocation Failure) 12M->6M(15M) 16.532ms
[290.569s][info][gc] GC(118) Pause Young (Allocation Failure) 10M->8M(15M) 3.937ms
[290.574s][info][gc] GC(119) Pause Young (Allocation Failure) 12M->12M(15M) 0.034ms
[290.590s][info][gc] GC(120) Pause Full (Allocation Failure) 12M->5M(15M) 16.584ms
[290.600s][info][gc] GC(121) Pause Young (Allocation Failure) 10M->7M(15M) 4.147ms
[290.608s][info][gc] GC(122) Pause Young (Allocation Failure) 12M->9M(15M) 3.056ms
[290.613s][info][gc] GC(123) Pause Young (Allocation Failure) 13M->13M(15M) 0.035ms
[290.631s][info][gc] GC(124) Pause Full (Allocation Failure) 13M->7M(15M) 18.340ms
[290.641s][info][gc] GC(125) Pause Young (Allocation Failure) 11M->9M(15M) 4.533ms
[290.646s][info][gc] GC(126) Pause Young (Allocation Failure) 13M->13M(15M) 0.035ms
[290.663s][info][gc] GC(127) Pause Full (Allocation Failure) 13M->6M(15M) 16.572ms
[290.673s][info][gc] GC(128) Pause Young (Allocation Failure) 10M->8M(15M) 4.134ms
[290.678s][info][gc] GC(129) Pause Young (Allocation Failure) 12M->12M(15M) 0.034ms
[290.694s][info][gc] GC(130) Pause Full (Allocation Failure) 12M->6M(15M) 16.747ms
[290.704s][info][gc] GC(131) Pause Young (Allocation Failure) 10M->8M(15M) 4.093ms
[290.709s][info][gc] GC(132) Pause Young (Allocation Failure) 12M->12M(15M) 0.035ms
[290.726s][info][gc] GC(133) Pause Full (Allocation Failure) 12M->5M(15M) 16.724ms
[290.735s][info][gc] GC(134) Pause Young (Allocation Failure) 10M->8M(15M) 4.182ms
[290.743s][info][gc] GC(135) Pause Young (Allocation Failure) 12M->9M(15M) 3.029ms
[290.748s][info][gc] GC(136) Pause Young (Allocation Failure) 14M->14M(15M) 0.035ms
[290.767s][info][gc] GC(137) Pause Full (Allocation Failure) 14M->7M(15M) 18.489ms
[290.777s][info][gc] GC(138) Pause Young (Allocation Failure) 11M->9M(15M) 4.643ms
[290.782s][info][gc] GC(139) Pause Young (Allocation Failure) 13M->13M(15M) 0.037ms
[290.799s][info][gc] GC(140) Pause Full (Allocation Failure) 13M->6M(15M) 16.755ms
[290.808s][info][gc] GC(141) Pause Young (Allocation Failure) 10M->8M(15M) 4.106ms
[290.813s][info][gc] GC(142) Pause Young (Allocation Failure) 12M->12M(15M) 0.035ms
[290.830s][info][gc] GC(143) Pause Full (Allocation Failure) 12M->6M(15M) 16.480ms
[290.839s][info][gc] GC(144) Pause Young (Allocation Failure) 10M->8M(15M) 4.005ms
[290.844s][info][gc] GC(145) Pause Young (Allocation Failure) 12M->12M(15M) 0.034ms
[290.861s][info][gc] GC(146) Pause Full (Allocation Failure) 12M->5M(15M) 16.962ms
[290.871s][info][gc] GC(147) Pause Young (Allocation Failure) 10M->8M(15M) 4.100ms
[290.879s][info][gc] GC(148) Pause Young (Allocation Failure) 12M->9M(15M) 3.003ms
[290.884s][info][gc] GC(149) Pause Young (Allocation Failure) 14M->14M(15M) 0.034ms
[290.903s][info][gc] GC(150) Pause Full (Allocation Failure) 14M->7M(15M) 18.635ms
[290.913s][info][gc] GC(151) Pause Young (Allocation Failure) 11M->9M(15M) 4.432ms
[290.918s][info][gc] GC(152) Pause Young (Allocation Failure) 13M->13M(15M) 0.035ms
[290.934s][info][gc] GC(153) Pause Full (Allocation Failure) 13M->6M(15M) 16.829ms
[290.944s][info][gc] GC(154) Pause Young (Allocation Failure) 10M->8M(15M) 4.231ms
[290.949s][info][gc] GC(155) Pause Young (Allocation Failure) 12M->12M(15M) 0.035ms
[290.966s][info][gc] GC(156) Pause Full (Allocation Failure) 12M->6M(15M) 16.614ms
[290.975s][info][gc] GC(157) Pause Young (Allocation Failure) 10M->8M(15M) 4.107ms
[290.980s][info][gc] GC(158) Pause Young (Allocation Failure) 12M->12M(15M) 0.034ms
[290.997s][info][gc] GC(159) Pause Full (Allocation Failure) 12M->5M(15M) 16.266ms
[291.006s][info][gc] GC(160) Pause Young (Allocation Failure) 9M->7M(15M) 3.906ms
[291.014s][info][gc] GC(161) Pause Young (Allocation Failure) 11M->9M(15M) 3.105ms
[291.019s][info][gc] GC(162) Pause Young (Allocation Failure) 13M->13M(15M) 0.034ms
[291.037s][info][gc] GC(163) Pause Full (Allocation Failure) 13M->6M(15M) 18.216ms
[291.047s][info][gc] GC(164) Pause Young (Allocation Failure) 11M->8M(15M) 4.248ms
[291.052s][info][gc] GC(165) Pause Young (Allocation Failure) 13M->13M(15M) 0.034ms
[291.069s][info][gc] GC(166) Pause Full (Allocation Failure) 13M->6M(15M) 16.765ms
[291.078s][info][gc] GC(167) Pause Young (Allocation Failure) 10M->8M(15M) 4.227ms
[291.083s][info][gc] GC(168) Pause Young (Allocation Failure) 12M->12M(15M) 0.038ms
[291.100s][info][gc] GC(169) Pause Full (Allocation Failure) 12M->6M(15M) 16.658ms
[291.109s][info][gc] GC(170) Pause Young (Allocation Failure) 10M->8M(15M) 4.039ms
[291.114s][info][gc] GC(171) Pause Young (Allocation Failure) 12M->12M(15M) 0.040ms
[291.131s][info][gc] GC(172) Pause Full (Allocation Failure) 12M->5M(15M) 16.709ms
[291.141s][info][gc] GC(173) Pause Young (Allocation Failure) 9M->7M(15M) 4.396ms
[291.149s][info][gc] GC(174) Pause Young (Allocation Failure) 11M->9M(15M) 3.314ms
[291.155s][info][gc] GC(175) Pause Young (Allocation Failure) 13M->13M(15M) 0.039ms
[291.172s][info][gc] GC(176) Pause Full (Allocation Failure) 13M->6M(15M) 17.700ms
[291.182s][info][gc] GC(177) Pause Young (Allocation Failure) 10M->8M(15M) 4.167ms
[291.187s][info][gc] GC(178) Pause Young (Allocation Failure) 12M->12M(15M) 0.036ms
[291.204s][info][gc] GC(179) Pause Full (Allocation Failure) 12M->6M(15M) 16.599ms
[291.214s][info][gc] GC(180) Pause Young (Allocation Failure) 10M->8M(15M) 4.239ms
[291.219s][info][gc] GC(181) Pause Young (Allocation Failure) 12M->12M(15M) 0.035ms
[291.236s][info][gc] GC(182) Pause Full (Allocation Failure) 12M->6M(15M) 16.953ms
[291.245s][info][gc] GC(183) Pause Young (Allocation Failure) 10M->8M(15M) 4.197ms
[291.251s][info][gc] GC(184) Pause Young (Allocation Failure) 12M->12M(15M) 0.044ms
[291.269s][info][gc] GC(185) Pause Full (Allocation Failure) 12M->5M(15M) 18.234ms
[291.279s][info][gc] GC(186) Pause Young (Allocation Failure) 10M->8M(15M) 4.388ms
[291.287s][info][gc] GC(187) Pause Young (Allocation Failure) 12M->9M(15M) 3.113ms
[291.292s][info][gc] GC(188) Pause Young (Allocation Failure) 14M->14M(15M) 0.035ms
[291.311s][info][gc] GC(189) Pause Full (Allocation Failure) 14M->7M(15M) 18.171ms
[291.320s][info][gc] GC(190) Pause Young (Allocation Failure) 11M->9M(15M) 4.380ms
[291.325s][info][gc] GC(191) Pause Young (Allocation Failure) 13M->13M(15M) 0.032ms
[291.342s][info][gc] GC(192) Pause Full (Allocation Failure) 13M->6M(15M) 16.470ms
[291.351s][info][gc] GC(193) Pause Young (Allocation Failure) 10M->8M(15M) 3.886ms
[291.356s][info][gc] GC(194) Pause Young (Allocation Failure) 12M->12M(15M) 0.038ms
[291.374s][info][gc] GC(195) Pause Full (Allocation Failure) 12M->6M(15M) 17.293ms
[291.383s][info][gc] GC(196) Pause Young (Allocation Failure) 10M->8M(15M) 4.124ms
[291.388s][info][gc] GC(197) Pause Young (Allocation Failure) 12M->12M(15M) 0.039ms
[291.405s][info][gc] GC(198) Pause Full (Allocation Failure) 12M->5M(15M) 16.923ms
[291.415s][info][gc] GC(199) Pause Young (Allocation Failure) 10M->7M(15M) 4.122ms
[291.423s][info][gc] GC(200) Pause Young (Allocation Failure) 12M->9M(15M) 3.042ms
[291.428s][info][gc] GC(201) Pause Young (Allocation Failure) 14M->14M(15M) 0.036ms
[291.447s][info][gc] GC(202) Pause Full (Allocation Failure) 14M->7M(15M) 18.532ms
[291.457s][info][gc] GC(203) Pause Young (Allocation Failure) 11M->9M(15M) 4.499ms
[291.462s][info][gc] GC(204) Pause Young (Allocation Failure) 13M->13M(15M) 0.034ms
[291.479s][info][gc] GC(205) Pause Full (Allocation Failure) 13M->6M(15M) 16.789ms
[291.488s][info][gc] GC(206) Pause Young (Allocation Failure) 10M->8M(15M) 4.027ms
[291.493s][info][gc] GC(207) Pause Young (Allocation Failure) 12M->12M(15M) 0.036ms
[291.510s][info][gc] GC(208) Pause Full (Allocation Failure) 12M->6M(15M) 16.715ms
[291.520s][info][gc] GC(209) Pause Young (Allocation Failure) 10M->8M(15M) 4.162ms
[291.525s][info][gc] GC(210) Pause Young (Allocation Failure) 12M->12M(15M) 0.035ms
[291.541s][info][gc] GC(211) Pause Full (Allocation Failure) 12M->5M(15M) 16.584ms
[291.554s][info][gc] GC(212) Pause Young (Allocation Failure) 10M->7M(15M) 4.231ms
[291.566s][info][gc] GC(213) Pause Young (Allocation Failure) 12M->9M(15M) 3.060ms
[291.576s][info][gc] GC(214) Pause Young (Allocation Failure) 13M->13M(15M) 0.034ms
[291.594s][info][gc] GC(215) Pause Full (Allocation Failure) 13M->6M(15M) 18.385ms
[291.608s][info][gc] GC(216) Pause Young (Allocation Failure) 11M->8M(15M) 4.542ms
[291.618s][info][gc] GC(217) Pause Young (Allocation Failure) 13M->13M(15M) 0.050ms
[291.635s][info][gc] GC(218) Pause Full (Allocation Failure) 13M->6M(15M) 17.121ms
[291.649s][info][gc] GC(219) Pause Young (Allocation Failure) 10M->8M(15M) 4.294ms
[291.658s][info][gc] GC(220) Pause Young (Allocation Failure) 12M->12M(15M) 0.047ms
[291.675s][info][gc] GC(221) Pause Full (Allocation Failure) 12M->6M(15M) 17.437ms
[291.686s][info][gc] GC(222) Pause Young (Allocation Failure) 10M->8M(15M) 4.042ms
[291.691s][info][gc] GC(223) Pause Young (Allocation Failure) 12M->12M(15M) 0.032ms
[291.707s][info][gc] GC(224) Pause Full (Allocation Failure) 12M->5M(15M) 16.547ms
[291.717s][info][gc] GC(225) Pause Young (Allocation Failure) 10M->7M(15M) 4.105ms
[291.725s][info][gc] GC(226) Pause Young (Allocation Failure) 12M->9M(15M) 3.087ms
[291.730s][info][gc] GC(227) Pause Young (Allocation Failure) 13M->13M(15M) 0.033ms
[291.748s][info][gc] GC(228) Pause Full (Allocation Failure) 13M->6M(15M) 18.638ms
[291.758s][info][gc] GC(229) Pause Young (Allocation Failure) 11M->8M(15M) 4.312ms
[291.763s][info][gc] GC(230) Pause Young (Allocation Failure) 13M->13M(15M) 0.034ms
[291.780s][info][gc] GC(231) Pause Full (Allocation Failure) 13M->6M(15M) 16.976ms
[291.790s][info][gc] GC(232) Pause Young (Allocation Failure) 10M->8M(15M) 4.201ms
[291.795s][info][gc] GC(233) Pause Young (Allocation Failure) 12M->12M(15M) 0.032ms
[291.811s][info][gc] GC(234) Pause Full (Allocation Failure) 12M->6M(15M) 16.542ms
[291.821s][info][gc] GC(235) Pause Young (Allocation Failure) 10M->8M(15M) 4.036ms
[291.826s][info][gc] GC(236) Pause Young (Allocation Failure) 12M->12M(15M) 0.034ms
[291.843s][info][gc] GC(237) Pause Full (Allocation Failure) 12M->5M(15M) 16.546ms
[291.852s][info][gc] GC(238) Pause Young (Allocation Failure) 10M->7M(15M) 3.969ms
[291.860s][info][gc] GC(239) Pause Young (Allocation Failure) 12M->9M(15M) 3.100ms
[291.865s][info][gc] GC(240) Pause Young (Allocation Failure) 13M->13M(15M) 0.031ms
[291.883s][info][gc] GC(241) Pause Full (Allocation Failure) 13M->6M(15M) 18.510ms
[291.893s][info][gc] GC(242) Pause Young (Allocation Failure) 11M->9M(15M) 4.277ms
[291.898s][info][gc] GC(243) Pause Young (Allocation Failure) 13M->13M(15M) 0.034ms
[291.915s][info][gc] GC(244) Pause Full (Allocation Failure) 13M->6M(15M) 16.999ms
[291.925s][info][gc] GC(245) Pause Young (Allocation Failure) 10M->8M(15M) 4.195ms
[291.930s][info][gc] GC(246) Pause Young (Allocation Failure) 12M->12M(15M) 0.035ms
[291.947s][info][gc] GC(247) Pause Full (Allocation Failure) 12M->6M(15M) 16.849ms
[291.956s][info][gc] GC(248) Pause Young (Allocation Failure) 10M->8M(15M) 4.137ms
[291.961s][info][gc] GC(249) Pause Young (Allocation Failure) 12M->12M(15M) 0.034ms
[291.978s][info][gc] GC(250) Pause Full (Allocation Failure) 12M->5M(15M) 16.858ms
[291.988s][info][gc] GC(251) Pause Young (Allocation Failure) 10M->7M(15M) 4.081ms
[291.996s][info][gc] GC(252) Pause Young (Allocation Failure) 12M->9M(15M) 3.200ms
[292.001s][info][gc] GC(253) Pause Young (Allocation Failure) 14M->14M(15M) 0.034ms
[292.020s][info][gc] GC(254) Pause Full (Allocation Failure) 14M->7M(15M) 18.621ms
[292.029s][info][gc] GC(255) Pause Young (Allocation Failure) 11M->9M(15M) 4.365ms
[292.034s][info][gc] GC(256) Pause Young (Allocation Failure) 13M->13M(15M) 0.043ms
[292.051s][info][gc] GC(257) Pause Full (Allocation Failure) 13M->6M(15M) 17.093ms
[292.061s][info][gc] GC(258) Pause Young (Allocation Failure) 10M->8M(15M) 4.242ms
[292.066s][info][gc] GC(259) Pause Young (Allocation Failure) 12M->12M(15M) 0.035ms
[292.083s][info][gc] GC(260) Pause Full (Allocation Failure) 12M->6M(15M) 16.773ms
[292.092s][info][gc] GC(261) Pause Young (Allocation Failure) 10M->8M(15M) 4.158ms
[292.097s][info][gc] GC(262) Pause Young (Allocation Failure) 12M->12M(15M) 0.036ms
[292.114s][info][gc] GC(263) Pause Full (Allocation Failure) 12M->5M(15M) 16.375ms
[292.124s][info][gc] GC(264) Pause Young (Allocation Failure) 10M->7M(15M) 4.538ms
[292.132s][info][gc] GC(265) Pause Young (Allocation Failure) 12M->9M(15M) 3.226ms
[292.138s][info][gc] GC(266) Pause Young (Allocation Failure) 13M->13M(15M) 0.046ms
[292.158s][info][gc] GC(267) Pause Full (Allocation Failure) 13M->7M(15M) 19.860ms
[292.168s][info][gc] GC(268) Pause Young (Allocation Failure) 11M->9M(15M) 4.565ms
[292.173s][info][gc] GC(269) Pause Young (Allocation Failure) 13M->13M(15M) 0.043ms
[292.190s][info][gc] GC(270) Pause Full (Allocation Failure) 13M->6M(15M) 17.689ms
[292.200s][info][gc] GC(271) Pause Young (Allocation Failure) 10M->8M(15M) 4.250ms
[292.205s][info][gc] GC(272) Pause Young (Allocation Failure) 12M->12M(15M) 0.049ms
[292.224s][info][gc] GC(273) Pause Full (Allocation Failure) 12M->6M(15M) 18.185ms
[292.233s][info][gc] GC(274) Pause Young (Allocation Failure) 10M->8M(15M) 4.173ms
[292.238s][info][gc] GC(275) Pause Young (Allocation Failure) 12M->12M(15M) 0.042ms
[292.256s][info][gc] GC(276) Pause Full (Allocation Failure) 12M->5M(15M) 17.768ms
[292.267s][info][gc] GC(277) Pause Young (Allocation Failure) 10M->7M(15M) 4.290ms
[292.276s][info][gc] GC(278) Pause Young (Allocation Failure) 12M->9M(15M) 3.270ms
[292.281s][info][gc] GC(279) Pause Young (Allocation Failure) 13M->13M(15M) 0.046ms
[292.301s][info][gc] GC(280) Pause Full (Allocation Failure) 13M->6M(15M) 19.627ms
[292.311s][info][gc] GC(281) Pause Young (Allocation Failure) 11M->9M(15M) 4.627ms
[292.316s][info][gc] GC(282) Pause Young (Allocation Failure) 13M->13M(15M) 0.046ms
[292.334s][info][gc] GC(283) Pause Full (Allocation Failure) 13M->6M(15M) 17.801ms
[292.343s][info][gc] GC(284) Pause Young (Allocation Failure) 10M->8M(15M) 4.284ms
[292.349s][info][gc] GC(285) Pause Young (Allocation Failure) 12M->12M(15M) 0.043ms
[292.367s][info][gc] GC(286) Pause Full (Allocation Failure) 12M->6M(15M) 18.119ms
[292.377s][info][gc] GC(287) Pause Young (Allocation Failure) 10M->8M(15M) 4.381ms
[292.382s][info][gc] GC(288) Pause Young (Allocation Failure) 12M->12M(15M) 0.042ms
[292.400s][info][gc] GC(289) Pause Full (Allocation Failure) 12M->5M(15M) 17.807ms
[292.409s][info][gc] GC(290) Pause Young (Allocation Failure) 10M->8M(15M) 4.008ms
[292.417s][info][gc] GC(291) Pause Young (Allocation Failure) 12M->9M(15M) 3.096ms
[292.423s][info][gc] GC(292) Pause Young (Allocation Failure) 14M->14M(15M) 0.041ms
[292.441s][info][gc] GC(293) Pause Full (Allocation Failure) 14M->6M(15M) 18.327ms
[292.450s][info][gc] GC(294) Pause Young (Allocation Failure) 11M->8M(15M) 4.192ms
[292.456s][info][gc] GC(295) Pause Young (Allocation Failure) 13M->13M(15M) 0.040ms
[292.473s][info][gc] GC(296) Pause Full (Allocation Failure) 13M->6M(15M) 17.389ms
[292.483s][info][gc] GC(297) Pause Young (Allocation Failure) 10M->8M(15M) 4.269ms
[292.488s][info][gc] GC(298) Pause Young (Allocation Failure) 12M->12M(15M) 0.034ms
[292.506s][info][gc] GC(299) Pause Full (Allocation Failure) 12M->6M(15M) 18.163ms
[292.516s][info][gc] GC(300) Pause Young (Allocation Failure) 10M->8M(15M) 4.223ms
[292.521s][info][gc] GC(301) Pause Young (Allocation Failure) 12M->12M(15M) 0.041ms
[292.539s][info][gc] GC(302) Pause Full (Allocation Failure) 12M->6M(15M) 18.152ms
[292.549s][info][gc] GC(303) Pause Young (Allocation Failure) 10M->8M(15M) 3.986ms
[292.557s][info][gc] GC(304) Pause Young (Allocation Failure) 12M->9M(15M) 3.178ms
[292.562s][info][gc] GC(305) Pause Young (Allocation Failure) 14M->14M(15M) 0.050ms
[292.580s][info][gc] GC(306) Pause Full (Allocation Failure) 14M->6M(15M) 18.200ms
[292.590s][info][gc] GC(307) Pause Young (Allocation Failure) 11M->9M(15M) 4.444ms
[292.595s][info][gc] GC(308) Pause Young (Allocation Failure) 13M->13M(15M) 0.037ms
[292.612s][info][gc] GC(309) Pause Full (Allocation Failure) 13M->6M(15M) 16.902ms
[292.622s][info][gc] GC(310) Pause Young (Allocation Failure) 10M->8M(15M) 4.131ms
[292.627s][info][gc] GC(311) Pause Young (Allocation Failure) 12M->12M(15M) 0.032ms
[292.643s][info][gc] GC(312) Pause Full (Allocation Failure) 12M->6M(15M) 16.523ms
[292.652s][info][gc] GC(313) Pause Young (Allocation Failure) 10M->8M(15M) 3.867ms
[292.658s][info][gc] GC(314) Pause Young (Allocation Failure) 12M->12M(15M) 0.032ms
[292.675s][info][gc] GC(315) Pause Full (Allocation Failure) 12M->6M(15M) 16.945ms
[292.684s][info][gc] GC(316) Pause Young (Allocation Failure) 10M->8M(15M) 4.163ms
[292.692s][info][gc] GC(317) Pause Young (Allocation Failure) 12M->9M(15M) 3.090ms
[292.697s][info][gc] GC(318) Pause Young (Allocation Failure) 14M->14M(15M) 0.033ms
[292.716s][info][gc] GC(319) Pause Full (Allocation Failure) 14M->7M(15M) 18.532ms
[292.725s][info][gc] GC(320) Pause Young (Allocation Failure) 11M->9M(15M) 4.233ms
[292.730s][info][gc] GC(321) Pause Young (Allocation Failure) 13M->13M(15M) 0.033ms
[292.747s][info][gc] GC(322) Pause Full (Allocation Failure) 13M->6M(15M) 17.069ms
[292.757s][info][gc] GC(323) Pause Young (Allocation Failure) 10M->8M(15M) 4.218ms
[292.762s][info][gc] GC(324) Pause Young (Allocation Failure) 12M->12M(15M) 0.038ms
[292.780s][info][gc] GC(325) Pause Full (Allocation Failure) 12M->6M(15M) 17.359ms
[292.789s][info][gc] GC(326) Pause Young (Allocation Failure) 10M->8M(15M) 4.267ms
[292.794s][info][gc] GC(327) Pause Young (Allocation Failure) 12M->12M(15M) 0.035ms
[292.811s][info][gc] GC(328) Pause Full (Allocation Failure) 12M->5M(15M) 17.105ms
[292.821s][info][gc] GC(329) Pause Young (Allocation Failure) 10M->8M(15M) 4.053ms
[292.829s][info][gc] GC(330) Pause Young (Allocation Failure) 12M->9M(15M) 3.160ms
[292.834s][info][gc] GC(331) Pause Young (Allocation Failure) 14M->14M(15M) 0.034ms
[292.853s][info][gc] GC(332) Pause Full (Allocation Failure) 14M->7M(15M) 18.883ms
[292.863s][info][gc] GC(333) Pause Young (Allocation Failure) 11M->9M(15M) 4.317ms
[292.868s][info][gc] GC(334) Pause Young (Allocation Failure) 13M->13M(15M) 0.034ms
[292.885s][info][gc] GC(335) Pause Full (Allocation Failure) 13M->6M(15M) 17.118ms
[292.894s][info][gc] GC(336) Pause Young (Allocation Failure) 10M->8M(15M) 4.156ms
[292.899s][info][gc] GC(337) Pause Young (Allocation Failure) 12M->12M(15M) 0.035ms
[292.917s][info][gc] GC(338) Pause Full (Allocation Failure) 12M->6M(15M) 17.239ms
[292.926s][info][gc] GC(339) Pause Young (Allocation Failure) 10M->8M(15M) 4.098ms
[292.931s][info][gc] GC(340) Pause Young (Allocation Failure) 12M->12M(15M) 0.036ms
[292.949s][info][gc] GC(341) Pause Full (Allocation Failure) 12M->6M(15M) 17.674ms
[292.959s][info][gc] GC(342) Pause Young (Allocation Failure) 10M->8M(15M) 4.212ms
[292.964s][info][gc] GC(343) Pause Young (Allocation Failure) 12M->12M(15M) 0.035ms
[292.981s][info][gc] GC(344) Pause Full (Allocation Failure) 12M->6M(15M) 17.413ms
[292.991s][info][gc] GC(345) Pause Young (Allocation Failure) 10M->8M(15M) 4.187ms
[292.996s][info][gc] GC(346) Pause Young (Allocation Failure) 12M->12M(15M) 0.035ms
[293.013s][info][gc] GC(347) Pause Full (Allocation Failure) 12M->6M(15M) 17.261ms
[293.023s][info][gc] GC(348) Pause Young (Allocation Failure) 10M->8M(15M) 4.236ms
[293.028s][info][gc] GC(349) Pause Young (Allocation Failure) 13M->13M(15M) 0.036ms
[293.045s][info][gc] GC(350) Pause Full (Allocation Failure) 13M->6M(15M) 16.652ms
[293.054s][info][gc] GC(351) Pause Young (Allocation Failure) 10M->8M(15M) 4.009ms
[293.059s][info][gc] GC(352) Pause Young (Allocation Failure) 12M->12M(15M) 0.034ms
[293.076s][info][gc] GC(353) Pause Full (Allocation Failure) 12M->6M(15M) 16.990ms
[293.085s][info][gc] GC(354) Pause Young (Allocation Failure) 10M->8M(15M) 4.156ms
[293.093s][info][gc] GC(355) Pause Young (Allocation Failure) 12M->9M(15M) 3.030ms
[293.098s][info][gc] GC(356) Pause Young (Allocation Failure) 14M->14M(15M) 0.034ms
[293.117s][info][gc] GC(357) Pause Full (Allocation Failure) 14M->7M(15M) 18.670ms
[293.127s][info][gc] GC(358) Pause Young (Allocation Failure) 11M->9M(15M) 4.707ms
[293.135s][info][gc] GC(359) Pause Young (Allocation Failure) 13M->13M(15M) 0.046ms
[293.153s][info][gc] GC(360) Pause Full (Allocation Failure) 13M->6M(15M) 17.842ms
[293.162s][info][gc] GC(361) Pause Young (Allocation Failure) 10M->8M(15M) 4.236ms
[293.167s][info][gc] GC(362) Pause Young (Allocation Failure) 12M->12M(15M) 0.043ms
[293.185s][info][gc] GC(363) Pause Full (Allocation Failure) 12M->6M(15M) 17.300ms
[293.194s][info][gc] GC(364) Pause Young (Allocation Failure) 10M->8M(15M) 4.039ms
[293.199s][info][gc] GC(365) Pause Young (Allocation Failure) 12M->12M(15M) 0.032ms
[293.218s][info][gc] GC(366) Pause Full (Allocation Failure) 12M->6M(15M) 18.391ms
[293.227s][info][gc] GC(367) Pause Young (Allocation Failure) 10M->8M(15M) 4.081ms
[293.232s][info][gc] GC(368) Pause Young (Allocation Failure) 12M->12M(15M) 0.033ms
[293.249s][info][gc] GC(369) Pause Full (Allocation Failure) 12M->6M(15M) 17.135ms
[293.259s][info][gc] GC(370) Pause Young (Allocation Failure) 10M->8M(15M) 3.861ms
[293.264s][info][gc] GC(371) Pause Young (Allocation Failure) 12M->12M(15M) 0.034ms
[293.280s][info][gc] GC(372) Pause Full (Allocation Failure) 12M->6M(15M) 16.716ms
[293.290s][info][gc] GC(373) Pause Young (Allocation Failure) 10M->8M(15M) 4.128ms
[293.295s][info][gc] GC(374) Pause Young (Allocation Failure) 12M->12M(15M) 0.032ms
[293.312s][info][gc] GC(375) Pause Full (Allocation Failure) 12M->6M(15M) 17.113ms
[293.321s][info][gc] GC(376) Pause Young (Allocation Failure) 10M->8M(15M) 4.038ms
[293.326s][info][gc] GC(377) Pause Young (Allocation Failure) 12M->12M(15M) 0.032ms
[293.344s][info][gc] GC(378) Pause Full (Allocation Failure) 12M->6M(15M) 17.116ms
[293.353s][info][gc] GC(379) Pause Young (Allocation Failure) 10M->8M(15M) 4.168ms
[293.361s][info][gc] GC(380) Pause Young (Allocation Failure) 12M->9M(15M) 2.898ms
[293.366s][info][gc] GC(381) Pause Young (Allocation Failure) 14M->14M(15M) 0.033ms
[293.385s][info][gc] GC(382) Pause Full (Allocation Failure) 14M->7M(15M) 18.835ms
[293.395s][info][gc] GC(383) Pause Young (Allocation Failure) 11M->9M(15M) 4.408ms
[293.400s][info][gc] GC(384) Pause Young (Allocation Failure) 13M->13M(15M) 0.035ms
[293.417s][info][gc] GC(385) Pause Full (Allocation Failure) 13M->6M(15M) 17.264ms
[293.426s][info][gc] GC(386) Pause Young (Allocation Failure) 10M->8M(15M) 4.124ms
[293.431s][info][gc] GC(387) Pause Young (Allocation Failure) 12M->12M(15M) 0.034ms
[293.448s][info][gc] GC(388) Pause Full (Allocation Failure) 12M->6M(15M) 16.954ms
[293.457s][info][gc] GC(389) Pause Young (Allocation Failure) 10M->8M(15M) 3.937ms
[293.463s][info][gc] GC(390) Pause Young (Allocation Failure) 12M->12M(15M) 0.039ms
[293.480s][info][gc] GC(391) Pause Full (Allocation Failure) 12M->6M(15M) 17.697ms
[293.490s][info][gc] GC(392) Pause Young (Allocation Failure) 10M->8M(15M) 4.239ms
[293.495s][info][gc] GC(393) Pause Young (Allocation Failure) 12M->12M(15M) 0.039ms
[293.513s][info][gc] GC(394) Pause Full (Allocation Failure) 12M->6M(15M) 17.572ms
[293.522s][info][gc] GC(395) Pause Young (Allocation Failure) 10M->8M(15M) 4.162ms
[293.527s][info][gc] GC(396) Pause Young (Allocation Failure) 12M->12M(15M) 0.034ms
[293.544s][info][gc] GC(397) Pause Full (Allocation Failure) 12M->6M(15M) 17.095ms
[293.553s][info][gc] GC(398) Pause Young (Allocation Failure) 10M->8M(15M) 3.975ms
[293.558s][info][gc] GC(399) Pause Young (Allocation Failure) 12M->12M(15M) 0.036ms
[293.576s][info][gc] GC(400) Pause Full (Allocation Failure) 12M->6M(15M) 17.575ms
[293.586s][info][gc] GC(401) Pause Young (Allocation Failure) 10M->8M(15M) 4.219ms
[293.591s][info][gc] GC(402) Pause Young (Allocation Failure) 13M->13M(15M) 0.035ms
[293.608s][info][gc] GC(403) Pause Full (Allocation Failure) 13M->6M(15M) 17.146ms
[293.617s][info][gc] GC(404) Pause Young (Allocation Failure) 10M->8M(15M) 4.162ms
[293.625s][info][gc] GC(405) Pause Young (Allocation Failure) 12M->9M(15M) 3.045ms
[293.630s][info][gc] GC(406) Pause Young (Allocation Failure) 14M->14M(15M) 0.034ms
[293.649s][info][gc] GC(407) Pause Full (Allocation Failure) 14M->7M(15M) 18.831ms
[293.659s][info][gc] GC(408) Pause Young (Allocation Failure) 11M->9M(15M) 4.496ms
[293.664s][info][gc] GC(409) Pause Young (Allocation Failure) 13M->13M(15M) 0.035ms
[293.681s][info][gc] GC(410) Pause Full (Allocation Failure) 13M->6M(15M) 17.376ms
[293.691s][info][gc] GC(411) Pause Young (Allocation Failure) 10M->8M(15M) 4.100ms
[293.696s][info][gc] GC(412) Pause Young (Allocation Failure) 12M->12M(15M) 0.034ms
[293.713s][info][gc] GC(413) Pause Full (Allocation Failure) 12M->6M(15M) 16.994ms
[293.722s][info][gc] GC(414) Pause Young (Allocation Failure) 10M->8M(15M) 3.955ms
[293.727s][info][gc] GC(415) Pause Young (Allocation Failure) 12M->12M(15M) 0.034ms
[293.745s][info][gc] GC(416) Pause Full (Allocation Failure) 12M->6M(15M) 17.591ms
[293.755s][info][gc] GC(417) Pause Young (Allocation Failure) 10M->8M(15M) 4.342ms
[293.760s][info][gc] GC(418) Pause Young (Allocation Failure) 12M->12M(15M) 0.038ms
[293.777s][info][gc] GC(419) Pause Full (Allocation Failure) 12M->6M(15M) 17.206ms
[293.786s][info][gc] GC(420) Pause Young (Allocation Failure) 10M->8M(15M) 4.165ms
[293.791s][info][gc] GC(421) Pause Young (Allocation Failure) 12M->12M(15M) 0.034ms
[293.809s][info][gc] GC(422) Pause Full (Allocation Failure) 12M->6M(15M) 17.594ms
[293.818s][info][gc] GC(423) Pause Young (Allocation Failure) 10M->8M(15M) 4.132ms
[293.823s][info][gc] GC(424) Pause Young (Allocation Failure) 12M->12M(15M) 0.035ms
[293.841s][info][gc] GC(425) Pause Full (Allocation Failure) 12M->6M(15M) 17.699ms
[293.851s][info][gc] GC(426) Pause Young (Allocation Failure) 11M->8M(15M) 4.255ms
[293.856s][info][gc] GC(427) Pause Young (Allocation Failure) 13M->13M(15M) 0.035ms
[293.873s][info][gc] GC(428) Pause Full (Allocation Failure) 13M->6M(15M) 17.389ms
[293.882s][info][gc] GC(429) Pause Young (Allocation Failure) 10M->8M(15M) 4.143ms
[293.887s][info][gc] GC(430) Pause Young (Allocation Failure) 12M->12M(15M) 0.035ms
[293.905s][info][gc] GC(431) Pause Full (Allocation Failure) 12M->6M(15M) 17.380ms
[293.914s][info][gc] GC(432) Pause Young (Allocation Failure) 10M->8M(15M) 4.012ms
[293.919s][info][gc] GC(433) Pause Young (Allocation Failure) 12M->12M(15M) 0.035ms
[293.937s][info][gc] GC(434) Pause Full (Allocation Failure) 12M->6M(15M) 17.478ms
[293.946s][info][gc] GC(435) Pause Young (Allocation Failure) 10M->8M(15M) 4.233ms
[293.951s][info][gc] GC(436) Pause Young (Allocation Failure) 12M->12M(15M) 0.034ms
[293.968s][info][gc] GC(437) Pause Full (Allocation Failure) 12M->6M(15M) 17.377ms
[293.978s][info][gc] GC(438) Pause Young (Allocation Failure) 10M->8M(15M) 4.107ms
[293.983s][info][gc] GC(439) Pause Young (Allocation Failure) 13M->13M(15M) 0.034ms
[294.001s][info][gc] GC(440) Pause Full (Allocation Failure) 13M->5M(15M) 17.229ms
[294.010s][info][gc] GC(441) Pause Young (Allocation Failure) 10M->8M(15M) 3.942ms
[294.018s][info][gc] GC(442) Pause Young (Allocation Failure) 12M->9M(15M) 3.044ms
[294.023s][info][gc] GC(443) Pause Young (Allocation Failure) 14M->14M(15M) 0.034ms
[294.042s][info][gc] GC(444) Pause Full (Allocation Failure) 14M->7M(15M) 19.281ms
[294.052s][info][gc] GC(445) Pause Young (Allocation Failure) 11M->9M(15M) 4.474ms
[294.057s][info][gc] GC(446) Pause Young (Allocation Failure) 13M->13M(15M) 0.034ms
[294.074s][info][gc] GC(447) Pause Full (Allocation Failure) 13M->6M(15M) 17.579ms
[294.084s][info][gc] GC(448) Pause Young (Allocation Failure) 11M->8M(15M) 4.219ms
[294.089s][info][gc] GC(449) Pause Young (Allocation Failure) 13M->13M(15M) 0.035ms
[294.106s][info][gc] GC(450) Pause Full (Allocation Failure) 13M->6M(15M) 17.362ms
[294.116s][info][gc] GC(451) Pause Young (Allocation Failure) 10M->8M(15M) 4.170ms
[294.121s][info][gc] GC(452) Pause Young (Allocation Failure) 12M->12M(15M) 0.044ms
[294.139s][info][gc] GC(453) Pause Full (Allocation Failure) 12M->6M(15M) 18.257ms
[294.149s][info][gc] GC(454) Pause Young (Allocation Failure) 10M->8M(15M) 3.947ms
[294.157s][info][gc] GC(455) Pause Young (Allocation Failure) 12M->9M(15M) 3.039ms
[294.162s][info][gc] GC(456) Pause Young (Allocation Failure) 14M->14M(15M) 0.034ms
[294.180s][info][gc] GC(457) Pause Full (Allocation Failure) 14M->7M(15M) 18.580ms
[294.190s][info][gc] GC(458) Pause Young (Allocation Failure) 11M->9M(15M) 4.083ms
[294.195s][info][gc] GC(459) Pause Young (Allocation Failure) 13M->13M(15M) 0.033ms
[294.212s][info][gc] GC(460) Pause Full (Allocation Failure) 13M->6M(15M) 17.576ms
[294.222s][info][gc] GC(461) Pause Young (Allocation Failure) 10M->8M(15M) 3.945ms
[294.226s][info][gc] GC(462) Pause Young (Allocation Failure) 13M->13M(15M) 0.031ms
[294.244s][info][gc] GC(463) Pause Full (Allocation Failure) 13M->6M(15M) 17.506ms
[294.254s][info][gc] GC(464) Pause Young (Allocation Failure) 10M->8M(15M) 4.240ms
[294.259s][info][gc] GC(465) Pause Young (Allocation Failure) 13M->13M(15M) 0.040ms
[294.276s][info][gc] GC(466) Pause Full (Allocation Failure) 13M->6M(15M) 17.247ms
[294.286s][info][gc] GC(467) Pause Young (Allocation Failure) 10M->8M(15M) 4.076ms
[294.291s][info][gc] GC(468) Pause Young (Allocation Failure) 12M->12M(15M) 0.032ms
[294.308s][info][gc] GC(469) Pause Full (Allocation Failure) 12M->6M(15M) 17.530ms
[294.317s][info][gc] GC(470) Pause Young (Allocation Failure) 11M->8M(15M) 4.126ms
[294.323s][info][gc] GC(471) Pause Young (Allocation Failure) 13M->13M(15M) 0.033ms
[294.340s][info][gc] GC(472) Pause Full (Allocation Failure) 13M->6M(15M) 17.883ms
[294.350s][info][gc] GC(473) Pause Young (Allocation Failure) 11M->8M(15M) 4.017ms
[294.355s][info][gc] GC(474) Pause Young (Allocation Failure) 13M->13M(15M) 0.035ms
[294.372s][info][gc] GC(475) Pause Full (Allocation Failure) 13M->6M(15M) 17.372ms
[294.382s][info][gc] GC(476) Pause Young (Allocation Failure) 10M->8M(15M) 4.133ms
[294.387s][info][gc] GC(477) Pause Young (Allocation Failure) 13M->13M(15M) 0.033ms
[294.404s][info][gc] GC(478) Pause Full (Allocation Failure) 13M->6M(15M) 17.224ms
[294.413s][info][gc] GC(479) Pause Young (Allocation Failure) 10M->8M(15M) 4.113ms
[294.418s][info][gc] GC(480) Pause Young (Allocation Failure) 12M->12M(15M) 0.034ms
[294.435s][info][gc] GC(481) Pause Full (Allocation Failure) 12M->6M(15M) 17.351ms
[294.445s][info][gc] GC(482) Pause Young (Allocation Failure) 10M->8M(15M) 4.220ms
[294.450s][info][gc] GC(483) Pause Young (Allocation Failure) 13M->13M(15M) 0.034ms
[294.468s][info][gc] GC(484) Pause Full (Allocation Failure) 13M->6M(15M) 17.531ms
[294.477s][info][gc] GC(485) Pause Young (Allocation Failure) 10M->8M(15M) 4.179ms
[294.482s][info][gc] GC(486) Pause Young (Allocation Failure) 12M->12M(15M) 0.034ms
[294.499s][info][gc] GC(487) Pause Full (Allocation Failure) 12M->6M(15M) 17.312ms
[294.509s][info][gc] GC(488) Pause Young (Allocation Failure) 10M->8M(15M) 4.092ms
[294.514s][info][gc] GC(489) Pause Young (Allocation Failure) 12M->12M(15M) 0.036ms
[294.531s][info][gc] GC(490) Pause Full (Allocation Failure) 12M->6M(15M) 17.613ms
[294.541s][info][gc] GC(491) Pause Young (Allocation Failure) 10M->8M(15M) 4.227ms
[294.546s][info][gc] GC(492) Pause Young (Allocation Failure) 12M->12M(15M) 0.036ms
[294.563s][info][gc] GC(493) Pause Full (Allocation Failure) 12M->6M(15M) 17.505ms
[294.573s][info][gc] GC(494) Pause Young (Allocation Failure) 10M->8M(15M) 4.176ms
[294.578s][info][gc] GC(495) Pause Young (Allocation Failure) 13M->13M(15M) 0.035ms
[294.596s][info][gc] GC(496) Pause Full (Allocation Failure) 13M->6M(15M) 17.727ms
[294.605s][info][gc] GC(497) Pause Young (Allocation Failure) 11M->8M(15M) 4.202ms
[294.610s][info][gc] GC(498) Pause Young (Allocation Failure) 13M->13M(15M) 0.034ms
[294.627s][info][gc] GC(499) Pause Full (Allocation Failure) 13M->6M(15M) 17.058ms
[294.637s][info][gc] GC(500) Pause Young (Allocation Failure) 10M->8M(15M) 4.262ms
[294.642s][info][gc] GC(501) Pause Young (Allocation Failure) 12M->12M(15M) 0.034ms
[294.659s][info][gc] GC(502) Pause Full (Allocation Failure) 12M->6M(15M) 17.505ms
[294.669s][info][gc] GC(503) Pause Young (Allocation Failure) 10M->8M(15M) 4.237ms
[294.674s][info][gc] GC(504) Pause Young (Allocation Failure) 12M->12M(15M) 0.034ms
[294.691s][info][gc] GC(505) Pause Full (Allocation Failure) 12M->6M(15M) 17.441ms
[294.701s][info][gc] GC(506) Pause Young (Allocation Failure) 10M->8M(15M) 4.187ms
[294.706s][info][gc] GC(507) Pause Young (Allocation Failure) 13M->13M(15M) 0.035ms
[294.723s][info][gc] GC(508) Pause Full (Allocation Failure) 13M->6M(15M) 17.509ms
[294.733s][info][gc] GC(509) Pause Young (Allocation Failure) 10M->8M(15M) 3.948ms
[294.738s][info][gc] GC(510) Pause Young (Allocation Failure) 12M->12M(15M) 0.036ms
[294.755s][info][gc] GC(511) Pause Full (Allocation Failure) 12M->6M(15M) 17.837ms
[294.765s][info][gc] GC(512) Pause Young (Allocation Failure) 11M->8M(15M) 4.275ms
[294.770s][info][gc] GC(513) Pause Young (Allocation Failure) 13M->13M(15M) 0.036ms
[294.788s][info][gc] GC(514) Pause Full (Allocation Failure) 13M->6M(15M) 17.518ms
[294.797s][info][gc] GC(515) Pause Young (Allocation Failure) 10M->8M(15M) 4.089ms
[294.802s][info][gc] GC(516) Pause Young (Allocation Failure) 12M->12M(15M) 0.034ms
[294.820s][info][gc] GC(517) Pause Full (Allocation Failure) 12M->6M(15M) 17.327ms
[294.829s][info][gc] GC(518) Pause Young (Allocation Failure) 10M->8M(15M) 3.907ms
[294.834s][info][gc] GC(519) Pause Young (Allocation Failure) 12M->12M(15M) 0.043ms
[294.851s][info][gc] GC(520) Pause Full (Allocation Failure) 12M->6M(15M) 17.683ms
[294.861s][info][gc] GC(521) Pause Young (Allocation Failure) 10M->8M(15M) 4.165ms
[294.866s][info][gc] GC(522) Pause Young (Allocation Failure) 13M->13M(15M) 0.034ms
[294.884s][info][gc] GC(523) Pause Full (Allocation Failure) 13M->6M(15M) 17.667ms
[294.893s][info][gc] GC(524) Pause Young (Allocation Failure) 10M->8M(15M) 4.086ms
[294.898s][info][gc] GC(525) Pause Young (Allocation Failure) 13M->13M(15M) 0.034ms
[294.915s][info][gc] GC(526) Pause Full (Allocation Failure) 13M->5M(15M) 16.920ms
[294.924s][info][gc] GC(527) Pause Young (Allocation Failure) 10M->8M(15M) 3.919ms
[294.932s][info][gc] GC(528) Pause Young (Allocation Failure) 12M->9M(15M) 3.037ms
[294.937s][info][gc] GC(529) Pause Young (Allocation Failure) 14M->14M(15M) 0.034ms
[294.957s][info][gc] GC(530) Pause Full (Allocation Failure) 14M->7M(15M) 19.426ms
[294.967s][info][gc] GC(531) Pause Young (Allocation Failure) 11M->9M(15M) 4.494ms
[294.972s][info][gc] GC(532) Pause Young (Allocation Failure) 13M->13M(15M) 0.035ms
[294.989s][info][gc] GC(533) Pause Full (Allocation Failure) 13M->6M(15M) 17.825ms
[294.999s][info][gc] GC(534) Pause Young (Allocation Failure) 11M->8M(15M) 4.141ms
[295.004s][info][gc] GC(535) Pause Young (Allocation Failure) 13M->13M(15M) 0.036ms
[295.022s][info][gc] GC(536) Pause Full (Allocation Failure) 13M->6M(15M) 17.584ms
[295.031s][info][gc] GC(537) Pause Young (Allocation Failure) 11M->8M(15M) 3.989ms
[295.036s][info][gc] GC(538) Pause Young (Allocation Failure) 13M->13M(15M) 0.035ms
[295.053s][info][gc] GC(539) Pause Full (Allocation Failure) 13M->6M(15M) 17.478ms
[295.063s][info][gc] GC(540) Pause Young (Allocation Failure) 10M->8M(15M) 4.130ms
[295.068s][info][gc] GC(541) Pause Young (Allocation Failure) 12M->12M(15M) 0.038ms
[295.086s][info][gc] GC(542) Pause Full (Allocation Failure) 12M->6M(15M) 17.810ms
[295.095s][info][gc] GC(543) Pause Young (Allocation Failure) 11M->8M(15M) 3.990ms
[295.100s][info][gc] GC(544) Pause Young (Allocation Failure) 13M->13M(15M) 0.035ms
[295.118s][info][gc] GC(545) Pause Full (Allocation Failure) 13M->6M(15M) 18.040ms
[295.128s][info][gc] GC(546) Pause Young (Allocation Failure) 11M->8M(15M) 4.696ms
[295.133s][info][gc] GC(547) Pause Young (Allocation Failure) 13M->13M(15M) 0.042ms
[295.151s][info][gc] GC(548) Pause Full (Allocation Failure) 13M->6M(15M) 18.062ms
[295.161s][info][gc] GC(549) Pause Young (Allocation Failure) 11M->8M(15M) 4.172ms
[295.166s][info][gc] GC(550) Pause Young (Allocation Failure) 13M->13M(15M) 0.035ms
[295.183s][info][gc] GC(551) Pause Full (Allocation Failure) 13M->6M(15M) 17.452ms
[295.193s][info][gc] GC(552) Pause Young (Allocation Failure) 10M->8M(15M) 4.352ms
[295.202s][info][gc] GC(553) Pause Young (Allocation Failure) 12M->9M(15M) 3.491ms
[295.207s][info][gc] GC(554) Pause Young (Allocation Failure) 14M->14M(15M) 0.048ms
[295.227s][info][gc] GC(555) Pause Full (Allocation Failure) 14M->7M(15M) 20.572ms
[295.237s][info][gc] GC(556) Pause Young (Allocation Failure) 11M->9M(15M) 4.310ms
[295.242s][info][gc] GC(557) Pause Young (Allocation Failure) 13M->13M(15M) 0.032ms
[295.260s][info][gc] GC(558) Pause Full (Allocation Failure) 13M->6M(15M) 18.152ms
[295.270s][info][gc] GC(559) Pause Young (Allocation Failure) 11M->8M(15M) 4.187ms
[295.275s][info][gc] GC(560) Pause Young (Allocation Failure) 13M->13M(15M) 0.032ms
[295.292s][info][gc] GC(561) Pause Full (Allocation Failure) 13M->6M(15M) 17.168ms
[295.301s][info][gc] GC(562) Pause Young (Allocation Failure) 10M->8M(15M) 3.841ms
[295.306s][info][gc] GC(563) Pause Young (Allocation Failure) 12M->12M(15M) 0.031ms
[295.324s][info][gc] GC(564) Pause Full (Allocation Failure) 12M->6M(15M) 17.492ms
[295.333s][info][gc] GC(565) Pause Young (Allocation Failure) 10M->8M(15M) 4.323ms
[295.339s][info][gc] GC(566) Pause Young (Allocation Failure) 12M->12M(15M) 0.039ms
[295.356s][info][gc] GC(567) Pause Full (Allocation Failure) 12M->6M(15M) 17.432ms
[295.366s][info][gc] GC(568) Pause Young (Allocation Failure) 10M->8M(15M) 4.131ms
[295.371s][info][gc] GC(569) Pause Young (Allocation Failure) 13M->13M(15M) 0.033ms
[295.388s][info][gc] GC(570) Pause Full (Allocation Failure) 13M->6M(15M) 17.586ms
[295.398s][info][gc] GC(571) Pause Young (Allocation Failure) 11M->8M(15M) 4.257ms
[295.403s][info][gc] GC(572) Pause Young (Allocation Failure) 13M->13M(15M) 0.035ms
[295.421s][info][gc] GC(573) Pause Full (Allocation Failure) 13M->6M(15M) 17.759ms
[295.430s][info][gc] GC(574) Pause Young (Allocation Failure) 11M->8M(15M) 4.223ms
[295.435s][info][gc] GC(575) Pause Young (Allocation Failure) 13M->13M(15M) 0.036ms
[295.453s][info][gc] GC(576) Pause Full (Allocation Failure) 13M->6M(15M) 17.626ms
[295.462s][info][gc] GC(577) Pause Young (Allocation Failure) 10M->8M(15M) 4.174ms
[295.468s][info][gc] GC(578) Pause Young (Allocation Failure) 12M->12M(15M) 0.036ms
[295.485s][info][gc] GC(579) Pause Full (Allocation Failure) 12M->6M(15M) 17.265ms
[295.494s][info][gc] GC(580) Pause Young (Allocation Failure) 10M->8M(15M) 3.924ms
[295.499s][info][gc] GC(581) Pause Young (Allocation Failure) 12M->12M(15M) 0.036ms
[295.517s][info][gc] GC(582) Pause Full (Allocation Failure) 12M->6M(15M) 17.789ms
[295.526s][info][gc] GC(583) Pause Young (Allocation Failure) 11M->8M(15M) 4.228ms
[295.531s][info][gc] GC(584) Pause Young (Allocation Failure) 13M->13M(15M) 0.034ms
[295.549s][info][gc] GC(585) Pause Full (Allocation Failure) 13M->6M(15M) 17.544ms
[295.558s][info][gc] GC(586) Pause Young (Allocation Failure) 10M->8M(15M) 4.121ms
[295.563s][info][gc] GC(587) Pause Young (Allocation Failure) 13M->13M(15M) 0.034ms
[295.581s][info][gc] GC(588) Pause Full (Allocation Failure) 13M->6M(15M) 17.324ms
[295.590s][info][gc] GC(589) Pause Young (Allocation Failure) 10M->8M(15M) 3.952ms
[295.598s][info][gc] GC(590) Pause Young (Allocation Failure) 12M->9M(15M) 3.099ms
[295.603s][info][gc] GC(591) Pause Young (Allocation Failure) 14M->14M(15M) 0.036ms
[295.622s][info][gc] GC(592) Pause Full (Allocation Failure) 14M->7M(15M) 18.987ms
[295.632s][info][gc] GC(593) Pause Young (Allocation Failure) 11M->9M(15M) 4.379ms
[295.637s][info][gc] GC(594) Pause Young (Allocation Failure) 13M->13M(15M) 0.065ms
[295.655s][info][gc] GC(595) Pause Full (Allocation Failure) 13M->6M(15M) 18.387ms
[295.665s][info][gc] GC(596) Pause Young (Allocation Failure) 11M->8M(15M) 4.241ms
[295.670s][info][gc] GC(597) Pause Young (Allocation Failure) 13M->13M(15M) 0.035ms
[295.688s][info][gc] GC(598) Pause Full (Allocation Failure) 13M->6M(15M) 17.496ms
[295.697s][info][gc] GC(599) Pause Young (Allocation Failure) 11M->8M(15M) 3.938ms
[295.702s][info][gc] GC(600) Pause Young (Allocation Failure) 13M->13M(15M) 0.036ms
[295.719s][info][gc] GC(601) Pause Full (Allocation Failure) 13M->6M(15M) 17.634ms
[295.729s][info][gc] GC(602) Pause Young (Allocation Failure) 10M->8M(15M) 4.248ms
[295.734s][info][gc] GC(603) Pause Young (Allocation Failure) 12M->12M(15M) 0.036ms
[295.752s][info][gc] GC(604) Pause Full (Allocation Failure) 12M->6M(15M) 17.682ms
[295.761s][info][gc] GC(605) Pause Young (Allocation Failure) 10M->8M(15M) 4.105ms
[295.766s][info][gc] GC(606) Pause Young (Allocation Failure) 13M->13M(15M) 0.035ms
[295.784s][info][gc] GC(607) Pause Full (Allocation Failure) 13M->6M(15M) 17.212ms
[295.793s][info][gc] GC(608) Pause Young (Allocation Failure) 10M->8M(15M) 3.998ms
[295.798s][info][gc] GC(609) Pause Young (Allocation Failure) 12M->12M(15M) 0.036ms
[295.816s][info][gc] GC(610) Pause Full (Allocation Failure) 12M->6M(15M) 17.667ms
[295.825s][info][gc] GC(611) Pause Young (Allocation Failure) 11M->8M(15M) 4.257ms
[295.830s][info][gc] GC(612) Pause Young (Allocation Failure) 13M->13M(15M) 0.036ms
[295.848s][info][gc] GC(613) Pause Full (Allocation Failure) 13M->6M(15M) 18.086ms
[295.858s][info][gc] GC(614) Pause Young (Allocation Failure) 10M->8M(15M) 4.334ms
[295.863s][info][gc] GC(615) Pause Young (Allocation Failure) 12M->12M(15M) 0.037ms
[295.881s][info][gc] GC(616) Pause Full (Allocation Failure) 12M->6M(15M) 17.484ms
[295.890s][info][gc] GC(617) Pause Young (Allocation Failure) 10M->8M(15M) 3.989ms
[295.895s][info][gc] GC(618) Pause Young (Allocation Failure) 12M->12M(15M) 0.035ms
[295.913s][info][gc] GC(619) Pause Full (Allocation Failure) 12M->6M(15M) 17.703ms
[295.922s][info][gc] GC(620) Pause Young (Allocation Failure) 11M->8M(15M) 4.140ms
[295.927s][info][gc] GC(621) Pause Young (Allocation Failure) 13M->13M(15M) 0.034ms
[295.945s][info][gc] GC(622) Pause Full (Allocation Failure) 13M->6M(15M) 17.951ms
[295.955s][info][gc] GC(623) Pause Young (Allocation Failure) 11M->8M(15M) 4.013ms
[295.960s][info][gc] GC(624) Pause Young (Allocation Failure) 13M->13M(15M) 0.034ms
[295.978s][info][gc] GC(625) Pause Full (Allocation Failure) 13M->6M(15M) 18.007ms
[295.987s][info][gc] GC(626) Pause Young (Allocation Failure) 10M->8M(15M) 4.268ms
[295.992s][info][gc] GC(627) Pause Young (Allocation Failure) 12M->12M(15M) 0.036ms
[296.010s][info][gc] GC(628) Pause Full (Allocation Failure) 12M->6M(15M) 17.909ms
[296.020s][info][gc] GC(629) Pause Young (Allocation Failure) 11M->8M(15M) 4.353ms
[296.025s][info][gc] GC(630) Pause Young (Allocation Failure) 13M->13M(15M) 0.036ms
[296.043s][info][gc] GC(631) Pause Full (Allocation Failure) 13M->6M(15M) 17.727ms
[296.052s][info][gc] GC(632) Pause Young (Allocation Failure) 11M->8M(15M) 4.128ms
[296.057s][info][gc] GC(633) Pause Young (Allocation Failure) 13M->13M(15M) 0.034ms
[296.075s][info][gc] GC(634) Pause Full (Allocation Failure) 13M->6M(15M) 17.892ms
[296.084s][info][gc] GC(635) Pause Young (Allocation Failure) 11M->8M(15M) 4.033ms
[296.089s][info][gc] GC(636) Pause Young (Allocation Failure) 13M->13M(15M) 0.034ms
[296.107s][info][gc] GC(637) Pause Full (Allocation Failure) 13M->6M(15M) 17.870ms
[296.117s][info][gc] GC(638) Pause Young (Allocation Failure) 10M->8M(15M) 4.220ms
[296.122s][info][gc] GC(639) Pause Young (Allocation Failure) 12M->12M(15M) 0.042ms
[296.141s][info][gc] GC(640) Pause Full (Allocation Failure) 12M->6M(15M) 19.266ms
[296.150s][info][gc] GC(641) Pause Young (Allocation Failure) 11M->8M(15M) 3.857ms
[296.156s][info][gc] GC(642) Pause Young (Allocation Failure) 13M->13M(15M) 0.040ms
[296.174s][info][gc] GC(643) Pause Full (Allocation Failure) 13M->6M(15M) 17.951ms
[296.183s][info][gc] GC(644) Pause Young (Allocation Failure) 11M->8M(15M) 3.988ms
[296.188s][info][gc] GC(645) Pause Young (Allocation Failure) 13M->13M(15M) 0.032ms
[296.205s][info][gc] GC(646) Pause Full (Allocation Failure) 13M->6M(15M) 17.574ms
[296.215s][info][gc] GC(647) Pause Young (Allocation Failure) 11M->8M(15M) 4.282ms
[296.221s][info][gc] GC(648) Pause Young (Allocation Failure) 13M->13M(15M) 0.043ms
[296.239s][info][gc] GC(649) Pause Full (Allocation Failure) 13M->6M(15M) 18.055ms
[296.248s][info][gc] GC(650) Pause Young (Allocation Failure) 10M->8M(15M) 4.168ms
[296.254s][info][gc] GC(651) Pause Young (Allocation Failure) 12M->12M(15M) 0.046ms
[296.272s][info][gc] GC(652) Pause Full (Allocation Failure) 12M->6M(15M) 18.305ms
[296.282s][info][gc] GC(653) Pause Young (Allocation Failure) 11M->8M(15M) 4.372ms
[296.287s][info][gc] GC(654) Pause Young (Allocation Failure) 13M->13M(15M) 0.041ms
[296.305s][info][gc] GC(655) Pause Full (Allocation Failure) 13M->6M(15M) 17.996ms
[296.314s][info][gc] GC(656) Pause Young (Allocation Failure) 11M->8M(15M) 3.909ms
[296.320s][info][gc] GC(657) Pause Young (Allocation Failure) 13M->13M(15M) 0.033ms
[296.337s][info][gc] GC(658) Pause Full (Allocation Failure) 13M->6M(15M) 17.114ms
[296.346s][info][gc] GC(659) Pause Young (Allocation Failure) 10M->8M(15M) 3.859ms
[296.352s][info][gc] GC(660) Pause Young (Allocation Failure) 12M->12M(15M) 0.035ms
[296.369s][info][gc] GC(661) Pause Full (Allocation Failure) 12M->6M(15M) 17.595ms
[296.379s][info][gc] GC(662) Pause Young (Allocation Failure) 10M->8M(15M) 3.956ms
[296.384s][info][gc] GC(663) Pause Young (Allocation Failure) 12M->12M(15M) 0.032ms
[296.401s][info][gc] GC(664) Pause Full (Allocation Failure) 12M->6M(15M) 17.780ms
[296.411s][info][gc] GC(665) Pause Young (Allocation Failure) 11M->8M(15M) 4.044ms
[296.416s][info][gc] GC(666) Pause Young (Allocation Failure) 13M->13M(15M) 0.033ms
[296.433s][info][gc] GC(667) Pause Full (Allocation Failure) 13M->6M(15M) 17.185ms
[296.442s][info][gc] GC(668) Pause Young (Allocation Failure) 10M->8M(15M) 3.774ms
[296.447s][info][gc] GC(669) Pause Young (Allocation Failure) 12M->12M(15M) 0.033ms
[296.465s][info][gc] GC(670) Pause Full (Allocation Failure) 12M->6M(15M) 17.674ms
[296.475s][info][gc] GC(671) Pause Young (Allocation Failure) 11M->8M(15M) 4.355ms
[296.480s][info][gc] GC(672) Pause Young (Allocation Failure) 13M->13M(15M) 0.035ms
[296.498s][info][gc] GC(673) Pause Full (Allocation Failure) 13M->6M(15M) 17.802ms
[296.507s][info][gc] GC(674) Pause Young (Allocation Failure) 10M->8M(15M) 3.951ms
[296.512s][info][gc] GC(675) Pause Young (Allocation Failure) 12M->12M(15M) 0.033ms
[296.530s][info][gc] GC(676) Pause Full (Allocation Failure) 12M->6M(15M) 17.997ms
[296.540s][info][gc] GC(677) Pause Young (Allocation Failure) 11M->9M(15M) 4.239ms
[296.544s][info][gc] GC(678) Pause Young (Allocation Failure) 13M->13M(15M) 0.036ms
[296.563s][info][gc] GC(679) Pause Full (Allocation Failure) 13M->6M(15M) 17.974ms
[296.572s][info][gc] GC(680) Pause Young (Allocation Failure) 11M->8M(15M) 4.066ms
[296.577s][info][gc] GC(681) Pause Young (Allocation Failure) 13M->13M(15M) 0.035ms
[296.595s][info][gc] GC(682) Pause Full (Allocation Failure) 13M->6M(15M) 17.937ms
[296.605s][info][gc] GC(683) Pause Young (Allocation Failure) 11M->8M(15M) 4.124ms
[296.610s][info][gc] GC(684) Pause Young (Allocation Failure) 13M->13M(15M) 0.036ms
[296.628s][info][gc] GC(685) Pause Full (Allocation Failure) 13M->6M(15M) 17.980ms
[296.637s][info][gc] GC(686) Pause Young (Allocation Failure) 10M->8M(15M) 4.258ms
[296.642s][info][gc] GC(687) Pause Young (Allocation Failure) 12M->12M(15M) 0.036ms
[296.660s][info][gc] GC(688) Pause Full (Allocation Failure) 12M->6M(15M) 17.922ms
[296.670s][info][gc] GC(689) Pause Young (Allocation Failure) 11M->8M(15M) 4.078ms
[296.675s][info][gc] GC(690) Pause Young (Allocation Failure) 13M->13M(15M) 0.037ms
[296.693s][info][gc] GC(691) Pause Full (Allocation Failure) 13M->7M(15M) 18.122ms
[296.702s][info][gc] GC(692) Pause Young (Allocation Failure) 11M->9M(15M) 4.195ms
[296.707s][info][gc] GC(693) Pause Young (Allocation Failure) 13M->13M(15M) 0.034ms
[296.725s][info][gc] GC(694) Pause Full (Allocation Failure) 13M->6M(15M) 18.048ms
[296.735s][info][gc] GC(695) Pause Young (Allocation Failure) 11M->9M(15M) 4.236ms
[296.740s][info][gc] GC(696) Pause Young (Allocation Failure) 13M->13M(15M) 0.036ms
[296.759s][info][gc] GC(697) Pause Full (Allocation Failure) 13M->6M(15M) 18.262ms
[296.768s][info][gc] GC(698) Pause Young (Allocation Failure) 10M->8M(15M) 4.027ms
[296.773s][info][gc] GC(699) Pause Young (Allocation Failure) 12M->12M(15M) 0.034ms
[296.791s][info][gc] GC(700) Pause Full (Allocation Failure) 12M->7M(15M) 18.114ms
[296.801s][info][gc] GC(701) Pause Young (Allocation Failure) 11M->9M(15M) 4.175ms
[296.805s][info][gc] GC(702) Pause Young (Allocation Failure) 13M->13M(15M) 0.035ms
[296.824s][info][gc] GC(703) Pause Full (Allocation Failure) 13M->6M(15M) 17.981ms
[296.833s][info][gc] GC(704) Pause Young (Allocation Failure) 11M->8M(15M) 3.925ms
[296.838s][info][gc] GC(705) Pause Young (Allocation Failure) 13M->13M(15M) 0.035ms
[296.856s][info][gc] GC(706) Pause Full (Allocation Failure) 13M->7M(15M) 18.442ms
[296.866s][info][gc] GC(707) Pause Young (Allocation Failure) 11M->9M(15M) 4.146ms
[296.871s][info][gc] GC(708) Pause Young (Allocation Failure) 13M->13M(15M) 0.036ms
[296.889s][info][gc] GC(709) Pause Full (Allocation Failure) 13M->6M(15M) 18.287ms
[296.899s][info][gc] GC(710) Pause Young (Allocation Failure) 10M->8M(15M) 4.172ms
[296.904s][info][gc] GC(711) Pause Young (Allocation Failure) 12M->12M(15M) 0.039ms
[296.922s][info][gc] GC(712) Pause Full (Allocation Failure) 12M->6M(15M) 18.368ms
[296.932s][info][gc] GC(713) Pause Young (Allocation Failure) 11M->8M(15M) 3.988ms
[296.937s][info][gc] GC(714) Pause Young (Allocation Failure) 13M->13M(15M) 0.038ms
[296.955s][info][gc] GC(715) Pause Full (Allocation Failure) 13M->6M(15M) 18.311ms
[296.965s][info][gc] GC(716) Pause Young (Allocation Failure) 11M->9M(15M) 4.311ms
[296.970s][info][gc] GC(717) Pause Young (Allocation Failure) 13M->13M(15M) 0.034ms
[296.988s][info][gc] GC(718) Pause Full (Allocation Failure) 13M->6M(15M) 18.062ms
[296.998s][info][gc] GC(719) Pause Young (Allocation Failure) 11M->8M(15M) 4.181ms
[297.003s][info][gc] GC(720) Pause Young (Allocation Failure) 13M->13M(15M) 0.035ms
[297.022s][info][gc] GC(721) Pause Full (Allocation Failure) 13M->6M(15M) 18.098ms
[297.031s][info][gc] GC(722) Pause Young (Allocation Failure) 10M->8M(15M) 4.141ms
[297.037s][info][gc] GC(723) Pause Young (Allocation Failure) 12M->12M(15M) 0.037ms
[297.054s][info][gc] GC(724) Pause Full (Allocation Failure) 12M->6M(15M) 17.478ms
[297.064s][info][gc] GC(725) Pause Young (Allocation Failure) 10M->8M(15M) 3.938ms
[297.069s][info][gc] GC(726) Pause Young (Allocation Failure) 12M->12M(15M) 0.035ms
[297.087s][info][gc] GC(727) Pause Full (Allocation Failure) 12M->6M(15M) 17.871ms
[297.096s][info][gc] GC(728) Pause Young (Allocation Failure) 11M->9M(15M) 4.180ms
[297.101s][info][gc] GC(729) Pause Young (Allocation Failure) 13M->13M(15M) 0.034ms
[297.119s][info][gc] GC(730) Pause Full (Allocation Failure) 13M->6M(15M) 18.251ms
[297.129s][info][gc] GC(731) Pause Young (Allocation Failure) 11M->9M(15M) 4.528ms
[297.135s][info][gc] GC(732) Pause Young (Allocation Failure) 13M->13M(15M) 0.043ms
[297.153s][info][gc] GC(733) Pause Full (Allocation Failure) 13M->6M(15M) 18.539ms
[297.163s][info][gc] GC(734) Pause Young (Allocation Failure) 10M->8M(15M) 4.152ms
[297.168s][info][gc] GC(735) Pause Young (Allocation Failure) 12M->12M(15M) 0.037ms
[297.186s][info][gc] GC(736) Pause Full (Allocation Failure) 12M->6M(15M) 17.916ms
[297.195s][info][gc] GC(737) Pause Young (Allocation Failure) 11M->8M(15M) 3.929ms
[297.200s][info][gc] GC(738) Pause Young (Allocation Failure) 13M->13M(15M) 0.032ms
[297.219s][info][gc] GC(739) Pause Full (Allocation Failure) 13M->6M(15M) 18.486ms
[297.228s][info][gc] GC(740) Pause Young (Allocation Failure) 11M->9M(15M) 3.872ms
[297.233s][info][gc] GC(741) Pause Young (Allocation Failure) 13M->13M(15M) 0.033ms
[297.251s][info][gc] GC(742) Pause Full (Allocation Failure) 13M->7M(15M) 18.192ms
[297.261s][info][gc] GC(743) Pause Young (Allocation Failure) 11M->9M(15M) 4.188ms
[297.266s][info][gc] GC(744) Pause Young (Allocation Failure) 13M->13M(15M) 0.032ms
[297.284s][info][gc] GC(745) Pause Full (Allocation Failure) 13M->6M(15M) 17.783ms
[297.293s][info][gc] GC(746) Pause Young (Allocation Failure) 10M->8M(15M) 3.868ms
[297.298s][info][gc] GC(747) Pause Young (Allocation Failure) 12M->12M(15M) 0.032ms
[297.316s][info][gc] GC(748) Pause Full (Allocation Failure) 12M->6M(15M) 17.963ms
[297.326s][info][gc] GC(749) Pause Young (Allocation Failure) 11M->9M(15M) 4.118ms
[297.331s][info][gc] GC(750) Pause Young (Allocation Failure) 13M->13M(15M) 0.034ms
[297.349s][info][gc] GC(751) Pause Full (Allocation Failure) 13M->6M(15M) 18.293ms
[297.359s][info][gc] GC(752) Pause Young (Allocation Failure) 11M->9M(15M) 4.152ms
[297.364s][info][gc] GC(753) Pause Young (Allocation Failure) 13M->13M(15M) 0.033ms
[297.382s][info][gc] GC(754) Pause Full (Allocation Failure) 13M->7M(15M) 18.549ms
[297.392s][info][gc] GC(755) Pause Young (Allocation Failure) 11M->9M(15M) 4.215ms
[297.397s][info][gc] GC(756) Pause Young (Allocation Failure) 13M->13M(15M) 0.035ms
[297.415s][info][gc] GC(757) Pause Full (Allocation Failure) 13M->6M(15M) 18.210ms
[297.425s][info][gc] GC(758) Pause Young (Allocation Failure) 10M->8M(15M) 4.256ms
[297.430s][info][gc] GC(759) Pause Young (Allocation Failure) 12M->12M(15M) 0.034ms
[297.448s][info][gc] GC(760) Pause Full (Allocation Failure) 12M->6M(15M) 18.037ms
[297.458s][info][gc] GC(761) Pause Young (Allocation Failure) 11M->8M(15M) 4.224ms
[297.463s][info][gc] GC(762) Pause Young (Allocation Failure) 13M->13M(15M) 0.036ms
[297.481s][info][gc] GC(763) Pause Full (Allocation Failure) 13M->6M(15M) 17.998ms
[297.490s][info][gc] GC(764) Pause Young (Allocation Failure) 11M->8M(15M) 3.970ms
[297.495s][info][gc] GC(765) Pause Young (Allocation Failure) 13M->13M(15M) 0.034ms
[297.513s][info][gc] GC(766) Pause Full (Allocation Failure) 13M->7M(15M) 18.280ms
[297.523s][info][gc] GC(767) Pause Young (Allocation Failure) 11M->9M(15M) 4.215ms
[297.528s][info][gc] GC(768) Pause Young (Allocation Failure) 13M->13M(15M) 0.035ms
[297.546s][info][gc] GC(769) Pause Full (Allocation Failure) 13M->6M(15M) 18.069ms
[297.555s][info][gc] GC(770) Pause Young (Allocation Failure) 10M->8M(15M) 4.074ms
[297.560s][info][gc] GC(771) Pause Young (Allocation Failure) 12M->12M(15M) 0.034ms
[297.578s][info][gc] GC(772) Pause Full (Allocation Failure) 12M->6M(15M) 17.746ms
[297.587s][info][gc] GC(773) Pause Young (Allocation Failure) 10M->8M(15M) 3.932ms
[297.592s][info][gc] GC(774) Pause Young (Allocation Failure) 12M->12M(15M) 0.034ms
[297.611s][info][gc] GC(775) Pause Full (Allocation Failure) 12M->6M(15M) 18.214ms
[297.620s][info][gc] GC(776) Pause Young (Allocation Failure) 11M->9M(15M) 4.213ms
[297.625s][info][gc] GC(777) Pause Young (Allocation Failure) 13M->13M(15M) 0.034ms
[297.643s][info][gc] GC(778) Pause Full (Allocation Failure) 13M->6M(15M) 18.102ms
[297.653s][info][gc] GC(779) Pause Young (Allocation Failure) 11M->8M(15M) 4.116ms
[297.658s][info][gc] GC(780) Pause Young (Allocation Failure) 13M->13M(15M) 0.035ms
[297.676s][info][gc] GC(781) Pause Full (Allocation Failure) 13M->6M(15M) 17.924ms
[297.685s][info][gc] GC(782) Pause Young (Allocation Failure) 10M->8M(15M) 3.931ms
[297.690s][info][gc] GC(783) Pause Young (Allocation Failure) 12M->12M(15M) 0.036ms
[297.708s][info][gc] GC(784) Pause Full (Allocation Failure) 12M->6M(15M) 18.173ms
[297.718s][info][gc] GC(785) Pause Young (Allocation Failure) 11M->9M(15M) 4.241ms
[297.723s][info][gc] GC(786) Pause Young (Allocation Failure) 13M->13M(15M) 0.037ms
[297.742s][info][gc] GC(787) Pause Full (Allocation Failure) 13M->7M(15M) 18.680ms
[297.751s][info][gc] GC(788) Pause Young (Allocation Failure) 11M->9M(15M) 4.210ms
[297.756s][info][gc] GC(789) Pause Young (Allocation Failure) 13M->13M(15M) 0.036ms
[297.774s][info][gc] GC(790) Pause Full (Allocation Failure) 13M->6M(15M) 17.689ms
[297.783s][info][gc] GC(791) Pause Young (Allocation Failure) 11M->8M(15M) 3.970ms
[297.788s][info][gc] GC(792) Pause Young (Allocation Failure) 13M->13M(15M) 0.035ms
[297.806s][info][gc] GC(793) Pause Full (Allocation Failure) 13M->6M(15M) 18.115ms
[297.816s][info][gc] GC(794) Pause Young (Allocation Failure) 10M->8M(15M) 4.160ms
[297.821s][info][gc] GC(795) Pause Young (Allocation Failure) 12M->12M(15M) 0.034ms
[297.839s][info][gc] GC(796) Pause Full (Allocation Failure) 12M->7M(15M) 18.375ms
[297.849s][info][gc] GC(797) Pause Young (Allocation Failure) 11M->9M(15M) 4.217ms
[297.854s][info][gc] GC(798) Pause Young (Allocation Failure) 13M->13M(15M) 0.039ms
[297.872s][info][gc] GC(799) Pause Full (Allocation Failure) 13M->6M(15M) 17.758ms
[297.881s][info][gc] GC(800) Pause Young (Allocation Failure) 11M->8M(15M) 3.944ms
[297.886s][info][gc] GC(801) Pause Young (Allocation Failure) 13M->13M(15M) 0.036ms
[297.904s][info][gc] GC(802) Pause Full (Allocation Failure) 13M->7M(15M) 18.191ms
[297.914s][info][gc] GC(803) Pause Young (Allocation Failure) 11M->9M(15M) 4.209ms
[297.919s][info][gc] GC(804) Pause Young (Allocation Failure) 13M->13M(15M) 0.035ms
[297.937s][info][gc] GC(805) Pause Full (Allocation Failure) 13M->6M(15M) 18.093ms
[297.947s][info][gc] GC(806) Pause Young (Allocation Failure) 10M->8M(15M) 4.170ms
[297.952s][info][gc] GC(807) Pause Young (Allocation Failure) 12M->12M(15M) 0.034ms
[297.970s][info][gc] GC(808) Pause Full (Allocation Failure) 12M->6M(15M) 18.371ms
[297.980s][info][gc] GC(809) Pause Young (Allocation Failure) 11M->8M(15M) 4.356ms
[297.985s][info][gc] GC(810) Pause Young (Allocation Failure) 13M->13M(15M) 0.038ms
[298.004s][info][gc] GC(811) Pause Full (Allocation Failure) 13M->7M(15M) 18.888ms
[298.014s][info][gc] GC(812) Pause Young (Allocation Failure) 11M->9M(15M) 4.109ms
[298.019s][info][gc] GC(813) Pause Young (Allocation Failure) 13M->13M(15M) 0.035ms
[298.037s][info][gc] GC(814) Pause Full (Allocation Failure) 13M->6M(15M) 18.250ms
[298.046s][info][gc] GC(815) Pause Young (Allocation Failure) 11M->9M(15M) 4.118ms
[298.052s][info][gc] GC(816) Pause Young (Allocation Failure) 13M->13M(15M) 0.035ms
[298.069s][info][gc] GC(817) Pause Full (Allocation Failure) 13M->6M(15M) 17.717ms
[298.079s][info][gc] GC(818) Pause Young (Allocation Failure) 10M->8M(15M) 4.059ms
[298.084s][info][gc] GC(819) Pause Young (Allocation Failure) 12M->12M(15M) 0.037ms
[298.102s][info][gc] GC(820) Pause Full (Allocation Failure) 12M->6M(15M) 18.183ms
[298.112s][info][gc] GC(821) Pause Young (Allocation Failure) 11M->9M(15M) 4.235ms
[298.117s][info][gc] GC(822) Pause Young (Allocation Failure) 13M->13M(15M) 0.034ms
[298.135s][info][gc] GC(823) Pause Full (Allocation Failure) 13M->6M(15M) 18.505ms
[298.145s][info][gc] GC(824) Pause Young (Allocation Failure) 11M->8M(15M) 4.466ms
[298.151s][info][gc] GC(825) Pause Young (Allocation Failure) 13M->13M(15M) 0.046ms
[298.169s][info][gc] GC(826) Pause Full (Allocation Failure) 13M->6M(15M) 17.776ms
[298.178s][info][gc] GC(827) Pause Young (Allocation Failure) 11M->8M(15M) 3.835ms
[298.183s][info][gc] GC(828) Pause Young (Allocation Failure) 13M->13M(15M) 0.033ms
[298.201s][info][gc] GC(829) Pause Full (Allocation Failure) 13M->6M(15M) 18.015ms
[298.211s][info][gc] GC(830) Pause Young (Allocation Failure) 10M->8M(15M) 4.532ms
[298.216s][info][gc] GC(831) Pause Young (Allocation Failure) 12M->12M(15M) 0.034ms
[298.234s][info][gc] GC(832) Pause Full (Allocation Failure) 12M->6M(15M) 17.973ms
[298.243s][info][gc] GC(833) Pause Young (Allocation Failure) 11M->8M(15M) 3.856ms
[298.248s][info][gc] GC(834) Pause Young (Allocation Failure) 13M->13M(15M) 0.049ms
[298.267s][info][gc] GC(835) Pause Full (Allocation Failure) 13M->7M(15M) 18.700ms
[298.277s][info][gc] GC(836) Pause Young (Allocation Failure) 11M->9M(15M) 4.352ms
[298.282s][info][gc] GC(837) Pause Young (Allocation Failure) 13M->13M(15M) 0.044ms
[298.301s][info][gc] GC(838) Pause Full (Allocation Failure) 13M->6M(15M) 18.976ms
[298.311s][info][gc] GC(839) Pause Young (Allocation Failure) 11M->8M(15M) 4.075ms
[298.316s][info][gc] GC(840) Pause Young (Allocation Failure) 13M->13M(15M) 0.045ms
[298.335s][info][gc] GC(841) Pause Full (Allocation Failure) 13M->6M(15M) 18.936ms
[298.344s][info][gc] GC(842) Pause Young (Allocation Failure) 10M->8M(15M) 4.364ms
[298.349s][info][gc] GC(843) Pause Young (Allocation Failure) 13M->13M(15M) 0.040ms
[298.368s][info][gc] GC(844) Pause Full (Allocation Failure) 13M->6M(15M) 18.932ms
[298.378s][info][gc] GC(845) Pause Young (Allocation Failure) 11M->9M(15M) 4.272ms
[298.383s][info][gc] GC(846) Pause Young (Allocation Failure) 13M->13M(15M) 0.063ms
[298.403s][info][gc] GC(847) Pause Full (Allocation Failure) 13M->7M(15M) 19.083ms
[298.412s][info][gc] GC(848) Pause Young (Allocation Failure) 11M->9M(15M) 4.043ms
[298.417s][info][gc] GC(849) Pause Young (Allocation Failure) 13M->13M(15M) 0.038ms
[298.436s][info][gc] GC(850) Pause Full (Allocation Failure) 13M->7M(15M) 18.322ms
[298.445s][info][gc] GC(851) Pause Young (Allocation Failure) 11M->9M(15M) 4.030ms
[298.450s][info][gc] GC(852) Pause Young (Allocation Failure) 13M->13M(15M) 0.034ms
[298.468s][info][gc] GC(853) Pause Full (Allocation Failure) 13M->6M(15M) 18.458ms
[298.478s][info][gc] GC(854) Pause Young (Allocation Failure) 10M->8M(15M) 4.063ms
[298.483s][info][gc] GC(855) Pause Young (Allocation Failure) 12M->12M(15M) 0.036ms
[298.500s][info][gc] GC(856) Pause Full (Allocation Failure) 12M->6M(15M) 17.840ms
[298.510s][info][gc] GC(857) Pause Young (Allocation Failure) 11M->8M(15M) 3.948ms
[298.515s][info][gc] GC(858) Pause Young (Allocation Failure) 13M->13M(15M) 0.036ms
[298.534s][info][gc] GC(859) Pause Full (Allocation Failure) 13M->7M(15M) 18.190ms
[298.543s][info][gc] GC(860) Pause Young (Allocation Failure) 11M->9M(15M) 4.204ms
[298.549s][info][gc] GC(861) Pause Young (Allocation Failure) 13M->13M(15M) 0.036ms
[298.567s][info][gc] GC(862) Pause Full (Allocation Failure) 13M->6M(15M) 18.246ms
[298.577s][info][gc] GC(863) Pause Young (Allocation Failure) 11M->9M(15M) 4.119ms
[298.582s][info][gc] GC(864) Pause Young (Allocation Failure) 13M->13M(15M) 0.037ms
[298.600s][info][gc] GC(865) Pause Full (Allocation Failure) 13M->6M(15M) 17.920ms
[298.609s][info][gc] GC(866) Pause Young (Allocation Failure) 10M->8M(15M) 3.965ms
[298.614s][info][gc] GC(867) Pause Young (Allocation Failure) 12M->12M(15M) 0.037ms
[298.633s][info][gc] GC(868) Pause Full (Allocation Failure) 12M->6M(15M) 18.258ms
[298.642s][info][gc] GC(869) Pause Young (Allocation Failure) 11M->9M(15M) 4.141ms
[298.647s][info][gc] GC(870) Pause Young (Allocation Failure) 13M->13M(15M) 0.034ms
[298.666s][info][gc] GC(871) Pause Full (Allocation Failure) 13M->7M(15M) 18.718ms
[298.675s][info][gc] GC(872) Pause Young (Allocation Failure) 11M->9M(15M) 4.120ms
[298.680s][info][gc] GC(873) Pause Young (Allocation Failure) 13M->13M(15M) 0.036ms
[298.699s][info][gc] GC(874) Pause Full (Allocation Failure) 13M->7M(15M) 18.596ms
[298.708s][info][gc] GC(875) Pause Young (Allocation Failure) 11M->9M(15M) 4.241ms
[298.713s][info][gc] GC(876) Pause Young (Allocation Failure) 13M->13M(15M) 0.036ms
[298.732s][info][gc] GC(877) Pause Full (Allocation Failure) 13M->6M(15M) 18.343ms
[298.742s][info][gc] GC(878) Pause Young (Allocation Failure) 10M->8M(15M) 4.238ms
[298.747s][info][gc] GC(879) Pause Young (Allocation Failure) 12M->12M(15M) 0.036ms
[298.765s][info][gc] GC(880) Pause Full (Allocation Failure) 12M->7M(15M) 18.653ms
[298.775s][info][gc] GC(881) Pause Young (Allocation Failure) 11M->9M(15M) 4.043ms
[298.780s][info][gc] GC(882) Pause Young (Allocation Failure) 13M->13M(15M) 0.034ms
[298.799s][info][gc] GC(883) Pause Full (Allocation Failure) 13M->7M(15M) 18.793ms
[298.808s][info][gc] GC(884) Pause Young (Allocation Failure) 11M->9M(15M) 4.084ms
[298.813s][info][gc] GC(885) Pause Young (Allocation Failure) 13M->13M(15M) 0.035ms
[298.831s][info][gc] GC(886) Pause Full (Allocation Failure) 13M->7M(15M) 18.500ms
[298.841s][info][gc] GC(887) Pause Young (Allocation Failure) 11M->9M(15M) 4.164ms
[298.846s][info][gc] GC(888) Pause Young (Allocation Failure) 13M->13M(15M) 0.036ms
[298.865s][info][gc] GC(889) Pause Full (Allocation Failure) 13M->6M(15M) 18.610ms
[298.874s][info][gc] GC(890) Pause Young (Allocation Failure) 10M->8M(15M) 4.010ms
[298.879s][info][gc] GC(891) Pause Young (Allocation Failure) 12M->12M(15M) 0.035ms
[298.898s][info][gc] GC(892) Pause Full (Allocation Failure) 12M->7M(15M) 19.184ms
[298.908s][info][gc] GC(893) Pause Young (Allocation Failure) 11M->9M(15M) 4.269ms
[298.913s][info][gc] GC(894) Pause Young (Allocation Failure) 13M->13M(15M) 0.035ms
[298.931s][info][gc] GC(895) Pause Full (Allocation Failure) 13M->7M(15M) 18.430ms
[298.941s][info][gc] GC(896) Pause Young (Allocation Failure) 11M->9M(15M) 4.189ms
[298.946s][info][gc] GC(897) Pause Young (Allocation Failure) 13M->13M(15M) 0.034ms
[298.965s][info][gc] GC(898) Pause Full (Allocation Failure) 13M->7M(15M) 18.507ms
[298.974s][info][gc] GC(899) Pause Young (Allocation Failure) 11M->9M(15M) 4.190ms
[298.979s][info][gc] GC(900) Pause Young (Allocation Failure) 13M->13M(15M) 0.034ms
[298.997s][info][gc] GC(901) Pause Full (Allocation Failure) 13M->6M(15M) 18.456ms
[299.007s][info][gc] GC(902) Pause Young (Allocation Failure) 10M->8M(15M) 4.237ms
[299.012s][info][gc] GC(903) Pause Young (Allocation Failure) 13M->13M(15M) 0.034ms
[299.031s][info][gc] GC(904) Pause Full (Allocation Failure) 13M->7M(15M) 18.383ms
[299.040s][info][gc] GC(905) Pause Young (Allocation Failure) 11M->9M(15M) 4.247ms
[299.045s][info][gc] GC(906) Pause Young (Allocation Failure) 13M->13M(15M) 0.036ms
[299.064s][info][gc] GC(907) Pause Full (Allocation Failure) 13M->7M(15M) 18.424ms
[299.073s][info][gc] GC(908) Pause Young (Allocation Failure) 11M->9M(15M) 3.988ms
[299.078s][info][gc] GC(909) Pause Young (Allocation Failure) 13M->13M(15M) 0.034ms
[299.097s][info][gc] GC(910) Pause Full (Allocation Failure) 13M->7M(15M) 18.479ms
[299.106s][info][gc] GC(911) Pause Young (Allocation Failure) 11M->9M(15M) 4.280ms
[299.111s][info][gc] GC(912) Pause Young (Allocation Failure) 13M->13M(15M) 0.036ms
[299.130s][info][gc] GC(913) Pause Full (Allocation Failure) 13M->6M(15M) 18.672ms
[299.140s][info][gc] GC(914) Pause Young (Allocation Failure) 10M->8M(15M) 4.568ms
[299.145s][info][gc] GC(915) Pause Young (Allocation Failure) 12M->12M(15M) 0.043ms
[299.165s][info][gc] GC(916) Pause Full (Allocation Failure) 12M->6M(15M) 19.091ms
[299.174s][info][gc] GC(917) Pause Young (Allocation Failure) 11M->9M(15M) 3.974ms
[299.179s][info][gc] GC(918) Pause Young (Allocation Failure) 13M->13M(15M) 0.033ms
[299.198s][info][gc] GC(919) Pause Full (Allocation Failure) 13M->7M(15M) 18.581ms
[299.207s][info][gc] GC(920) Pause Young (Allocation Failure) 11M->9M(15M) 4.325ms
[299.213s][info][gc] GC(921) Pause Young (Allocation Failure) 13M->13M(15M) 0.041ms
[299.231s][info][gc] GC(922) Pause Full (Allocation Failure) 13M->7M(15M) 18.722ms
[299.241s][info][gc] GC(923) Pause Young (Allocation Failure) 11M->9M(15M) 4.236ms
[299.246s][info][gc] GC(924) Pause Young (Allocation Failure) 13M->13M(15M) 0.033ms
[299.265s][info][gc] GC(925) Pause Full (Allocation Failure) 13M->6M(15M) 18.608ms
[299.275s][info][gc] GC(926) Pause Young (Allocation Failure) 10M->8M(15M) 4.067ms
[299.280s][info][gc] GC(927) Pause Young (Allocation Failure) 12M->12M(15M) 0.034ms
[299.298s][info][gc] GC(928) Pause Full (Allocation Failure) 12M->6M(15M) 17.932ms
[299.307s][info][gc] GC(929) Pause Young (Allocation Failure) 11M->9M(15M) 3.947ms
[299.312s][info][gc] GC(930) Pause Young (Allocation Failure) 13M->13M(15M) 0.032ms
[299.330s][info][gc] GC(931) Pause Full (Allocation Failure) 13M->6M(15M) 17.830ms
[299.339s][info][gc] GC(932) Pause Young (Allocation Failure) 11M->8M(15M) 3.934ms
[299.344s][info][gc] GC(933) Pause Young (Allocation Failure) 13M->13M(15M) 0.031ms
[299.362s][info][gc] GC(934) Pause Full (Allocation Failure) 13M->7M(15M) 18.200ms
[299.372s][info][gc] GC(935) Pause Young (Allocation Failure) 11M->9M(15M) 4.241ms
[299.377s][info][gc] GC(936) Pause Young (Allocation Failure) 13M->13M(15M) 0.033ms
[299.395s][info][gc] GC(937) Pause Full (Allocation Failure) 13M->6M(15M) 18.187ms
[299.404s][info][gc] GC(938) Pause Young (Allocation Failure) 10M->8M(15M) 4.102ms
[299.409s][info][gc] GC(939) Pause Young (Allocation Failure) 12M->12M(15M) 0.033ms
[299.427s][info][gc] GC(940) Pause Full (Allocation Failure) 12M->6M(15M) 17.512ms
[299.436s][info][gc] GC(941) Pause Young (Allocation Failure) 10M->8M(15M) 3.826ms
[299.441s][info][gc] GC(942) Pause Young (Allocation Failure) 13M->13M(15M) 0.032ms
[299.459s][info][gc] GC(943) Pause Full (Allocation Failure) 13M->7M(15M) 18.047ms
[299.468s][info][gc] GC(944) Pause Young (Allocation Failure) 11M->9M(15M) 4.016ms
[299.473s][info][gc] GC(945) Pause Young (Allocation Failure) 13M->13M(15M) 0.032ms
[299.492s][info][gc] GC(946) Pause Full (Allocation Failure) 13M->7M(15M) 18.591ms
[299.501s][info][gc] GC(947) Pause Young (Allocation Failure) 11M->9M(15M) 4.021ms
[299.506s][info][gc] GC(948) Pause Young (Allocation Failure) 13M->13M(15M) 0.031ms
[299.525s][info][gc] GC(949) Pause Full (Allocation Failure) 13M->6M(15M) 18.521ms
[299.534s][info][gc] GC(950) Pause Young (Allocation Failure) 11M->8M(15M) 4.138ms
[299.539s][info][gc] GC(951) Pause Young (Allocation Failure) 13M->13M(15M) 0.032ms
[299.558s][info][gc] GC(952) Pause Full (Allocation Failure) 13M->7M(15M) 18.500ms
[299.567s][info][gc] GC(953) Pause Young (Allocation Failure) 11M->9M(15M) 4.127ms
[299.572s][info][gc] GC(954) Pause Young (Allocation Failure) 13M->13M(15M) 0.035ms
[299.591s][info][gc] GC(955) Pause Full (Allocation Failure) 13M->7M(15M) 19.019ms
[299.601s][info][gc] GC(956) Pause Young (Allocation Failure) 11M->9M(15M) 4.242ms
[299.606s][info][gc] GC(957) Pause Young (Allocation Failure) 13M->13M(15M) 0.035ms
[299.625s][info][gc] GC(958) Pause Full (Allocation Failure) 13M->7M(15M) 18.285ms
[299.634s][info][gc] GC(959) Pause Young (Allocation Failure) 11M->9M(15M) 3.910ms
[299.639s][info][gc] GC(960) Pause Young (Allocation Failure) 13M->13M(15M) 0.035ms
[299.657s][info][gc] GC(961) Pause Full (Allocation Failure) 13M->6M(15M) 18.597ms
[299.667s][info][gc] GC(962) Pause Young (Allocation Failure) 11M->8M(15M) 4.177ms
[299.672s][info][gc] GC(963) Pause Young (Allocation Failure) 13M->13M(15M) 0.034ms
[299.690s][info][gc] GC(964) Pause Full (Allocation Failure) 13M->7M(15M) 18.649ms
[299.700s][info][gc] GC(965) Pause Young (Allocation Failure) 11M->9M(15M) 4.221ms
[299.705s][info][gc] GC(966) Pause Young (Allocation Failure) 13M->13M(15M) 0.035ms
[299.724s][info][gc] GC(967) Pause Full (Allocation Failure) 13M->7M(15M) 18.594ms
[299.733s][info][gc] GC(968) Pause Young (Allocation Failure) 11M->9M(15M) 3.971ms
[299.738s][info][gc] GC(969) Pause Young (Allocation Failure) 13M->13M(15M) 0.035ms
[299.757s][info][gc] GC(970) Pause Full (Allocation Failure) 13M->7M(15M) 18.673ms
[299.767s][info][gc] GC(971) Pause Young (Allocation Failure) 11M->9M(15M) 4.194ms
[299.772s][info][gc] GC(972) Pause Young (Allocation Failure) 13M->13M(15M) 0.039ms
[299.790s][info][gc] GC(973) Pause Full (Allocation Failure) 13M->6M(15M) 18.611ms
[299.800s][info][gc] GC(974) Pause Young (Allocation Failure) 10M->8M(15M) 4.117ms
[299.805s][info][gc] GC(975) Pause Young (Allocation Failure) 13M->13M(15M) 0.036ms
[299.824s][info][gc] GC(976) Pause Full (Allocation Failure) 13M->7M(15M) 18.856ms
[299.833s][info][gc] GC(977) Pause Young (Allocation Failure) 11M->9M(15M) 4.072ms
[299.838s][info][gc] GC(978) Pause Young (Allocation Failure) 13M->13M(15M) 0.034ms
[299.857s][info][gc] GC(979) Pause Full (Allocation Failure) 13M->7M(15M) 18.788ms
[299.867s][info][gc] GC(980) Pause Young (Allocation Failure) 11M->9M(15M) 4.175ms
[299.872s][info][gc] GC(981) Pause Young (Allocation Failure) 13M->13M(15M) 0.034ms
[299.891s][info][gc] GC(982) Pause Full (Allocation Failure) 13M->7M(15M) 18.982ms
[299.900s][info][gc] GC(983) Pause Young (Allocation Failure) 11M->9M(15M) 4.260ms
[299.906s][info][gc] GC(984) Pause Young (Allocation Failure) 13M->13M(15M) 0.035ms
[299.925s][info][gc] GC(985) Pause Full (Allocation Failure) 13M->6M(15M) 18.977ms
[299.934s][info][gc] GC(986) Pause Young (Allocation Failure) 11M->8M(15M) 4.111ms
[299.939s][info][gc] GC(987) Pause Young (Allocation Failure) 13M->13M(15M) 0.038ms
[299.958s][info][gc] GC(988) Pause Full (Allocation Failure) 13M->7M(15M) 18.929ms
[299.968s][info][gc] GC(989) Pause Young (Allocation Failure) 11M->9M(15M) 4.119ms
[299.973s][info][gc] GC(990) Pause Young (Allocation Failure) 13M->13M(15M) 0.034ms
[299.992s][info][gc] GC(991) Pause Full (Allocation Failure) 13M->7M(15M) 18.858ms
[300.001s][info][gc] GC(992) Pause Young (Allocation Failure) 11M->9M(15M) 4.167ms
[300.006s][info][gc] GC(993) Pause Young (Allocation Failure) 13M->13M(15M) 0.034ms
[300.025s][info][gc] GC(994) Pause Full (Allocation Failure) 13M->7M(15M) 18.707ms
[300.034s][info][gc] GC(995) Pause Young (Allocation Failure) 11M->9M(15M) 4.006ms
[300.039s][info][gc] GC(996) Pause Young (Allocation Failure) 13M->13M(15M) 0.034ms
[300.058s][info][gc] GC(997) Pause Full (Allocation Failure) 13M->6M(15M) 18.690ms
[300.067s][info][gc] GC(998) Pause Young (Allocation Failure) 11M->8M(15M) 4.228ms
[300.073s][info][gc] GC(999) Pause Young (Allocation Failure) 13M->13M(15M) 0.036ms
[300.091s][info][gc] GC(1000) Pause Full (Allocation Failure) 13M->7M(15M) 18.846ms
[300.101s][info][gc] GC(1001) Pause Young (Allocation Failure) 11M->9M(15M) 4.105ms
[300.106s][info][gc] GC(1002) Pause Young (Allocation Failure) 13M->13M(15M) 0.035ms
[300.125s][info][gc] GC(1003) Pause Full (Allocation Failure) 13M->7M(15M) 19.143ms
[300.135s][info][gc] GC(1004) Pause Young (Allocation Failure) 11M->9M(15M) 4.611ms
[300.141s][info][gc] GC(1005) Pause Young (Allocation Failure) 13M->13M(15M) 0.042ms
[300.160s][info][gc] GC(1006) Pause Full (Allocation Failure) 13M->7M(15M) 19.357ms
[300.170s][info][gc] GC(1007) Pause Young (Allocation Failure) 11M->9M(15M) 4.318ms
[300.175s][info][gc] GC(1008) Pause Young (Allocation Failure) 13M->13M(15M) 0.032ms
[300.193s][info][gc] GC(1009) Pause Full (Allocation Failure) 13M->6M(15M) 18.257ms
[300.203s][info][gc] GC(1010) Pause Young (Allocation Failure) 10M->8M(15M) 4.087ms
[300.208s][info][gc] GC(1011) Pause Young (Allocation Failure) 13M->13M(15M) 0.080ms
[300.227s][info][gc] GC(1012) Pause Full (Allocation Failure) 13M->6M(15M) 18.715ms
[300.236s][info][gc] GC(1013) Pause Young (Allocation Failure) 11M->9M(15M) 3.852ms
[300.241s][info][gc] GC(1014) Pause Young (Allocation Failure) 13M->13M(15M) 0.032ms
[300.260s][info][gc] GC(1015) Pause Full (Allocation Failure) 13M->7M(15M) 19.053ms
[300.270s][info][gc] GC(1016) Pause Young (Allocation Failure) 11M->9M(15M) 3.940ms
[300.275s][info][gc] GC(1017) Pause Young (Allocation Failure) 13M->13M(15M) 0.033ms
[300.293s][info][gc] GC(1018) Pause Full (Allocation Failure) 13M->6M(15M) 17.835ms
[300.302s][info][gc] GC(1019) Pause Young (Allocation Failure) 11M->8M(15M) 3.796ms
[300.307s][info][gc] GC(1020) Pause Young (Allocation Failure) 13M->13M(15M) 0.032ms
[300.325s][info][gc] GC(1021) Pause Full (Allocation Failure) 13M->6M(15M) 18.293ms
[300.334s][info][gc] GC(1022) Pause Young (Allocation Failure) 11M->8M(15M) 4.188ms
[300.339s][info][gc] GC(1023) Pause Young (Allocation Failure) 13M->13M(15M) 0.034ms
[300.358s][info][gc] GC(1024) Pause Full (Allocation Failure) 13M->7M(15M) 18.624ms
[300.368s][info][gc] GC(1025) Pause Young (Allocation Failure) 11M->9M(15M) 4.152ms
[300.373s][info][gc] GC(1026) Pause Young (Allocation Failure) 13M->13M(15M) 0.034ms
[300.392s][info][gc] GC(1027) Pause Full (Allocation Failure) 13M->7M(15M) 18.796ms
[300.401s][info][gc] GC(1028) Pause Young (Allocation Failure) 11M->9M(15M) 4.071ms
[300.406s][info][gc] GC(1029) Pause Young (Allocation Failure) 13M->13M(15M) 0.034ms
[300.425s][info][gc] GC(1030) Pause Full (Allocation Failure) 13M->7M(15M) 19.024ms
[300.434s][info][gc] GC(1031) Pause Young (Allocation Failure) 11M->9M(15M) 4.135ms
[300.439s][info][gc] GC(1032) Pause Young (Allocation Failure) 13M->13M(15M) 0.036ms
[300.458s][info][gc] GC(1033) Pause Full (Allocation Failure) 13M->6M(15M) 18.857ms
[300.468s][info][gc] GC(1034) Pause Young (Allocation Failure) 10M->8M(15M) 4.191ms
[300.473s][info][gc] GC(1035) Pause Young (Allocation Failure) 13M->13M(15M) 0.035ms
[300.492s][info][gc] GC(1036) Pause Full (Allocation Failure) 13M->7M(15M) 18.786ms
[300.501s][info][gc] GC(1037) Pause Young (Allocation Failure) 11M->9M(15M) 3.953ms
[300.506s][info][gc] GC(1038) Pause Young (Allocation Failure) 13M->13M(15M) 0.032ms
[300.525s][info][gc] GC(1039) Pause Full (Allocation Failure) 13M->7M(15M) 18.451ms
[300.534s][info][gc] GC(1040) Pause Young (Allocation Failure) 11M->9M(15M) 4.093ms
[300.539s][info][gc] GC(1041) Pause Young (Allocation Failure) 13M->13M(15M) 0.032ms
[300.558s][info][gc] GC(1042) Pause Full (Allocation Failure) 13M->7M(15M) 18.441ms
[300.567s][info][gc] GC(1043) Pause Young (Allocation Failure) 11M->9M(15M) 4.115ms
[300.572s][info][gc] GC(1044) Pause Young (Allocation Failure) 13M->13M(15M) 0.032ms
[300.591s][info][gc] GC(1045) Pause Full (Allocation Failure) 13M->6M(15M) 18.446ms
[300.600s][info][gc] GC(1046) Pause Young (Allocation Failure) 11M->8M(15M) 3.932ms
[300.605s][info][gc] GC(1047) Pause Young (Allocation Failure) 13M->13M(15M) 0.033ms
[300.624s][info][gc] GC(1048) Pause Full (Allocation Failure) 13M->7M(15M) 18.649ms
[300.633s][info][gc] GC(1049) Pause Young (Allocation Failure) 11M->9M(15M) 3.990ms
[300.638s][info][gc] GC(1050) Pause Young (Allocation Failure) 13M->13M(15M) 0.032ms
[300.657s][info][gc] GC(1051) Pause Full (Allocation Failure) 13M->7M(15M) 18.629ms
[300.666s][info][gc] GC(1052) Pause Young (Allocation Failure) 11M->9M(15M) 4.170ms
[300.671s][info][gc] GC(1053) Pause Young (Allocation Failure) 13M->13M(15M) 0.034ms
[300.690s][info][gc] GC(1054) Pause Full (Allocation Failure) 13M->7M(15M) 18.572ms
[300.699s][info][gc] GC(1055) Pause Young (Allocation Failure) 11M->9M(15M) 4.101ms
[300.704s][info][gc] GC(1056) Pause Young (Allocation Failure) 13M->13M(15M) 0.033ms
[300.723s][info][gc] GC(1057) Pause Full (Allocation Failure) 13M->6M(15M) 18.587ms
[300.732s][info][gc] GC(1058) Pause Young (Allocation Failure) 10M->8M(15M) 3.929ms
[300.737s][info][gc] GC(1059) Pause Young (Allocation Failure) 13M->13M(15M) 0.034ms
[300.756s][info][gc] GC(1060) Pause Full (Allocation Failure) 13M->7M(15M) 19.015ms
[300.766s][info][gc] GC(1061) Pause Young (Allocation Failure) 11M->9M(15M) 4.130ms
[300.771s][info][gc] GC(1062) Pause Young (Allocation Failure) 13M->13M(15M) 0.032ms
[300.790s][info][gc] GC(1063) Pause Full (Allocation Failure) 13M->7M(15M) 18.805ms
[300.799s][info][gc] GC(1064) Pause Young (Allocation Failure) 11M->9M(15M) 4.075ms
[300.804s][info][gc] GC(1065) Pause Young (Allocation Failure) 13M->13M(15M) 0.035ms
[300.823s][info][gc] GC(1066) Pause Full (Allocation Failure) 13M->6M(15M) 18.224ms
[300.832s][info][gc] GC(1067) Pause Young (Allocation Failure) 11M->9M(15M) 3.818ms
[300.837s][info][gc] GC(1068) Pause Young (Allocation Failure) 13M->13M(15M) 0.033ms
[300.855s][info][gc] GC(1069) Pause Full (Allocation Failure) 13M->6M(15M) 18.451ms
[300.865s][info][gc] GC(1070) Pause Young (Allocation Failure) 11M->8M(15M) 4.072ms
[300.870s][info][gc] GC(1071) Pause Young (Allocation Failure) 13M->13M(15M) 0.032ms
[300.888s][info][gc] GC(1072) Pause Full (Allocation Failure) 13M->7M(15M) 18.376ms
[300.897s][info][gc] GC(1073) Pause Young (Allocation Failure) 11M->9M(15M) 4.040ms
[300.902s][info][gc] GC(1074) Pause Young (Allocation Failure) 13M->13M(15M) 0.037ms
[300.921s][info][gc] GC(1075) Pause Full (Allocation Failure) 13M->7M(15M) 18.583ms
[300.930s][info][gc] GC(1076) Pause Young (Allocation Failure) 11M->9M(15M) 3.863ms
[300.935s][info][gc] GC(1077) Pause Young (Allocation Failure) 13M->13M(15M) 0.036ms
[300.954s][info][gc] GC(1078) Pause Full (Allocation Failure) 13M->7M(15M) 18.750ms
[300.963s][info][gc] GC(1079) Pause Young (Allocation Failure) 11M->9M(15M) 3.979ms
[300.969s][info][gc] GC(1080) Pause Young (Allocation Failure) 13M->13M(15M) 0.043ms
[300.989s][info][gc] GC(1081) Pause Full (Allocation Failure) 13M->6M(15M) 19.472ms
[300.999s][info][gc] GC(1082) Pause Young (Allocation Failure) 11M->8M(15M) 4.546ms
[301.004s][info][gc] GC(1083) Pause Young (Allocation Failure) 13M->13M(15M) 0.045ms
[301.024s][info][gc] GC(1084) Pause Full (Allocation Failure) 13M->7M(15M) 19.703ms
[301.034s][info][gc] GC(1085) Pause Young (Allocation Failure) 11M->9M(15M) 4.209ms
[301.039s][info][gc] GC(1086) Pause Young (Allocation Failure) 13M->13M(15M) 0.033ms
[301.059s][info][gc] GC(1087) Pause Full (Allocation Failure) 13M->7M(15M) 19.174ms
[301.068s][info][gc] GC(1088) Pause Young (Allocation Failure) 11M->9M(15M) 3.761ms
[301.073s][info][gc] GC(1089) Pause Young (Allocation Failure) 13M->13M(15M) 0.032ms
[301.091s][info][gc] GC(1090) Pause Full (Allocation Failure) 13M->7M(15M) 18.404ms
[301.100s][info][gc] GC(1091) Pause Young (Allocation Failure) 11M->9M(15M) 3.995ms
[301.105s][info][gc] GC(1092) Pause Young (Allocation Failure) 13M->13M(15M) 0.035ms
[301.124s][info][gc] GC(1093) Pause Full (Allocation Failure) 13M->6M(15M) 18.747ms
[301.134s][info][gc] GC(1094) Pause Young (Allocation Failure) 11M->8M(15M) 4.313ms
[301.139s][info][gc] GC(1095) Pause Young (Allocation Failure) 13M->13M(15M) 0.041ms
[301.158s][info][gc] GC(1096) Pause Full (Allocation Failure) 13M->7M(15M) 18.989ms
[301.168s][info][gc] GC(1097) Pause Young (Allocation Failure) 11M->9M(15M) 4.222ms
[301.173s][info][gc] GC(1098) Pause Young (Allocation Failure) 13M->13M(15M) 0.034ms
[301.192s][info][gc] GC(1099) Pause Full (Allocation Failure) 13M->7M(15M) 18.748ms
[301.201s][info][gc] GC(1100) Pause Young (Allocation Failure) 11M->9M(15M) 3.868ms
[301.206s][info][gc] GC(1101) Pause Young (Allocation Failure) 13M->13M(15M) 0.041ms
[301.225s][info][gc] GC(1102) Pause Full (Allocation Failure) 13M->7M(15M) 19.541ms
[301.235s][info][gc] GC(1103) Pause Young (Allocation Failure) 11M->9M(15M) 3.996ms
[301.240s][info][gc] GC(1104) Pause Young (Allocation Failure) 13M->13M(15M) 0.032ms
[301.259s][info][gc] GC(1105) Pause Full (Allocation Failure) 13M->6M(15M) 19.028ms
[301.268s][info][gc] GC(1106) Pause Young (Allocation Failure) 11M->8M(15M) 4.167ms
[301.274s][info][gc] GC(1107) Pause Young (Allocation Failure) 13M->13M(15M) 0.035ms
[301.293s][info][gc] GC(1108) Pause Full (Allocation Failure) 13M->7M(15M) 18.919ms
[301.302s][info][gc] GC(1109) Pause Young (Allocation Failure) 11M->9M(15M) 4.190ms
[301.307s][info][gc] GC(1110) Pause Young (Allocation Failure) 13M->13M(15M) 0.033ms
[301.326s][info][gc] GC(1111) Pause Full (Allocation Failure) 13M->7M(15M) 18.795ms
[301.336s][info][gc] GC(1112) Pause Young (Allocation Failure) 11M->9M(15M) 4.323ms
[301.341s][info][gc] GC(1113) Pause Young (Allocation Failure) 13M->13M(15M) 0.033ms
[301.360s][info][gc] GC(1114) Pause Full (Allocation Failure) 13M->7M(15M) 18.849ms
[301.369s][info][gc] GC(1115) Pause Young (Allocation Failure) 11M->9M(15M) 3.978ms
[301.374s][info][gc] GC(1116) Pause Young (Allocation Failure) 13M->13M(15M) 0.034ms
[301.393s][info][gc] GC(1117) Pause Full (Allocation Failure) 13M->6M(15M) 19.244ms
[301.403s][info][gc] GC(1118) Pause Young (Allocation Failure) 11M->8M(15M) 4.224ms
[301.408s][info][gc] GC(1119) Pause Young (Allocation Failure) 13M->13M(15M) 0.036ms
[301.428s][info][gc] GC(1120) Pause Full (Allocation Failure) 13M->7M(15M) 19.863ms
[301.437s][info][gc] GC(1121) Pause Young (Allocation Failure) 11M->9M(15M) 4.019ms
[301.442s][info][gc] GC(1122) Pause Young (Allocation Failure) 13M->13M(15M) 0.032ms
[301.461s][info][gc] GC(1123) Pause Full (Allocation Failure) 13M->7M(15M) 18.447ms
[301.470s][info][gc] GC(1124) Pause Young (Allocation Failure) 11M->9M(15M) 3.792ms
[301.475s][info][gc] GC(1125) Pause Young (Allocation Failure) 13M->13M(15M) 0.032ms
[301.494s][info][gc] GC(1126) Pause Full (Allocation Failure) 13M->7M(15M) 18.790ms
[301.503s][info][gc] GC(1127) Pause Young (Allocation Failure) 11M->9M(15M) 3.985ms
[301.508s][info][gc] GC(1128) Pause Young (Allocation Failure) 13M->13M(15M) 0.032ms
[301.527s][info][gc] GC(1129) Pause Full (Allocation Failure) 13M->6M(15M) 18.526ms
[301.536s][info][gc] GC(1130) Pause Young (Allocation Failure) 11M->8M(15M) 3.983ms
[301.541s][info][gc] GC(1131) Pause Young (Allocation Failure) 13M->13M(15M) 0.032ms
[301.560s][info][gc] GC(1132) Pause Full (Allocation Failure) 13M->7M(15M) 18.568ms
[301.569s][info][gc] GC(1133) Pause Young (Allocation Failure) 11M->9M(15M) 3.855ms
[301.574s][info][gc] GC(1134) Pause Young (Allocation Failure) 13M->13M(15M) 0.032ms
[301.593s][info][gc] GC(1135) Pause Full (Allocation Failure) 13M->7M(15M) 18.787ms
[301.602s][info][gc] GC(1136) Pause Young (Allocation Failure) 11M->9M(15M) 4.111ms
[301.607s][info][gc] GC(1137) Pause Young (Allocation Failure) 13M->13M(15M) 0.032ms
[301.626s][info][gc] GC(1138) Pause Full (Allocation Failure) 13M->7M(15M) 18.697ms
[301.635s][info][gc] GC(1139) Pause Young (Allocation Failure) 11M->9M(15M) 4.029ms
[301.640s][info][gc] GC(1140) Pause Young (Allocation Failure) 13M->13M(15M) 0.033ms
[301.659s][info][gc] GC(1141) Pause Full (Allocation Failure) 13M->6M(15M) 18.721ms
[301.668s][info][gc] GC(1142) Pause Young (Allocation Failure) 11M->8M(15M) 3.949ms
[301.673s][info][gc] GC(1143) Pause Young (Allocation Failure) 13M->13M(15M) 0.033ms
[301.692s][info][gc] GC(1144) Pause Full (Allocation Failure) 13M->7M(15M) 18.757ms
[301.702s][info][gc] GC(1145) Pause Young (Allocation Failure) 11M->9M(15M) 4.280ms
[301.707s][info][gc] GC(1146) Pause Young (Allocation Failure) 13M->13M(15M) 0.034ms
[301.725s][info][gc] GC(1147) Pause Full (Allocation Failure) 13M->7M(15M) 18.898ms
[301.735s][info][gc] GC(1148) Pause Young (Allocation Failure) 11M->9M(15M) 4.113ms
[301.740s][info][gc] GC(1149) Pause Young (Allocation Failure) 13M->13M(15M) 0.034ms
[301.758s][info][gc] GC(1150) Pause Full (Allocation Failure) 13M->7M(15M) 18.445ms
[301.768s][info][gc] GC(1151) Pause Young (Allocation Failure) 11M->9M(15M) 3.910ms
[301.773s][info][gc] GC(1152) Pause Young (Allocation Failure) 13M->13M(15M) 0.035ms
[301.791s][info][gc] GC(1153) Pause Full (Allocation Failure) 13M->6M(15M) 18.826ms
[301.801s][info][gc] GC(1154) Pause Young (Allocation Failure) 11M->8M(15M) 4.146ms
[301.806s][info][gc] GC(1155) Pause Young (Allocation Failure) 13M->13M(15M) 0.035ms
[301.826s][info][gc] GC(1156) Pause Full (Allocation Failure) 13M->7M(15M) 19.330ms
[301.835s][info][gc] GC(1157) Pause Young (Allocation Failure) 11M->9M(15M) 4.163ms
[301.840s][info][gc] GC(1158) Pause Young (Allocation Failure) 13M->13M(15M) 0.035ms
[301.859s][info][gc] GC(1159) Pause Full (Allocation Failure) 13M->7M(15M) 18.461ms
[301.868s][info][gc] GC(1160) Pause Young (Allocation Failure) 11M->9M(15M) 3.948ms
[301.873s][info][gc] GC(1161) Pause Young (Allocation Failure) 13M->13M(15M) 0.034ms
[301.892s][info][gc] GC(1162) Pause Full (Allocation Failure) 13M->7M(15M) 19.051ms
[301.902s][info][gc] GC(1163) Pause Young (Allocation Failure) 11M->9M(15M) 4.214ms
[301.907s][info][gc] GC(1164) Pause Young (Allocation Failure) 13M->13M(15M) 0.034ms
[301.926s][info][gc] GC(1165) Pause Full (Allocation Failure) 13M->6M(15M) 19.118ms
[301.935s][info][gc] GC(1166) Pause Young (Allocation Failure) 11M->8M(15M) 4.211ms
[301.940s][info][gc] GC(1167) Pause Young (Allocation Failure) 13M->13M(15M) 0.035ms
[301.960s][info][gc] GC(1168) Pause Full (Allocation Failure) 13M->7M(15M) 19.643ms
[301.970s][info][gc] GC(1169) Pause Young (Allocation Failure) 11M->9M(15M) 4.272ms
[301.975s][info][gc] GC(1170) Pause Young (Allocation Failure) 13M->13M(15M) 0.034ms
[301.994s][info][gc] GC(1171) Pause Full (Allocation Failure) 13M->7M(15M) 19.425ms
[302.004s][info][gc] GC(1172) Pause Young (Allocation Failure) 11M->9M(15M) 4.228ms
[302.009s][info][gc] GC(1173) Pause Young (Allocation Failure) 13M->13M(15M) 0.034ms
[302.028s][info][gc] GC(1174) Pause Full (Allocation Failure) 13M->7M(15M) 19.001ms
[302.037s][info][gc] GC(1175) Pause Young (Allocation Failure) 11M->9M(15M) 4.121ms
[302.042s][info][gc] GC(1176) Pause Young (Allocation Failure) 13M->13M(15M) 0.035ms
[302.062s][info][gc] GC(1177) Pause Full (Allocation Failure) 13M->7M(15M) 19.461ms
[302.072s][info][gc] GC(1178) Pause Young (Allocation Failure) 11M->9M(15M) 4.348ms
[302.077s][info][gc] GC(1179) Pause Young (Allocation Failure) 13M->13M(15M) 0.037ms
[302.096s][info][gc] GC(1180) Pause Full (Allocation Failure) 13M->7M(15M) 19.423ms
[302.106s][info][gc] GC(1181) Pause Young (Allocation Failure) 11M->9M(15M) 4.111ms
[302.111s][info][gc] GC(1182) Pause Young (Allocation Failure) 13M->13M(15M) 0.036ms
[302.130s][info][gc] GC(1183) Pause Full (Allocation Failure) 13M->7M(15M) 19.430ms
[302.140s][info][gc] GC(1184) Pause Young (Allocation Failure) 11M->9M(15M) 4.590ms
[302.146s][info][gc] GC(1185) Pause Young (Allocation Failure) 13M->13M(15M) 0.044ms
[302.165s][info][gc] GC(1186) Pause Full (Allocation Failure) 13M->7M(15M) 19.189ms
[302.174s][info][gc] GC(1187) Pause Young (Allocation Failure) 11M->9M(15M) 3.831ms
[302.180s][info][gc] GC(1188) Pause Young (Allocation Failure) 13M->13M(15M) 0.034ms
[302.199s][info][gc] GC(1189) Pause Full (Allocation Failure) 13M->6M(15M) 18.960ms
[302.208s][info][gc] GC(1190) Pause Young (Allocation Failure) 11M->9M(15M) 4.389ms
[302.214s][info][gc] GC(1191) Pause Young (Allocation Failure) 13M->13M(15M) 0.038ms
[302.232s][info][gc] GC(1192) Pause Full (Allocation Failure) 13M->7M(15M) 18.788ms
[302.241s][info][gc] GC(1193) Pause Young (Allocation Failure) 11M->9M(15M) 3.817ms
[302.246s][info][gc] GC(1194) Pause Young (Allocation Failure) 13M->13M(15M) 0.032ms
[302.266s][info][gc] GC(1195) Pause Full (Allocation Failure) 13M->7M(15M) 19.400ms
[302.275s][info][gc] GC(1196) Pause Young (Allocation Failure) 11M->9M(15M) 4.060ms
[302.281s][info][gc] GC(1197) Pause Young (Allocation Failure) 13M->13M(15M) 0.044ms
[302.300s][info][gc] GC(1198) Pause Full (Allocation Failure) 13M->7M(15M) 18.717ms
[302.309s][info][gc] GC(1199) Pause Young (Allocation Failure) 11M->9M(15M) 3.846ms
[302.314s][info][gc] GC(1200) Pause Young (Allocation Failure) 13M->13M(15M) 0.037ms
[302.333s][info][gc] GC(1201) Pause Full (Allocation Failure) 13M->7M(15M) 18.940ms
[302.343s][info][gc] GC(1202) Pause Young (Allocation Failure) 11M->9M(15M) 3.949ms
[302.348s][info][gc] GC(1203) Pause Young (Allocation Failure) 13M->13M(15M) 0.034ms
[302.367s][info][gc] GC(1204) Pause Full (Allocation Failure) 13M->7M(15M) 18.768ms
[302.376s][info][gc] GC(1205) Pause Young (Allocation Failure) 11M->9M(15M) 3.980ms
[302.382s][info][gc] GC(1206) Pause Young (Allocation Failure) 13M->13M(15M) 0.032ms
[302.401s][info][gc] GC(1207) Pause Full (Allocation Failure) 13M->7M(15M) 18.704ms
[302.410s][info][gc] GC(1208) Pause Young (Allocation Failure) 11M->9M(15M) 3.878ms
[302.415s][info][gc] GC(1209) Pause Young (Allocation Failure) 13M->13M(15M) 0.032ms
[302.434s][info][gc] GC(1210) Pause Full (Allocation Failure) 13M->7M(15M) 19.012ms
[302.444s][info][gc] GC(1211) Pause Young (Allocation Failure) 11M->9M(15M) 4.026ms
[302.449s][info][gc] GC(1212) Pause Young (Allocation Failure) 13M->13M(15M) 0.041ms
[302.468s][info][gc] GC(1213) Pause Full (Allocation Failure) 13M->6M(15M) 19.121ms
[302.477s][info][gc] GC(1214) Pause Young (Allocation Failure) 11M->8M(15M) 3.869ms
[302.482s][info][gc] GC(1215) Pause Young (Allocation Failure) 13M->13M(15M) 0.032ms
[302.500s][info][gc] GC(1216) Pause Full (Allocation Failure) 13M->6M(15M) 18.193ms
[302.509s][info][gc] GC(1217) Pause Young (Allocation Failure) 11M->9M(15M) 3.781ms
[302.515s][info][gc] GC(1218) Pause Young (Allocation Failure) 13M->13M(15M) 0.032ms
[302.533s][info][gc] GC(1219) Pause Full (Allocation Failure) 13M->7M(15M) 18.634ms
[302.543s][info][gc] GC(1220) Pause Young (Allocation Failure) 11M->9M(15M) 4.073ms
[302.548s][info][gc] GC(1221) Pause Young (Allocation Failure) 13M->13M(15M) 0.032ms
[302.566s][info][gc] GC(1222) Pause Full (Allocation Failure) 13M->7M(15M) 18.659ms
[302.575s][info][gc] GC(1223) Pause Young (Allocation Failure) 11M->9M(15M) 3.844ms
[302.581s][info][gc] GC(1224) Pause Young (Allocation Failure) 13M->13M(15M) 0.032ms
[302.599s][info][gc] GC(1225) Pause Full (Allocation Failure) 13M->7M(15M) 18.898ms
[302.609s][info][gc] GC(1226) Pause Young (Allocation Failure) 11M->9M(15M) 3.959ms
[302.614s][info][gc] GC(1227) Pause Young (Allocation Failure) 13M->13M(15M) 0.031ms
[302.633s][info][gc] GC(1228) Pause Full (Allocation Failure) 13M->7M(15M) 18.838ms
[302.642s][info][gc] GC(1229) Pause Young (Allocation Failure) 11M->9M(15M) 3.988ms
[302.647s][info][gc] GC(1230) Pause Young (Allocation Failure) 13M->13M(15M) 0.032ms
[302.666s][info][gc] GC(1231) Pause Full (Allocation Failure) 13M->7M(15M) 18.837ms
[302.675s][info][gc] GC(1232) Pause Young (Allocation Failure) 11M->9M(15M) 4.042ms
[302.680s][info][gc] GC(1233) Pause Young (Allocation Failure) 13M->13M(15M) 0.034ms
[302.699s][info][gc] GC(1234) Pause Full (Allocation Failure) 13M->7M(15M) 18.517ms
[302.708s][info][gc] GC(1235) Pause Young (Allocation Failure) 11M->9M(15M) 3.922ms
[302.713s][info][gc] GC(1236) Pause Young (Allocation Failure) 13M->13M(15M) 0.038ms
[302.733s][info][gc] GC(1237) Pause Full (Allocation Failure) 13M->6M(15M) 19.037ms
[302.742s][info][gc] GC(1238) Pause Young (Allocation Failure) 11M->9M(15M) 4.220ms
[302.748s][info][gc] GC(1239) Pause Young (Allocation Failure) 13M->13M(15M) 0.039ms
[302.767s][info][gc] GC(1240) Pause Full (Allocation Failure) 13M->7M(15M) 19.354ms
[302.777s][info][gc] GC(1241) Pause Young (Allocation Failure) 11M->9M(15M) 4.104ms
[302.782s][info][gc] GC(1242) Pause Young (Allocation Failure) 13M->13M(15M) 0.034ms
[302.801s][info][gc] GC(1243) Pause Full (Allocation Failure) 13M->7M(15M) 18.737ms
[302.810s][info][gc] GC(1244) Pause Young (Allocation Failure) 11M->9M(15M) 3.901ms
[302.816s][info][gc] GC(1245) Pause Young (Allocation Failure) 13M->13M(15M) 0.036ms
[302.835s][info][gc] GC(1246) Pause Full (Allocation Failure) 13M->7M(15M) 19.242ms
[302.845s][info][gc] GC(1247) Pause Young (Allocation Failure) 11M->9M(15M) 4.208ms
[302.850s][info][gc] GC(1248) Pause Young (Allocation Failure) 13M->13M(15M) 0.036ms
[302.870s][info][gc] GC(1249) Pause Full (Allocation Failure) 13M->7M(15M) 19.645ms
[302.880s][info][gc] GC(1250) Pause Young (Allocation Failure) 11M->9M(15M) 4.266ms
[302.885s][info][gc] GC(1251) Pause Young (Allocation Failure) 13M->13M(15M) 0.034ms
[302.904s][info][gc] GC(1252) Pause Full (Allocation Failure) 13M->7M(15M) 19.239ms
[302.914s][info][gc] GC(1253) Pause Young (Allocation Failure) 11M->9M(15M) 4.020ms
[302.919s][info][gc] GC(1254) Pause Young (Allocation Failure) 13M->13M(15M) 0.034ms
[302.938s][info][gc] GC(1255) Pause Full (Allocation Failure) 13M->7M(15M) 19.222ms
[302.948s][info][gc] GC(1256) Pause Young (Allocation Failure) 11M->9M(15M) 4.254ms
[302.953s][info][gc] GC(1257) Pause Young (Allocation Failure) 13M->13M(15M) 0.039ms
[302.973s][info][gc] GC(1258) Pause Full (Allocation Failure) 13M->7M(15M) 19.930ms
[302.983s][info][gc] GC(1259) Pause Young (Allocation Failure) 11M->9M(15M) 4.284ms
[302.989s][info][gc] GC(1260) Pause Young (Allocation Failure) 13M->13M(15M) 0.039ms
[303.008s][info][gc] GC(1261) Pause Full (Allocation Failure) 13M->6M(15M) 19.410ms
[303.018s][info][gc] GC(1262) Pause Young (Allocation Failure) 11M->8M(15M) 3.961ms
[303.023s][info][gc] GC(1263) Pause Young (Allocation Failure) 13M->13M(15M) 0.041ms
[303.042s][info][gc] GC(1264) Pause Full (Allocation Failure) 13M->7M(15M) 19.550ms
[303.052s][info][gc] GC(1265) Pause Young (Allocation Failure) 11M->9M(15M) 4.127ms
[303.057s][info][gc] GC(1266) Pause Young (Allocation Failure) 13M->13M(15M) 0.034ms
[303.077s][info][gc] GC(1267) Pause Full (Allocation Failure) 13M->7M(15M) 19.408ms
[303.086s][info][gc] GC(1268) Pause Young (Allocation Failure) 11M->9M(15M) 4.092ms
[303.091s][info][gc] GC(1269) Pause Young (Allocation Failure) 13M->13M(15M) 0.034ms
[303.110s][info][gc] GC(1270) Pause Full (Allocation Failure) 13M->7M(15M) 18.574ms
[303.119s][info][gc] GC(1271) Pause Young (Allocation Failure) 11M->9M(15M) 3.957ms
[303.124s][info][gc] GC(1272) Pause Young (Allocation Failure) 13M->13M(15M) 0.046ms
[303.145s][info][gc] GC(1273) Pause Full (Allocation Failure) 13M->6M(15M) 20.321ms
[303.155s][info][gc] GC(1274) Pause Young (Allocation Failure) 11M->9M(15M) 4.126ms
[303.160s][info][gc] GC(1275) Pause Young (Allocation Failure) 13M->13M(15M) 0.033ms
[303.179s][info][gc] GC(1276) Pause Full (Allocation Failure) 13M->7M(15M) 19.565ms
[303.189s][info][gc] GC(1277) Pause Young (Allocation Failure) 11M->9M(15M) 3.980ms
[303.194s][info][gc] GC(1278) Pause Young (Allocation Failure) 13M->13M(15M) 0.034ms
[303.212s][info][gc] GC(1279) Pause Full (Allocation Failure) 13M->7M(15M) 18.526ms
[303.222s][info][gc] GC(1280) Pause Young (Allocation Failure) 11M->9M(15M) 3.905ms
[303.227s][info][gc] GC(1281) Pause Young (Allocation Failure) 13M->13M(15M) 0.049ms
[303.246s][info][gc] GC(1282) Pause Full (Allocation Failure) 13M->7M(15M) 19.264ms
[303.256s][info][gc] GC(1283) Pause Young (Allocation Failure) 11M->9M(15M) 4.384ms
[303.261s][info][gc] GC(1284) Pause Young (Allocation Failure) 13M->13M(15M) 0.046ms
[303.281s][info][gc] GC(1285) Pause Full (Allocation Failure) 13M->6M(15M) 19.913ms
[303.291s][info][gc] GC(1286) Pause Young (Allocation Failure) 11M->8M(15M) 4.145ms
[303.296s][info][gc] GC(1287) Pause Young (Allocation Failure) 13M->13M(15M) 0.044ms
[303.316s][info][gc] GC(1288) Pause Full (Allocation Failure) 13M->7M(15M) 19.899ms
[303.326s][info][gc] GC(1289) Pause Young (Allocation Failure) 11M->9M(15M) 4.314ms
[303.331s][info][gc] GC(1290) Pause Young (Allocation Failure) 13M->13M(15M) 0.043ms
[303.351s][info][gc] GC(1291) Pause Full (Allocation Failure) 13M->7M(15M) 19.852ms
[303.361s][info][gc] GC(1292) Pause Young (Allocation Failure) 11M->9M(15M) 4.323ms
[303.366s][info][gc] GC(1293) Pause Young (Allocation Failure) 13M->13M(15M) 0.041ms
[303.386s][info][gc] GC(1294) Pause Full (Allocation Failure) 13M->7M(15M) 20.191ms
[303.396s][info][gc] GC(1295) Pause Young (Allocation Failure) 11M->9M(15M) 4.160ms
[303.401s][info][gc] GC(1296) Pause Young (Allocation Failure) 13M->13M(15M) 0.041ms
[303.421s][info][gc] GC(1297) Pause Full (Allocation Failure) 13M->7M(15M) 20.461ms
[303.431s][info][gc] GC(1298) Pause Young (Allocation Failure) 11M->9M(15M) 4.376ms
[303.436s][info][gc] GC(1299) Pause Young (Allocation Failure) 13M->13M(15M) 0.047ms
[303.456s][info][gc] GC(1300) Pause Full (Allocation Failure) 13M->7M(15M) 19.979ms
[303.466s][info][gc] GC(1301) Pause Young (Allocation Failure) 11M->9M(15M) 4.282ms
[303.471s][info][gc] GC(1302) Pause Young (Allocation Failure) 13M->13M(15M) 0.035ms
[303.490s][info][gc] GC(1303) Pause Full (Allocation Failure) 13M->7M(15M) 18.966ms
[303.499s][info][gc] GC(1304) Pause Young (Allocation Failure) 11M->9M(15M) 3.974ms
[303.504s][info][gc] GC(1305) Pause Young (Allocation Failure) 13M->13M(15M) 0.032ms
[303.523s][info][gc] GC(1306) Pause Full (Allocation Failure) 13M->7M(15M) 19.074ms
[303.533s][info][gc] GC(1307) Pause Young (Allocation Failure) 11M->9M(15M) 4.226ms
[303.538s][info][gc] GC(1308) Pause Young (Allocation Failure) 13M->13M(15M) 0.032ms
[303.557s][info][gc] GC(1309) Pause Full (Allocation Failure) 13M->6M(15M) 18.908ms
[303.566s][info][gc] GC(1310) Pause Young (Allocation Failure) 11M->9M(15M) 3.965ms
[303.571s][info][gc] GC(1311) Pause Young (Allocation Failure) 13M->13M(15M) 0.032ms
[303.590s][info][gc] GC(1312) Pause Full (Allocation Failure) 13M->7M(15M) 18.868ms
[303.599s][info][gc] GC(1313) Pause Young (Allocation Failure) 11M->9M(15M) 3.876ms
[303.605s][info][gc] GC(1314) Pause Young (Allocation Failure) 13M->13M(15M) 0.032ms
[303.624s][info][gc] GC(1315) Pause Full (Allocation Failure) 13M->7M(15M) 19.116ms
[303.633s][info][gc] GC(1316) Pause Young (Allocation Failure) 11M->9M(15M) 4.119ms
[303.638s][info][gc] GC(1317) Pause Young (Allocation Failure) 13M->13M(15M) 0.033ms
[303.657s][info][gc] GC(1318) Pause Full (Allocation Failure) 13M->7M(15M) 19.168ms
[303.667s][info][gc] GC(1319) Pause Young (Allocation Failure) 11M->9M(15M) 3.983ms
[303.672s][info][gc] GC(1320) Pause Young (Allocation Failure) 13M->13M(15M) 0.034ms
[303.691s][info][gc] GC(1321) Pause Full (Allocation Failure) 13M->6M(15M) 18.808ms
[303.700s][info][gc] GC(1322) Pause Young (Allocation Failure) 11M->8M(15M) 3.830ms
[303.705s][info][gc] GC(1323) Pause Young (Allocation Failure) 13M->13M(15M) 0.034ms
[303.724s][info][gc] GC(1324) Pause Full (Allocation Failure) 13M->7M(15M) 19.365ms
[303.734s][info][gc] GC(1325) Pause Young (Allocation Failure) 11M->9M(15M) 4.120ms
[303.739s][info][gc] GC(1326) Pause Young (Allocation Failure) 13M->13M(15M) 0.033ms
[303.758s][info][gc] GC(1327) Pause Full (Allocation Failure) 13M->7M(15M) 19.290ms
[303.768s][info][gc] GC(1328) Pause Young (Allocation Failure) 11M->9M(15M) 4.046ms
[303.773s][info][gc] GC(1329) Pause Young (Allocation Failure) 13M->13M(15M) 0.033ms
[303.791s][info][gc] GC(1330) Pause Full (Allocation Failure) 13M->7M(15M) 18.533ms
[303.800s][info][gc] GC(1331) Pause Young (Allocation Failure) 11M->9M(15M) 3.809ms
[303.806s][info][gc] GC(1332) Pause Young (Allocation Failure) 13M->13M(15M) 0.032ms
[303.824s][info][gc] GC(1333) Pause Full (Allocation Failure) 13M->7M(15M) 18.891ms
[303.834s][info][gc] GC(1334) Pause Young (Allocation Failure) 11M->9M(15M) 4.093ms
[303.839s][info][gc] GC(1335) Pause Young (Allocation Failure) 13M->13M(15M) 0.033ms
[303.858s][info][gc] GC(1336) Pause Full (Allocation Failure) 13M->7M(15M) 18.955ms
[303.867s][info][gc] GC(1337) Pause Young (Allocation Failure) 11M->9M(15M) 3.955ms
[303.872s][info][gc] GC(1338) Pause Young (Allocation Failure) 13M->13M(15M) 0.032ms
[303.891s][info][gc] GC(1339) Pause Full (Allocation Failure) 13M->7M(15M) 18.767ms
[303.900s][info][gc] GC(1340) Pause Young (Allocation Failure) 11M->9M(15M) 3.895ms
[303.906s][info][gc] GC(1341) Pause Young (Allocation Failure) 13M->13M(15M) 0.032ms
[303.925s][info][gc] GC(1342) Pause Full (Allocation Failure) 13M->7M(15M) 19.016ms
[303.934s][info][gc] GC(1343) Pause Young (Allocation Failure) 11M->9M(15M) 4.005ms
[303.939s][info][gc] GC(1344) Pause Young (Allocation Failure) 13M->13M(15M) 0.034ms
[303.958s][info][gc] GC(1345) Pause Full (Allocation Failure) 13M->6M(15M) 19.031ms
[303.968s][info][gc] GC(1346) Pause Young (Allocation Failure) 11M->9M(15M) 4.338ms
[303.973s][info][gc] GC(1347) Pause Young (Allocation Failure) 13M->13M(15M) 0.036ms
[303.992s][info][gc] GC(1348) Pause Full (Allocation Failure) 13M->7M(15M) 19.085ms
[304.001s][info][gc] GC(1349) Pause Young (Allocation Failure) 11M->9M(15M) 3.869ms
[304.006s][info][gc] GC(1350) Pause Young (Allocation Failure) 13M->13M(15M) 0.033ms
[304.025s][info][gc] GC(1351) Pause Full (Allocation Failure) 13M->7M(15M) 18.996ms
[304.035s][info][gc] GC(1352) Pause Young (Allocation Failure) 11M->9M(15M) 4.008ms
[304.040s][info][gc] GC(1353) Pause Young (Allocation Failure) 13M->13M(15M) 0.032ms
[304.059s][info][gc] GC(1354) Pause Full (Allocation Failure) 13M->7M(15M) 19.195ms
[304.068s][info][gc] GC(1355) Pause Young (Allocation Failure) 11M->9M(15M) 3.855ms
[304.073s][info][gc] GC(1356) Pause Young (Allocation Failure) 13M->13M(15M) 0.036ms
[304.093s][info][gc] GC(1357) Pause Full (Allocation Failure) 13M->7M(15M) 19.578ms
[304.102s][info][gc] GC(1358) Pause Young (Allocation Failure) 11M->9M(15M) 3.967ms
[304.107s][info][gc] GC(1359) Pause Young (Allocation Failure) 13M->13M(15M) 0.032ms
[304.126s][info][gc] GC(1360) Pause Full (Allocation Failure) 13M->7M(15M) 19.250ms
[304.137s][info][gc] GC(1361) Pause Young (Allocation Failure) 11M->9M(15M) 4.584ms
[304.142s][info][gc] GC(1362) Pause Young (Allocation Failure) 14M->14M(15M) 0.043ms
[304.162s][info][gc] GC(1363) Pause Full (Allocation Failure) 14M->7M(15M) 19.646ms
[304.171s][info][gc] GC(1364) Pause Young (Allocation Failure) 11M->9M(15M) 4.129ms
[304.176s][info][gc] GC(1365) Pause Young (Allocation Failure) 13M->13M(15M) 0.032ms
[304.195s][info][gc] GC(1366) Pause Full (Allocation Failure) 13M->7M(15M) 19.039ms
[304.204s][info][gc] GC(1367) Pause Young (Allocation Failure) 11M->9M(15M) 3.882ms
[304.209s][info][gc] GC(1368) Pause Young (Allocation Failure) 13M->13M(15M) 0.034ms
[304.229s][info][gc] GC(1369) Pause Full (Allocation Failure) 13M->7M(15M) 19.782ms
[304.239s][info][gc] GC(1370) Pause Young (Allocation Failure) 11M->9M(15M) 4.011ms
[304.244s][info][gc] GC(1371) Pause Young (Allocation Failure) 13M->13M(15M) 0.032ms
[304.263s][info][gc] GC(1372) Pause Full (Allocation Failure) 13M->7M(15M) 19.268ms
[304.272s][info][gc] GC(1373) Pause Young (Allocation Failure) 11M->9M(15M) 3.960ms
[304.277s][info][gc] GC(1374) Pause Young (Allocation Failure) 13M->13M(15M) 0.035ms
[304.298s][info][gc] GC(1375) Pause Full (Allocation Failure) 13M->7M(15M) 20.226ms
[304.303s][info][gc] GC(1376) Pause Young (Allocation Failure) 12M->12M(15M) 0.039ms
[304.321s][info][gc] GC(1377) Pause Full (Allocation Failure) 12M->6M(15M) 17.661ms
[304.330s][info][gc] GC(1378) Pause Young (Allocation Failure) 11M->9M(15M) 3.895ms
[304.335s][info][gc] GC(1379) Pause Young (Allocation Failure) 13M->13M(15M) 0.034ms
[304.355s][info][gc] GC(1380) Pause Full (Allocation Failure) 13M->7M(15M) 19.571ms
[304.364s][info][gc] GC(1381) Pause Young (Allocation Failure) 11M->9M(15M) 3.972ms
[304.369s][info][gc] GC(1382) Pause Young (Allocation Failure) 13M->13M(15M) 0.033ms
[304.389s][info][gc] GC(1383) Pause Full (Allocation Failure) 13M->7M(15M) 19.702ms
[304.398s][info][gc] GC(1384) Pause Young (Allocation Failure) 11M->9M(15M) 4.133ms
[304.403s][info][gc] GC(1385) Pause Young (Allocation Failure) 13M->13M(15M) 0.034ms
[304.423s][info][gc] GC(1386) Pause Full (Allocation Failure) 13M->7M(15M) 19.762ms
[304.433s][info][gc] GC(1387) Pause Young (Allocation Failure) 11M->9M(15M) 4.118ms
[304.438s][info][gc] GC(1388) Pause Young (Allocation Failure) 14M->14M(15M) 0.035ms
[304.457s][info][gc] GC(1389) Pause Full (Allocation Failure) 14M->7M(15M) 19.736ms
[304.463s][info][gc] GC(1390) Pause Young (Allocation Failure) 12M->12M(15M) 0.038ms
[304.481s][info][gc] GC(1391) Pause Full (Allocation Failure) 12M->6M(15M) 18.205ms
[304.490s][info][gc] GC(1392) Pause Young (Allocation Failure) 10M->8M(15M) 3.910ms
[304.495s][info][gc] GC(1393) Pause Young (Allocation Failure) 12M->12M(15M) 0.034ms
[304.515s][info][gc] GC(1394) Pause Full (Allocation Failure) 12M->7M(15M) 19.892ms
[304.525s][info][gc] GC(1395) Pause Young (Allocation Failure) 11M->9M(15M) 4.087ms
[304.530s][info][gc] GC(1396) Pause Young (Allocation Failure) 13M->13M(15M) 0.035ms
[304.549s][info][gc] GC(1397) Pause Full (Allocation Failure) 13M->7M(15M) 19.216ms
[304.558s][info][gc] GC(1398) Pause Young (Allocation Failure) 11M->9M(15M) 3.953ms
[304.563s][info][gc] GC(1399) Pause Young (Allocation Failure) 13M->13M(15M) 0.034ms
[304.583s][info][gc] GC(1400) Pause Full (Allocation Failure) 13M->7M(15M) 19.509ms
[304.588s][info][gc] GC(1401) Pause Young (Allocation Failure) 12M->12M(15M) 0.039ms
[304.606s][info][gc] GC(1402) Pause Full (Allocation Failure) 12M->6M(15M) 17.873ms
[304.615s][info][gc] GC(1403) Pause Young (Allocation Failure) 10M->8M(15M) 3.717ms
[304.620s][info][gc] GC(1404) Pause Young (Allocation Failure) 12M->12M(15M) 0.035ms
[304.640s][info][gc] GC(1405) Pause Full (Allocation Failure) 12M->7M(15M) 19.579ms
[304.645s][info][gc] GC(1406) Pause Young (Allocation Failure) 12M->12M(15M) 0.041ms
[304.663s][info][gc] GC(1407) Pause Full (Allocation Failure) 12M->6M(15M) 18.202ms
[304.672s][info][gc] GC(1408) Pause Young (Allocation Failure) 11M->9M(15M) 3.708ms
[304.677s][info][gc] GC(1409) Pause Young (Allocation Failure) 13M->13M(15M) 0.038ms
[304.698s][info][gc] GC(1410) Pause Full (Allocation Failure) 13M->7M(15M) 20.200ms
[304.703s][info][gc] GC(1411) Pause Young (Allocation Failure) 12M->12M(15M) 0.040ms
[304.721s][info][gc] GC(1412) Pause Full (Allocation Failure) 12M->6M(15M) 18.412ms
[304.731s][info][gc] GC(1413) Pause Young (Allocation Failure) 10M->8M(15M) 3.875ms
[304.736s][info][gc] GC(1414) Pause Young (Allocation Failure) 12M->12M(15M) 0.040ms
[304.756s][info][gc] GC(1415) Pause Full (Allocation Failure) 12M->7M(15M) 19.414ms
[304.765s][info][gc] GC(1416) Pause Young (Allocation Failure) 11M->9M(15M) 3.939ms
[304.770s][info][gc] GC(1417) Pause Young (Allocation Failure) 13M->13M(15M) 0.037ms
[304.791s][info][gc] GC(1418) Pause Full (Allocation Failure) 13M->7M(15M) 20.008ms
[304.796s][info][gc] GC(1419) Pause Young (Allocation Failure) 11M->11M(15M) 0.041ms
[304.814s][info][gc] GC(1420) Pause Full (Allocation Failure) 11M->6M(15M) 17.852ms
[304.823s][info][gc] GC(1421) Pause Young (Allocation Failure) 11M->9M(15M) 3.723ms
[304.828s][info][gc] GC(1422) Pause Young (Allocation Failure) 13M->13M(15M) 0.037ms
[304.848s][info][gc] GC(1423) Pause Full (Allocation Failure) 13M->7M(15M) 19.689ms
[304.858s][info][gc] GC(1424) Pause Young (Allocation Failure) 11M->9M(15M) 4.224ms
[304.863s][info][gc] GC(1425) Pause Young (Allocation Failure) 13M->13M(15M) 0.035ms
[304.883s][info][gc] GC(1426) Pause Full (Allocation Failure) 13M->7M(15M) 19.610ms
[304.889s][info][gc] GC(1427) Pause Young (Allocation Failure) 11M->11M(15M) 0.038ms
[304.907s][info][gc] GC(1428) Pause Full (Allocation Failure) 11M->7M(15M) 17.950ms
[304.916s][info][gc] GC(1429) Pause Young (Allocation Failure) 11M->9M(15M) 3.876ms
[304.921s][info][gc] GC(1430) Pause Young (Allocation Failure) 13M->13M(15M) 0.034ms
[304.940s][info][gc] GC(1431) Pause Full (Allocation Failure) 13M->7M(15M) 19.469ms
[304.945s][info][gc] GC(1432) Pause Young (Allocation Failure) 11M->11M(15M) 0.038ms
[304.963s][info][gc] GC(1433) Pause Full (Allocation Failure) 11M->6M(15M) 17.905ms
[304.973s][info][gc] GC(1434) Pause Young (Allocation Failure) 10M->8M(15M) 4.187ms
[304.978s][info][gc] GC(1435) Pause Young (Allocation Failure) 12M->12M(15M) 0.035ms
[304.998s][info][gc] GC(1436) Pause Full (Allocation Failure) 12M->7M(15M) 19.775ms
[305.003s][info][gc] GC(1437) Pause Young (Allocation Failure) 11M->11M(15M) 0.054ms
[305.022s][info][gc] GC(1438) Pause Full (Allocation Failure) 11M->7M(15M) 18.329ms
[305.031s][info][gc] GC(1439) Pause Young (Allocation Failure) 11M->9M(15M) 3.900ms
[305.036s][info][gc] GC(1440) Pause Young (Allocation Failure) 13M->13M(15M) 0.034ms
[305.055s][info][gc] GC(1441) Pause Full (Allocation Failure) 13M->7M(15M) 19.527ms
[305.061s][info][gc] GC(1442) Pause Young (Allocation Failure) 11M->11M(15M) 0.037ms
[305.079s][info][gc] GC(1443) Pause Full (Allocation Failure) 11M->6M(15M) 18.059ms
[305.088s][info][gc] GC(1444) Pause Young (Allocation Failure) 10M->8M(15M) 3.900ms
[305.093s][info][gc] GC(1445) Pause Young (Allocation Failure) 12M->12M(15M) 0.034ms
[305.112s][info][gc] GC(1446) Pause Full (Allocation Failure) 12M->7M(15M) 19.565ms
[305.118s][info][gc] GC(1447) Pause Young (Allocation Failure) 11M->11M(15M) 0.037ms
[305.136s][info][gc] GC(1448) Pause Full (Allocation Failure) 11M->7M(15M) 18.299ms
[305.146s][info][gc] GC(1449) Pause Young (Allocation Failure) 11M->9M(15M) 4.349ms
[305.151s][info][gc] GC(1450) Pause Young (Allocation Failure) 13M->13M(15M) 0.044ms
[305.171s][info][gc] GC(1451) Pause Full (Allocation Failure) 13M->7M(15M) 19.986ms
[305.177s][info][gc] GC(1452) Pause Young (Allocation Failure) 11M->11M(15M) 0.038ms
[305.195s][info][gc] GC(1453) Pause Full (Allocation Failure) 11M->6M(15M) 18.181ms
[305.204s][info][gc] GC(1454) Pause Young (Allocation Failure) 10M->8M(15M) 3.922ms
[305.209s][info][gc] GC(1455) Pause Young (Allocation Failure) 12M->12M(15M) 0.033ms
[305.229s][info][gc] GC(1456) Pause Full (Allocation Failure) 12M->7M(15M) 19.971ms
[305.235s][info][gc] GC(1457) Pause Young (Allocation Failure) 11M->11M(15M) 0.040ms
[305.253s][info][gc] GC(1458) Pause Full (Allocation Failure) 11M->7M(15M) 18.065ms
[305.262s][info][gc] GC(1459) Pause Young (Allocation Failure) 11M->9M(15M) 3.847ms
[305.267s][info][gc] GC(1460) Pause Young (Allocation Failure) 13M->13M(15M) 0.036ms
[305.286s][info][gc] GC(1461) Pause Full (Allocation Failure) 13M->7M(15M) 19.337ms
[305.292s][info][gc] GC(1462) Pause Young (Allocation Failure) 11M->11M(15M) 0.041ms
[305.310s][info][gc] GC(1463) Pause Full (Allocation Failure) 11M->6M(15M) 18.194ms
[305.319s][info][gc] GC(1464) Pause Young (Allocation Failure) 10M->8M(15M) 3.851ms
[305.324s][info][gc] GC(1465) Pause Young (Allocation Failure) 12M->12M(15M) 0.035ms
[305.343s][info][gc] GC(1466) Pause Full (Allocation Failure) 12M->7M(15M) 19.115ms
[305.348s][info][gc] GC(1467) Pause Young (Allocation Failure) 11M->11M(15M) 0.037ms
[305.366s][info][gc] GC(1468) Pause Full (Allocation Failure) 11M->7M(15M) 17.948ms
[305.375s][info][gc] GC(1469) Pause Young (Allocation Failure) 11M->9M(15M) 3.691ms
[305.380s][info][gc] GC(1470) Pause Young (Allocation Failure) 13M->13M(15M) 0.034ms
[305.400s][info][gc] GC(1471) Pause Full (Allocation Failure) 13M->7M(15M) 19.931ms
[305.406s][info][gc] GC(1472) Pause Young (Allocation Failure) 12M->12M(15M) 0.037ms
[305.424s][info][gc] GC(1473) Pause Full (Allocation Failure) 12M->6M(15M) 17.983ms
[305.433s][info][gc] GC(1474) Pause Young (Allocation Failure) 10M->8M(15M) 3.720ms
[305.438s][info][gc] GC(1475) Pause Young (Allocation Failure) 12M->12M(15M) 0.034ms
[305.457s][info][gc] GC(1476) Pause Full (Allocation Failure) 12M->7M(15M) 19.670ms
[305.463s][info][gc] GC(1477) Pause Young (Allocation Failure) 12M->12M(15M) 0.039ms
[305.481s][info][gc] GC(1478) Pause Full (Allocation Failure) 12M->7M(15M) 18.173ms
[305.490s][info][gc] GC(1479) Pause Young (Allocation Failure) 11M->9M(15M) 3.744ms
[305.495s][info][gc] GC(1480) Pause Young (Allocation Failure) 13M->13M(15M) 0.035ms
[305.515s][info][gc] GC(1481) Pause Full (Allocation Failure) 13M->7M(15M) 20.026ms
[305.521s][info][gc] GC(1482) Pause Young (Allocation Failure) 12M->12M(15M) 0.038ms
[305.539s][info][gc] GC(1483) Pause Full (Allocation Failure) 12M->6M(15M) 18.010ms
[305.547s][info][gc] GC(1484) Pause Young (Allocation Failure) 10M->8M(15M) 3.709ms
[305.553s][info][gc] GC(1485) Pause Young (Allocation Failure) 12M->12M(15M) 0.034ms
[305.573s][info][gc] GC(1486) Pause Full (Allocation Failure) 12M->7M(15M) 19.959ms
[305.578s][info][gc] GC(1487) Pause Young (Allocation Failure) 12M->12M(15M) 0.039ms
[305.596s][info][gc] GC(1488) Pause Full (Allocation Failure) 12M->7M(15M) 17.997ms
[305.605s][info][gc] GC(1489) Pause Young (Allocation Failure) 11M->9M(15M) 3.726ms
[305.610s][info][gc] GC(1490) Pause Young (Allocation Failure) 13M->13M(15M) 0.035ms
[305.629s][info][gc] GC(1491) Pause Full (Allocation Failure) 13M->7M(15M) 19.566ms
[305.635s][info][gc] GC(1492) Pause Young (Allocation Failure) 12M->12M(15M) 0.039ms
[305.653s][info][gc] GC(1493) Pause Full (Allocation Failure) 12M->6M(15M) 17.784ms
[305.662s][info][gc] GC(1494) Pause Young (Allocation Failure) 10M->8M(15M) 3.752ms
[305.667s][info][gc] GC(1495) Pause Young (Allocation Failure) 12M->12M(15M) 0.035ms
[305.686s][info][gc] GC(1496) Pause Full (Allocation Failure) 12M->7M(15M) 19.592ms
[305.692s][info][gc] GC(1497) Pause Young (Allocation Failure) 12M->12M(15M) 0.038ms
[305.710s][info][gc] GC(1498) Pause Full (Allocation Failure) 12M->7M(15M) 17.925ms
[305.719s][info][gc] GC(1499) Pause Young (Allocation Failure) 11M->9M(15M) 3.787ms
[305.723s][info][gc] GC(1500) Pause Young (Allocation Failure) 13M->13M(15M) 0.035ms
[305.743s][info][gc] GC(1501) Pause Full (Allocation Failure) 13M->7M(15M) 19.633ms
[305.749s][info][gc] GC(1502) Pause Young (Allocation Failure) 12M->12M(15M) 0.041ms
[305.767s][info][gc] GC(1503) Pause Full (Allocation Failure) 12M->6M(15M) 18.320ms
[305.776s][info][gc] GC(1504) Pause Young (Allocation Failure) 10M->8M(15M) 3.957ms
[305.781s][info][gc] GC(1505) Pause Young (Allocation Failure) 13M->13M(15M) 0.035ms
[305.801s][info][gc] GC(1506) Pause Full (Allocation Failure) 13M->7M(15M) 19.769ms
[305.806s][info][gc] GC(1507) Pause Young (Allocation Failure) 11M->11M(15M) 0.038ms
[305.824s][info][gc] GC(1508) Pause Full (Allocation Failure) 11M->7M(15M) 18.104ms
[305.834s][info][gc] GC(1509) Pause Young (Allocation Failure) 11M->9M(15M) 3.938ms
[305.839s][info][gc] GC(1510) Pause Young (Allocation Failure) 13M->13M(15M) 0.034ms
[305.858s][info][gc] GC(1511) Pause Full (Allocation Failure) 13M->7M(15M) 19.822ms
[305.864s][info][gc] GC(1512) Pause Young (Allocation Failure) 11M->11M(15M) 0.037ms
[305.882s][info][gc] GC(1513) Pause Full (Allocation Failure) 11M->6M(15M) 18.063ms
[305.891s][info][gc] GC(1514) Pause Young (Allocation Failure) 10M->8M(15M) 3.980ms
[305.896s][info][gc] GC(1515) Pause Young (Allocation Failure) 13M->13M(15M) 0.034ms
[305.916s][info][gc] GC(1516) Pause Full (Allocation Failure) 13M->7M(15M) 19.605ms
[305.921s][info][gc] GC(1517) Pause Young (Allocation Failure) 11M->11M(15M) 0.041ms
[305.940s][info][gc] GC(1518) Pause Full (Allocation Failure) 11M->7M(15M) 18.365ms
[305.949s][info][gc] GC(1519) Pause Young (Allocation Failure) 11M->9M(15M) 3.953ms
[305.954s][info][gc] GC(1520) Pause Young (Allocation Failure) 13M->13M(15M) 0.035ms
[305.973s][info][gc] GC(1521) Pause Full (Allocation Failure) 13M->7M(15M) 19.685ms
[305.979s][info][gc] GC(1522) Pause Young (Allocation Failure) 11M->11M(15M) 0.038ms
[305.997s][info][gc] GC(1523) Pause Full (Allocation Failure) 11M->6M(15M) 18.274ms
[306.007s][info][gc] GC(1524) Pause Young (Allocation Failure) 10M->8M(15M) 4.053ms
[306.012s][info][gc] GC(1525) Pause Young (Allocation Failure) 13M->13M(15M) 0.037ms
[306.032s][info][gc] GC(1526) Pause Full (Allocation Failure) 13M->7M(15M) 19.909ms
[306.038s][info][gc] GC(1527) Pause Young (Allocation Failure) 11M->11M(15M) 0.045ms
[306.056s][info][gc] GC(1528) Pause Full (Allocation Failure) 11M->7M(15M) 18.207ms
[306.065s][info][gc] GC(1529) Pause Young (Allocation Failure) 11M->9M(15M) 3.795ms
[306.070s][info][gc] GC(1530) Pause Young (Allocation Failure) 13M->13M(15M) 0.034ms
[306.090s][info][gc] GC(1531) Pause Full (Allocation Failure) 13M->7M(15M) 19.663ms
[306.096s][info][gc] GC(1532) Pause Young (Allocation Failure) 12M->12M(15M) 0.038ms
[306.114s][info][gc] GC(1533) Pause Full (Allocation Failure) 12M->6M(15M) 18.709ms
[306.123s][info][gc] GC(1534) Pause Young (Allocation Failure) 10M->8M(15M) 3.876ms
[306.129s][info][gc] GC(1535) Pause Young (Allocation Failure) 12M->12M(15M) 0.054ms
[306.149s][info][gc] GC(1536) Pause Full (Allocation Failure) 12M->7M(15M) 20.445ms
[306.155s][info][gc] GC(1537) Pause Young (Allocation Failure) 12M->12M(15M) 0.041ms
[306.172s][info][gc] GC(1538) Pause Full (Allocation Failure) 12M->7M(15M) 17.685ms
[306.181s][info][gc] GC(1539) Pause Young (Allocation Failure) 11M->9M(15M) 3.567ms
[306.186s][info][gc] GC(1540) Pause Young (Allocation Failure) 13M->13M(15M) 0.034ms
[306.205s][info][gc] GC(1541) Pause Full (Allocation Failure) 13M->7M(15M) 19.110ms
[306.211s][info][gc] GC(1542) Pause Young (Allocation Failure) 12M->12M(15M) 0.040ms
[306.229s][info][gc] GC(1543) Pause Full (Allocation Failure) 12M->6M(15M) 18.275ms
[306.238s][info][gc] GC(1544) Pause Young (Allocation Failure) 10M->8M(15M) 3.696ms
[306.243s][info][gc] GC(1545) Pause Young (Allocation Failure) 12M->12M(15M) 0.032ms
[306.262s][info][gc] GC(1546) Pause Full (Allocation Failure) 12M->7M(15M) 19.168ms
[306.268s][info][gc] GC(1547) Pause Young (Allocation Failure) 12M->12M(15M) 0.042ms
[306.286s][info][gc] GC(1548) Pause Full (Allocation Failure) 12M->7M(15M) 17.578ms
[306.295s][info][gc] GC(1549) Pause Young (Allocation Failure) 11M->9M(15M) 3.793ms
[306.300s][info][gc] GC(1550) Pause Young (Allocation Failure) 13M->13M(15M) 0.032ms
[306.319s][info][gc] GC(1551) Pause Full (Allocation Failure) 13M->7M(15M) 19.309ms
[306.325s][info][gc] GC(1552) Pause Young (Allocation Failure) 12M->12M(15M) 0.037ms
[306.343s][info][gc] GC(1553) Pause Full (Allocation Failure) 12M->6M(15M) 18.038ms
[306.352s][info][gc] GC(1554) Pause Young (Allocation Failure) 10M->8M(15M) 3.913ms
[306.357s][info][gc] GC(1555) Pause Young (Allocation Failure) 13M->13M(15M) 0.034ms
[306.376s][info][gc] GC(1556) Pause Full (Allocation Failure) 13M->7M(15M) 19.284ms
[306.381s][info][gc] GC(1557) Pause Young (Allocation Failure) 12M->12M(15M) 0.038ms
[306.400s][info][gc] GC(1558) Pause Full (Allocation Failure) 12M->7M(15M) 18.007ms
[306.409s][info][gc] GC(1559) Pause Young (Allocation Failure) 11M->9M(15M) 3.878ms
[306.414s][info][gc] GC(1560) Pause Young (Allocation Failure) 13M->13M(15M) 0.036ms
[306.433s][info][gc] GC(1561) Pause Full (Allocation Failure) 13M->7M(15M) 19.541ms
[306.439s][info][gc] GC(1562) Pause Young (Allocation Failure) 12M->12M(15M) 0.038ms
[306.456s][info][gc] GC(1563) Pause Full (Allocation Failure) 12M->6M(15M) 17.763ms
[306.466s][info][gc] GC(1564) Pause Young (Allocation Failure) 10M->8M(15M) 3.905ms
[306.471s][info][gc] GC(1565) Pause Young (Allocation Failure) 13M->13M(15M) 0.035ms
[306.490s][info][gc] GC(1566) Pause Full (Allocation Failure) 13M->7M(15M) 19.627ms
[306.496s][info][gc] GC(1567) Pause Young (Allocation Failure) 12M->12M(15M) 0.044ms
[306.514s][info][gc] GC(1568) Pause Full (Allocation Failure) 12M->7M(15M) 18.179ms
[306.524s][info][gc] GC(1569) Pause Young (Allocation Failure) 11M->9M(15M) 3.979ms
[306.529s][info][gc] GC(1570) Pause Young (Allocation Failure) 13M->13M(15M) 0.035ms
[306.549s][info][gc] GC(1571) Pause Full (Allocation Failure) 13M->7M(15M) 19.752ms
[306.554s][info][gc] GC(1572) Pause Young (Allocation Failure) 12M->12M(15M) 0.043ms
[306.572s][info][gc] GC(1573) Pause Full (Allocation Failure) 12M->6M(15M) 18.216ms
[306.581s][info][gc] GC(1574) Pause Young (Allocation Failure) 10M->8M(15M) 3.876ms
[306.586s][info][gc] GC(1575) Pause Young (Allocation Failure) 13M->13M(15M) 0.035ms
[306.606s][info][gc] GC(1576) Pause Full (Allocation Failure) 13M->7M(15M) 19.342ms
[306.611s][info][gc] GC(1577) Pause Young (Allocation Failure) 12M->12M(15M) 0.039ms
[306.629s][info][gc] GC(1578) Pause Full (Allocation Failure) 12M->7M(15M) 17.728ms
[306.638s][info][gc] GC(1579) Pause Young (Allocation Failure) 11M->9M(15M) 3.896ms
[306.643s][info][gc] GC(1580) Pause Young (Allocation Failure) 13M->13M(15M) 0.034ms
[306.662s][info][gc] GC(1581) Pause Full (Allocation Failure) 13M->7M(15M) 19.432ms
[306.668s][info][gc] GC(1582) Pause Young (Allocation Failure) 12M->12M(15M) 0.038ms
[306.686s][info][gc] GC(1583) Pause Full (Allocation Failure) 12M->6M(15M) 17.819ms
[306.695s][info][gc] GC(1584) Pause Young (Allocation Failure) 10M->8M(15M) 3.880ms
[306.700s][info][gc] GC(1585) Pause Young (Allocation Failure) 13M->13M(15M) 0.035ms
[306.719s][info][gc] GC(1586) Pause Full (Allocation Failure) 13M->7M(15M) 19.407ms
[306.725s][info][gc] GC(1587) Pause Young (Allocation Failure) 12M->12M(15M) 0.043ms
[306.743s][info][gc] GC(1588) Pause Full (Allocation Failure) 12M->7M(15M) 18.348ms
[306.752s][info][gc] GC(1589) Pause Young (Allocation Failure) 11M->9M(15M) 4.128ms
[306.758s][info][gc] GC(1590) Pause Young (Allocation Failure) 13M->13M(15M) 0.035ms
[306.777s][info][gc] GC(1591) Pause Full (Allocation Failure) 13M->7M(15M) 19.284ms
[306.782s][info][gc] GC(1592) Pause Young (Allocation Failure) 11M->11M(15M) 0.037ms
[306.800s][info][gc] GC(1593) Pause Full (Allocation Failure) 11M->6M(15M) 17.834ms
[306.809s][info][gc] GC(1594) Pause Young (Allocation Failure) 10M->8M(15M) 3.902ms
[306.814s][info][gc] GC(1595) Pause Young (Allocation Failure) 13M->13M(15M) 0.038ms
[306.834s][info][gc] GC(1596) Pause Full (Allocation Failure) 13M->7M(15M) 20.041ms
[306.840s][info][gc] GC(1597) Pause Young (Allocation Failure) 12M->12M(15M) 0.040ms
[306.858s][info][gc] GC(1598) Pause Full (Allocation Failure) 12M->7M(15M) 17.950ms
[306.867s][info][gc] GC(1599) Pause Young (Allocation Failure) 11M->9M(15M) 3.896ms
[306.872s][info][gc] GC(1600) Pause Young (Allocation Failure) 13M->13M(15M) 0.035ms
[306.891s][info][gc] GC(1601) Pause Full (Allocation Failure) 13M->7M(15M) 19.541ms
[306.897s][info][gc] GC(1602) Pause Young (Allocation Failure) 12M->12M(15M) 0.038ms
[306.915s][info][gc] GC(1603) Pause Full (Allocation Failure) 12M->6M(15M) 17.865ms
[306.924s][info][gc] GC(1604) Pause Young (Allocation Failure) 10M->8M(15M) 4.007ms
[306.929s][info][gc] GC(1605) Pause Young (Allocation Failure) 13M->13M(15M) 0.036ms
[306.949s][info][gc] GC(1606) Pause Full (Allocation Failure) 13M->7M(15M) 19.485ms
[306.954s][info][gc] GC(1607) Pause Young (Allocation Failure) 12M->12M(15M) 0.038ms
[306.972s][info][gc] GC(1608) Pause Full (Allocation Failure) 12M->7M(15M) 18.038ms
[306.981s][info][gc] GC(1609) Pause Young (Allocation Failure) 11M->9M(15M) 3.908ms
[306.986s][info][gc] GC(1610) Pause Young (Allocation Failure) 13M->13M(15M) 0.034ms
[307.006s][info][gc] GC(1611) Pause Full (Allocation Failure) 13M->7M(15M) 19.909ms
[307.012s][info][gc] GC(1612) Pause Young (Allocation Failure) 12M->12M(15M) 0.038ms
[307.030s][info][gc] GC(1613) Pause Full (Allocation Failure) 12M->6M(15M) 17.995ms
[307.039s][info][gc] GC(1614) Pause Young (Allocation Failure) 10M->8M(15M) 3.964ms
[307.044s][info][gc] GC(1615) Pause Young (Allocation Failure) 13M->13M(15M) 0.035ms
[307.064s][info][gc] GC(1616) Pause Full (Allocation Failure) 13M->7M(15M) 19.910ms
[307.069s][info][gc] GC(1617) Pause Young (Allocation Failure) 12M->12M(15M) 0.038ms
[307.087s][info][gc] GC(1618) Pause Full (Allocation Failure) 12M->7M(15M) 17.956ms
[307.093s][info][gc] GC(1619) Pause Young (Allocation Failure) 11M->11M(15M) 0.038ms
[307.110s][info][gc] GC(1620) Pause Full (Allocation Failure) 11M->7M(15M) 17.544ms
[307.119s][info][gc] GC(1621) Pause Young (Allocation Failure) 11M->9M(15M) 3.912ms
[307.124s][info][gc] GC(1622) Pause Young (Allocation Failure) 13M->13M(15M) 0.044ms
[307.146s][info][gc] GC(1623) Pause Full (Allocation Failure) 13M->7M(15M) 21.674ms
[307.152s][info][gc] GC(1624) Pause Young (Allocation Failure) 11M->11M(15M) 0.044ms
[307.170s][info][gc] GC(1625) Pause Full (Allocation Failure) 11M->7M(15M) 18.385ms
[307.176s][info][gc] GC(1626) Pause Young (Allocation Failure) 11M->11M(15M) 0.037ms
[307.193s][info][gc] GC(1627) Pause Full (Allocation Failure) 11M->7M(15M) 17.518ms
[307.202s][info][gc] GC(1628) Pause Young (Allocation Failure) 11M->9M(15M) 3.616ms
[307.207s][info][gc] GC(1629) Pause Young (Allocation Failure) 13M->13M(15M) 0.032ms
[307.226s][info][gc] GC(1630) Pause Full (Allocation Failure) 13M->7M(15M) 19.120ms
[307.231s][info][gc] GC(1631) Pause Young (Allocation Failure) 11M->11M(15M) 0.037ms
[307.249s][info][gc] GC(1632) Pause Full (Allocation Failure) 11M->6M(15M) 17.561ms
[307.258s][info][gc] GC(1633) Pause Young (Allocation Failure) 11M->8M(15M) 3.880ms
[307.263s][info][gc] GC(1634) Pause Young (Allocation Failure) 13M->13M(15M) 0.043ms
[307.282s][info][gc] GC(1635) Pause Full (Allocation Failure) 13M->7M(15M) 18.631ms
[307.288s][info][gc] GC(1636) Pause Young (Allocation Failure) 11M->11M(15M) 0.036ms
[307.305s][info][gc] GC(1637) Pause Full (Allocation Failure) 11M->7M(15M) 17.526ms
[307.310s][info][gc] GC(1638) Pause Young (Allocation Failure) 11M->11M(15M) 0.035ms
[307.328s][info][gc] GC(1639) Pause Full (Allocation Failure) 11M->7M(15M) 17.494ms
[307.337s][info][gc] GC(1640) Pause Young (Allocation Failure) 11M->9M(15M) 3.811ms
[307.342s][info][gc] GC(1641) Pause Young (Allocation Failure) 13M->13M(15M) 0.033ms
[307.361s][info][gc] GC(1642) Pause Full (Allocation Failure) 13M->7M(15M) 18.869ms
[307.366s][info][gc] GC(1643) Pause Young (Allocation Failure) 11M->11M(15M) 0.037ms
[307.384s][info][gc] GC(1644) Pause Full (Allocation Failure) 11M->7M(15M) 17.796ms
[307.393s][info][gc] GC(1645) Pause Young (Allocation Failure) 11M->9M(15M) 3.779ms
[307.398s][info][gc] GC(1646) Pause Young (Allocation Failure) 13M->13M(15M) 0.034ms
[307.417s][info][gc] GC(1647) Pause Full (Allocation Failure) 13M->7M(15M) 19.080ms
[307.422s][info][gc] GC(1648) Pause Young (Allocation Failure) 11M->11M(15M) 0.037ms
[307.440s][info][gc] GC(1649) Pause Full (Allocation Failure) 11M->7M(15M) 17.735ms
[307.445s][info][gc] GC(1650) Pause Young (Allocation Failure) 11M->11M(15M) 0.037ms
[307.463s][info][gc] GC(1651) Pause Full (Allocation Failure) 11M->6M(15M) 17.703ms
[307.472s][info][gc] GC(1652) Pause Young (Allocation Failure) 11M->8M(15M) 3.976ms
[307.477s][info][gc] GC(1653) Pause Young (Allocation Failure) 13M->13M(15M) 0.035ms
[307.497s][info][gc] GC(1654) Pause Full (Allocation Failure) 13M->7M(15M) 19.573ms
[307.502s][info][gc] GC(1655) Pause Young (Allocation Failure) 12M->12M(15M) 0.038ms
[307.521s][info][gc] GC(1656) Pause Full (Allocation Failure) 12M->7M(15M) 18.283ms
[307.526s][info][gc] GC(1657) Pause Young (Allocation Failure) 11M->11M(15M) 0.049ms
[307.544s][info][gc] GC(1658) Pause Full (Allocation Failure) 11M->7M(15M) 17.987ms
[307.549s][info][gc] GC(1659) Pause Young (Allocation Failure) 11M->11M(15M) 0.038ms
[307.567s][info][gc] GC(1660) Pause Full (Allocation Failure) 11M->6M(15M) 17.849ms
[307.576s][info][gc] GC(1661) Pause Young (Allocation Failure) 11M->8M(15M) 3.877ms
[307.581s][info][gc] GC(1662) Pause Young (Allocation Failure) 13M->13M(15M) 0.034ms
[307.600s][info][gc] GC(1663) Pause Full (Allocation Failure) 13M->7M(15M) 19.224ms
[307.606s][info][gc] GC(1664) Pause Young (Allocation Failure) 11M->11M(15M) 0.038ms
[307.624s][info][gc] GC(1665) Pause Full (Allocation Failure) 11M->7M(15M) 17.930ms
[307.629s][info][gc] GC(1666) Pause Young (Allocation Failure) 11M->11M(15M) 0.040ms
[307.647s][info][gc] GC(1667) Pause Full (Allocation Failure) 11M->7M(15M) 17.712ms
[307.652s][info][gc] GC(1668) Pause Young (Allocation Failure) 11M->11M(15M) 0.037ms
[307.670s][info][gc] GC(1669) Pause Full (Allocation Failure) 11M->6M(15M) 17.704ms
[307.679s][info][gc] GC(1670) Pause Young (Allocation Failure) 11M->8M(15M) 3.775ms
[307.684s][info][gc] GC(1671) Pause Young (Allocation Failure) 13M->13M(15M) 0.034ms
[307.704s][info][gc] GC(1672) Pause Full (Allocation Failure) 13M->7M(15M) 19.838ms
[307.709s][info][gc] GC(1673) Pause Young (Allocation Failure) 12M->12M(15M) 0.038ms
[307.727s][info][gc] GC(1674) Pause Full (Allocation Failure) 12M->7M(15M) 18.023ms
[307.732s][info][gc] GC(1675) Pause Young (Allocation Failure) 11M->11M(15M) 0.039ms
[307.750s][info][gc] GC(1676) Pause Full (Allocation Failure) 11M->7M(15M) 17.765ms
[307.755s][info][gc] GC(1677) Pause Young (Allocation Failure) 11M->11M(15M) 0.037ms
[307.773s][info][gc] GC(1678) Pause Full (Allocation Failure) 11M->6M(15M) 17.741ms
[307.782s][info][gc] GC(1679) Pause Young (Allocation Failure) 11M->8M(15M) 3.978ms
[307.787s][info][gc] GC(1680) Pause Young (Allocation Failure) 13M->13M(15M) 0.035ms
[307.807s][info][gc] GC(1681) Pause Full (Allocation Failure) 13M->7M(15M) 19.615ms
[307.812s][info][gc] GC(1682) Pause Young (Allocation Failure) 12M->12M(15M) 0.038ms
[307.830s][info][gc] GC(1683) Pause Full (Allocation Failure) 12M->7M(15M) 17.981ms
[307.835s][info][gc] GC(1684) Pause Young (Allocation Failure) 11M->11M(15M) 0.037ms
[307.854s][info][gc] GC(1685) Pause Full (Allocation Failure) 11M->7M(15M) 18.164ms
[307.859s][info][gc] GC(1686) Pause Young (Allocation Failure) 11M->11M(15M) 0.038ms
[307.877s][info][gc] GC(1687) Pause Full (Allocation Failure) 11M->6M(15M) 17.842ms
[307.886s][info][gc] GC(1688) Pause Young (Allocation Failure) 11M->8M(15M) 3.881ms
[307.891s][info][gc] GC(1689) Pause Young (Allocation Failure) 13M->13M(15M) 0.039ms
[307.911s][info][gc] GC(1690) Pause Full (Allocation Failure) 13M->7M(15M) 19.772ms
[307.916s][info][gc] GC(1691) Pause Young (Allocation Failure) 12M->12M(15M) 0.040ms
[307.934s][info][gc] GC(1692) Pause Full (Allocation Failure) 12M->7M(15M) 17.992ms
[307.939s][info][gc] GC(1693) Pause Young (Allocation Failure) 11M->11M(15M) 0.037ms
[307.957s][info][gc] GC(1694) Pause Full (Allocation Failure) 11M->7M(15M) 17.912ms
[307.963s][info][gc] GC(1695) Pause Young (Allocation Failure) 11M->11M(15M) 0.040ms
[307.981s][info][gc] GC(1696) Pause Full (Allocation Failure) 11M->6M(15M) 17.948ms
[307.990s][info][gc] GC(1697) Pause Young (Allocation Failure) 11M->8M(15M) 3.735ms
[307.994s][info][gc] GC(1698) Pause Young (Allocation Failure) 13M->13M(15M) 0.034ms
[308.014s][info][gc] GC(1699) Pause Full (Allocation Failure) 13M->7M(15M) 19.760ms
[308.020s][info][gc] GC(1700) Pause Young (Allocation Failure) 12M->12M(15M) 0.043ms
[308.038s][info][gc] GC(1701) Pause Full (Allocation Failure) 12M->7M(15M) 18.625ms
[308.044s][info][gc] GC(1702) Pause Young (Allocation Failure) 11M->11M(15M) 0.040ms
[308.062s][info][gc] GC(1703) Pause Full (Allocation Failure) 11M->7M(15M) 18.086ms
[308.067s][info][gc] GC(1704) Pause Young (Allocation Failure) 11M->11M(15M) 0.037ms
[308.085s][info][gc] GC(1705) Pause Full (Allocation Failure) 11M->6M(15M) 17.988ms
[308.094s][info][gc] GC(1706) Pause Young (Allocation Failure) 11M->8M(15M) 3.925ms
[308.099s][info][gc] GC(1707) Pause Young (Allocation Failure) 13M->13M(15M) 0.036ms
[308.119s][info][gc] GC(1708) Pause Full (Allocation Failure) 13M->7M(15M) 19.717ms
[308.125s][info][gc] GC(1709) Pause Young (Allocation Failure) 12M->12M(15M) 0.053ms
[308.144s][info][gc] GC(1710) Pause Full (Allocation Failure) 12M->7M(15M) 19.786ms
[308.150s][info][gc] GC(1711) Pause Young (Allocation Failure) 11M->11M(15M) 0.045ms
[308.168s][info][gc] GC(1712) Pause Full (Allocation Failure) 11M->7M(15M) 18.099ms
[308.173s][info][gc] GC(1713) Pause Young (Allocation Failure) 11M->11M(15M) 0.037ms
[308.191s][info][gc] GC(1714) Pause Full (Allocation Failure) 11M->6M(15M) 17.930ms
[308.200s][info][gc] GC(1715) Pause Young (Allocation Failure) 11M->8M(15M) 3.742ms
[308.205s][info][gc] GC(1716) Pause Young (Allocation Failure) 13M->13M(15M) 0.035ms
[308.226s][info][gc] GC(1717) Pause Full (Allocation Failure) 13M->8M(15M) 20.728ms
[308.231s][info][gc] GC(1718) Pause Young (Allocation Failure) 12M->12M(15M) 0.038ms
[308.250s][info][gc] GC(1719) Pause Full (Allocation Failure) 12M->7M(15M) 18.571ms
[308.255s][info][gc] GC(1720) Pause Young (Allocation Failure) 11M->11M(15M) 0.048ms
[308.275s][info][gc] GC(1721) Pause Full (Allocation Failure) 11M->7M(15M) 19.542ms
[308.280s][info][gc] GC(1722) Pause Young (Allocation Failure) 11M->11M(15M) 0.053ms
[308.299s][info][gc] GC(1723) Pause Full (Allocation Failure) 11M->6M(15M) 18.920ms
[308.308s][info][gc] GC(1724) Pause Young (Allocation Failure) 11M->8M(15M) 4.035ms
[308.314s][info][gc] GC(1725) Pause Young (Allocation Failure) 13M->13M(15M) 0.041ms
[308.334s][info][gc] GC(1726) Pause Full (Allocation Failure) 13M->7M(15M) 20.258ms
[308.339s][info][gc] GC(1727) Pause Young (Allocation Failure) 12M->12M(15M) 0.042ms
[308.358s][info][gc] GC(1728) Pause Full (Allocation Failure) 12M->7M(15M) 18.504ms
[308.363s][info][gc] GC(1729) Pause Young (Allocation Failure) 11M->11M(15M) 0.035ms
[308.381s][info][gc] GC(1730) Pause Full (Allocation Failure) 11M->7M(15M) 17.770ms
[308.386s][info][gc] GC(1731) Pause Young (Allocation Failure) 11M->11M(15M) 0.036ms
[308.404s][info][gc] GC(1732) Pause Full (Allocation Failure) 11M->6M(15M) 17.911ms
[308.413s][info][gc] GC(1733) Pause Young (Allocation Failure) 11M->8M(15M) 3.672ms
[308.418s][info][gc] GC(1734) Pause Young (Allocation Failure) 13M->13M(15M) 0.032ms
[308.437s][info][gc] GC(1735) Pause Full (Allocation Failure) 13M->7M(15M) 19.522ms
[308.443s][info][gc] GC(1736) Pause Young (Allocation Failure) 12M->12M(15M) 0.036ms
[308.461s][info][gc] GC(1737) Pause Full (Allocation Failure) 12M->7M(15M) 17.996ms
[308.466s][info][gc] GC(1738) Pause Young (Allocation Failure) 11M->11M(15M) 0.038ms
[308.484s][info][gc] GC(1739) Pause Full (Allocation Failure) 11M->7M(15M) 17.820ms
[308.489s][info][gc] GC(1740) Pause Young (Allocation Failure) 11M->11M(15M) 0.037ms
[308.507s][info][gc] GC(1741) Pause Full (Allocation Failure) 11M->6M(15M) 17.952ms
[308.516s][info][gc] GC(1742) Pause Young (Allocation Failure) 11M->8M(15M) 3.951ms
[308.521s][info][gc] GC(1743) Pause Young (Allocation Failure) 13M->13M(15M) 0.034ms
[308.542s][info][gc] GC(1744) Pause Full (Allocation Failure) 13M->7M(15M) 20.620ms
[308.547s][info][gc] GC(1745) Pause Young (Allocation Failure) 12M->12M(15M) 0.040ms
[308.566s][info][gc] GC(1746) Pause Full (Allocation Failure) 12M->7M(15M) 18.602ms
[308.571s][info][gc] GC(1747) Pause Young (Allocation Failure) 11M->11M(15M) 0.038ms
[308.589s][info][gc] GC(1748) Pause Full (Allocation Failure) 11M->7M(15M) 18.001ms
[308.595s][info][gc] GC(1749) Pause Young (Allocation Failure) 11M->11M(15M) 0.038ms
[308.613s][info][gc] GC(1750) Pause Full (Allocation Failure) 11M->6M(15M) 17.910ms
[308.622s][info][gc] GC(1751) Pause Young (Allocation Failure) 11M->8M(15M) 3.935ms
[308.627s][info][gc] GC(1752) Pause Young (Allocation Failure) 13M->13M(15M) 0.036ms
[308.647s][info][gc] GC(1753) Pause Full (Allocation Failure) 13M->7M(15M) 20.029ms
[308.652s][info][gc] GC(1754) Pause Young (Allocation Failure) 12M->12M(15M) 0.040ms
[308.670s][info][gc] GC(1755) Pause Full (Allocation Failure) 12M->7M(15M) 18.116ms
[308.676s][info][gc] GC(1756) Pause Young (Allocation Failure) 11M->11M(15M) 0.037ms
[308.694s][info][gc] GC(1757) Pause Full (Allocation Failure) 11M->7M(15M) 18.087ms
[308.699s][info][gc] GC(1758) Pause Young (Allocation Failure) 11M->11M(15M) 0.038ms
[308.717s][info][gc] GC(1759) Pause Full (Allocation Failure) 11M->6M(15M) 17.971ms
[308.726s][info][gc] GC(1760) Pause Young (Allocation Failure) 11M->8M(15M) 3.703ms
[308.731s][info][gc] GC(1761) Pause Young (Allocation Failure) 13M->13M(15M) 0.034ms
[308.751s][info][gc] GC(1762) Pause Full (Allocation Failure) 13M->8M(15M) 20.007ms
[308.756s][info][gc] GC(1763) Pause Young (Allocation Failure) 12M->12M(15M) 0.038ms
[308.775s][info][gc] GC(1764) Pause Full (Allocation Failure) 12M->7M(15M) 18.182ms
[308.780s][info][gc] GC(1765) Pause Young (Allocation Failure) 11M->11M(15M) 0.038ms
[308.798s][info][gc] GC(1766) Pause Full (Allocation Failure) 11M->7M(15M) 17.914ms
[308.803s][info][gc] GC(1767) Pause Young (Allocation Failure) 11M->11M(15M) 0.037ms
[308.821s][info][gc] GC(1768) Pause Full (Allocation Failure) 11M->6M(15M) 18.128ms
[308.830s][info][gc] GC(1769) Pause Young (Allocation Failure) 11M->8M(15M) 3.891ms
[308.835s][info][gc] GC(1770) Pause Young (Allocation Failure) 13M->13M(15M) 0.034ms
[308.855s][info][gc] GC(1771) Pause Full (Allocation Failure) 13M->7M(15M) 19.929ms
[308.860s][info][gc] GC(1772) Pause Young (Allocation Failure) 12M->12M(15M) 0.039ms
[308.879s][info][gc] GC(1773) Pause Full (Allocation Failure) 12M->7M(15M) 18.424ms
[308.884s][info][gc] GC(1774) Pause Young (Allocation Failure) 11M->11M(15M) 0.038ms
[308.902s][info][gc] GC(1775) Pause Full (Allocation Failure) 11M->7M(15M) 18.016ms
[308.907s][info][gc] GC(1776) Pause Young (Allocation Failure) 11M->11M(15M) 0.041ms
[308.926s][info][gc] GC(1777) Pause Full (Allocation Failure) 11M->6M(15M) 18.302ms
[308.935s][info][gc] GC(1778) Pause Young (Allocation Failure) 11M->8M(15M) 3.723ms
[308.940s][info][gc] GC(1779) Pause Young (Allocation Failure) 13M->13M(15M) 0.034ms
[308.960s][info][gc] GC(1780) Pause Full (Allocation Failure) 13M->8M(15M) 20.073ms
[308.965s][info][gc] GC(1781) Pause Young (Allocation Failure) 12M->12M(15M) 0.038ms
[308.984s][info][gc] GC(1782) Pause Full (Allocation Failure) 12M->7M(15M) 18.491ms
[308.989s][info][gc] GC(1783) Pause Young (Allocation Failure) 11M->11M(15M) 0.037ms
[309.007s][info][gc] GC(1784) Pause Full (Allocation Failure) 11M->7M(15M) 17.989ms
[309.012s][info][gc] GC(1785) Pause Young (Allocation Failure) 11M->11M(15M) 0.037ms
[309.030s][info][gc] GC(1786) Pause Full (Allocation Failure) 11M->6M(15M) 18.048ms
[309.039s][info][gc] GC(1787) Pause Young (Allocation Failure) 11M->8M(15M) 3.829ms
[309.044s][info][gc] GC(1788) Pause Young (Allocation Failure) 13M->13M(15M) 0.035ms
[309.065s][info][gc] GC(1789) Pause Full (Allocation Failure) 13M->8M(15M) 20.664ms
[309.070s][info][gc] GC(1790) Pause Young (Allocation Failure) 12M->12M(15M) 0.038ms
[309.089s][info][gc] GC(1791) Pause Full (Allocation Failure) 12M->7M(15M) 18.302ms
[309.094s][info][gc] GC(1792) Pause Young (Allocation Failure) 11M->11M(15M) 0.037ms
[309.112s][info][gc] GC(1793) Pause Full (Allocation Failure) 11M->7M(15M) 18.119ms
[309.117s][info][gc] GC(1794) Pause Young (Allocation Failure) 11M->11M(15M) 0.038ms
[309.136s][info][gc] GC(1795) Pause Full (Allocation Failure) 11M->6M(15M) 18.351ms
[309.146s][info][gc] GC(1796) Pause Young (Allocation Failure) 11M->8M(15M) 4.281ms
[309.151s][info][gc] GC(1797) Pause Young (Allocation Failure) 13M->13M(15M) 0.045ms
[309.171s][info][gc] GC(1798) Pause Full (Allocation Failure) 13M->8M(15M) 20.550ms
[309.177s][info][gc] GC(1799) Pause Young (Allocation Failure) 12M->12M(15M) 0.040ms
[309.195s][info][gc] GC(1800) Pause Full (Allocation Failure) 12M->7M(15M) 18.499ms
[309.201s][info][gc] GC(1801) Pause Young (Allocation Failure) 11M->11M(15M) 0.038ms
[309.219s][info][gc] GC(1802) Pause Full (Allocation Failure) 11M->7M(15M) 17.954ms
[309.224s][info][gc] GC(1803) Pause Young (Allocation Failure) 11M->11M(15M) 0.045ms
[309.243s][info][gc] GC(1804) Pause Full (Allocation Failure) 11M->6M(15M) 18.709ms
[309.252s][info][gc] GC(1805) Pause Young (Allocation Failure) 11M->8M(15M) 3.863ms
[309.257s][info][gc] GC(1806) Pause Young (Allocation Failure) 13M->13M(15M) 0.040ms
[309.277s][info][gc] GC(1807) Pause Full (Allocation Failure) 13M->7M(15M) 19.905ms
[309.283s][info][gc] GC(1808) Pause Young (Allocation Failure) 12M->12M(15M) 0.045ms
[309.301s][info][gc] GC(1809) Pause Full (Allocation Failure) 12M->7M(15M) 18.489ms
[309.306s][info][gc] GC(1810) Pause Young (Allocation Failure) 11M->11M(15M) 0.040ms
[309.325s][info][gc] GC(1811) Pause Full (Allocation Failure) 11M->7M(15M) 18.004ms
[309.330s][info][gc] GC(1812) Pause Young (Allocation Failure) 11M->11M(15M) 0.039ms
[309.348s][info][gc] GC(1813) Pause Full (Allocation Failure) 11M->6M(15M) 18.053ms
[309.357s][info][gc] GC(1814) Pause Young (Allocation Failure) 11M->8M(15M) 3.866ms
[309.363s][info][gc] GC(1815) Pause Young (Allocation Failure) 13M->13M(15M) 0.035ms
[309.382s][info][gc] GC(1816) Pause Full (Allocation Failure) 13M->7M(15M) 19.715ms
[309.388s][info][gc] GC(1817) Pause Young (Allocation Failure) 12M->12M(15M) 0.038ms
[309.406s][info][gc] GC(1818) Pause Full (Allocation Failure) 12M->7M(15M) 18.202ms
[309.411s][info][gc] GC(1819) Pause Young (Allocation Failure) 11M->11M(15M) 0.041ms
[309.430s][info][gc] GC(1820) Pause Full (Allocation Failure) 11M->7M(15M) 18.710ms
[309.435s][info][gc] GC(1821) Pause Young (Allocation Failure) 11M->11M(15M) 0.040ms
[309.454s][info][gc] GC(1822) Pause Full (Allocation Failure) 11M->6M(15M) 18.274ms
[309.462s][info][gc] GC(1823) Pause Young (Allocation Failure) 11M->8M(15M) 3.712ms
[309.467s][info][gc] GC(1824) Pause Young (Allocation Failure) 13M->13M(15M) 0.034ms
[309.488s][info][gc] GC(1825) Pause Full (Allocation Failure) 13M->8M(15M) 20.156ms
[309.493s][info][gc] GC(1826) Pause Young (Allocation Failure) 12M->12M(15M) 0.039ms
[309.511s][info][gc] GC(1827) Pause Full (Allocation Failure) 12M->7M(15M) 18.271ms
[309.516s][info][gc] GC(1828) Pause Young (Allocation Failure) 11M->11M(15M) 0.037ms
[309.535s][info][gc] GC(1829) Pause Full (Allocation Failure) 11M->7M(15M) 18.069ms
[309.540s][info][gc] GC(1830) Pause Young (Allocation Failure) 11M->11M(15M) 0.039ms
[309.558s][info][gc] GC(1831) Pause Full (Allocation Failure) 11M->6M(15M) 18.388ms
[309.568s][info][gc] GC(1832) Pause Young (Allocation Failure) 11M->9M(15M) 4.192ms
[309.573s][info][gc] GC(1833) Pause Young (Allocation Failure) 13M->13M(15M) 0.035ms
[309.593s][info][gc] GC(1834) Pause Full (Allocation Failure) 13M->7M(15M) 19.972ms
[309.598s][info][gc] GC(1835) Pause Young (Allocation Failure) 12M->12M(15M) 0.042ms
[309.617s][info][gc] GC(1836) Pause Full (Allocation Failure) 12M->7M(15M) 18.848ms
[309.622s][info][gc] GC(1837) Pause Young (Allocation Failure) 11M->11M(15M) 0.040ms
[309.641s][info][gc] GC(1838) Pause Full (Allocation Failure) 11M->7M(15M) 18.216ms
[309.646s][info][gc] GC(1839) Pause Young (Allocation Failure) 11M->11M(15M) 0.038ms
[309.664s][info][gc] GC(1840) Pause Full (Allocation Failure) 11M->6M(15M) 18.064ms
[309.673s][info][gc] GC(1841) Pause Young (Allocation Failure) 11M->8M(15M) 3.885ms
[309.678s][info][gc] GC(1842) Pause Young (Allocation Failure) 13M->13M(15M) 0.035ms
[309.698s][info][gc] GC(1843) Pause Full (Allocation Failure) 13M->8M(15M) 20.110ms
[309.704s][info][gc] GC(1844) Pause Young (Allocation Failure) 12M->12M(15M) 0.038ms
[309.722s][info][gc] GC(1845) Pause Full (Allocation Failure) 12M->7M(15M) 18.342ms
[309.727s][info][gc] GC(1846) Pause Young (Allocation Failure) 11M->11M(15M) 0.043ms
[309.746s][info][gc] GC(1847) Pause Full (Allocation Failure) 11M->7M(15M) 18.813ms
[309.752s][info][gc] GC(1848) Pause Young (Allocation Failure) 11M->11M(15M) 0.043ms
[309.771s][info][gc] GC(1849) Pause Full (Allocation Failure) 11M->6M(15M) 19.098ms
[309.780s][info][gc] GC(1850) Pause Young (Allocation Failure) 11M->8M(15M) 3.798ms
[309.785s][info][gc] GC(1851) Pause Young (Allocation Failure) 13M->13M(15M) 0.036ms
[309.805s][info][gc] GC(1852) Pause Full (Allocation Failure) 13M->8M(15M) 20.211ms
[309.811s][info][gc] GC(1853) Pause Young (Allocation Failure) 12M->12M(15M) 0.039ms
[309.829s][info][gc] GC(1854) Pause Full (Allocation Failure) 12M->7M(15M) 18.409ms
[309.834s][info][gc] GC(1855) Pause Young (Allocation Failure) 11M->11M(15M) 0.038ms
[309.852s][info][gc] GC(1856) Pause Full (Allocation Failure) 11M->7M(15M) 18.162ms
[309.857s][info][gc] GC(1857) Pause Young (Allocation Failure) 11M->11M(15M) 0.038ms
[309.876s][info][gc] GC(1858) Pause Full (Allocation Failure) 11M->6M(15M) 18.142ms
[309.881s][info][gc] GC(1859) Pause Young (Allocation Failure) 11M->11M(15M) 0.038ms
[309.899s][info][gc] GC(1860) Pause Full (Allocation Failure) 11M->7M(15M) 18.163ms
[309.904s][info][gc] GC(1861) Pause Young (Allocation Failure) 11M->11M(15M) 0.041ms
[309.923s][info][gc] GC(1862) Pause Full (Allocation Failure) 11M->7M(15M) 18.534ms
[309.928s][info][gc] GC(1863) Pause Young (Allocation Failure) 11M->11M(15M) 0.040ms
[309.946s][info][gc] GC(1864) Pause Full (Allocation Failure) 11M->7M(15M) 18.065ms
[309.952s][info][gc] GC(1865) Pause Young (Allocation Failure) 11M->11M(15M) 0.037ms
[309.970s][info][gc] GC(1866) Pause Full (Allocation Failure) 11M->6M(15M) 18.304ms
[309.979s][info][gc] GC(1867) Pause Young (Allocation Failure) 11M->8M(15M) 3.714ms
[309.984s][info][gc] GC(1868) Pause Young (Allocation Failure) 13M->13M(15M) 0.036ms
[310.004s][info][gc] GC(1869) Pause Full (Allocation Failure) 13M->8M(15M) 20.100ms
[310.009s][info][gc] GC(1870) Pause Young (Allocation Failure) 12M->12M(15M) 0.038ms
[310.028s][info][gc] GC(1871) Pause Full (Allocation Failure) 12M->7M(15M) 18.636ms
[310.033s][info][gc] GC(1872) Pause Young (Allocation Failure) 11M->11M(15M) 0.038ms
[310.052s][info][gc] GC(1873) Pause Full (Allocation Failure) 11M->7M(15M) 18.453ms
[310.057s][info][gc] GC(1874) Pause Young (Allocation Failure) 11M->11M(15M) 0.038ms
[310.075s][info][gc] GC(1875) Pause Full (Allocation Failure) 11M->6M(15M) 18.332ms
[310.085s][info][gc] GC(1876) Pause Young (Allocation Failure) 11M->9M(15M) 3.976ms
[310.090s][info][gc] GC(1877) Pause Young (Allocation Failure) 13M->13M(15M) 0.034ms
[310.110s][info][gc] GC(1878) Pause Full (Allocation Failure) 13M->8M(15M) 20.192ms
[310.115s][info][gc] GC(1879) Pause Young (Allocation Failure) 12M->12M(15M) 0.039ms
[310.134s][info][gc] GC(1880) Pause Full (Allocation Failure) 12M->7M(15M) 18.666ms
[310.139s][info][gc] GC(1881) Pause Young (Allocation Failure) 11M->11M(15M) 0.046ms
[310.160s][info][gc] GC(1882) Pause Full (Allocation Failure) 11M->7M(15M) 20.243ms
[310.165s][info][gc] GC(1883) Pause Young (Allocation Failure) 11M->11M(15M) 0.040ms
[310.185s][info][gc] GC(1884) Pause Full (Allocation Failure) 11M->6M(15M) 20.261ms
[310.191s][info][gc] GC(1885) Pause Young (Allocation Failure) 11M->11M(15M) 0.045ms
[310.211s][info][gc] GC(1886) Pause Full (Allocation Failure) 11M->7M(15M) 19.915ms
[310.216s][info][gc] GC(1887) Pause Young (Allocation Failure) 11M->11M(15M) 0.045ms
[310.237s][info][gc] GC(1888) Pause Full (Allocation Failure) 11M->7M(15M) 20.248ms
[310.243s][info][gc] GC(1889) Pause Young (Allocation Failure) 11M->11M(15M) 0.047ms
[310.262s][info][gc] GC(1890) Pause Full (Allocation Failure) 11M->7M(15M) 18.992ms
[310.268s][info][gc] GC(1891) Pause Young (Allocation Failure) 11M->11M(15M) 0.046ms
[310.288s][info][gc] GC(1892) Pause Full (Allocation Failure) 11M->6M(15M) 20.038ms
[310.297s][info][gc] GC(1893) Pause Young (Allocation Failure) 11M->8M(15M) 4.030ms
[310.302s][info][gc] GC(1894) Pause Young (Allocation Failure) 13M->13M(15M) 0.044ms
[310.324s][info][gc] GC(1895) Pause Full (Allocation Failure) 13M->8M(15M) 21.719ms
[310.330s][info][gc] GC(1896) Pause Young (Allocation Failure) 12M->12M(15M) 0.055ms
[310.349s][info][gc] GC(1897) Pause Full (Allocation Failure) 12M->7M(15M) 19.043ms
[310.354s][info][gc] GC(1898) Pause Young (Allocation Failure) 11M->11M(15M) 0.043ms
[310.373s][info][gc] GC(1899) Pause Full (Allocation Failure) 11M->7M(15M) 18.718ms
[310.378s][info][gc] GC(1900) Pause Young (Allocation Failure) 11M->11M(15M) 0.044ms
[310.396s][info][gc] GC(1901) Pause Full (Allocation Failure) 11M->6M(15M) 18.111ms
[310.401s][info][gc] GC(1902) Pause Young (Allocation Failure) 11M->11M(15M) 0.043ms
[310.420s][info][gc] GC(1903) Pause Full (Allocation Failure) 11M->7M(15M) 18.455ms
[310.425s][info][gc] GC(1904) Pause Young (Allocation Failure) 11M->11M(15M) 0.042ms
[310.444s][info][gc] GC(1905) Pause Full (Allocation Failure) 11M->7M(15M) 18.780ms
[310.449s][info][gc] GC(1906) Pause Young (Allocation Failure) 11M->11M(15M) 0.038ms
[310.468s][info][gc] GC(1907) Pause Full (Allocation Failure) 11M->7M(15M) 18.104ms
[310.473s][info][gc] GC(1908) Pause Young (Allocation Failure) 11M->11M(15M) 0.041ms
[310.491s][info][gc] GC(1909) Pause Full (Allocation Failure) 11M->6M(15M) 18.150ms
[310.500s][info][gc] GC(1910) Pause Young (Allocation Failure) 11M->8M(15M) 3.880ms
[310.506s][info][gc] GC(1911) Pause Young (Allocation Failure) 13M->13M(15M) 0.036ms
[310.526s][info][gc] GC(1912) Pause Full (Allocation Failure) 13M->8M(15M) 20.068ms
[310.531s][info][gc] GC(1913) Pause Young (Allocation Failure) 12M->12M(15M) 0.041ms
[310.550s][info][gc] GC(1914) Pause Full (Allocation Failure) 12M->7M(15M) 18.350ms
[310.556s][info][gc] GC(1915) Pause Young (Allocation Failure) 11M->11M(15M) 0.042ms
[310.574s][info][gc] GC(1916) Pause Full (Allocation Failure) 11M->7M(15M) 18.570ms
[310.579s][info][gc] GC(1917) Pause Young (Allocation Failure) 11M->11M(15M) 0.040ms
[310.598s][info][gc] GC(1918) Pause Full (Allocation Failure) 11M->6M(15M) 18.723ms
[310.603s][info][gc] GC(1919) Pause Young (Allocation Failure) 11M->11M(15M) 0.038ms
[310.622s][info][gc] GC(1920) Pause Full (Allocation Failure) 11M->7M(15M) 18.347ms
[310.627s][info][gc] GC(1921) Pause Young (Allocation Failure) 11M->11M(15M) 0.038ms
[310.646s][info][gc] GC(1922) Pause Full (Allocation Failure) 11M->7M(15M) 18.277ms
[310.651s][info][gc] GC(1923) Pause Young (Allocation Failure) 11M->11M(15M) 0.037ms
[310.669s][info][gc] GC(1924) Pause Full (Allocation Failure) 11M->7M(15M) 18.202ms
[310.674s][info][gc] GC(1925) Pause Young (Allocation Failure) 11M->11M(15M) 0.037ms
[310.693s][info][gc] GC(1926) Pause Full (Allocation Failure) 11M->7M(15M) 18.522ms
[310.698s][info][gc] GC(1927) Pause Young (Allocation Failure) 11M->11M(15M) 0.038ms
[310.716s][info][gc] GC(1928) Pause Full (Allocation Failure) 11M->7M(15M) 18.338ms
[310.722s][info][gc] GC(1929) Pause Young (Allocation Failure) 11M->11M(15M) 0.037ms
[310.740s][info][gc] GC(1930) Pause Full (Allocation Failure) 11M->7M(15M) 18.212ms
[310.745s][info][gc] GC(1931) Pause Young (Allocation Failure) 11M->11M(15M) 0.038ms
[310.764s][info][gc] GC(1932) Pause Full (Allocation Failure) 11M->7M(15M) 18.623ms
[310.769s][info][gc] GC(1933) Pause Young (Allocation Failure) 11M->11M(15M) 0.037ms
[310.788s][info][gc] GC(1934) Pause Full (Allocation Failure) 11M->6M(15M) 18.335ms
[310.797s][info][gc] GC(1935) Pause Young (Allocation Failure) 11M->9M(15M) 3.811ms
[310.802s][info][gc] GC(1936) Pause Young (Allocation Failure) 13M->13M(15M) 0.035ms
[310.821s][info][gc] GC(1937) Pause Full (Allocation Failure) 13M->7M(15M) 19.539ms
[310.827s][info][gc] GC(1938) Pause Young (Allocation Failure) 12M->12M(15M) 0.038ms
[310.845s][info][gc] GC(1939) Pause Full (Allocation Failure) 12M->7M(15M) 18.457ms
[310.850s][info][gc] GC(1940) Pause Young (Allocation Failure) 11M->11M(15M) 0.038ms
[310.869s][info][gc] GC(1941) Pause Full (Allocation Failure) 11M->7M(15M) 18.377ms
[310.874s][info][gc] GC(1942) Pause Young (Allocation Failure) 11M->11M(15M) 0.038ms
[310.892s][info][gc] GC(1943) Pause Full (Allocation Failure) 11M->6M(15M) 18.236ms
[310.898s][info][gc] GC(1944) Pause Young (Allocation Failure) 11M->11M(15M) 0.038ms
[310.916s][info][gc] GC(1945) Pause Full (Allocation Failure) 11M->7M(15M) 18.281ms
[310.921s][info][gc] GC(1946) Pause Young (Allocation Failure) 11M->11M(15M) 0.038ms
[310.940s][info][gc] GC(1947) Pause Full (Allocation Failure) 11M->7M(15M) 18.315ms
[310.945s][info][gc] GC(1948) Pause Young (Allocation Failure) 11M->11M(15M) 0.038ms
[310.963s][info][gc] GC(1949) Pause Full (Allocation Failure) 11M->7M(15M) 18.263ms
[310.968s][info][gc] GC(1950) Pause Young (Allocation Failure) 11M->11M(15M) 0.038ms
[310.987s][info][gc] GC(1951) Pause Full (Allocation Failure) 11M->6M(15M) 18.339ms
[310.992s][info][gc] GC(1952) Pause Young (Allocation Failure) 11M->11M(15M) 0.039ms
[311.010s][info][gc] GC(1953) Pause Full (Allocation Failure) 11M->7M(15M) 18.316ms
[311.016s][info][gc] GC(1954) Pause Young (Allocation Failure) 11M->11M(15M) 0.041ms
[311.034s][info][gc] GC(1955) Pause Full (Allocation Failure) 11M->7M(15M) 18.305ms
[311.039s][info][gc] GC(1956) Pause Young (Allocation Failure) 11M->11M(15M) 0.041ms
[311.058s][info][gc] GC(1957) Pause Full (Allocation Failure) 11M->7M(15M) 18.305ms
[311.063s][info][gc] GC(1958) Pause Young (Allocation Failure) 11M->11M(15M) 0.040ms
[311.082s][info][gc] GC(1959) Pause Full (Allocation Failure) 11M->6M(15M) 18.575ms
[311.087s][info][gc] GC(1960) Pause Young (Allocation Failure) 11M->11M(15M) 0.038ms
[311.105s][info][gc] GC(1961) Pause Full (Allocation Failure) 11M->7M(15M) 18.404ms
[311.111s][info][gc] GC(1962) Pause Young (Allocation Failure) 11M->11M(15M) 0.038ms
[311.129s][info][gc] GC(1963) Pause Full (Allocation Failure) 11M->7M(15M) 18.698ms
[311.135s][info][gc] GC(1964) Pause Young (Allocation Failure) 11M->11M(15M) 0.061ms
[311.155s][info][gc] GC(1965) Pause Full (Allocation Failure) 11M->7M(15M) 19.786ms
[311.160s][info][gc] GC(1966) Pause Young (Allocation Failure) 11M->11M(15M) 0.041ms
[311.179s][info][gc] GC(1967) Pause Full (Allocation Failure) 11M->7M(15M) 18.908ms
[311.184s][info][gc] GC(1968) Pause Young (Allocation Failure) 11M->11M(15M) 0.041ms
[311.203s][info][gc] GC(1969) Pause Full (Allocation Failure) 11M->7M(15M) 18.791ms
[311.208s][info][gc] GC(1970) Pause Young (Allocation Failure) 11M->11M(15M) 0.037ms
[311.228s][info][gc] GC(1971) Pause Full (Allocation Failure) 11M->7M(15M) 19.142ms
[311.233s][info][gc] GC(1972) Pause Young (Allocation Failure) 11M->11M(15M) 0.041ms
[311.252s][info][gc] GC(1973) Pause Full (Allocation Failure) 11M->7M(15M) 18.755ms
[311.257s][info][gc] GC(1974) Pause Young (Allocation Failure) 11M->11M(15M) 0.037ms
[311.276s][info][gc] GC(1975) Pause Full (Allocation Failure) 11M->6M(15M) 18.785ms
[311.285s][info][gc] GC(1976) Pause Young (Allocation Failure) 11M->8M(15M) 4.129ms
[311.290s][info][gc] GC(1977) Pause Young (Allocation Failure) 13M->13M(15M) 0.036ms
[311.310s][info][gc] GC(1978) Pause Full (Allocation Failure) 13M->8M(15M) 20.003ms
[311.316s][info][gc] GC(1979) Pause Young (Allocation Failure) 12M->12M(15M) 0.038ms
[311.334s][info][gc] GC(1980) Pause Full (Allocation Failure) 12M->7M(15M) 18.566ms
[311.340s][info][gc] GC(1981) Pause Young (Allocation Failure) 11M->11M(15M) 0.038ms
[311.358s][info][gc] GC(1982) Pause Full (Allocation Failure) 11M->7M(15M) 18.381ms
[311.363s][info][gc] GC(1983) Pause Young (Allocation Failure) 11M->11M(15M) 0.038ms
[311.382s][info][gc] GC(1984) Pause Full (Allocation Failure) 11M->6M(15M) 18.291ms
[311.387s][info][gc] GC(1985) Pause Young (Allocation Failure) 11M->11M(15M) 0.037ms
[311.405s][info][gc] GC(1986) Pause Full (Allocation Failure) 11M->7M(15M) 18.454ms
[311.411s][info][gc] GC(1987) Pause Young (Allocation Failure) 11M->11M(15M) 0.042ms
[311.430s][info][gc] GC(1988) Pause Full (Allocation Failure) 11M->7M(15M) 18.885ms
[311.435s][info][gc] GC(1989) Pause Young (Allocation Failure) 11M->11M(15M) 0.039ms
[311.453s][info][gc] GC(1990) Pause Full (Allocation Failure) 11M->7M(15M) 18.369ms
[311.458s][info][gc] GC(1991) Pause Young (Allocation Failure) 11M->11M(15M) 0.038ms
[311.477s][info][gc] GC(1992) Pause Full (Allocation Failure) 11M->6M(15M) 18.363ms
[311.482s][info][gc] GC(1993) Pause Young (Allocation Failure) 11M->11M(15M) 0.038ms
[311.501s][info][gc] GC(1994) Pause Full (Allocation Failure) 11M->7M(15M) 18.407ms
[311.506s][info][gc] GC(1995) Pause Young (Allocation Failure) 11M->11M(15M) 0.038ms
[311.524s][info][gc] GC(1996) Pause Full (Allocation Failure) 11M->7M(15M) 18.427ms
[311.529s][info][gc] GC(1997) Pause Young (Allocation Failure) 11M->11M(15M) 0.038ms
[311.548s][info][gc] GC(1998) Pause Full (Allocation Failure) 11M->7M(15M) 18.352ms
[311.553s][info][gc] GC(1999) Pause Young (Allocation Failure) 11M->11M(15M) 0.040ms
[311.571s][info][gc] GC(2000) Pause Full (Allocation Failure) 11M->6M(15M) 18.469ms
[311.577s][info][gc] GC(2001) Pause Young (Allocation Failure) 11M->11M(15M) 0.038ms
[311.595s][info][gc] GC(2002) Pause Full (Allocation Failure) 11M->7M(15M) 18.564ms
[311.601s][info][gc] GC(2003) Pause Young (Allocation Failure) 11M->11M(15M) 0.043ms
[311.620s][info][gc] GC(2004) Pause Full (Allocation Failure) 11M->7M(15M) 19.073ms
[311.625s][info][gc] GC(2005) Pause Young (Allocation Failure) 11M->11M(15M) 0.039ms
[311.643s][info][gc] GC(2006) Pause Full (Allocation Failure) 11M->7M(15M) 18.390ms
[311.649s][info][gc] GC(2007) Pause Young (Allocation Failure) 11M->11M(15M) 0.037ms
[311.667s][info][gc] GC(2008) Pause Full (Allocation Failure) 11M->6M(15M) 18.295ms
[311.672s][info][gc] GC(2009) Pause Young (Allocation Failure) 11M->11M(15M) 0.037ms
[311.691s][info][gc] GC(2010) Pause Full (Allocation Failure) 11M->7M(15M) 18.352ms
[311.696s][info][gc] GC(2011) Pause Young (Allocation Failure) 11M->11M(15M) 0.037ms
[311.715s][info][gc] GC(2012) Pause Full (Allocation Failure) 11M->7M(15M) 18.683ms
[311.720s][info][gc] GC(2013) Pause Young (Allocation Failure) 11M->11M(15M) 0.038ms
[311.738s][info][gc] GC(2014) Pause Full (Allocation Failure) 11M->7M(15M) 18.400ms
[311.743s][info][gc] GC(2015) Pause Young (Allocation Failure) 11M->11M(15M) 0.038ms
[311.762s][info][gc] GC(2016) Pause Full (Allocation Failure) 11M->6M(15M) 18.570ms
[311.767s][info][gc] GC(2017) Pause Young (Allocation Failure) 11M->11M(15M) 0.042ms
[311.786s][info][gc] GC(2018) Pause Full (Allocation Failure) 11M->7M(15M) 18.773ms
[311.791s][info][gc] GC(2019) Pause Young (Allocation Failure) 11M->11M(15M) 0.039ms
[311.810s][info][gc] GC(2020) Pause Full (Allocation Failure) 11M->7M(15M) 18.410ms
[311.815s][info][gc] GC(2021) Pause Young (Allocation Failure) 11M->11M(15M) 0.038ms
[311.833s][info][gc] GC(2022) Pause Full (Allocation Failure) 11M->7M(15M) 18.456ms
[311.839s][info][gc] GC(2023) Pause Young (Allocation Failure) 11M->11M(15M) 0.037ms
[311.857s][info][gc] GC(2024) Pause Full (Allocation Failure) 11M->6M(15M) 18.472ms
[311.862s][info][gc] GC(2025) Pause Young (Allocation Failure) 11M->11M(15M) 0.038ms
[311.881s][info][gc] GC(2026) Pause Full (Allocation Failure) 11M->7M(15M) 18.344ms
[311.886s][info][gc] GC(2027) Pause Young (Allocation Failure) 11M->11M(15M) 0.037ms
[311.904s][info][gc] GC(2028) Pause Full (Allocation Failure) 11M->7M(15M) 18.537ms
[311.910s][info][gc] GC(2029) Pause Young (Allocation Failure) 11M->11M(15M) 0.038ms
[311.928s][info][gc] GC(2030) Pause Full (Allocation Failure) 11M->7M(15M) 18.399ms
[311.933s][info][gc] GC(2031) Pause Young (Allocation Failure) 11M->11M(15M) 0.038ms
[311.952s][info][gc] GC(2032) Pause Full (Allocation Failure) 11M->6M(15M) 18.432ms
[311.957s][info][gc] GC(2033) Pause Young (Allocation Failure) 11M->11M(15M) 0.038ms
[311.976s][info][gc] GC(2034) Pause Full (Allocation Failure) 11M->7M(15M) 18.715ms
[311.981s][info][gc] GC(2035) Pause Young (Allocation Failure) 11M->11M(15M) 0.038ms
[312.000s][info][gc] GC(2036) Pause Full (Allocation Failure) 11M->7M(15M) 18.587ms
[312.005s][info][gc] GC(2037) Pause Young (Allocation Failure) 11M->11M(15M) 0.038ms
[312.023s][info][gc] GC(2038) Pause Full (Allocation Failure) 11M->7M(15M) 18.314ms
[312.029s][info][gc] GC(2039) Pause Young (Allocation Failure) 11M->11M(15M) 0.038ms
[312.047s][info][gc] GC(2040) Pause Full (Allocation Failure) 11M->7M(15M) 18.465ms
[312.052s][info][gc] GC(2041) Pause Young (Allocation Failure) 11M->11M(15M) 0.039ms
[312.071s][info][gc] GC(2042) Pause Full (Allocation Failure) 11M->7M(15M) 18.771ms
[312.076s][info][gc] GC(2043) Pause Young (Allocation Failure) 11M->11M(15M) 0.038ms
[312.095s][info][gc] GC(2044) Pause Full (Allocation Failure) 11M->7M(15M) 18.661ms
[312.100s][info][gc] GC(2045) Pause Young (Allocation Failure) 11M->11M(15M) 0.038ms
[312.119s][info][gc] GC(2046) Pause Full (Allocation Failure) 11M->7M(15M) 18.800ms
[312.124s][info][gc] GC(2047) Pause Young (Allocation Failure) 11M->11M(15M) 0.042ms
[312.144s][info][gc] GC(2048) Pause Full (Allocation Failure) 11M->7M(15M) 19.744ms
[312.150s][info][gc] GC(2049) Pause Young (Allocation Failure) 11M->11M(15M) 0.060ms
[312.170s][info][gc] GC(2050) Pause Full (Allocation Failure) 11M->7M(15M) 20.110ms
[312.175s][info][gc] GC(2051) Pause Young (Allocation Failure) 11M->11M(15M) 0.040ms
[312.194s][info][gc] GC(2052) Pause Full (Allocation Failure) 11M->7M(15M) 19.126ms
[312.199s][info][gc] GC(2053) Pause Young (Allocation Failure) 11M->11M(15M) 0.037ms
[312.218s][info][gc] GC(2054) Pause Full (Allocation Failure) 11M->7M(15M) 18.541ms
[312.224s][info][gc] GC(2055) Pause Young (Allocation Failure) 11M->11M(15M) 0.078ms
[312.243s][info][gc] GC(2056) Pause Full (Allocation Failure) 11M->7M(15M) 19.002ms
[312.248s][info][gc] GC(2057) Pause Young (Allocation Failure) 11M->11M(15M) 0.040ms
[312.267s][info][gc] GC(2058) Pause Full (Allocation Failure) 11M->7M(15M) 18.885ms
[312.272s][info][gc] GC(2059) Pause Young (Allocation Failure) 11M->11M(15M) 0.043ms
[312.291s][info][gc] GC(2060) Pause Full (Allocation Failure) 11M->7M(15M) 18.631ms
[312.296s][info][gc] GC(2061) Pause Young (Allocation Failure) 11M->11M(15M) 0.037ms
[312.315s][info][gc] GC(2062) Pause Full (Allocation Failure) 11M->7M(15M) 18.551ms
[312.320s][info][gc] GC(2063) Pause Young (Allocation Failure) 11M->11M(15M) 0.041ms
[312.339s][info][gc] GC(2064) Pause Full (Allocation Failure) 11M->7M(15M) 18.859ms
[312.344s][info][gc] GC(2065) Pause Young (Allocation Failure) 11M->11M(15M) 0.040ms
[312.363s][info][gc] GC(2066) Pause Full (Allocation Failure) 11M->7M(15M) 18.666ms
[312.368s][info][gc] GC(2067) Pause Young (Allocation Failure) 11M->11M(15M) 0.038ms
[312.387s][info][gc] GC(2068) Pause Full (Allocation Failure) 11M->7M(15M) 18.473ms
[312.392s][info][gc] GC(2069) Pause Young (Allocation Failure) 11M->11M(15M) 0.038ms
[312.410s][info][gc] GC(2070) Pause Full (Allocation Failure) 11M->7M(15M) 18.438ms
[312.416s][info][gc] GC(2071) Pause Young (Allocation Failure) 11M->11M(15M) 0.038ms
[312.434s][info][gc] GC(2072) Pause Full (Allocation Failure) 11M->7M(15M) 18.616ms
[312.439s][info][gc] GC(2073) Pause Young (Allocation Failure) 11M->11M(15M) 0.038ms
[312.458s][info][gc] GC(2074) Pause Full (Allocation Failure) 11M->7M(15M) 18.594ms
[312.463s][info][gc] GC(2075) Pause Young (Allocation Failure) 11M->11M(15M) 0.039ms
[312.482s][info][gc] GC(2076) Pause Full (Allocation Failure) 11M->7M(15M) 18.433ms
[312.487s][info][gc] GC(2077) Pause Young (Allocation Failure) 11M->11M(15M) 0.037ms
[312.506s][info][gc] GC(2078) Pause Full (Allocation Failure) 11M->7M(15M) 18.571ms
[312.511s][info][gc] GC(2079) Pause Young (Allocation Failure) 11M->11M(15M) 0.038ms
[312.530s][info][gc] GC(2080) Pause Full (Allocation Failure) 11M->7M(15M) 18.532ms
[312.535s][info][gc] GC(2081) Pause Young (Allocation Failure) 11M->11M(15M) 0.038ms
[312.553s][info][gc] GC(2082) Pause Full (Allocation Failure) 11M->7M(15M) 18.669ms
[312.559s][info][gc] GC(2083) Pause Young (Allocation Failure) 11M->11M(15M) 0.038ms
[312.577s][info][gc] GC(2084) Pause Full (Allocation Failure) 11M->7M(15M) 18.562ms
[312.583s][info][gc] GC(2085) Pause Young (Allocation Failure) 11M->11M(15M) 0.037ms
[312.602s][info][gc] GC(2086) Pause Full (Allocation Failure) 11M->7M(15M) 19.148ms
[312.607s][info][gc] GC(2087) Pause Young (Allocation Failure) 11M->11M(15M) 0.038ms
[312.626s][info][gc] GC(2088) Pause Full (Allocation Failure) 11M->7M(15M) 18.969ms
[312.631s][info][gc] GC(2089) Pause Young (Allocation Failure) 11M->11M(15M) 0.038ms
[312.650s][info][gc] GC(2090) Pause Full (Allocation Failure) 11M->7M(15M) 18.553ms
[312.655s][info][gc] GC(2091) Pause Young (Allocation Failure) 11M->11M(15M) 0.037ms
[312.674s][info][gc] GC(2092) Pause Full (Allocation Failure) 11M->7M(15M) 18.786ms
[312.679s][info][gc] GC(2093) Pause Young (Allocation Failure) 11M->11M(15M) 0.039ms
[312.698s][info][gc] GC(2094) Pause Full (Allocation Failure) 11M->7M(15M) 18.591ms
[312.703s][info][gc] GC(2095) Pause Young (Allocation Failure) 11M->11M(15M) 0.038ms
[312.721s][info][gc] GC(2096) Pause Full (Allocation Failure) 11M->7M(15M) 18.531ms
[312.727s][info][gc] GC(2097) Pause Young (Allocation Failure) 11M->11M(15M) 0.042ms
[312.746s][info][gc] GC(2098) Pause Full (Allocation Failure) 11M->7M(15M) 19.134ms
[312.751s][info][gc] GC(2099) Pause Young (Allocation Failure) 11M->11M(15M) 0.041ms
[312.770s][info][gc] GC(2100) Pause Full (Allocation Failure) 11M->7M(15M) 18.754ms
[312.775s][info][gc] GC(2101) Pause Young (Allocation Failure) 11M->11M(15M) 0.041ms
[312.794s][info][gc] GC(2102) Pause Full (Allocation Failure) 11M->7M(15M) 18.938ms
[312.800s][info][gc] GC(2103) Pause Young (Allocation Failure) 11M->11M(15M) 0.039ms
[312.818s][info][gc] GC(2104) Pause Full (Allocation Failure) 11M->7M(15M) 18.651ms
[312.824s][info][gc] GC(2105) Pause Young (Allocation Failure) 11M->11M(15M) 0.038ms
[312.842s][info][gc] GC(2106) Pause Full (Allocation Failure) 11M->7M(15M) 18.686ms
[312.848s][info][gc] GC(2107) Pause Young (Allocation Failure) 11M->11M(15M) 0.038ms
[312.866s][info][gc] GC(2108) Pause Full (Allocation Failure) 11M->7M(15M) 18.488ms
[312.871s][info][gc] GC(2109) Pause Young (Allocation Failure) 11M->11M(15M) 0.040ms
[312.891s][info][gc] GC(2110) Pause Full (Allocation Failure) 11M->7M(15M) 19.131ms
[312.896s][info][gc] GC(2111) Pause Young (Allocation Failure) 11M->11M(15M) 0.039ms
[312.915s][info][gc] GC(2112) Pause Full (Allocation Failure) 11M->7M(15M) 18.684ms
[312.920s][info][gc] GC(2113) Pause Young (Allocation Failure) 11M->11M(15M) 0.038ms
[312.939s][info][gc] GC(2114) Pause Full (Allocation Failure) 11M->7M(15M) 18.630ms
[312.944s][info][gc] GC(2115) Pause Young (Allocation Failure) 11M->11M(15M) 0.037ms
[312.962s][info][gc] GC(2116) Pause Full (Allocation Failure) 11M->7M(15M) 18.520ms
[312.968s][info][gc] GC(2117) Pause Young (Allocation Failure) 11M->11M(15M) 0.040ms
[312.987s][info][gc] GC(2118) Pause Full (Allocation Failure) 11M->7M(15M) 18.732ms
[312.992s][info][gc] GC(2119) Pause Young (Allocation Failure) 11M->11M(15M) 0.037ms
[313.010s][info][gc] GC(2120) Pause Full (Allocation Failure) 11M->7M(15M) 18.524ms
[313.015s][info][gc] GC(2121) Pause Young (Allocation Failure) 11M->11M(15M) 0.041ms
[313.035s][info][gc] GC(2122) Pause Full (Allocation Failure) 11M->7M(15M) 19.030ms
[313.040s][info][gc] GC(2123) Pause Young (Allocation Failure) 11M->11M(15M) 0.039ms
[313.058s][info][gc] GC(2124) Pause Full (Allocation Failure) 11M->7M(15M) 18.605ms
[313.064s][info][gc] GC(2125) Pause Young (Allocation Failure) 11M->11M(15M) 0.037ms
[313.082s][info][gc] GC(2126) Pause Full (Allocation Failure) 11M->7M(15M) 18.544ms
[313.087s][info][gc] GC(2127) Pause Young (Allocation Failure) 11M->11M(15M) 0.037ms
[313.107s][info][gc] GC(2128) Pause Full (Allocation Failure) 11M->7M(15M) 19.135ms
[313.112s][info][gc] GC(2129) Pause Young (Allocation Failure) 11M->11M(15M) 0.038ms
[313.131s][info][gc] GC(2130) Pause Full (Allocation Failure) 11M->7M(15M) 19.326ms
[313.137s][info][gc] GC(2131) Pause Young (Allocation Failure) 11M->11M(15M) 0.050ms
[313.156s][info][gc] GC(2132) Pause Full (Allocation Failure) 11M->7M(15M) 19.462ms
[313.161s][info][gc] GC(2133) Pause Young (Allocation Failure) 11M->11M(15M) 0.036ms
[313.180s][info][gc] GC(2134) Pause Full (Allocation Failure) 11M->7M(15M) 18.754ms
[313.185s][info][gc] GC(2135) Pause Young (Allocation Failure) 11M->11M(15M) 0.039ms
[313.204s][info][gc] GC(2136) Pause Full (Allocation Failure) 11M->7M(15M) 18.486ms
[313.209s][info][gc] GC(2137) Pause Young (Allocation Failure) 11M->11M(15M) 0.038ms
[313.228s][info][gc] GC(2138) Pause Full (Allocation Failure) 11M->7M(15M) 19.169ms
[313.234s][info][gc] GC(2139) Pause Young (Allocation Failure) 11M->11M(15M) 0.037ms
[313.252s][info][gc] GC(2140) Pause Full (Allocation Failure) 11M->7M(15M) 18.723ms
[313.258s][info][gc] GC(2141) Pause Young (Allocation Failure) 11M->11M(15M) 0.039ms
[313.277s][info][gc] GC(2142) Pause Full (Allocation Failure) 11M->7M(15M) 18.985ms
[313.282s][info][gc] GC(2143) Pause Young (Allocation Failure) 11M->11M(15M) 0.043ms
[313.301s][info][gc] GC(2144) Pause Full (Allocation Failure) 11M->7M(15M) 18.777ms
[313.306s][info][gc] GC(2145) Pause Young (Allocation Failure) 11M->11M(15M) 0.037ms
[313.325s][info][gc] GC(2146) Pause Full (Allocation Failure) 11M->7M(15M) 18.608ms
[313.330s][info][gc] GC(2147) Pause Young (Allocation Failure) 11M->11M(15M) 0.041ms
[313.349s][info][gc] GC(2148) Pause Full (Allocation Failure) 11M->7M(15M) 19.093ms
[313.354s][info][gc] GC(2149) Pause Young (Allocation Failure) 11M->11M(15M) 0.039ms
[313.373s][info][gc] GC(2150) Pause Full (Allocation Failure) 11M->7M(15M) 18.591ms
[313.378s][info][gc] GC(2151) Pause Young (Allocation Failure) 11M->11M(15M) 0.038ms
[313.397s][info][gc] GC(2152) Pause Full (Allocation Failure) 11M->7M(15M) 18.526ms
[313.402s][info][gc] GC(2153) Pause Young (Allocation Failure) 11M->11M(15M) 0.038ms
[313.421s][info][gc] GC(2154) Pause Full (Allocation Failure) 11M->7M(15M) 18.599ms
[313.427s][info][gc] GC(2155) Pause Young (Allocation Failure) 11M->11M(15M) 0.038ms
[313.445s][info][gc] GC(2156) Pause Full (Allocation Failure) 11M->7M(15M) 18.672ms
[313.450s][info][gc] GC(2157) Pause Young (Allocation Failure) 11M->11M(15M) 0.038ms
[313.469s][info][gc] GC(2158) Pause Full (Allocation Failure) 11M->7M(15M) 18.719ms
[313.475s][info][gc] GC(2159) Pause Young (Allocation Failure) 11M->11M(15M) 0.039ms
[313.493s][info][gc] GC(2160) Pause Full (Allocation Failure) 11M->7M(15M) 18.774ms
[313.499s][info][gc] GC(2161) Pause Young (Allocation Failure) 11M->11M(15M) 0.037ms
[313.517s][info][gc] GC(2162) Pause Full (Allocation Failure) 11M->7M(15M) 18.474ms
[313.523s][info][gc] GC(2163) Pause Young (Allocation Failure) 11M->11M(15M) 0.041ms
[313.542s][info][gc] GC(2164) Pause Full (Allocation Failure) 11M->7M(15M) 19.100ms
[313.547s][info][gc] GC(2165) Pause Young (Allocation Failure) 11M->11M(15M) 0.040ms
[313.566s][info][gc] GC(2166) Pause Full (Allocation Failure) 11M->7M(15M) 18.822ms
[313.571s][info][gc] GC(2167) Pause Young (Allocation Failure) 11M->11M(15M) 0.038ms
[313.590s][info][gc] GC(2168) Pause Full (Allocation Failure) 11M->7M(15M) 18.809ms
[313.595s][info][gc] GC(2169) Pause Young (Allocation Failure) 11M->11M(15M) 0.037ms
[313.614s][info][gc] GC(2170) Pause Full (Allocation Failure) 11M->7M(15M) 18.977ms
[313.619s][info][gc] GC(2171) Pause Young (Allocation Failure) 11M->11M(15M) 0.043ms
[313.639s][info][gc] GC(2172) Pause Full (Allocation Failure) 11M->7M(15M) 19.373ms
[313.644s][info][gc] GC(2173) Pause Young (Allocation Failure) 11M->11M(15M) 0.038ms
[313.663s][info][gc] GC(2174) Pause Full (Allocation Failure) 11M->7M(15M) 18.981ms
[313.668s][info][gc] GC(2175) Pause Young (Allocation Failure) 12M->12M(15M) 0.039ms
[313.687s][info][gc] GC(2176) Pause Full (Allocation Failure) 12M->7M(15M) 18.783ms
[313.692s][info][gc] GC(2177) Pause Young (Allocation Failure) 11M->11M(15M) 0.038ms
[313.711s][info][gc] GC(2178) Pause Full (Allocation Failure) 11M->7M(15M) 18.619ms
[313.716s][info][gc] GC(2179) Pause Young (Allocation Failure) 11M->11M(15M) 0.037ms
[313.735s][info][gc] GC(2180) Pause Full (Allocation Failure) 11M->7M(15M) 18.638ms
[313.740s][info][gc] GC(2181) Pause Young (Allocation Failure) 11M->11M(15M) 0.039ms
[313.759s][info][gc] GC(2182) Pause Full (Allocation Failure) 11M->7M(15M) 18.669ms
[313.764s][info][gc] GC(2183) Pause Young (Allocation Failure) 11M->11M(15M) 0.038ms
[313.783s][info][gc] GC(2184) Pause Full (Allocation Failure) 11M->7M(15M) 18.702ms
[313.788s][info][gc] GC(2185) Pause Young (Allocation Failure) 11M->11M(15M) 0.039ms
[313.807s][info][gc] GC(2186) Pause Full (Allocation Failure) 11M->7M(15M) 18.783ms
[313.812s][info][gc] GC(2187) Pause Young (Allocation Failure) 11M->11M(15M) 0.038ms
[313.831s][info][gc] GC(2188) Pause Full (Allocation Failure) 11M->7M(15M) 18.733ms
[313.836s][info][gc] GC(2189) Pause Young (Allocation Failure) 11M->11M(15M) 0.037ms
[313.855s][info][gc] GC(2190) Pause Full (Allocation Failure) 11M->7M(15M) 18.625ms
[313.860s][info][gc] GC(2191) Pause Young (Allocation Failure) 11M->11M(15M) 0.037ms
[313.879s][info][gc] GC(2192) Pause Full (Allocation Failure) 11M->7M(15M) 18.709ms
[313.884s][info][gc] GC(2193) Pause Young (Allocation Failure) 11M->11M(15M) 0.038ms
[313.903s][info][gc] GC(2194) Pause Full (Allocation Failure) 11M->7M(15M) 18.728ms
[313.908s][info][gc] GC(2195) Pause Young (Allocation Failure) 11M->11M(15M) 0.038ms
[313.927s][info][gc] GC(2196) Pause Full (Allocation Failure) 11M->7M(15M) 18.617ms
[313.932s][info][gc] GC(2197) Pause Young (Allocation Failure) 11M->11M(15M) 0.037ms
[313.951s][info][gc] GC(2198) Pause Full (Allocation Failure) 11M->7M(15M) 18.895ms
[313.956s][info][gc] GC(2199) Pause Young (Allocation Failure) 12M->12M(15M) 0.038ms
[313.975s][info][gc] GC(2200) Pause Full (Allocation Failure) 12M->7M(15M) 18.982ms
[313.981s][info][gc] GC(2201) Pause Young (Allocation Failure) 11M->11M(15M) 0.037ms
[314.000s][info][gc] GC(2202) Pause Full (Allocation Failure) 11M->7M(15M) 19.112ms
[314.005s][info][gc] GC(2203) Pause Young (Allocation Failure) 11M->11M(15M) 0.038ms
[314.024s][info][gc] GC(2204) Pause Full (Allocation Failure) 11M->7M(15M) 18.895ms
[314.029s][info][gc] GC(2205) Pause Young (Allocation Failure) 12M->12M(15M) 0.042ms
[314.049s][info][gc] GC(2206) Pause Full (Allocation Failure) 12M->7M(15M) 19.193ms
[314.054s][info][gc] GC(2207) Pause Young (Allocation Failure) 11M->11M(15M) 0.039ms
[314.074s][info][gc] GC(2208) Pause Full (Allocation Failure) 11M->7M(15M) 20.603ms
[314.080s][info][gc] GC(2209) Pause Young (Allocation Failure) 11M->11M(15M) 0.039ms
[314.099s][info][gc] GC(2210) Pause Full (Allocation Failure) 11M->7M(15M) 18.742ms
[314.104s][info][gc] GC(2211) Pause Young (Allocation Failure) 11M->11M(15M) 0.038ms
[314.123s][info][gc] GC(2212) Pause Full (Allocation Failure) 11M->7M(15M) 19.037ms
[314.128s][info][gc] GC(2213) Pause Young (Allocation Failure) 11M->11M(15M) 0.046ms
[314.149s][info][gc] GC(2214) Pause Full (Allocation Failure) 11M->7M(15M) 20.678ms
[314.154s][info][gc] GC(2215) Pause Young (Allocation Failure) 11M->11M(15M) 0.039ms
[314.173s][info][gc] GC(2216) Pause Full (Allocation Failure) 11M->7M(15M) 18.602ms
[314.178s][info][gc] GC(2217) Pause Young (Allocation Failure) 11M->11M(15M) 0.036ms
[314.197s][info][gc] GC(2218) Pause Full (Allocation Failure) 11M->7M(15M) 18.573ms
[314.202s][info][gc] GC(2219) Pause Young (Allocation Failure) 11M->11M(15M) 0.037ms
[314.221s][info][gc] GC(2220) Pause Full (Allocation Failure) 11M->7M(15M) 18.997ms
[314.226s][info][gc] GC(2221) Pause Young (Allocation Failure) 12M->12M(15M) 0.038ms
[314.246s][info][gc] GC(2222) Pause Full (Allocation Failure) 12M->7M(15M) 19.243ms
[314.251s][info][gc] GC(2223) Pause Young (Allocation Failure) 11M->11M(15M) 0.042ms
[314.270s][info][gc] GC(2224) Pause Full (Allocation Failure) 11M->7M(15M) 19.104ms
[314.276s][info][gc] GC(2225) Pause Young (Allocation Failure) 11M->11M(15M) 0.045ms
[314.295s][info][gc] GC(2226) Pause Full (Allocation Failure) 11M->7M(15M) 19.206ms
[314.300s][info][gc] GC(2227) Pause Young (Allocation Failure) 11M->11M(15M) 0.039ms
[314.319s][info][gc] GC(2228) Pause Full (Allocation Failure) 11M->7M(15M) 18.835ms
[314.324s][info][gc] GC(2229) Pause Young (Allocation Failure) 11M->11M(15M) 0.037ms
[314.343s][info][gc] GC(2230) Pause Full (Allocation Failure) 11M->7M(15M) 18.977ms
[314.349s][info][gc] GC(2231) Pause Young (Allocation Failure) 11M->11M(15M) 0.036ms
[314.368s][info][gc] GC(2232) Pause Full (Allocation Failure) 11M->7M(15M) 19.382ms
[314.373s][info][gc] GC(2233) Pause Young (Allocation Failure) 11M->11M(15M) 0.037ms
[314.392s][info][gc] GC(2234) Pause Full (Allocation Failure) 11M->7M(15M) 18.810ms
[314.397s][info][gc] GC(2235) Pause Young (Allocation Failure) 11M->11M(15M) 0.038ms
[314.416s][info][gc] GC(2236) Pause Full (Allocation Failure) 11M->7M(15M) 18.778ms
[314.421s][info][gc] GC(2237) Pause Young (Allocation Failure) 11M->11M(15M) 0.038ms
[314.440s][info][gc] GC(2238) Pause Full (Allocation Failure) 11M->7M(15M) 18.881ms
[314.445s][info][gc] GC(2239) Pause Young (Allocation Failure) 11M->11M(15M) 0.037ms
[314.465s][info][gc] GC(2240) Pause Full (Allocation Failure) 11M->7M(15M) 19.146ms
[314.470s][info][gc] GC(2241) Pause Young (Allocation Failure) 11M->11M(15M) 0.037ms
[314.489s][info][gc] GC(2242) Pause Full (Allocation Failure) 11M->7M(15M) 19.043ms
[314.494s][info][gc] GC(2243) Pause Young (Allocation Failure) 11M->11M(15M) 0.038ms
[314.513s][info][gc] GC(2244) Pause Full (Allocation Failure) 11M->7M(15M) 18.729ms
[314.518s][info][gc] GC(2245) Pause Young (Allocation Failure) 11M->11M(15M) 0.038ms
[314.537s][info][gc] GC(2246) Pause Full (Allocation Failure) 11M->7M(15M) 18.815ms
[314.542s][info][gc] GC(2247) Pause Young (Allocation Failure) 11M->11M(15M) 0.038ms
[314.561s][info][gc] GC(2248) Pause Full (Allocation Failure) 11M->7M(15M) 18.728ms
[314.566s][info][gc] GC(2249) Pause Young (Allocation Failure) 11M->11M(15M) 0.041ms
[314.585s][info][gc] GC(2250) Pause Full (Allocation Failure) 11M->7M(15M) 19.109ms
[314.591s][info][gc] GC(2251) Pause Young (Allocation Failure) 11M->11M(15M) 0.041ms
[314.610s][info][gc] GC(2252) Pause Full (Allocation Failure) 11M->7M(15M) 18.857ms
[314.615s][info][gc] GC(2253) Pause Young (Allocation Failure) 12M->12M(15M) 0.040ms
[314.634s][info][gc] GC(2254) Pause Full (Allocation Failure) 12M->7M(15M) 19.098ms
[314.639s][info][gc] GC(2255) Pause Young (Allocation Failure) 11M->11M(15M) 0.038ms
[314.658s][info][gc] GC(2256) Pause Full (Allocation Failure) 11M->7M(15M) 18.842ms
[314.664s][info][gc] GC(2257) Pause Young (Allocation Failure) 11M->11M(15M) 0.037ms
[314.683s][info][gc] GC(2258) Pause Full (Allocation Failure) 11M->7M(15M) 18.891ms
[314.688s][info][gc] GC(2259) Pause Young (Allocation Failure) 11M->11M(15M) 0.038ms
[314.707s][info][gc] GC(2260) Pause Full (Allocation Failure) 11M->7M(15M) 18.843ms
[314.712s][info][gc] GC(2261) Pause Young (Allocation Failure) 11M->11M(15M) 0.037ms
[314.731s][info][gc] GC(2262) Pause Full (Allocation Failure) 11M->7M(15M) 18.736ms
[314.736s][info][gc] GC(2263) Pause Young (Allocation Failure) 11M->11M(15M) 0.038ms
[314.755s][info][gc] GC(2264) Pause Full (Allocation Failure) 11M->7M(15M) 18.841ms
[314.760s][info][gc] GC(2265) Pause Young (Allocation Failure) 11M->11M(15M) 0.038ms
[314.779s][info][gc] GC(2266) Pause Full (Allocation Failure) 11M->7M(15M) 18.796ms
[314.784s][info][gc] GC(2267) Pause Young (Allocation Failure) 11M->11M(15M) 0.038ms
[314.803s][info][gc] GC(2268) Pause Full (Allocation Failure) 11M->7M(15M) 19.053ms
[314.808s][info][gc] GC(2269) Pause Young (Allocation Failure) 12M->12M(15M) 0.040ms
[314.827s][info][gc] GC(2270) Pause Full (Allocation Failure) 12M->7M(15M) 18.965ms
[314.833s][info][gc] GC(2271) Pause Young (Allocation Failure) 12M->12M(15M) 0.040ms
[314.851s][info][gc] GC(2272) Pause Full (Allocation Failure) 12M->7M(15M) 18.754ms
[314.856s][info][gc] GC(2273) Pause Young (Allocation Failure) 11M->11M(15M) 0.037ms
[314.875s][info][gc] GC(2274) Pause Full (Allocation Failure) 11M->7M(15M) 18.734ms
[314.881s][info][gc] GC(2275) Pause Young (Allocation Failure) 11M->11M(15M) 0.039ms
[314.899s][info][gc] GC(2276) Pause Full (Allocation Failure) 11M->7M(15M) 18.868ms
[314.905s][info][gc] GC(2277) Pause Young (Allocation Failure) 12M->12M(15M) 0.038ms
[314.924s][info][gc] GC(2278) Pause Full (Allocation Failure) 12M->7M(15M) 18.808ms
[314.929s][info][gc] GC(2279) Pause Young (Allocation Failure) 11M->11M(15M) 0.038ms
[314.948s][info][gc] GC(2280) Pause Full (Allocation Failure) 11M->7M(15M) 18.779ms
[314.953s][info][gc] GC(2281) Pause Young (Allocation Failure) 11M->11M(15M) 0.036ms
[314.972s][info][gc] GC(2282) Pause Full (Allocation Failure) 11M->7M(15M) 19.066ms
[314.977s][info][gc] GC(2283) Pause Young (Allocation Failure) 11M->11M(15M) 0.038ms
[314.996s][info][gc] GC(2284) Pause Full (Allocation Failure) 11M->7M(15M) 18.961ms
[315.001s][info][gc] GC(2285) Pause Young (Allocation Failure) 11M->11M(15M) 0.038ms
[315.020s][info][gc] GC(2286) Pause Full (Allocation Failure) 11M->7M(15M) 18.912ms
[315.025s][info][gc] GC(2287) Pause Young (Allocation Failure) 12M->12M(15M) 0.037ms
[315.044s][info][gc] GC(2288) Pause Full (Allocation Failure) 12M->7M(15M) 18.767ms
[315.050s][info][gc] GC(2289) Pause Young (Allocation Failure) 11M->11M(15M) 0.037ms
[315.069s][info][gc] GC(2290) Pause Full (Allocation Failure) 11M->7M(15M) 18.983ms
[315.074s][info][gc] GC(2291) Pause Young (Allocation Failure) 12M->12M(15M) 0.038ms
[315.093s][info][gc] GC(2292) Pause Full (Allocation Failure) 12M->7M(15M) 18.877ms
[315.098s][info][gc] GC(2293) Pause Young (Allocation Failure) 11M->11M(15M) 0.037ms
[315.117s][info][gc] GC(2294) Pause Full (Allocation Failure) 11M->7M(15M) 18.876ms
[315.122s][info][gc] GC(2295) Pause Young (Allocation Failure) 11M->11M(15M) 0.040ms
[315.142s][info][gc] GC(2296) Pause Full (Allocation Failure) 11M->7M(15M) 19.738ms
[315.147s][info][gc] GC(2297) Pause Young (Allocation Failure) 11M->11M(15M) 0.050ms
[315.168s][info][gc] GC(2298) Pause Full (Allocation Failure) 11M->7M(15M) 20.140ms
[315.173s][info][gc] GC(2299) Pause Young (Allocation Failure) 11M->11M(15M) 0.037ms
[315.192s][info][gc] GC(2300) Pause Full (Allocation Failure) 11M->7M(15M) 18.941ms
[315.197s][info][gc] GC(2301) Pause Young (Allocation Failure) 11M->11M(15M) 0.055ms
[315.216s][info][gc] GC(2302) Pause Full (Allocation Failure) 11M->7M(15M) 19.147ms
[315.221s][info][gc] GC(2303) Pause Young (Allocation Failure) 12M->12M(15M) 0.044ms
[315.241s][info][gc] GC(2304) Pause Full (Allocation Failure) 12M->7M(15M) 19.839ms
[315.247s][info][gc] GC(2305) Pause Young (Allocation Failure) 11M->11M(15M) 0.039ms
[315.266s][info][gc] GC(2306) Pause Full (Allocation Failure) 11M->7M(15M) 19.146ms
[315.271s][info][gc] GC(2307) Pause Young (Allocation Failure) 11M->11M(15M) 0.045ms
[315.291s][info][gc] GC(2308) Pause Full (Allocation Failure) 11M->7M(15M) 19.269ms
[315.296s][info][gc] GC(2309) Pause Young (Allocation Failure) 12M->12M(15M) 0.039ms
[315.315s][info][gc] GC(2310) Pause Full (Allocation Failure) 12M->7M(15M) 19.093ms
[315.320s][info][gc] GC(2311) Pause Young (Allocation Failure) 12M->12M(15M) 0.037ms
[315.339s][info][gc] GC(2312) Pause Full (Allocation Failure) 12M->7M(15M) 18.893ms
[315.344s][info][gc] GC(2313) Pause Young (Allocation Failure) 11M->11M(15M) 0.038ms
[315.363s][info][gc] GC(2314) Pause Full (Allocation Failure) 11M->7M(15M) 18.890ms
[315.368s][info][gc] GC(2315) Pause Young (Allocation Failure) 11M->11M(15M) 0.038ms
[315.388s][info][gc] GC(2316) Pause Full (Allocation Failure) 11M->7M(15M) 18.892ms
[315.393s][info][gc] GC(2317) Pause Young (Allocation Failure) 12M->12M(15M) 0.042ms
[315.412s][info][gc] GC(2318) Pause Full (Allocation Failure) 12M->7M(15M) 19.224ms
[315.417s][info][gc] GC(2319) Pause Young (Allocation Failure) 12M->12M(15M) 0.040ms
[315.436s][info][gc] GC(2320) Pause Full (Allocation Failure) 12M->7M(15M) 18.833ms
[315.442s][info][gc] GC(2321) Pause Young (Allocation Failure) 11M->11M(15M) 0.037ms
[315.461s][info][gc] GC(2322) Pause Full (Allocation Failure) 11M->7M(15M) 19.026ms
[315.466s][info][gc] GC(2323) Pause Young (Allocation Failure) 12M->12M(15M) 0.038ms
[315.485s][info][gc] GC(2324) Pause Full (Allocation Failure) 12M->7M(15M) 19.207ms
[315.490s][info][gc] GC(2325) Pause Young (Allocation Failure) 11M->11M(15M) 0.038ms
[315.509s][info][gc] GC(2326) Pause Full (Allocation Failure) 11M->7M(15M) 18.838ms
[315.514s][info][gc] GC(2327) Pause Young (Allocation Failure) 12M->12M(15M) 0.037ms
[315.533s][info][gc] GC(2328) Pause Full (Allocation Failure) 12M->7M(15M) 18.936ms
[315.539s][info][gc] GC(2329) Pause Young (Allocation Failure) 11M->11M(15M) 0.039ms
[315.558s][info][gc] GC(2330) Pause Full (Allocation Failure) 11M->7M(15M) 18.873ms
[315.563s][info][gc] GC(2331) Pause Young (Allocation Failure) 11M->11M(15M) 0.038ms
[315.582s][info][gc] GC(2332) Pause Full (Allocation Failure) 11M->7M(15M) 18.956ms
[315.587s][info][gc] GC(2333) Pause Young (Allocation Failure) 12M->12M(15M) 0.037ms
[315.606s][info][gc] GC(2334) Pause Full (Allocation Failure) 12M->7M(15M) 18.938ms
[315.611s][info][gc] GC(2335) Pause Young (Allocation Failure) 12M->12M(15M) 0.038ms
[315.630s][info][gc] GC(2336) Pause Full (Allocation Failure) 12M->7M(15M) 18.983ms
[315.635s][info][gc] GC(2337) Pause Young (Allocation Failure) 11M->11M(15M) 0.038ms
[315.654s][info][gc] GC(2338) Pause Full (Allocation Failure) 11M->7M(15M) 19.032ms
[315.660s][info][gc] GC(2339) Pause Young (Allocation Failure) 12M->12M(15M) 0.038ms
[315.679s][info][gc] GC(2340) Pause Full (Allocation Failure) 12M->7M(15M) 19.266ms
[315.684s][info][gc] GC(2341) Pause Young (Allocation Failure) 12M->12M(15M) 0.042ms
[315.704s][info][gc] GC(2342) Pause Full (Allocation Failure) 12M->7M(15M) 19.454ms
[315.709s][info][gc] GC(2343) Pause Young (Allocation Failure) 12M->12M(15M) 0.039ms
[315.728s][info][gc] GC(2344) Pause Full (Allocation Failure) 12M->7M(15M) 19.012ms
[315.733s][info][gc] GC(2345) Pause Young (Allocation Failure) 11M->11M(15M) 0.040ms
[315.753s][info][gc] GC(2346) Pause Full (Allocation Failure) 11M->7M(15M) 19.458ms
[315.758s][info][gc] GC(2347) Pause Young (Allocation Failure) 12M->12M(15M) 0.038ms
[315.777s][info][gc] GC(2348) Pause Full (Allocation Failure) 12M->7M(15M) 19.062ms
[315.782s][info][gc] GC(2349) Pause Young (Allocation Failure) 12M->12M(15M) 0.038ms
[315.801s][info][gc] GC(2350) Pause Full (Allocation Failure) 12M->7M(15M) 18.911ms
[315.807s][info][gc] GC(2351) Pause Young (Allocation Failure) 12M->12M(15M) 0.040ms
[315.826s][info][gc] GC(2352) Pause Full (Allocation Failure) 12M->7M(15M) 19.155ms
[315.831s][info][gc] GC(2353) Pause Young (Allocation Failure) 11M->11M(15M) 0.039ms
[315.850s][info][gc] GC(2354) Pause Full (Allocation Failure) 11M->7M(15M) 18.933ms
[315.855s][info][gc] GC(2355) Pause Young (Allocation Failure) 12M->12M(15M) 0.041ms
[315.874s][info][gc] GC(2356) Pause Full (Allocation Failure) 12M->7M(15M) 19.259ms
[315.880s][info][gc] GC(2357) Pause Young (Allocation Failure) 12M->12M(15M) 0.039ms
[315.899s][info][gc] GC(2358) Pause Full (Allocation Failure) 12M->7M(15M) 19.021ms
[315.904s][info][gc] GC(2359) Pause Young (Allocation Failure) 12M->12M(15M) 0.037ms
[315.923s][info][gc] GC(2360) Pause Full (Allocation Failure) 12M->7M(15M) 18.993ms
[315.928s][info][gc] GC(2361) Pause Young (Allocation Failure) 11M->11M(15M) 0.038ms
[315.947s][info][gc] GC(2362) Pause Full (Allocation Failure) 11M->7M(15M) 18.946ms
[315.952s][info][gc] GC(2363) Pause Young (Allocation Failure) 12M->12M(15M) 0.037ms
[315.972s][info][gc] GC(2364) Pause Full (Allocation Failure) 12M->7M(15M) 19.326ms
[315.977s][info][gc] GC(2365) Pause Young (Allocation Failure) 12M->12M(15M) 0.037ms
[315.996s][info][gc] GC(2366) Pause Full (Allocation Failure) 12M->7M(15M) 19.003ms
[316.001s][info][gc] GC(2367) Pause Young (Allocation Failure) 12M->12M(15M) 0.037ms
[316.020s][info][gc] GC(2368) Pause Full (Allocation Failure) 12M->7M(15M) 18.990ms
[316.026s][info][gc] GC(2369) Pause Young (Allocation Failure) 11M->11M(15M) 0.037ms
[316.045s][info][gc] GC(2370) Pause Full (Allocation Failure) 11M->7M(15M) 19.103ms
[316.050s][info][gc] GC(2371) Pause Young (Allocation Failure) 12M->12M(15M) 0.038ms
[316.069s][info][gc] GC(2372) Pause Full (Allocation Failure) 12M->7M(15M) 18.964ms
[316.074s][info][gc] GC(2373) Pause Young (Allocation Failure) 12M->12M(15M) 0.038ms
[316.093s][info][gc] GC(2374) Pause Full (Allocation Failure) 12M->7M(15M) 18.923ms
[316.098s][info][gc] GC(2375) Pause Young (Allocation Failure) 12M->12M(15M) 0.038ms
[316.117s][info][gc] GC(2376) Pause Full (Allocation Failure) 12M->7M(15M) 19.112ms
[316.123s][info][gc] GC(2377) Pause Young (Allocation Failure) 11M->11M(15M) 0.038ms
[316.142s][info][gc] GC(2378) Pause Full (Allocation Failure) 11M->7M(15M) 19.526ms
[316.148s][info][gc] GC(2379) Pause Young (Allocation Failure) 12M->12M(15M) 0.054ms
[316.168s][info][gc] GC(2380) Pause Full (Allocation Failure) 12M->7M(15M) 20.810ms
[316.174s][info][gc] GC(2381) Pause Young (Allocation Failure) 12M->12M(15M) 0.040ms
[316.193s][info][gc] GC(2382) Pause Full (Allocation Failure) 12M->7M(15M) 19.466ms
[316.199s][info][gc] GC(2383) Pause Young (Allocation Failure) 12M->12M(15M) 0.038ms
[316.218s][info][gc] GC(2384) Pause Full (Allocation Failure) 12M->7M(15M) 19.015ms
[316.223s][info][gc] GC(2385) Pause Young (Allocation Failure) 11M->11M(15M) 0.051ms
[316.243s][info][gc] GC(2386) Pause Full (Allocation Failure) 11M->7M(15M) 19.896ms
[316.248s][info][gc] GC(2387) Pause Young (Allocation Failure) 12M->12M(15M) 0.040ms
[316.268s][info][gc] GC(2388) Pause Full (Allocation Failure) 12M->7M(15M) 19.468ms
[316.273s][info][gc] GC(2389) Pause Young (Allocation Failure) 12M->12M(15M) 0.045ms
[316.293s][info][gc] GC(2390) Pause Full (Allocation Failure) 12M->7M(15M) 19.386ms
[316.298s][info][gc] GC(2391) Pause Young (Allocation Failure) 12M->12M(15M) 0.039ms
[316.317s][info][gc] GC(2392) Pause Full (Allocation Failure) 12M->7M(15M) 19.048ms
[316.322s][info][gc] GC(2393) Pause Young (Allocation Failure) 11M->11M(15M) 0.037ms
[316.341s][info][gc] GC(2394) Pause Full (Allocation Failure) 11M->7M(15M) 18.997ms
[316.347s][info][gc] GC(2395) Pause Young (Allocation Failure) 12M->12M(15M) 0.055ms
[316.366s][info][gc] GC(2396) Pause Full (Allocation Failure) 12M->7M(15M) 19.010ms
[316.371s][info][gc] GC(2397) Pause Young (Allocation Failure) 12M->12M(15M) 0.038ms
[316.390s][info][gc] GC(2398) Pause Full (Allocation Failure) 12M->7M(15M) 19.000ms
[316.395s][info][gc] GC(2399) Pause Young (Allocation Failure) 12M->12M(15M) 0.037ms
[316.414s][info][gc] GC(2400) Pause Full (Allocation Failure) 12M->7M(15M) 19.030ms
[316.419s][info][gc] GC(2401) Pause Young (Allocation Failure) 11M->11M(15M) 0.038ms
[316.438s][info][gc] GC(2402) Pause Full (Allocation Failure) 11M->7M(15M) 19.072ms
[316.444s][info][gc] GC(2403) Pause Young (Allocation Failure) 12M->12M(15M) 0.038ms
[316.463s][info][gc] GC(2404) Pause Full (Allocation Failure) 12M->7M(15M) 19.439ms
[316.468s][info][gc] GC(2405) Pause Young (Allocation Failure) 12M->12M(15M) 0.041ms
[316.488s][info][gc] GC(2406) Pause Full (Allocation Failure) 12M->7M(15M) 19.971ms
[316.494s][info][gc] GC(2407) Pause Young (Allocation Failure) 12M->12M(15M) 0.043ms
[316.513s][info][gc] GC(2408) Pause Full (Allocation Failure) 12M->7M(15M) 18.787ms
[316.518s][info][gc] GC(2409) Pause Young (Allocation Failure) 11M->11M(15M) 0.036ms
[316.536s][info][gc] GC(2410) Pause Full (Allocation Failure) 11M->7M(15M) 18.750ms
[316.542s][info][gc] GC(2411) Pause Young (Allocation Failure) 12M->12M(15M) 0.037ms
[316.561s][info][gc] GC(2412) Pause Full (Allocation Failure) 12M->7M(15M) 18.812ms
[316.566s][info][gc] GC(2413) Pause Young (Allocation Failure) 12M->12M(15M) 0.037ms
[316.585s][info][gc] GC(2414) Pause Full (Allocation Failure) 12M->7M(15M) 18.834ms
[316.590s][info][gc] GC(2415) Pause Young (Allocation Failure) 12M->12M(15M) 0.036ms
[316.609s][info][gc] GC(2416) Pause Full (Allocation Failure) 12M->7M(15M) 19.037ms
[316.614s][info][gc] GC(2417) Pause Young (Allocation Failure) 11M->11M(15M) 0.038ms
[316.633s][info][gc] GC(2418) Pause Full (Allocation Failure) 11M->7M(15M) 19.101ms
[316.639s][info][gc] GC(2419) Pause Young (Allocation Failure) 12M->12M(15M) 0.038ms
[316.658s][info][gc] GC(2420) Pause Full (Allocation Failure) 12M->7M(15M) 19.407ms
[316.663s][info][gc] GC(2421) Pause Young (Allocation Failure) 12M->12M(15M) 0.043ms
[316.683s][info][gc] GC(2422) Pause Full (Allocation Failure) 12M->7M(15M) 19.822ms
[316.688s][info][gc] GC(2423) Pause Young (Allocation Failure) 12M->12M(15M) 0.040ms
[316.707s][info][gc] GC(2424) Pause Full (Allocation Failure) 12M->7M(15M) 19.116ms
[316.713s][info][gc] GC(2425) Pause Young (Allocation Failure) 11M->11M(15M) 0.037ms
[316.732s][info][gc] GC(2426) Pause Full (Allocation Failure) 11M->7M(15M) 19.046ms
[316.737s][info][gc] GC(2427) Pause Young (Allocation Failure) 12M->12M(15M) 0.038ms
[316.756s][info][gc] GC(2428) Pause Full (Allocation Failure) 12M->7M(15M) 19.084ms
[316.761s][info][gc] GC(2429) Pause Young (Allocation Failure) 12M->12M(15M) 0.037ms
[316.781s][info][gc] GC(2430) Pause Full (Allocation Failure) 12M->7M(15M) 19.082ms
[316.786s][info][gc] GC(2431) Pause Young (Allocation Failure) 12M->12M(15M) 0.037ms
[316.805s][info][gc] GC(2432) Pause Full (Allocation Failure) 12M->7M(15M) 19.076ms
[316.810s][info][gc] GC(2433) Pause Young (Allocation Failure) 11M->11M(15M) 0.043ms
[316.830s][info][gc] GC(2434) Pause Full (Allocation Failure) 11M->7M(15M) 19.499ms
[316.835s][info][gc] GC(2435) Pause Young (Allocation Failure) 12M->12M(15M) 0.039ms
[316.854s][info][gc] GC(2436) Pause Full (Allocation Failure) 12M->7M(15M) 19.205ms
[316.859s][info][gc] GC(2437) Pause Young (Allocation Failure) 12M->12M(15M) 0.038ms
[316.879s][info][gc] GC(2438) Pause Full (Allocation Failure) 12M->7M(15M) 19.124ms
[316.884s][info][gc] GC(2439) Pause Young (Allocation Failure) 12M->12M(15M) 0.038ms
[316.903s][info][gc] GC(2440) Pause Full (Allocation Failure) 12M->7M(15M) 19.172ms
[316.908s][info][gc] GC(2441) Pause Young (Allocation Failure) 11M->11M(15M) 0.037ms
[316.927s][info][gc] GC(2442) Pause Full (Allocation Failure) 11M->7M(15M) 19.095ms
[316.933s][info][gc] GC(2443) Pause Young (Allocation Failure) 12M->12M(15M) 0.038ms
[316.952s][info][gc] GC(2444) Pause Full (Allocation Failure) 12M->7M(15M) 19.157ms
[316.957s][info][gc] GC(2445) Pause Young (Allocation Failure) 12M->12M(15M) 0.038ms
[316.976s][info][gc] GC(2446) Pause Full (Allocation Failure) 12M->7M(15M) 19.224ms
[316.981s][info][gc] GC(2447) Pause Young (Allocation Failure) 12M->12M(15M) 0.037ms
[317.001s][info][gc] GC(2448) Pause Full (Allocation Failure) 12M->7M(15M) 19.315ms
[317.006s][info][gc] GC(2449) Pause Young (Allocation Failure) 11M->11M(15M) 0.037ms
[317.025s][info][gc] GC(2450) Pause Full (Allocation Failure) 11M->7M(15M) 19.134ms
[317.030s][info][gc] GC(2451) Pause Young (Allocation Failure) 12M->12M(15M) 0.049ms
[317.049s][info][gc] GC(2452) Pause Full (Allocation Failure) 12M->7M(15M) 19.196ms
[317.055s][info][gc] GC(2453) Pause Young (Allocation Failure) 12M->12M(15M) 0.038ms
[317.074s][info][gc] GC(2454) Pause Full (Allocation Failure) 12M->7M(15M) 19.224ms
[317.079s][info][gc] GC(2455) Pause Young (Allocation Failure) 12M->12M(15M) 0.037ms
[317.098s][info][gc] GC(2456) Pause Full (Allocation Failure) 12M->7M(15M) 19.109ms
[317.103s][info][gc] GC(2457) Pause Young (Allocation Failure) 11M->11M(15M) 0.038ms
[317.123s][info][gc] GC(2458) Pause Full (Allocation Failure) 11M->7M(15M) 19.102ms
[317.128s][info][gc] GC(2459) Pause Young (Allocation Failure) 12M->12M(15M) 0.051ms
[317.148s][info][gc] GC(2460) Pause Full (Allocation Failure) 12M->7M(15M) 19.464ms
[317.153s][info][gc] GC(2461) Pause Young (Allocation Failure) 12M->12M(15M) 0.048ms
[317.174s][info][gc] GC(2462) Pause Full (Allocation Failure) 12M->7M(15M) 20.559ms
[317.179s][info][gc] GC(2463) Pause Young (Allocation Failure) 12M->12M(15M) 0.041ms
[317.199s][info][gc] GC(2464) Pause Full (Allocation Failure) 12M->7M(15M) 19.501ms
[317.204s][info][gc] GC(2465) Pause Young (Allocation Failure) 11M->11M(15M) 0.037ms
[317.223s][info][gc] GC(2466) Pause Full (Allocation Failure) 11M->7M(15M) 19.174ms
[317.228s][info][gc] GC(2467) Pause Young (Allocation Failure) 12M->12M(15M) 0.040ms
[317.248s][info][gc] GC(2468) Pause Full (Allocation Failure) 12M->7M(15M) 19.643ms
[317.253s][info][gc] GC(2469) Pause Young (Allocation Failure) 12M->12M(15M) 0.057ms
[317.273s][info][gc] GC(2470) Pause Full (Allocation Failure) 12M->7M(15M) 19.535ms
[317.278s][info][gc] GC(2471) Pause Young (Allocation Failure) 12M->12M(15M) 0.043ms
[317.298s][info][gc] GC(2472) Pause Full (Allocation Failure) 12M->7M(15M) 19.314ms
[317.303s][info][gc] GC(2473) Pause Young (Allocation Failure) 11M->11M(15M) 0.041ms
[317.323s][info][gc] GC(2474) Pause Full (Allocation Failure) 11M->7M(15M) 19.346ms
[317.328s][info][gc] GC(2475) Pause Young (Allocation Failure) 12M->12M(15M) 0.038ms
[317.347s][info][gc] GC(2476) Pause Full (Allocation Failure) 12M->7M(15M) 19.137ms
[317.353s][info][gc] GC(2477) Pause Young (Allocation Failure) 12M->12M(15M) 0.042ms
[317.372s][info][gc] GC(2478) Pause Full (Allocation Failure) 12M->7M(15M) 19.116ms
[317.378s][info][gc] GC(2479) Pause Young (Allocation Failure) 12M->12M(15M) 0.038ms
[317.397s][info][gc] GC(2480) Pause Full (Allocation Failure) 12M->7M(15M) 19.274ms
[317.402s][info][gc] GC(2481) Pause Young (Allocation Failure) 11M->11M(15M) 0.040ms
[317.422s][info][gc] GC(2482) Pause Full (Allocation Failure) 11M->7M(15M) 19.214ms
[317.427s][info][gc] GC(2483) Pause Young (Allocation Failure) 12M->12M(15M) 0.040ms
[317.446s][info][gc] GC(2484) Pause Full (Allocation Failure) 12M->7M(15M) 19.222ms
[317.452s][info][gc] GC(2485) Pause Young (Allocation Failure) 12M->12M(15M) 0.037ms
[317.471s][info][gc] GC(2486) Pause Full (Allocation Failure) 12M->7M(15M) 19.380ms
[317.477s][info][gc] GC(2487) Pause Young (Allocation Failure) 12M->12M(15M) 0.042ms
[317.496s][info][gc] GC(2488) Pause Full (Allocation Failure) 12M->7M(15M) 19.576ms
[317.501s][info][gc] GC(2489) Pause Young (Allocation Failure) 11M->11M(15M) 0.048ms
[317.520s][info][gc] GC(2490) Pause Full (Allocation Failure) 11M->7M(15M) 19.075ms
[317.526s][info][gc] GC(2491) Pause Young (Allocation Failure) 12M->12M(15M) 0.037ms
[317.545s][info][gc] GC(2492) Pause Full (Allocation Failure) 12M->7M(15M) 19.131ms
[317.550s][info][gc] GC(2493) Pause Young (Allocation Failure) 12M->12M(15M) 0.038ms
[317.569s][info][gc] GC(2494) Pause Full (Allocation Failure) 12M->7M(15M) 19.100ms
[317.574s][info][gc] GC(2495) Pause Young (Allocation Failure) 12M->12M(15M) 0.053ms
[317.594s][info][gc] GC(2496) Pause Full (Allocation Failure) 12M->7M(15M) 19.556ms
[317.599s][info][gc] GC(2497) Pause Young (Allocation Failure) 11M->11M(15M) 0.039ms
[317.618s][info][gc] GC(2498) Pause Full (Allocation Failure) 11M->7M(15M) 19.309ms
[317.624s][info][gc] GC(2499) Pause Young (Allocation Failure) 12M->12M(15M) 0.039ms
[317.643s][info][gc] GC(2500) Pause Full (Allocation Failure) 12M->7M(15M) 19.291ms
[317.648s][info][gc] GC(2501) Pause Young (Allocation Failure) 12M->12M(15M) 0.038ms
[317.668s][info][gc] GC(2502) Pause Full (Allocation Failure) 12M->7M(15M) 19.566ms
[317.673s][info][gc] GC(2503) Pause Young (Allocation Failure) 12M->12M(15M) 0.037ms
[317.692s][info][gc] GC(2504) Pause Full (Allocation Failure) 12M->7M(15M) 19.262ms
[317.698s][info][gc] GC(2505) Pause Young (Allocation Failure) 11M->11M(15M) 0.040ms
[317.717s][info][gc] GC(2506) Pause Full (Allocation Failure) 11M->7M(15M) 19.623ms
[317.723s][info][gc] GC(2507) Pause Young (Allocation Failure) 12M->12M(15M) 0.038ms
[317.742s][info][gc] GC(2508) Pause Full (Allocation Failure) 12M->7M(15M) 19.226ms
[317.747s][info][gc] GC(2509) Pause Young (Allocation Failure) 12M->12M(15M) 0.039ms
[317.766s][info][gc] GC(2510) Pause Full (Allocation Failure) 12M->7M(15M) 19.161ms
[317.771s][info][gc] GC(2511) Pause Young (Allocation Failure) 12M->12M(15M) 0.038ms
[317.791s][info][gc] GC(2512) Pause Full (Allocation Failure) 12M->7M(15M) 19.256ms
[317.796s][info][gc] GC(2513) Pause Young (Allocation Failure) 11M->11M(15M) 0.038ms
[317.815s][info][gc] GC(2514) Pause Full (Allocation Failure) 11M->7M(15M) 19.284ms
[317.821s][info][gc] GC(2515) Pause Young (Allocation Failure) 12M->12M(15M) 0.037ms
[317.840s][info][gc] GC(2516) Pause Full (Allocation Failure) 12M->7M(15M) 19.266ms
[317.845s][info][gc] GC(2517) Pause Young (Allocation Failure) 12M->12M(15M) 0.037ms
[317.865s][info][gc] GC(2518) Pause Full (Allocation Failure) 12M->7M(15M) 19.398ms
[317.870s][info][gc] GC(2519) Pause Young (Allocation Failure) 12M->12M(15M) 0.038ms
[317.889s][info][gc] GC(2520) Pause Full (Allocation Failure) 12M->7M(15M) 19.295ms
[317.894s][info][gc] GC(2521) Pause Young (Allocation Failure) 11M->11M(15M) 0.038ms
[317.913s][info][gc] GC(2522) Pause Full (Allocation Failure) 11M->7M(15M) 19.176ms
[317.919s][info][gc] GC(2523) Pause Young (Allocation Failure) 12M->12M(15M) 0.037ms
[317.938s][info][gc] GC(2524) Pause Full (Allocation Failure) 12M->7M(15M) 19.378ms
[317.943s][info][gc] GC(2525) Pause Young (Allocation Failure) 12M->12M(15M) 0.038ms
[317.963s][info][gc] GC(2526) Pause Full (Allocation Failure) 12M->7M(15M) 19.268ms
[317.968s][info][gc] GC(2527) Pause Young (Allocation Failure) 12M->12M(15M) 0.042ms
[317.988s][info][gc] GC(2528) Pause Full (Allocation Failure) 12M->7M(15M) 19.625ms
[317.993s][info][gc] GC(2529) Pause Young (Allocation Failure) 11M->11M(15M) 0.038ms
[318.012s][info][gc] GC(2530) Pause Full (Allocation Failure) 11M->7M(15M) 19.449ms
[318.018s][info][gc] GC(2531) Pause Young (Allocation Failure) 12M->12M(15M) 0.038ms
[318.037s][info][gc] GC(2532) Pause Full (Allocation Failure) 12M->7M(15M) 19.263ms
[318.042s][info][gc] GC(2533) Pause Young (Allocation Failure) 12M->12M(15M) 0.038ms
[318.061s][info][gc] GC(2534) Pause Full (Allocation Failure) 12M->7M(15M) 19.301ms
[318.067s][info][gc] GC(2535) Pause Young (Allocation Failure) 12M->12M(15M) 0.042ms
[318.086s][info][gc] GC(2536) Pause Full (Allocation Failure) 12M->7M(15M) 19.544ms
[318.092s][info][gc] GC(2537) Pause Young (Allocation Failure) 11M->11M(15M) 0.039ms
[318.111s][info][gc] GC(2538) Pause Full (Allocation Failure) 11M->7M(15M) 19.245ms
[318.116s][info][gc] GC(2539) Pause Young (Allocation Failure) 12M->12M(15M) 0.039ms
[318.135s][info][gc] GC(2540) Pause Full (Allocation Failure) 12M->7M(15M) 19.457ms
[318.141s][info][gc] GC(2541) Pause Young (Allocation Failure) 12M->12M(15M) 0.063ms
[318.161s][info][gc] GC(2542) Pause Full (Allocation Failure) 12M->7M(15M) 20.275ms
[318.167s][info][gc] GC(2543) Pause Young (Allocation Failure) 12M->12M(15M) 0.043ms
[318.187s][info][gc] GC(2544) Pause Full (Allocation Failure) 12M->7M(15M) 19.928ms
[318.192s][info][gc] GC(2545) Pause Young (Allocation Failure) 11M->11M(15M) 0.037ms
[318.212s][info][gc] GC(2546) Pause Full (Allocation Failure) 11M->7M(15M) 19.524ms
[318.217s][info][gc] GC(2547) Pause Young (Allocation Failure) 12M->12M(15M) 0.042ms
[318.237s][info][gc] GC(2548) Pause Full (Allocation Failure) 12M->7M(15M) 19.799ms
[318.242s][info][gc] GC(2549) Pause Young (Allocation Failure) 12M->12M(15M) 0.044ms
[318.262s][info][gc] GC(2550) Pause Full (Allocation Failure) 12M->7M(15M) 20.106ms
[318.268s][info][gc] GC(2551) Pause Young (Allocation Failure) 12M->12M(15M) 0.046ms
[318.288s][info][gc] GC(2552) Pause Full (Allocation Failure) 12M->7M(15M) 20.209ms
[318.293s][info][gc] GC(2553) Pause Young (Allocation Failure) 11M->11M(15M) 0.040ms
[318.313s][info][gc] GC(2554) Pause Full (Allocation Failure) 11M->7M(15M) 19.384ms
[318.318s][info][gc] GC(2555) Pause Young (Allocation Failure) 12M->12M(15M) 0.037ms
[318.338s][info][gc] GC(2556) Pause Full (Allocation Failure) 12M->7M(15M) 19.336ms
[318.343s][info][gc] GC(2557) Pause Young (Allocation Failure) 12M->12M(15M) 0.040ms
[318.363s][info][gc] GC(2558) Pause Full (Allocation Failure) 12M->7M(15M) 19.388ms
[318.368s][info][gc] GC(2559) Pause Young (Allocation Failure) 12M->12M(15M) 0.041ms
[318.388s][info][gc] GC(2560) Pause Full (Allocation Failure) 12M->7M(15M) 19.670ms
[318.393s][info][gc] GC(2561) Pause Young (Allocation Failure) 11M->11M(15M) 0.039ms
[318.412s][info][gc] GC(2562) Pause Full (Allocation Failure) 11M->7M(15M) 19.299ms
[318.417s][info][gc] GC(2563) Pause Young (Allocation Failure) 12M->12M(15M) 0.037ms
[318.437s][info][gc] GC(2564) Pause Full (Allocation Failure) 12M->7M(15M) 19.425ms
[318.442s][info][gc] GC(2565) Pause Young (Allocation Failure) 12M->12M(15M) 0.038ms
[318.462s][info][gc] GC(2566) Pause Full (Allocation Failure) 12M->7M(15M) 19.424ms
[318.467s][info][gc] GC(2567) Pause Young (Allocation Failure) 12M->12M(15M) 0.038ms
[318.486s][info][gc] GC(2568) Pause Full (Allocation Failure) 12M->7M(15M) 19.710ms
[318.492s][info][gc] GC(2569) Pause Young (Allocation Failure) 11M->11M(15M) 0.038ms
[318.511s][info][gc] GC(2570) Pause Full (Allocation Failure) 11M->7M(15M) 19.444ms
[318.517s][info][gc] GC(2571) Pause Young (Allocation Failure) 12M->12M(15M) 0.037ms
[318.536s][info][gc] GC(2572) Pause Full (Allocation Failure) 12M->7M(15M) 19.323ms
[318.541s][info][gc] GC(2573) Pause Young (Allocation Failure) 12M->12M(15M) 0.037ms
[318.561s][info][gc] GC(2574) Pause Full (Allocation Failure) 12M->7M(15M) 19.384ms
[318.566s][info][gc] GC(2575) Pause Young (Allocation Failure) 12M->12M(15M) 0.038ms
[318.585s][info][gc] GC(2576) Pause Full (Allocation Failure) 12M->7M(15M) 19.359ms
[318.590s][info][gc] GC(2577) Pause Young (Allocation Failure) 11M->11M(15M) 0.037ms
[318.610s][info][gc] GC(2578) Pause Full (Allocation Failure) 11M->7M(15M) 19.308ms
[318.615s][info][gc] GC(2579) Pause Young (Allocation Failure) 12M->12M(15M) 0.037ms
[318.634s][info][gc] GC(2580) Pause Full (Allocation Failure) 12M->7M(15M) 19.330ms
[318.639s][info][gc] GC(2581) Pause Young (Allocation Failure) 12M->12M(15M) 0.039ms
[318.659s][info][gc] GC(2582) Pause Full (Allocation Failure) 12M->7M(15M) 19.221ms
[318.664s][info][gc] GC(2583) Pause Young (Allocation Failure) 12M->12M(15M) 0.037ms
[318.683s][info][gc] GC(2584) Pause Full (Allocation Failure) 12M->7M(15M) 19.468ms
[318.689s][info][gc] GC(2585) Pause Young (Allocation Failure) 11M->11M(15M) 0.039ms
[318.708s][info][gc] GC(2586) Pause Full (Allocation Failure) 11M->7M(15M) 19.460ms
[318.713s][info][gc] GC(2587) Pause Young (Allocation Failure) 12M->12M(15M) 0.048ms
[318.733s][info][gc] GC(2588) Pause Full (Allocation Failure) 12M->7M(15M) 19.818ms
[318.738s][info][gc] GC(2589) Pause Young (Allocation Failure) 12M->12M(15M) 0.038ms
[318.758s][info][gc] GC(2590) Pause Full (Allocation Failure) 12M->7M(15M) 19.624ms
[318.763s][info][gc] GC(2591) Pause Young (Allocation Failure) 12M->12M(15M) 0.044ms
[318.783s][info][gc] GC(2592) Pause Full (Allocation Failure) 12M->7M(15M) 19.929ms
[318.789s][info][gc] GC(2593) Pause Young (Allocation Failure) 11M->11M(15M) 0.037ms
[318.808s][info][gc] GC(2594) Pause Full (Allocation Failure) 11M->7M(15M) 19.348ms
[318.813s][info][gc] GC(2595) Pause Young (Allocation Failure) 12M->12M(15M) 0.037ms
[318.833s][info][gc] GC(2596) Pause Full (Allocation Failure) 12M->7M(15M) 19.597ms
[318.838s][info][gc] GC(2597) Pause Young (Allocation Failure) 12M->12M(15M) 0.038ms
[318.858s][info][gc] GC(2598) Pause Full (Allocation Failure) 12M->7M(15M) 19.346ms
[318.863s][info][gc] GC(2599) Pause Young (Allocation Failure) 12M->12M(15M) 0.038ms
[318.883s][info][gc] GC(2600) Pause Full (Allocation Failure) 12M->7M(15M) 19.341ms
[318.888s][info][gc] GC(2601) Pause Young (Allocation Failure) 11M->11M(15M) 0.041ms
[318.908s][info][gc] GC(2602) Pause Full (Allocation Failure) 11M->7M(15M) 19.668ms
[318.913s][info][gc] GC(2603) Pause Young (Allocation Failure) 12M->12M(15M) 0.039ms
[318.933s][info][gc] GC(2604) Pause Full (Allocation Failure) 12M->7M(15M) 19.400ms
[318.938s][info][gc] GC(2605) Pause Young (Allocation Failure) 12M->12M(15M) 0.039ms
[318.957s][info][gc] GC(2606) Pause Full (Allocation Failure) 12M->7M(15M) 19.265ms
[318.962s][info][gc] GC(2607) Pause Young (Allocation Failure) 12M->12M(15M) 0.037ms
[318.982s][info][gc] GC(2608) Pause Full (Allocation Failure) 12M->7M(15M) 19.786ms
[318.987s][info][gc] GC(2609) Pause Young (Allocation Failure) 11M->11M(15M) 0.038ms
[319.007s][info][gc] GC(2610) Pause Full (Allocation Failure) 11M->7M(15M) 19.415ms
[319.012s][info][gc] GC(2611) Pause Young (Allocation Failure) 12M->12M(15M) 0.037ms
[319.032s][info][gc] GC(2612) Pause Full (Allocation Failure) 12M->7M(15M) 19.730ms
[319.037s][info][gc] GC(2613) Pause Young (Allocation Failure) 12M->12M(15M) 0.038ms
[319.057s][info][gc] GC(2614) Pause Full (Allocation Failure) 12M->7M(15M) 19.704ms
[319.062s][info][gc] GC(2615) Pause Young (Allocation Failure) 12M->12M(15M) 0.039ms
[319.081s][info][gc] GC(2616) Pause Full (Allocation Failure) 12M->7M(15M) 19.402ms
[319.087s][info][gc] GC(2617) Pause Young (Allocation Failure) 11M->11M(15M) 0.037ms
[319.106s][info][gc] GC(2618) Pause Full (Allocation Failure) 11M->7M(15M) 19.361ms
[319.111s][info][gc] GC(2619) Pause Young (Allocation Failure) 12M->12M(15M) 0.037ms
[319.131s][info][gc] GC(2620) Pause Full (Allocation Failure) 12M->7M(15M) 19.512ms
[319.136s][info][gc] GC(2621) Pause Young (Allocation Failure) 12M->12M(15M) 0.052ms
[319.157s][info][gc] GC(2622) Pause Full (Allocation Failure) 12M->7M(15M) 20.604ms
[319.162s][info][gc] GC(2623) Pause Young (Allocation Failure) 12M->12M(15M) 0.039ms
[319.182s][info][gc] GC(2624) Pause Full (Allocation Failure) 12M->7M(15M) 19.558ms
[319.187s][info][gc] GC(2625) Pause Young (Allocation Failure) 11M->11M(15M) 0.043ms
[319.207s][info][gc] GC(2626) Pause Full (Allocation Failure) 11M->7M(15M) 19.938ms
[319.212s][info][gc] GC(2627) Pause Young (Allocation Failure) 12M->12M(15M) 0.037ms
[319.232s][info][gc] GC(2628) Pause Full (Allocation Failure) 12M->7M(15M) 19.594ms
[319.237s][info][gc] GC(2629) Pause Young (Allocation Failure) 12M->12M(15M) 0.042ms
[319.257s][info][gc] GC(2630) Pause Full (Allocation Failure) 12M->7M(15M) 20.272ms
[319.263s][info][gc] GC(2631) Pause Young (Allocation Failure) 12M->12M(15M) 0.040ms
[319.283s][info][gc] GC(2632) Pause Full (Allocation Failure) 12M->7M(15M) 20.080ms
[319.289s][info][gc] GC(2633) Pause Young (Allocation Failure) 11M->11M(15M) 0.044ms
[319.308s][info][gc] GC(2634) Pause Full (Allocation Failure) 11M->7M(15M) 19.448ms
[319.314s][info][gc] GC(2635) Pause Young (Allocation Failure) 12M->12M(15M) 0.059ms
[319.335s][info][gc] GC(2636) Pause Full (Allocation Failure) 12M->7M(15M) 21.306ms
[319.340s][info][gc] GC(2637) Pause Young (Allocation Failure) 12M->12M(15M) 0.050ms
[319.362s][info][gc] GC(2638) Pause Full (Allocation Failure) 12M->7M(15M) 21.299ms
[319.367s][info][gc] GC(2639) Pause Young (Allocation Failure) 12M->12M(15M) 0.061ms
[319.388s][info][gc] GC(2640) Pause Full (Allocation Failure) 12M->7M(15M) 21.179ms
[319.394s][info][gc] GC(2641) Pause Young (Allocation Failure) 11M->11M(15M) 0.060ms
[319.414s][info][gc] GC(2642) Pause Full (Allocation Failure) 11M->7M(15M) 20.581ms
[319.420s][info][gc] GC(2643) Pause Young (Allocation Failure) 12M->12M(15M) 0.048ms
[319.440s][info][gc] GC(2644) Pause Full (Allocation Failure) 12M->7M(15M) 19.844ms
[319.445s][info][gc] GC(2645) Pause Young (Allocation Failure) 12M->12M(15M) 0.041ms
[319.464s][info][gc] GC(2646) Pause Full (Allocation Failure) 12M->7M(15M) 19.488ms
[319.470s][info][gc] GC(2647) Pause Young (Allocation Failure) 12M->12M(15M) 0.040ms
[319.490s][info][gc] GC(2648) Pause Full (Allocation Failure) 12M->7M(15M) 19.805ms
[319.495s][info][gc] GC(2649) Pause Young (Allocation Failure) 11M->11M(15M) 0.041ms
[319.515s][info][gc] GC(2650) Pause Full (Allocation Failure) 11M->7M(15M) 19.553ms
[319.520s][info][gc] GC(2651) Pause Young (Allocation Failure) 12M->12M(15M) 0.038ms
[319.540s][info][gc] GC(2652) Pause Full (Allocation Failure) 12M->7M(15M) 19.590ms
[319.545s][info][gc] GC(2653) Pause Young (Allocation Failure) 12M->12M(15M) 0.038ms
[319.565s][info][gc] GC(2654) Pause Full (Allocation Failure) 12M->7M(15M) 19.498ms
[319.570s][info][gc] GC(2655) Pause Young (Allocation Failure) 12M->12M(15M) 0.038ms
[319.589s][info][gc] GC(2656) Pause Full (Allocation Failure) 12M->7M(15M) 19.352ms
[319.595s][info][gc] GC(2657) Pause Young (Allocation Failure) 11M->11M(15M) 0.038ms
[319.614s][info][gc] GC(2658) Pause Full (Allocation Failure) 11M->7M(15M) 19.578ms
[319.620s][info][gc] GC(2659) Pause Young (Allocation Failure) 12M->12M(15M) 0.037ms
[319.639s][info][gc] GC(2660) Pause Full (Allocation Failure) 12M->7M(15M) 19.495ms
[319.644s][info][gc] GC(2661) Pause Young (Allocation Failure) 12M->12M(15M) 0.038ms
[319.664s][info][gc] GC(2662) Pause Full (Allocation Failure) 12M->7M(15M) 19.387ms
[319.669s][info][gc] GC(2663) Pause Young (Allocation Failure) 12M->12M(15M) 0.037ms
[319.688s][info][gc] GC(2664) Pause Full (Allocation Failure) 12M->7M(15M) 19.463ms
[319.694s][info][gc] GC(2665) Pause Young (Allocation Failure) 11M->11M(15M) 0.040ms
[319.714s][info][gc] GC(2666) Pause Full (Allocation Failure) 11M->7M(15M) 19.915ms
[319.719s][info][gc] GC(2667) Pause Young (Allocation Failure) 12M->12M(15M) 0.038ms
[319.739s][info][gc] GC(2668) Pause Full (Allocation Failure) 12M->7M(15M) 19.616ms
[319.744s][info][gc] GC(2669) Pause Young (Allocation Failure) 12M->12M(15M) 0.037ms
[319.763s][info][gc] GC(2670) Pause Full (Allocation Failure) 12M->7M(15M) 19.421ms
[319.769s][info][gc] GC(2671) Pause Young (Allocation Failure) 12M->12M(15M) 0.037ms
[319.789s][info][gc] GC(2672) Pause Full (Allocation Failure) 12M->7M(15M) 19.907ms
[319.794s][info][gc] GC(2673) Pause Young (Allocation Failure) 11M->11M(15M) 0.039ms
[319.813s][info][gc] GC(2674) Pause Full (Allocation Failure) 11M->7M(15M) 19.535ms
[319.819s][info][gc] GC(2675) Pause Young (Allocation Failure) 12M->12M(15M) 0.038ms
[319.839s][info][gc] GC(2676) Pause Full (Allocation Failure) 12M->7M(15M) 19.976ms
[319.844s][info][gc] GC(2677) Pause Young (Allocation Failure) 12M->12M(15M) 0.038ms
[319.864s][info][gc] GC(2678) Pause Full (Allocation Failure) 12M->7M(15M) 19.559ms
[319.869s][info][gc] GC(2679) Pause Young (Allocation Failure) 12M->12M(15M) 0.037ms
[319.888s][info][gc] GC(2680) Pause Full (Allocation Failure) 12M->7M(15M) 19.485ms
[319.893s][info][gc] GC(2681) Pause Young (Allocation Failure) 11M->11M(15M) 0.038ms
[319.913s][info][gc] GC(2682) Pause Full (Allocation Failure) 11M->7M(15M) 19.659ms
[319.918s][info][gc] GC(2683) Pause Young (Allocation Failure) 12M->12M(15M) 0.038ms
[319.938s][info][gc] GC(2684) Pause Full (Allocation Failure) 12M->7M(15M) 19.470ms
[319.943s][info][gc] GC(2685) Pause Young (Allocation Failure) 12M->12M(15M) 0.038ms
[319.963s][info][gc] GC(2686) Pause Full (Allocation Failure) 12M->7M(15M) 19.619ms
[319.968s][info][gc] GC(2687) Pause Young (Allocation Failure) 12M->12M(15M) 0.038ms
[319.988s][info][gc] GC(2688) Pause Full (Allocation Failure) 12M->7M(15M) 19.688ms
[319.993s][info][gc] GC(2689) Pause Young (Allocation Failure) 11M->11M(15M) 0.039ms
[320.013s][info][gc] GC(2690) Pause Full (Allocation Failure) 11M->7M(15M) 19.503ms
[320.018s][info][gc] GC(2691) Pause Young (Allocation Failure) 12M->12M(15M) 0.038ms
[320.037s][info][gc] GC(2692) Pause Full (Allocation Failure) 12M->7M(15M) 19.472ms
[320.042s][info][gc] GC(2693) Pause Young (Allocation Failure) 12M->12M(15M) 0.041ms
[320.062s][info][gc] GC(2694) Pause Full (Allocation Failure) 12M->8M(15M) 19.948ms
[320.068s][info][gc] GC(2695) Pause Young (Allocation Failure) 12M->12M(15M) 0.039ms
[320.087s][info][gc] GC(2696) Pause Full (Allocation Failure) 12M->7M(15M) 19.628ms
[320.093s][info][gc] GC(2697) Pause Young (Allocation Failure) 11M->11M(15M) 0.037ms
[320.112s][info][gc] GC(2698) Pause Full (Allocation Failure) 11M->7M(15M) 19.610ms
[320.118s][info][gc] GC(2699) Pause Young (Allocation Failure) 12M->12M(15M) 0.038ms
[320.137s][info][gc] GC(2700) Pause Full (Allocation Failure) 12M->8M(15M) 19.766ms
[320.143s][info][gc] GC(2701) Pause Young (Allocation Failure) 12M->12M(15M) 0.054ms
[320.164s][info][gc] GC(2702) Pause Full (Allocation Failure) 12M->7M(15M) 21.266ms
[320.169s][info][gc] GC(2703) Pause Young (Allocation Failure) 12M->12M(15M) 0.040ms
[320.189s][info][gc] GC(2704) Pause Full (Allocation Failure) 12M->7M(15M) 19.782ms
[320.194s][info][gc] GC(2705) Pause Young (Allocation Failure) 11M->11M(15M) 0.037ms
[320.214s][info][gc] GC(2706) Pause Full (Allocation Failure) 11M->7M(15M) 19.838ms
[320.219s][info][gc] GC(2707) Pause Young (Allocation Failure) 12M->12M(15M) 0.037ms
[320.239s][info][gc] GC(2708) Pause Full (Allocation Failure) 12M->7M(15M) 19.951ms
[320.245s][info][gc] GC(2709) Pause Young (Allocation Failure) 12M->12M(15M) 0.037ms
[320.264s][info][gc] GC(2710) Pause Full (Allocation Failure) 12M->7M(15M) 19.823ms
[320.270s][info][gc] GC(2711) Pause Young (Allocation Failure) 12M->12M(15M) 0.044ms
[320.290s][info][gc] GC(2712) Pause Full (Allocation Failure) 12M->7M(15M) 19.620ms
[320.295s][info][gc] GC(2713) Pause Young (Allocation Failure) 11M->11M(15M) 0.041ms
[320.315s][info][gc] GC(2714) Pause Full (Allocation Failure) 11M->7M(15M) 19.727ms
[320.320s][info][gc] GC(2715) Pause Young (Allocation Failure) 12M->12M(15M) 0.040ms
[320.340s][info][gc] GC(2716) Pause Full (Allocation Failure) 12M->7M(15M) 19.579ms
[320.345s][info][gc] GC(2717) Pause Young (Allocation Failure) 12M->12M(15M) 0.040ms
[320.364s][info][gc] GC(2718) Pause Full (Allocation Failure) 12M->7M(15M) 19.518ms
[320.370s][info][gc] GC(2719) Pause Young (Allocation Failure) 12M->12M(15M) 0.038ms
[320.389s][info][gc] GC(2720) Pause Full (Allocation Failure) 12M->7M(15M) 19.629ms
[320.395s][info][gc] GC(2721) Pause Young (Allocation Failure) 11M->11M(15M) 0.037ms
[320.414s][info][gc] GC(2722) Pause Full (Allocation Failure) 11M->7M(15M) 19.538ms
[320.419s][info][gc] GC(2723) Pause Young (Allocation Failure) 12M->12M(15M) 0.037ms
[320.439s][info][gc] GC(2724) Pause Full (Allocation Failure) 12M->7M(15M) 19.556ms
[320.444s][info][gc] GC(2725) Pause Young (Allocation Failure) 12M->12M(15M) 0.038ms
[320.464s][info][gc] GC(2726) Pause Full (Allocation Failure) 12M->8M(15M) 19.675ms
[320.469s][info][gc] GC(2727) Pause Young (Allocation Failure) 12M->12M(15M) 0.038ms
[320.489s][info][gc] GC(2728) Pause Full (Allocation Failure) 12M->7M(15M) 19.665ms
[320.494s][info][gc] GC(2729) Pause Young (Allocation Failure) 11M->11M(15M) 0.037ms
[320.514s][info][gc] GC(2730) Pause Full (Allocation Failure) 11M->7M(15M) 19.776ms
[320.519s][info][gc] GC(2731) Pause Young (Allocation Failure) 12M->12M(15M) 0.038ms
[320.539s][info][gc] GC(2732) Pause Full (Allocation Failure) 12M->8M(15M) 19.646ms
[320.544s][info][gc] GC(2733) Pause Young (Allocation Failure) 12M->12M(15M) 0.037ms
[320.564s][info][gc] GC(2734) Pause Full (Allocation Failure) 12M->8M(15M) 19.546ms
[320.569s][info][gc] GC(2735) Pause Young (Allocation Failure) 12M->12M(15M) 0.038ms
[320.588s][info][gc] GC(2736) Pause Full (Allocation Failure) 12M->7M(15M) 19.525ms
[320.594s][info][gc] GC(2737) Pause Young (Allocation Failure) 11M->11M(15M) 0.038ms
[320.613s][info][gc] GC(2738) Pause Full (Allocation Failure) 11M->7M(15M) 19.657ms
[320.618s][info][gc] GC(2739) Pause Young (Allocation Failure) 12M->12M(15M) 0.038ms
[320.638s][info][gc] GC(2740) Pause Full (Allocation Failure) 12M->7M(15M) 19.564ms
[320.643s][info][gc] GC(2741) Pause Young (Allocation Failure) 12M->12M(15M) 0.038ms
[320.663s][info][gc] GC(2742) Pause Full (Allocation Failure) 12M->7M(15M) 19.528ms
[320.668s][info][gc] GC(2743) Pause Young (Allocation Failure) 12M->12M(15M) 0.038ms
[320.688s][info][gc] GC(2744) Pause Full (Allocation Failure) 12M->7M(15M) 19.553ms
[320.693s][info][gc] GC(2745) Pause Young (Allocation Failure) 11M->11M(15M) 0.038ms
[320.713s][info][gc] GC(2746) Pause Full (Allocation Failure) 11M->7M(15M) 19.740ms
[320.718s][info][gc] GC(2747) Pause Young (Allocation Failure) 12M->12M(15M) 0.041ms
[320.738s][info][gc] GC(2748) Pause Full (Allocation Failure) 12M->8M(15M) 20.312ms
[320.743s][info][gc] GC(2749) Pause Young (Allocation Failure) 12M->12M(15M) 0.039ms
[320.763s][info][gc] GC(2750) Pause Full (Allocation Failure) 12M->8M(15M) 19.651ms
[320.768s][info][gc] GC(2751) Pause Young (Allocation Failure) 12M->12M(15M) 0.037ms
[320.788s][info][gc] GC(2752) Pause Full (Allocation Failure) 12M->7M(15M) 19.693ms
[320.793s][info][gc] GC(2753) Pause Young (Allocation Failure) 11M->11M(15M) 0.037ms
[320.813s][info][gc] GC(2754) Pause Full (Allocation Failure) 11M->7M(15M) 19.602ms
[320.818s][info][gc] GC(2755) Pause Young (Allocation Failure) 12M->12M(15M) 0.038ms
[320.838s][info][gc] GC(2756) Pause Full (Allocation Failure) 12M->8M(15M) 19.642ms
[320.843s][info][gc] GC(2757) Pause Young (Allocation Failure) 12M->12M(15M) 0.037ms
[320.863s][info][gc] GC(2758) Pause Full (Allocation Failure) 12M->8M(15M) 19.684ms
[320.868s][info][gc] GC(2759) Pause Young (Allocation Failure) 12M->12M(15M) 0.038ms
[320.888s][info][gc] GC(2760) Pause Full (Allocation Failure) 12M->7M(15M) 19.634ms
[320.893s][info][gc] GC(2761) Pause Young (Allocation Failure) 11M->11M(15M) 0.037ms
[320.913s][info][gc] GC(2762) Pause Full (Allocation Failure) 11M->8M(15M) 19.751ms
[320.918s][info][gc] GC(2763) Pause Young (Allocation Failure) 12M->12M(15M) 0.038ms
[320.938s][info][gc] GC(2764) Pause Full (Allocation Failure) 12M->8M(15M) 19.945ms
[320.943s][info][gc] GC(2765) Pause Young (Allocation Failure) 12M->12M(15M) 0.040ms
[320.963s][info][gc] GC(2766) Pause Full (Allocation Failure) 12M->8M(15M) 19.785ms
[320.968s][info][gc] GC(2767) Pause Young (Allocation Failure) 12M->12M(15M) 0.037ms
[320.988s][info][gc] GC(2768) Pause Full (Allocation Failure) 12M->7M(15M) 19.675ms
[320.993s][info][gc] GC(2769) Pause Young (Allocation Failure) 11M->11M(15M) 0.038ms
[321.013s][info][gc] GC(2770) Pause Full (Allocation Failure) 11M->8M(15M) 19.760ms
[321.018s][info][gc] GC(2771) Pause Young (Allocation Failure) 12M->12M(15M) 0.039ms
[321.038s][info][gc] GC(2772) Pause Full (Allocation Failure) 12M->7M(15M) 19.656ms
[321.043s][info][gc] GC(2773) Pause Young (Allocation Failure) 12M->12M(15M) 0.038ms
[321.063s][info][gc] GC(2774) Pause Full (Allocation Failure) 12M->8M(15M) 19.997ms
[321.069s][info][gc] GC(2775) Pause Young (Allocation Failure) 12M->12M(15M) 0.038ms
[321.090s][info][gc] GC(2776) Pause Full (Allocation Failure) 12M->7M(15M) 21.150ms
[321.096s][info][gc] GC(2777) Pause Young (Allocation Failure) 11M->11M(15M) 0.043ms
[321.116s][info][gc] GC(2778) Pause Full (Allocation Failure) 11M->7M(15M) 20.146ms
[321.121s][info][gc] GC(2779) Pause Young (Allocation Failure) 12M->12M(15M) 0.037ms
[321.142s][info][gc] GC(2780) Pause Full (Allocation Failure) 12M->8M(15M) 20.512ms
[321.147s][info][gc] GC(2781) Pause Young (Allocation Failure) 12M->12M(15M) 0.048ms
[321.169s][info][gc] GC(2782) Pause Full (Allocation Failure) 12M->8M(15M) 21.521ms
[321.174s][info][gc] GC(2783) Pause Young (Allocation Failure) 12M->12M(15M) 0.040ms
[321.194s][info][gc] GC(2784) Pause Full (Allocation Failure) 12M->7M(15M) 20.369ms
[321.200s][info][gc] GC(2785) Pause Young (Allocation Failure) 11M->11M(15M) 0.041ms
[321.220s][info][gc] GC(2786) Pause Full (Allocation Failure) 11M->8M(15M) 20.177ms
[321.225s][info][gc] GC(2787) Pause Young (Allocation Failure) 12M->12M(15M) 0.038ms
[321.246s][info][gc] GC(2788) Pause Full (Allocation Failure) 12M->8M(15M) 20.615ms
[321.251s][info][gc] GC(2789) Pause Young (Allocation Failure) 12M->12M(15M) 0.041ms
[321.271s][info][gc] GC(2790) Pause Full (Allocation Failure) 12M->8M(15M) 19.895ms
[321.277s][info][gc] GC(2791) Pause Young (Allocation Failure) 12M->12M(15M) 0.045ms
[321.298s][info][gc] GC(2792) Pause Full (Allocation Failure) 12M->7M(15M) 20.921ms
[321.303s][info][gc] GC(2793) Pause Young (Allocation Failure) 11M->11M(15M) 0.038ms
[321.322s][info][gc] GC(2794) Pause Full (Allocation Failure) 11M->7M(15M) 19.595ms
[321.328s][info][gc] GC(2795) Pause Young (Allocation Failure) 12M->12M(15M) 0.036ms
[321.348s][info][gc] GC(2796) Pause Full (Allocation Failure) 12M->8M(15M) 19.995ms
[321.353s][info][gc] GC(2797) Pause Young (Allocation Failure) 12M->12M(15M) 0.036ms
[321.372s][info][gc] GC(2798) Pause Full (Allocation Failure) 12M->8M(15M) 19.607ms
[321.378s][info][gc] GC(2799) Pause Young (Allocation Failure) 12M->12M(15M) 0.036ms
[321.397s][info][gc] GC(2800) Pause Full (Allocation Failure) 12M->7M(15M) 19.637ms
[321.402s][info][gc] GC(2801) Pause Young (Allocation Failure) 11M->11M(15M) 0.035ms
[321.422s][info][gc] GC(2802) Pause Full (Allocation Failure) 11M->8M(15M) 19.825ms
[321.427s][info][gc] GC(2803) Pause Young (Allocation Failure) 12M->12M(15M) 0.037ms
[321.447s][info][gc] GC(2804) Pause Full (Allocation Failure) 12M->8M(15M) 19.808ms
[321.452s][info][gc] GC(2805) Pause Young (Allocation Failure) 12M->12M(15M) 0.036ms
[321.472s][info][gc] GC(2806) Pause Full (Allocation Failure) 12M->8M(15M) 19.919ms
[321.478s][info][gc] GC(2807) Pause Young (Allocation Failure) 12M->12M(15M) 0.037ms
[321.498s][info][gc] GC(2808) Pause Full (Allocation Failure) 12M->7M(15M) 20.039ms
[321.503s][info][gc] GC(2809) Pause Young (Allocation Failure) 11M->11M(15M) 0.037ms
[321.523s][info][gc] GC(2810) Pause Full (Allocation Failure) 11M->8M(15M) 20.189ms
[321.528s][info][gc] GC(2811) Pause Young (Allocation Failure) 12M->12M(15M) 0.037ms
[321.549s][info][gc] GC(2812) Pause Full (Allocation Failure) 12M->8M(15M) 20.129ms
[321.554s][info][gc] GC(2813) Pause Young (Allocation Failure) 12M->12M(15M) 0.042ms
[321.574s][info][gc] GC(2814) Pause Full (Allocation Failure) 12M->8M(15M) 20.475ms
[321.579s][info][gc] GC(2815) Pause Young (Allocation Failure) 12M->12M(15M) 0.038ms
[321.600s][info][gc] GC(2816) Pause Full (Allocation Failure) 12M->7M(15M) 20.096ms
[321.605s][info][gc] GC(2817) Pause Young (Allocation Failure) 11M->11M(15M) 0.037ms
[321.625s][info][gc] GC(2818) Pause Full (Allocation Failure) 11M->8M(15M) 20.242ms
[321.630s][info][gc] GC(2819) Pause Young (Allocation Failure) 12M->12M(15M) 0.038ms
[321.651s][info][gc] GC(2820) Pause Full (Allocation Failure) 12M->8M(15M) 20.154ms
[321.656s][info][gc] GC(2821) Pause Young (Allocation Failure) 12M->12M(15M) 0.038ms
[321.676s][info][gc] GC(2822) Pause Full (Allocation Failure) 12M->8M(15M) 20.064ms
[321.681s][info][gc] GC(2823) Pause Young (Allocation Failure) 12M->12M(15M) 0.038ms
[321.701s][info][gc] GC(2824) Pause Full (Allocation Failure) 12M->7M(15M) 20.283ms
[321.707s][info][gc] GC(2825) Pause Young (Allocation Failure) 11M->11M(15M) 0.037ms
[321.727s][info][gc] GC(2826) Pause Full (Allocation Failure) 11M->8M(15M) 20.115ms
[321.732s][info][gc] GC(2827) Pause Young (Allocation Failure) 12M->12M(15M) 0.053ms
[321.753s][info][gc] GC(2828) Pause Full (Allocation Failure) 12M->8M(15M) 20.963ms
[321.758s][info][gc] GC(2829) Pause Young (Allocation Failure) 12M->12M(15M) 0.040ms
[321.779s][info][gc] GC(2830) Pause Full (Allocation Failure) 12M->8M(15M) 20.490ms
[321.784s][info][gc] GC(2831) Pause Young (Allocation Failure) 12M->12M(15M) 0.041ms
[321.805s][info][gc] GC(2832) Pause Full (Allocation Failure) 12M->7M(15M) 20.532ms
[321.810s][info][gc] GC(2833) Pause Young (Allocation Failure) 11M->11M(15M) 0.039ms
[321.831s][info][gc] GC(2834) Pause Full (Allocation Failure) 11M->8M(15M) 21.164ms
[321.836s][info][gc] GC(2835) Pause Young (Allocation Failure) 12M->12M(15M) 0.042ms
[321.858s][info][gc] GC(2836) Pause Full (Allocation Failure) 12M->8M(15M) 21.122ms
[321.863s][info][gc] GC(2837) Pause Young (Allocation Failure) 12M->12M(15M) 0.053ms
[321.884s][info][gc] GC(2838) Pause Full (Allocation Failure) 12M->8M(15M) 21.022ms
[321.890s][info][gc] GC(2839) Pause Young (Allocation Failure) 12M->12M(15M) 0.044ms
[321.910s][info][gc] GC(2840) Pause Full (Allocation Failure) 12M->7M(15M) 19.987ms
[321.915s][info][gc] GC(2841) Pause Young (Allocation Failure) 11M->11M(15M) 0.041ms
[321.936s][info][gc] GC(2842) Pause Full (Allocation Failure) 11M->8M(15M) 20.701ms
[321.942s][info][gc] GC(2843) Pause Young (Allocation Failure) 12M->12M(15M) 0.039ms
[321.962s][info][gc] GC(2844) Pause Full (Allocation Failure) 12M->8M(15M) 20.850ms
[321.968s][info][gc] GC(2845) Pause Young (Allocation Failure) 12M->12M(15M) 0.044ms
[321.989s][info][gc] GC(2846) Pause Full (Allocation Failure) 12M->8M(15M) 20.594ms
[321.994s][info][gc] GC(2847) Pause Young (Allocation Failure) 12M->12M(15M) 0.040ms
[322.015s][info][gc] GC(2848) Pause Full (Allocation Failure) 12M->7M(15M) 20.797ms
[322.020s][info][gc] GC(2849) Pause Young (Allocation Failure) 11M->11M(15M) 0.040ms
[322.041s][info][gc] GC(2850) Pause Full (Allocation Failure) 11M->8M(15M) 20.895ms
[322.046s][info][gc] GC(2851) Pause Young (Allocation Failure) 12M->12M(15M) 0.041ms
[322.067s][info][gc] GC(2852) Pause Full (Allocation Failure) 12M->8M(15M) 20.756ms
[322.073s][info][gc] GC(2853) Pause Young (Allocation Failure) 12M->12M(15M) 0.046ms
[322.094s][info][gc] GC(2854) Pause Full (Allocation Failure) 12M->8M(15M) 21.410ms
[322.100s][info][gc] GC(2855) Pause Young (Allocation Failure) 12M->12M(15M) 0.044ms
[322.122s][info][gc] GC(2856) Pause Full (Allocation Failure) 12M->7M(15M) 21.796ms
[322.127s][info][gc] GC(2857) Pause Young (Allocation Failure) 11M->11M(15M) 0.042ms
[322.150s][info][gc] GC(2858) Pause Full (Allocation Failure) 11M->8M(15M) 22.275ms
[322.156s][info][gc] GC(2859) Pause Young (Allocation Failure) 12M->12M(15M) 0.045ms
[322.178s][info][gc] GC(2860) Pause Full (Allocation Failure) 12M->8M(15M) 21.893ms
[322.183s][info][gc] GC(2861) Pause Young (Allocation Failure) 12M->12M(15M) 0.047ms
[322.204s][info][gc] GC(2862) Pause Full (Allocation Failure) 12M->8M(15M) 21.082ms
[322.210s][info][gc] GC(2863) Pause Young (Allocation Failure) 12M->12M(15M) 0.043ms
[322.231s][info][gc] GC(2864) Pause Full (Allocation Failure) 12M->7M(15M) 20.811ms
[322.236s][info][gc] GC(2865) Pause Young (Allocation Failure) 11M->11M(15M) 0.044ms
[322.257s][info][gc] GC(2866) Pause Full (Allocation Failure) 11M->8M(15M) 20.867ms
[322.262s][info][gc] GC(2867) Pause Young (Allocation Failure) 12M->12M(15M) 0.044ms
[322.283s][info][gc] GC(2868) Pause Full (Allocation Failure) 12M->8M(15M) 20.771ms
[322.289s][info][gc] GC(2869) Pause Young (Allocation Failure) 12M->12M(15M) 0.044ms
[322.309s][info][gc] GC(2870) Pause Full (Allocation Failure) 12M->8M(15M) 20.108ms
[322.314s][info][gc] GC(2871) Pause Young (Allocation Failure) 12M->12M(15M) 0.057ms
[322.335s][info][gc] GC(2872) Pause Full (Allocation Failure) 12M->7M(15M) 20.691ms
[322.340s][info][gc] GC(2873) Pause Young (Allocation Failure) 11M->11M(15M) 0.036ms
[322.361s][info][gc] GC(2874) Pause Full (Allocation Failure) 11M->8M(15M) 20.892ms
[322.367s][info][gc] GC(2875) Pause Young (Allocation Failure) 12M->12M(15M) 0.047ms
[322.388s][info][gc] GC(2876) Pause Full (Allocation Failure) 12M->8M(15M) 20.805ms
[322.394s][info][gc] GC(2877) Pause Young (Allocation Failure) 12M->12M(15M) 0.043ms
[322.415s][info][gc] GC(2878) Pause Full (Allocation Failure) 12M->8M(15M) 21.182ms
[322.420s][info][gc] GC(2879) Pause Young (Allocation Failure) 12M->12M(15M) 0.039ms
[322.440s][info][gc] GC(2880) Pause Full (Allocation Failure) 12M->7M(15M) 20.341ms
[322.446s][info][gc] GC(2881) Pause Young (Allocation Failure) 11M->11M(15M) 0.042ms
[322.466s][info][gc] GC(2882) Pause Full (Allocation Failure) 11M->8M(15M) 20.696ms
[322.471s][info][gc] GC(2883) Pause Young (Allocation Failure) 12M->12M(15M) 0.035ms
[322.492s][info][gc] GC(2884) Pause Full (Allocation Failure) 12M->8M(15M) 20.621ms
[322.498s][info][gc] GC(2885) Pause Young (Allocation Failure) 12M->12M(15M) 0.038ms
[322.518s][info][gc] GC(2886) Pause Full (Allocation Failure) 12M->8M(15M) 20.869ms
[322.524s][info][gc] GC(2887) Pause Young (Allocation Failure) 12M->12M(15M) 0.040ms
[322.545s][info][gc] GC(2888) Pause Full (Allocation Failure) 12M->7M(15M) 20.977ms
[322.550s][info][gc] GC(2889) Pause Young (Allocation Failure) 11M->11M(15M) 0.045ms
[322.571s][info][gc] GC(2890) Pause Full (Allocation Failure) 11M->8M(15M) 20.805ms
[322.576s][info][gc] GC(2891) Pause Young (Allocation Failure) 12M->12M(15M) 0.041ms
[322.597s][info][gc] GC(2892) Pause Full (Allocation Failure) 12M->8M(15M) 20.872ms
[322.603s][info][gc] GC(2893) Pause Young (Allocation Failure) 12M->12M(15M) 0.043ms
[322.624s][info][gc] GC(2894) Pause Full (Allocation Failure) 12M->8M(15M) 20.935ms
[322.629s][info][gc] GC(2895) Pause Young (Allocation Failure) 12M->12M(15M) 0.046ms
[322.650s][info][gc] GC(2896) Pause Full (Allocation Failure) 12M->7M(15M) 20.972ms
[322.655s][info][gc] GC(2897) Pause Young (Allocation Failure) 11M->11M(15M) 0.050ms
[322.676s][info][gc] GC(2898) Pause Full (Allocation Failure) 11M->8M(15M) 21.048ms
[322.682s][info][gc] GC(2899) Pause Young (Allocation Failure) 12M->12M(15M) 0.046ms
[322.703s][info][gc] GC(2900) Pause Full (Allocation Failure) 12M->8M(15M) 20.910ms
[322.708s][info][gc] GC(2901) Pause Young (Allocation Failure) 12M->12M(15M) 0.041ms
[322.730s][info][gc] GC(2902) Pause Full (Allocation Failure) 12M->8M(15M) 21.213ms
[322.735s][info][gc] GC(2903) Pause Young (Allocation Failure) 12M->12M(15M) 0.049ms
[322.756s][info][gc] GC(2904) Pause Full (Allocation Failure) 12M->7M(15M) 20.475ms
[322.761s][info][gc] GC(2905) Pause Young (Allocation Failure) 11M->11M(15M) 0.040ms
[322.782s][info][gc] GC(2906) Pause Full (Allocation Failure) 11M->8M(15M) 20.942ms
[322.787s][info][gc] GC(2907) Pause Young (Allocation Failure) 12M->12M(15M) 0.039ms
[322.808s][info][gc] GC(2908) Pause Full (Allocation Failure) 12M->8M(15M) 21.062ms
[322.813s][info][gc] GC(2909) Pause Young (Allocation Failure) 12M->12M(15M) 0.041ms
[322.834s][info][gc] GC(2910) Pause Full (Allocation Failure) 12M->8M(15M) 20.607ms
[322.839s][info][gc] GC(2911) Pause Young (Allocation Failure) 12M->12M(15M) 0.037ms
[322.860s][info][gc] GC(2912) Pause Full (Allocation Failure) 12M->7M(15M) 20.488ms
[322.865s][info][gc] GC(2913) Pause Young (Allocation Failure) 11M->11M(15M) 0.044ms
[322.886s][info][gc] GC(2914) Pause Full (Allocation Failure) 11M->8M(15M) 20.429ms
[322.891s][info][gc] GC(2915) Pause Young (Allocation Failure) 12M->12M(15M) 0.038ms
[322.912s][info][gc] GC(2916) Pause Full (Allocation Failure) 12M->8M(15M) 20.881ms
[322.919s][info][gc] GC(2917) Pause Young (Allocation Failure) 12M->12M(15M) 0.051ms
[322.939s][info][gc] GC(2918) Pause Full (Allocation Failure) 12M->8M(15M) 20.636ms
[322.945s][info][gc] GC(2919) Pause Young (Allocation Failure) 12M->12M(15M) 0.036ms
[322.965s][info][gc] GC(2920) Pause Full (Allocation Failure) 12M->7M(15M) 20.505ms
[322.971s][info][gc] GC(2921) Pause Young (Allocation Failure) 11M->11M(15M) 0.046ms
[322.991s][info][gc] GC(2922) Pause Full (Allocation Failure) 11M->8M(15M) 20.506ms
[322.996s][info][gc] GC(2923) Pause Young (Allocation Failure) 12M->12M(15M) 0.045ms
[323.022s][info][gc] GC(2924) Pause Full (Allocation Failure) 12M->8M(15M) 25.117ms
[323.027s][info][gc] GC(2925) Pause Young (Allocation Failure) 12M->12M(15M) 0.047ms
[323.053s][info][gc] GC(2926) Pause Full (Allocation Failure) 12M->8M(15M) 25.527ms
[323.058s][info][gc] GC(2927) Pause Young (Allocation Failure) 12M->12M(15M) 0.037ms
[323.079s][info][gc] GC(2928) Pause Full (Allocation Failure) 12M->7M(15M) 20.696ms
[323.084s][info][gc] GC(2929) Pause Young (Allocation Failure) 11M->11M(15M) 0.041ms
[323.105s][info][gc] GC(2930) Pause Full (Allocation Failure) 11M->8M(15M) 20.512ms
[323.110s][info][gc] GC(2931) Pause Young (Allocation Failure) 12M->12M(15M) 0.039ms
[323.131s][info][gc] GC(2932) Pause Full (Allocation Failure) 12M->8M(15M) 21.024ms
[323.136s][info][gc] GC(2933) Pause Young (Allocation Failure) 12M->12M(15M) 0.049ms
[323.158s][info][gc] GC(2934) Pause Full (Allocation Failure) 12M->8M(15M) 21.627ms
[323.163s][info][gc] GC(2935) Pause Young (Allocation Failure) 12M->12M(15M) 0.041ms
[323.183s][info][gc] GC(2936) Pause Full (Allocation Failure) 12M->7M(15M) 19.888ms
[323.189s][info][gc] GC(2937) Pause Young (Allocation Failure) 11M->11M(15M) 0.038ms
[323.209s][info][gc] GC(2938) Pause Full (Allocation Failure) 11M->8M(15M) 20.072ms
[323.215s][info][gc] GC(2939) Pause Young (Allocation Failure) 12M->12M(15M) 0.042ms
[323.244s][info][gc] GC(2940) Pause Full (Allocation Failure) 12M->8M(15M) 29.699ms
[323.257s][info][gc] GC(2941) Pause Young (Allocation Failure) 12M->12M(15M) 0.055ms
[323.280s][info][gc] GC(2942) Pause Full (Allocation Failure) 12M->8M(15M) 23.203ms
[323.287s][info][gc] GC(2943) Pause Young (Allocation Failure) 12M->12M(15M) 0.048ms
[323.309s][info][gc] GC(2944) Pause Full (Allocation Failure) 12M->7M(15M) 22.237ms
[323.315s][info][gc] GC(2945) Pause Young (Allocation Failure) 11M->11M(15M) 0.043ms
[323.349s][info][gc] GC(2946) Pause Full (Allocation Failure) 11M->8M(15M) 33.829ms
[323.354s][info][gc] GC(2947) Pause Young (Allocation Failure) 12M->12M(15M) 0.047ms
[323.376s][info][gc] GC(2948) Pause Full (Allocation Failure) 12M->8M(15M) 21.804ms
[323.382s][info][gc] GC(2949) Pause Young (Allocation Failure) 12M->12M(15M) 0.043ms
[323.403s][info][gc] GC(2950) Pause Full (Allocation Failure) 12M->8M(15M) 21.603ms
[323.409s][info][gc] GC(2951) Pause Young (Allocation Failure) 12M->12M(15M) 0.043ms
[323.430s][info][gc] GC(2952) Pause Full (Allocation Failure) 12M->7M(15M) 21.762ms
[323.436s][info][gc] GC(2953) Pause Young (Allocation Failure) 11M->11M(15M) 0.043ms
[323.457s][info][gc] GC(2954) Pause Full (Allocation Failure) 11M->8M(15M) 21.489ms
[323.463s][info][gc] GC(2955) Pause Young (Allocation Failure) 12M->12M(15M) 0.051ms
[323.483s][info][gc] GC(2956) Pause Full (Allocation Failure) 12M->8M(15M) 20.841ms
[323.489s][info][gc] GC(2957) Pause Young (Allocation Failure) 12M->12M(15M) 0.039ms
[323.509s][info][gc] GC(2958) Pause Full (Allocation Failure) 12M->8M(15M) 20.748ms
[323.515s][info][gc] GC(2959) Pause Young (Allocation Failure) 12M->12M(15M) 0.046ms
[323.537s][info][gc] GC(2960) Pause Full (Allocation Failure) 12M->7M(15M) 21.370ms
[323.542s][info][gc] GC(2961) Pause Young (Allocation Failure) 11M->11M(15M) 0.038ms
[323.564s][info][gc] GC(2962) Pause Full (Allocation Failure) 11M->8M(15M) 21.751ms
[323.569s][info][gc] GC(2963) Pause Young (Allocation Failure) 12M->12M(15M) 0.042ms
[323.590s][info][gc] GC(2964) Pause Full (Allocation Failure) 12M->8M(15M) 20.922ms
[323.595s][info][gc] GC(2965) Pause Young (Allocation Failure) 12M->12M(15M) 0.050ms
[323.617s][info][gc] GC(2966) Pause Full (Allocation Failure) 12M->8M(15M) 21.344ms
[323.622s][info][gc] GC(2967) Pause Young (Allocation Failure) 12M->12M(15M) 0.048ms
[323.643s][info][gc] GC(2968) Pause Full (Allocation Failure) 12M->7M(15M) 21.149ms
[323.650s][info][gc] GC(2969) Pause Young (Allocation Failure) 11M->11M(15M) 0.116ms
[323.672s][info][gc] GC(2970) Pause Full (Allocation Failure) 11M->8M(15M) 22.066ms
[323.677s][info][gc] GC(2971) Pause Young (Allocation Failure) 12M->12M(15M) 0.045ms
[323.699s][info][gc] GC(2972) Pause Full (Allocation Failure) 12M->8M(15M) 21.940ms
[323.705s][info][gc] GC(2973) Pause Young (Allocation Failure) 12M->12M(15M) 0.043ms
[323.726s][info][gc] GC(2974) Pause Full (Allocation Failure) 12M->8M(15M) 21.622ms
[323.732s][info][gc] GC(2975) Pause Young (Allocation Failure) 12M->12M(15M) 0.048ms
[323.753s][info][gc] GC(2976) Pause Full (Allocation Failure) 12M->7M(15M) 21.355ms
[323.759s][info][gc] GC(2977) Pause Young (Allocation Failure) 11M->11M(15M) 0.043ms
[323.780s][info][gc] GC(2978) Pause Full (Allocation Failure) 11M->8M(15M) 21.451ms
[323.786s][info][gc] GC(2979) Pause Young (Allocation Failure) 12M->12M(15M) 0.044ms
[323.808s][info][gc] GC(2980) Pause Full (Allocation Failure) 12M->8M(15M) 21.289ms
[323.813s][info][gc] GC(2981) Pause Young (Allocation Failure) 12M->12M(15M) 0.044ms
[323.835s][info][gc] GC(2982) Pause Full (Allocation Failure) 12M->8M(15M) 21.684ms
[323.840s][info][gc] GC(2983) Pause Young (Allocation Failure) 12M->12M(15M) 0.042ms
[323.862s][info][gc] GC(2984) Pause Full (Allocation Failure) 12M->7M(15M) 21.395ms
[323.868s][info][gc] GC(2985) Pause Young (Allocation Failure) 11M->11M(15M) 0.046ms
[323.890s][info][gc] GC(2986) Pause Full (Allocation Failure) 11M->8M(15M) 21.650ms
[323.895s][info][gc] GC(2987) Pause Young (Allocation Failure) 12M->12M(15M) 0.058ms
[323.917s][info][gc] GC(2988) Pause Full (Allocation Failure) 12M->8M(15M) 21.736ms
[323.923s][info][gc] GC(2989) Pause Young (Allocation Failure) 12M->12M(15M) 0.042ms
[323.944s][info][gc] GC(2990) Pause Full (Allocation Failure) 12M->8M(15M) 21.479ms
[323.950s][info][gc] GC(2991) Pause Young (Allocation Failure) 12M->12M(15M) 0.049ms
[323.971s][info][gc] GC(2992) Pause Full (Allocation Failure) 12M->7M(15M) 21.281ms
[323.977s][info][gc] GC(2993) Pause Young (Allocation Failure) 12M->12M(15M) 0.042ms
[323.999s][info][gc] GC(2994) Pause Full (Allocation Failure) 12M->8M(15M) 22.063ms
[324.004s][info][gc] GC(2995) Pause Young (Allocation Failure) 12M->12M(15M) 0.038ms
[324.025s][info][gc] GC(2996) Pause Full (Allocation Failure) 12M->8M(15M) 21.161ms
[324.031s][info][gc] GC(2997) Pause Young (Allocation Failure) 12M->12M(15M) 0.049ms
[324.053s][info][gc] GC(2998) Pause Full (Allocation Failure) 12M->8M(15M) 21.337ms
[324.059s][info][gc] GC(2999) Pause Young (Allocation Failure) 12M->12M(15M) 0.042ms
[324.080s][info][gc] GC(3000) Pause Full (Allocation Failure) 12M->7M(15M) 21.569ms
[324.085s][info][gc] GC(3001) Pause Young (Allocation Failure) 11M->11M(15M) 0.038ms
[324.106s][info][gc] GC(3002) Pause Full (Allocation Failure) 11M->8M(15M) 20.971ms
[324.112s][info][gc] GC(3003) Pause Young (Allocation Failure) 12M->12M(15M) 0.043ms
[324.134s][info][gc] GC(3004) Pause Full (Allocation Failure) 12M->8M(15M) 21.423ms
[324.140s][info][gc] GC(3005) Pause Young (Allocation Failure) 12M->12M(15M) 0.046ms
[324.161s][info][gc] GC(3006) Pause Full (Allocation Failure) 12M->8M(15M) 21.835ms
[324.167s][info][gc] GC(3007) Pause Young (Allocation Failure) 12M->12M(15M) 0.046ms
[324.188s][info][gc] GC(3008) Pause Full (Allocation Failure) 12M->7M(15M) 20.936ms
[324.194s][info][gc] GC(3009) Pause Young (Allocation Failure) 11M->11M(15M) 0.043ms
[324.216s][info][gc] GC(3010) Pause Full (Allocation Failure) 11M->8M(15M) 21.350ms
[324.221s][info][gc] GC(3011) Pause Young (Allocation Failure) 12M->12M(15M) 0.036ms
[324.242s][info][gc] GC(3012) Pause Full (Allocation Failure) 12M->8M(15M) 21.438ms
[324.248s][info][gc] GC(3013) Pause Young (Allocation Failure) 12M->12M(15M) 0.045ms
[324.270s][info][gc] GC(3014) Pause Full (Allocation Failure) 12M->8M(15M) 21.552ms
[324.275s][info][gc] GC(3015) Pause Young (Allocation Failure) 12M->12M(15M) 0.045ms
[324.297s][info][gc] GC(3016) Pause Full (Allocation Failure) 12M->7M(15M) 21.409ms
[324.302s][info][gc] GC(3017) Pause Young (Allocation Failure) 11M->11M(15M) 0.048ms
[324.324s][info][gc] GC(3018) Pause Full (Allocation Failure) 11M->8M(15M) 21.176ms
[324.329s][info][gc] GC(3019) Pause Young (Allocation Failure) 12M->12M(15M) 0.042ms
[324.350s][info][gc] GC(3020) Pause Full (Allocation Failure) 12M->8M(15M) 21.052ms
[324.355s][info][gc] GC(3021) Pause Young (Allocation Failure) 12M->12M(15M) 0.043ms
[324.377s][info][gc] GC(3022) Pause Full (Allocation Failure) 12M->8M(15M) 21.257ms
[324.382s][info][gc] GC(3023) Pause Young (Allocation Failure) 12M->12M(15M) 0.047ms
[324.404s][info][gc] GC(3024) Pause Full (Allocation Failure) 12M->7M(15M) 21.114ms
[324.409s][info][gc] GC(3025) Pause Young (Allocation Failure) 12M->12M(15M) 0.041ms
[324.430s][info][gc] GC(3026) Pause Full (Allocation Failure) 12M->8M(15M) 21.039ms
[324.436s][info][gc] GC(3027) Pause Young (Allocation Failure) 12M->12M(15M) 0.041ms
[324.457s][info][gc] GC(3028) Pause Full (Allocation Failure) 12M->8M(15M) 21.050ms
[324.462s][info][gc] GC(3029) Pause Young (Allocation Failure) 12M->12M(15M) 0.054ms
[324.483s][info][gc] GC(3030) Pause Full (Allocation Failure) 12M->8M(15M) 21.499ms
[324.489s][info][gc] GC(3031) Pause Young (Allocation Failure) 12M->12M(15M) 0.042ms
[324.510s][info][gc] GC(3032) Pause Full (Allocation Failure) 12M->7M(15M) 21.183ms
[324.516s][info][gc] GC(3033) Pause Young (Allocation Failure) 11M->11M(15M) 0.043ms
[324.537s][info][gc] GC(3034) Pause Full (Allocation Failure) 11M->8M(15M) 21.415ms
[324.543s][info][gc] GC(3035) Pause Young (Allocation Failure) 12M->12M(15M) 0.039ms
[324.564s][info][gc] GC(3036) Pause Full (Allocation Failure) 12M->8M(15M) 21.092ms
[324.569s][info][gc] GC(3037) Pause Young (Allocation Failure) 12M->12M(15M) 0.041ms
[324.590s][info][gc] GC(3038) Pause Full (Allocation Failure) 12M->8M(15M) 21.017ms
[324.595s][info][gc] GC(3039) Pause Young (Allocation Failure) 12M->12M(15M) 0.046ms
[324.617s][info][gc] GC(3040) Pause Full (Allocation Failure) 12M->7M(15M) 21.131ms
[324.622s][info][gc] GC(3041) Pause Young (Allocation Failure) 12M->12M(15M) 0.036ms
[324.643s][info][gc] GC(3042) Pause Full (Allocation Failure) 12M->8M(15M) 21.154ms
[324.649s][info][gc] GC(3043) Pause Young (Allocation Failure) 12M->12M(15M) 0.046ms
[324.670s][info][gc] GC(3044) Pause Full (Allocation Failure) 12M->8M(15M) 21.423ms
[324.675s][info][gc] GC(3045) Pause Young (Allocation Failure) 12M->12M(15M) 0.041ms
[324.697s][info][gc] GC(3046) Pause Full (Allocation Failure) 12M->8M(15M) 21.687ms
[324.703s][info][gc] GC(3047) Pause Young (Allocation Failure) 12M->12M(15M) 0.040ms
[324.724s][info][gc] GC(3048) Pause Full (Allocation Failure) 12M->7M(15M) 21.021ms
[324.729s][info][gc] GC(3049) Pause Young (Allocation Failure) 12M->12M(15M) 0.043ms
[324.751s][info][gc] GC(3050) Pause Full (Allocation Failure) 12M->8M(15M) 21.327ms
[324.756s][info][gc] GC(3051) Pause Young (Allocation Failure) 12M->12M(15M) 0.041ms
[324.777s][info][gc] GC(3052) Pause Full (Allocation Failure) 12M->8M(15M) 21.245ms
[324.783s][info][gc] GC(3053) Pause Young (Allocation Failure) 12M->12M(15M) 0.044ms
[324.804s][info][gc] GC(3054) Pause Full (Allocation Failure) 12M->8M(15M) 20.818ms
[324.810s][info][gc] GC(3055) Pause Young (Allocation Failure) 12M->12M(15M) 0.040ms
[324.831s][info][gc] GC(3056) Pause Full (Allocation Failure) 12M->7M(15M) 21.360ms
[324.836s][info][gc] GC(3057) Pause Young (Allocation Failure) 12M->12M(15M) 0.039ms
[324.857s][info][gc] GC(3058) Pause Full (Allocation Failure) 12M->8M(15M) 21.259ms
[324.863s][info][gc] GC(3059) Pause Young (Allocation Failure) 12M->12M(15M) 0.042ms
[324.884s][info][gc] GC(3060) Pause Full (Allocation Failure) 12M->8M(15M) 21.239ms
[324.890s][info][gc] GC(3061) Pause Young (Allocation Failure) 12M->12M(15M) 0.042ms
[324.911s][info][gc] GC(3062) Pause Full (Allocation Failure) 12M->8M(15M) 21.504ms
[324.917s][info][gc] GC(3063) Pause Young (Allocation Failure) 12M->12M(15M) 0.043ms
[324.938s][info][gc] GC(3064) Pause Full (Allocation Failure) 12M->7M(15M) 21.410ms
[324.943s][info][gc] GC(3065) Pause Young (Allocation Failure) 12M->12M(15M) 0.044ms
[324.965s][info][gc] GC(3066) Pause Full (Allocation Failure) 12M->8M(15M) 21.081ms
[324.970s][info][gc] GC(3067) Pause Young (Allocation Failure) 12M->12M(15M) 0.043ms
[324.992s][info][gc] GC(3068) Pause Full (Allocation Failure) 12M->8M(15M) 21.716ms
[324.997s][info][gc] GC(3069) Pause Young (Allocation Failure) 12M->12M(15M) 0.044ms
[325.018s][info][gc] GC(3070) Pause Full (Allocation Failure) 12M->8M(15M) 21.226ms
[325.024s][info][gc] GC(3071) Pause Young (Allocation Failure) 12M->12M(15M) 0.043ms
[325.045s][info][gc] GC(3072) Pause Full (Allocation Failure) 12M->7M(15M) 21.522ms
[325.051s][info][gc] GC(3073) Pause Young (Allocation Failure) 12M->12M(15M) 0.044ms
[325.072s][info][gc] GC(3074) Pause Full (Allocation Failure) 12M->8M(15M) 21.124ms
[325.077s][info][gc] GC(3075) Pause Young (Allocation Failure) 12M->12M(15M) 0.038ms
[325.099s][info][gc] GC(3076) Pause Full (Allocation Failure) 12M->8M(15M) 21.407ms
[325.104s][info][gc] GC(3077) Pause Young (Allocation Failure) 12M->12M(15M) 0.037ms
[325.125s][info][gc] GC(3078) Pause Full (Allocation Failure) 12M->8M(15M) 21.051ms
[325.131s][info][gc] GC(3079) Pause Young (Allocation Failure) 12M->12M(15M) 0.044ms
[325.152s][info][gc] GC(3080) Pause Full (Allocation Failure) 12M->7M(15M) 21.259ms
[325.157s][info][gc] GC(3081) Pause Young (Allocation Failure) 12M->12M(15M) 0.045ms
[325.179s][info][gc] GC(3082) Pause Full (Allocation Failure) 12M->8M(15M) 21.750ms
[325.185s][info][gc] GC(3083) Pause Young (Allocation Failure) 12M->12M(15M) 0.044ms
[325.206s][info][gc] GC(3084) Pause Full (Allocation Failure) 12M->8M(15M) 20.690ms
[325.211s][info][gc] GC(3085) Pause Young (Allocation Failure) 12M->12M(15M) 0.042ms
[325.233s][info][gc] GC(3086) Pause Full (Allocation Failure) 12M->8M(15M) 21.512ms
[325.238s][info][gc] GC(3087) Pause Young (Allocation Failure) 12M->12M(15M) 0.040ms
[325.259s][info][gc] GC(3088) Pause Full (Allocation Failure) 12M->7M(15M) 21.566ms
[325.265s][info][gc] GC(3089) Pause Young (Allocation Failure) 12M->12M(15M) 0.045ms
[325.287s][info][gc] GC(3090) Pause Full (Allocation Failure) 12M->8M(15M) 21.550ms
[325.292s][info][gc] GC(3091) Pause Young (Allocation Failure) 12M->12M(15M) 0.043ms
[325.313s][info][gc] GC(3092) Pause Full (Allocation Failure) 12M->8M(15M) 21.108ms
[325.319s][info][gc] GC(3093) Pause Young (Allocation Failure) 12M->12M(15M) 0.054ms
[325.340s][info][gc] GC(3094) Pause Full (Allocation Failure) 12M->8M(15M) 20.971ms
[325.345s][info][gc] GC(3095) Pause Young (Allocation Failure) 12M->12M(15M) 0.043ms
[325.366s][info][gc] GC(3096) Pause Full (Allocation Failure) 12M->7M(15M) 21.196ms
[325.372s][info][gc] GC(3097) Pause Young (Allocation Failure) 12M->12M(15M) 0.040ms
[325.393s][info][gc] GC(3098) Pause Full (Allocation Failure) 12M->8M(15M) 21.078ms
[325.398s][info][gc] GC(3099) Pause Young (Allocation Failure) 12M->12M(15M) 0.044ms
[325.419s][info][gc] GC(3100) Pause Full (Allocation Failure) 12M->8M(15M) 21.004ms
[325.425s][info][gc] GC(3101) Pause Young (Allocation Failure) 12M->12M(15M) 0.039ms
[325.446s][info][gc] GC(3102) Pause Full (Allocation Failure) 12M->8M(15M) 21.157ms
[325.452s][info][gc] GC(3103) Pause Young (Allocation Failure) 12M->12M(15M) 0.042ms
[325.473s][info][gc] GC(3104) Pause Full (Allocation Failure) 12M->7M(15M) 21.436ms
[325.478s][info][gc] GC(3105) Pause Young (Allocation Failure) 12M->12M(15M) 0.038ms
[325.500s][info][gc] GC(3106) Pause Full (Allocation Failure) 12M->8M(15M) 21.589ms
[325.505s][info][gc] GC(3107) Pause Young (Allocation Failure) 12M->12M(15M) 0.041ms
[325.527s][info][gc] GC(3108) Pause Full (Allocation Failure) 12M->8M(15M) 21.603ms
[325.532s][info][gc] GC(3109) Pause Young (Allocation Failure) 12M->12M(15M) 0.041ms
[325.554s][info][gc] GC(3110) Pause Full (Allocation Failure) 12M->8M(15M) 21.106ms
[325.559s][info][gc] GC(3111) Pause Young (Allocation Failure) 12M->12M(15M) 0.038ms
[325.580s][info][gc] GC(3112) Pause Full (Allocation Failure) 12M->7M(15M) 21.085ms
[325.586s][info][gc] GC(3113) Pause Young (Allocation Failure) 12M->12M(15M) 0.043ms
[325.607s][info][gc] GC(3114) Pause Full (Allocation Failure) 12M->8M(15M) 21.393ms
[325.612s][info][gc] GC(3115) Pause Young (Allocation Failure) 12M->12M(15M) 0.040ms
[325.634s][info][gc] GC(3116) Pause Full (Allocation Failure) 12M->8M(15M) 21.259ms
[325.639s][info][gc] GC(3117) Pause Young (Allocation Failure) 12M->12M(15M) 0.041ms
[325.660s][info][gc] GC(3118) Pause Full (Allocation Failure) 12M->8M(15M) 21.285ms
[325.666s][info][gc] GC(3119) Pause Young (Allocation Failure) 12M->12M(15M) 0.044ms
[325.688s][info][gc] GC(3120) Pause Full (Allocation Failure) 12M->7M(15M) 21.365ms
[325.693s][info][gc] GC(3121) Pause Young (Allocation Failure) 12M->12M(15M) 0.035ms
[325.714s][info][gc] GC(3122) Pause Full (Allocation Failure) 12M->8M(15M) 21.580ms
[325.720s][info][gc] GC(3123) Pause Young (Allocation Failure) 12M->12M(15M) 0.039ms
[325.741s][info][gc] GC(3124) Pause Full (Allocation Failure) 12M->8M(15M) 21.122ms
[325.746s][info][gc] GC(3125) Pause Young (Allocation Failure) 12M->12M(15M) 0.053ms
[325.768s][info][gc] GC(3126) Pause Full (Allocation Failure) 12M->8M(15M) 21.353ms
[325.773s][info][gc] GC(3127) Pause Young (Allocation Failure) 12M->12M(15M) 0.038ms
[325.794s][info][gc] GC(3128) Pause Full (Allocation Failure) 12M->7M(15M) 21.022ms
[325.800s][info][gc] GC(3129) Pause Young (Allocation Failure) 12M->12M(15M) 0.041ms
[325.821s][info][gc] GC(3130) Pause Full (Allocation Failure) 12M->8M(15M) 21.340ms
[325.827s][info][gc] GC(3131) Pause Young (Allocation Failure) 12M->12M(15M) 0.045ms
[325.848s][info][gc] GC(3132) Pause Full (Allocation Failure) 12M->8M(15M) 21.501ms
[325.853s][info][gc] GC(3133) Pause Young (Allocation Failure) 12M->12M(15M) 0.035ms
[325.875s][info][gc] GC(3134) Pause Full (Allocation Failure) 12M->8M(15M) 21.126ms
[325.880s][info][gc] GC(3135) Pause Young (Allocation Failure) 12M->12M(15M) 0.045ms
[325.902s][info][gc] GC(3136) Pause Full (Allocation Failure) 12M->7M(15M) 21.652ms
[325.907s][info][gc] GC(3137) Pause Young (Allocation Failure) 12M->12M(15M) 0.039ms
[325.929s][info][gc] GC(3138) Pause Full (Allocation Failure) 12M->8M(15M) 21.480ms
[325.934s][info][gc] GC(3139) Pause Young (Allocation Failure) 12M->12M(15M) 0.045ms
[325.956s][info][gc] GC(3140) Pause Full (Allocation Failure) 12M->8M(15M) 21.321ms
[325.961s][info][gc] GC(3141) Pause Young (Allocation Failure) 12M->12M(15M) 0.042ms
[325.982s][info][gc] GC(3142) Pause Full (Allocation Failure) 12M->8M(15M) 21.434ms
[325.988s][info][gc] GC(3143) Pause Young (Allocation Failure) 12M->12M(15M) 0.042ms
[326.009s][info][gc] GC(3144) Pause Full (Allocation Failure) 12M->7M(15M) 21.276ms
[326.015s][info][gc] GC(3145) Pause Young (Allocation Failure) 12M->12M(15M) 0.048ms
[326.037s][info][gc] GC(3146) Pause Full (Allocation Failure) 12M->8M(15M) 21.720ms
[326.042s][info][gc] GC(3147) Pause Young (Allocation Failure) 12M->12M(15M) 0.043ms
[326.064s][info][gc] GC(3148) Pause Full (Allocation Failure) 12M->8M(15M) 21.751ms
[326.069s][info][gc] GC(3149) Pause Young (Allocation Failure) 12M->12M(15M) 0.038ms
[326.091s][info][gc] GC(3150) Pause Full (Allocation Failure) 12M->8M(15M) 21.364ms
[326.096s][info][gc] GC(3151) Pause Young (Allocation Failure) 12M->12M(15M) 0.043ms
[326.118s][info][gc] GC(3152) Pause Full (Allocation Failure) 12M->7M(15M) 21.617ms
[326.123s][info][gc] GC(3153) Pause Young (Allocation Failure) 12M->12M(15M) 0.041ms
[326.145s][info][gc] GC(3154) Pause Full (Allocation Failure) 12M->8M(15M) 21.360ms
[326.151s][info][gc] GC(3155) Pause Young (Allocation Failure) 12M->12M(15M) 0.049ms
[326.173s][info][gc] GC(3156) Pause Full (Allocation Failure) 12M->8M(15M) 22.165ms
[326.178s][info][gc] GC(3157) Pause Young (Allocation Failure) 12M->12M(15M) 0.043ms
[326.200s][info][gc] GC(3158) Pause Full (Allocation Failure) 12M->8M(15M) 21.763ms
[326.206s][info][gc] GC(3159) Pause Young (Allocation Failure) 12M->12M(15M) 0.038ms
[326.226s][info][gc] GC(3160) Pause Full (Allocation Failure) 12M->7M(15M) 20.820ms
[326.232s][info][gc] GC(3161) Pause Young (Allocation Failure) 12M->12M(15M) 0.044ms
[326.253s][info][gc] GC(3162) Pause Full (Allocation Failure) 12M->8M(15M) 20.717ms
[326.259s][info][gc] GC(3163) Pause Young (Allocation Failure) 12M->12M(15M) 0.046ms
[326.281s][info][gc] GC(3164) Pause Full (Allocation Failure) 12M->8M(15M) 22.087ms
[326.287s][info][gc] GC(3165) Pause Young (Allocation Failure) 12M->12M(15M) 0.044ms
[326.308s][info][gc] GC(3166) Pause Full (Allocation Failure) 12M->8M(15M) 20.804ms
[326.313s][info][gc] GC(3167) Pause Young (Allocation Failure) 12M->12M(15M) 0.047ms
[326.335s][info][gc] GC(3168) Pause Full (Allocation Failure) 12M->7M(15M) 21.444ms
[326.340s][info][gc] GC(3169) Pause Young (Allocation Failure) 12M->12M(15M) 0.037ms
[326.361s][info][gc] GC(3170) Pause Full (Allocation Failure) 12M->8M(15M) 21.238ms
[326.367s][info][gc] GC(3171) Pause Young (Allocation Failure) 12M->12M(15M) 0.046ms
[326.388s][info][gc] GC(3172) Pause Full (Allocation Failure) 12M->8M(15M) 21.561ms
[326.394s][info][gc] GC(3173) Pause Young (Allocation Failure) 12M->12M(15M) 0.040ms
[326.415s][info][gc] GC(3174) Pause Full (Allocation Failure) 12M->8M(15M) 21.381ms
[326.420s][info][gc] GC(3175) Pause Young (Allocation Failure) 12M->12M(15M) 0.036ms
[326.442s][info][gc] GC(3176) Pause Full (Allocation Failure) 12M->7M(15M) 21.250ms
[326.447s][info][gc] GC(3177) Pause Young (Allocation Failure) 12M->12M(15M) 0.044ms
[326.469s][info][gc] GC(3178) Pause Full (Allocation Failure) 12M->8M(15M) 21.425ms
[326.474s][info][gc] GC(3179) Pause Young (Allocation Failure) 12M->12M(15M) 0.043ms
[326.496s][info][gc] GC(3180) Pause Full (Allocation Failure) 12M->8M(15M) 21.435ms
[326.501s][info][gc] GC(3181) Pause Young (Allocation Failure) 12M->12M(15M) 0.041ms
[326.523s][info][gc] GC(3182) Pause Full (Allocation Failure) 12M->8M(15M) 21.430ms
[326.528s][info][gc] GC(3183) Pause Young (Allocation Failure) 12M->12M(15M) 0.041ms
[326.550s][info][gc] GC(3184) Pause Full (Allocation Failure) 12M->7M(15M) 21.519ms
[326.555s][info][gc] GC(3185) Pause Young (Allocation Failure) 12M->12M(15M) 0.039ms
[326.577s][info][gc] GC(3186) Pause Full (Allocation Failure) 12M->8M(15M) 21.416ms
[326.582s][info][gc] GC(3187) Pause Young (Allocation Failure) 12M->12M(15M) 0.044ms
[326.604s][info][gc] GC(3188) Pause Full (Allocation Failure) 12M->8M(15M) 21.471ms
[326.609s][info][gc] GC(3189) Pause Young (Allocation Failure) 12M->12M(15M) 0.041ms
[326.630s][info][gc] GC(3190) Pause Full (Allocation Failure) 12M->8M(15M) 21.424ms
[326.636s][info][gc] GC(3191) Pause Young (Allocation Failure) 12M->12M(15M) 0.040ms
[326.657s][info][gc] GC(3192) Pause Full (Allocation Failure) 12M->7M(15M) 21.299ms
[326.662s][info][gc] GC(3193) Pause Young (Allocation Failure) 12M->12M(15M) 0.087ms
[326.684s][info][gc] GC(3194) Pause Full (Allocation Failure) 12M->8M(15M) 21.551ms
[326.689s][info][gc] GC(3195) Pause Young (Allocation Failure) 12M->12M(15M) 0.041ms
[326.711s][info][gc] GC(3196) Pause Full (Allocation Failure) 12M->8M(15M) 21.347ms
[326.716s][info][gc] GC(3197) Pause Young (Allocation Failure) 12M->12M(15M) 0.042ms
[326.738s][info][gc] GC(3198) Pause Full (Allocation Failure) 12M->8M(15M) 21.426ms
[326.743s][info][gc] GC(3199) Pause Young (Allocation Failure) 12M->12M(15M) 0.042ms
[326.765s][info][gc] GC(3200) Pause Full (Allocation Failure) 12M->7M(15M) 21.668ms
[326.770s][info][gc] GC(3201) Pause Young (Allocation Failure) 12M->12M(15M) 0.041ms
[326.792s][info][gc] GC(3202) Pause Full (Allocation Failure) 12M->8M(15M) 21.558ms
[326.797s][info][gc] GC(3203) Pause Young (Allocation Failure) 12M->12M(15M) 0.043ms
[326.819s][info][gc] GC(3204) Pause Full (Allocation Failure) 12M->8M(15M) 21.442ms
[326.824s][info][gc] GC(3205) Pause Young (Allocation Failure) 12M->12M(15M) 0.042ms
[326.846s][info][gc] GC(3206) Pause Full (Allocation Failure) 12M->8M(15M) 21.266ms
[326.851s][info][gc] GC(3207) Pause Young (Allocation Failure) 12M->12M(15M) 0.042ms
[326.873s][info][gc] GC(3208) Pause Full (Allocation Failure) 12M->7M(15M) 21.314ms
[326.878s][info][gc] GC(3209) Pause Young (Allocation Failure) 12M->12M(15M) 0.056ms
[326.900s][info][gc] GC(3210) Pause Full (Allocation Failure) 12M->8M(15M) 21.844ms
[326.905s][info][gc] GC(3211) Pause Young (Allocation Failure) 12M->12M(15M) 0.044ms
[326.927s][info][gc] GC(3212) Pause Full (Allocation Failure) 12M->8M(15M) 21.836ms
[326.933s][info][gc] GC(3213) Pause Young (Allocation Failure) 12M->12M(15M) 0.042ms
[326.954s][info][gc] GC(3214) Pause Full (Allocation Failure) 12M->8M(15M) 21.319ms
[326.960s][info][gc] GC(3215) Pause Young (Allocation Failure) 12M->12M(15M) 0.041ms
[326.981s][info][gc] GC(3216) Pause Full (Allocation Failure) 12M->7M(15M) 21.547ms
[326.987s][info][gc] GC(3217) Pause Young (Allocation Failure) 12M->12M(15M) 0.043ms
[327.009s][info][gc] GC(3218) Pause Full (Allocation Failure) 12M->8M(15M) 21.800ms
[327.014s][info][gc] GC(3219) Pause Young (Allocation Failure) 12M->12M(15M) 0.047ms
[327.036s][info][gc] GC(3220) Pause Full (Allocation Failure) 12M->8M(15M) 21.551ms
[327.041s][info][gc] GC(3221) Pause Young (Allocation Failure) 12M->12M(15M) 0.042ms
[327.064s][info][gc] GC(3222) Pause Full (Allocation Failure) 12M->8M(15M) 22.188ms
[327.069s][info][gc] GC(3223) Pause Young (Allocation Failure) 12M->12M(15M) 0.042ms
[327.091s][info][gc] GC(3224) Pause Full (Allocation Failure) 12M->7M(15M) 21.788ms
[327.096s][info][gc] GC(3225) Pause Young (Allocation Failure) 12M->12M(15M) 0.043ms
[327.118s][info][gc] GC(3226) Pause Full (Allocation Failure) 12M->8M(15M) 21.427ms
[327.123s][info][gc] GC(3227) Pause Young (Allocation Failure) 12M->12M(15M) 0.042ms
[327.145s][info][gc] GC(3228) Pause Full (Allocation Failure) 12M->8M(15M) 21.616ms
[327.151s][info][gc] GC(3229) Pause Young (Allocation Failure) 12M->12M(15M) 0.058ms
[327.173s][info][gc] GC(3230) Pause Full (Allocation Failure) 12M->8M(15M) 22.024ms
[327.178s][info][gc] GC(3231) Pause Young (Allocation Failure) 12M->12M(15M) 0.051ms
[327.200s][info][gc] GC(3232) Pause Full (Allocation Failure) 12M->7M(15M) 21.465ms
[327.205s][info][gc] GC(3233) Pause Young (Allocation Failure) 12M->12M(15M) 0.035ms
[327.227s][info][gc] GC(3234) Pause Full (Allocation Failure) 12M->8M(15M) 21.534ms
[327.232s][info][gc] GC(3235) Pause Young (Allocation Failure) 12M->12M(15M) 0.044ms
[327.254s][info][gc] GC(3236) Pause Full (Allocation Failure) 12M->8M(15M) 21.338ms
[327.259s][info][gc] GC(3237) Pause Young (Allocation Failure) 12M->12M(15M) 0.038ms
[327.281s][info][gc] GC(3238) Pause Full (Allocation Failure) 12M->8M(15M) 22.142ms
[327.286s][info][gc] GC(3239) Pause Young (Allocation Failure) 12M->12M(15M) 0.073ms
[327.308s][info][gc] GC(3240) Pause Full (Allocation Failure) 12M->7M(15M) 21.662ms
[327.314s][info][gc] GC(3241) Pause Young (Allocation Failure) 12M->12M(15M) 0.044ms
[327.335s][info][gc] GC(3242) Pause Full (Allocation Failure) 12M->8M(15M) 21.522ms
[327.341s][info][gc] GC(3243) Pause Young (Allocation Failure) 12M->12M(15M) 0.038ms
[327.362s][info][gc] GC(3244) Pause Full (Allocation Failure) 12M->8M(15M) 21.499ms
[327.368s][info][gc] GC(3245) Pause Young (Allocation Failure) 12M->12M(15M) 0.050ms
[327.389s][info][gc] GC(3246) Pause Full (Allocation Failure) 12M->8M(15M) 21.293ms
[327.394s][info][gc] GC(3247) Pause Young (Allocation Failure) 12M->12M(15M) 0.039ms
[327.416s][info][gc] GC(3248) Pause Full (Allocation Failure) 12M->7M(15M) 21.780ms
[327.422s][info][gc] GC(3249) Pause Young (Allocation Failure) 12M->12M(15M) 0.039ms
[327.443s][info][gc] GC(3250) Pause Full (Allocation Failure) 12M->8M(15M) 21.673ms
[327.449s][info][gc] GC(3251) Pause Young (Allocation Failure) 12M->12M(15M) 0.042ms
[327.470s][info][gc] GC(3252) Pause Full (Allocation Failure) 12M->8M(15M) 21.378ms
[327.476s][info][gc] GC(3253) Pause Young (Allocation Failure) 12M->12M(15M) 0.038ms
[327.497s][info][gc] GC(3254) Pause Full (Allocation Failure) 12M->8M(15M) 21.840ms
[327.503s][info][gc] GC(3255) Pause Young (Allocation Failure) 12M->12M(15M) 0.039ms
[327.524s][info][gc] GC(3256) Pause Full (Allocation Failure) 12M->7M(15M) 21.281ms
[327.530s][info][gc] GC(3257) Pause Young (Allocation Failure) 12M->12M(15M) 0.044ms
[327.552s][info][gc] GC(3258) Pause Full (Allocation Failure) 12M->8M(15M) 21.755ms
[327.557s][info][gc] GC(3259) Pause Young (Allocation Failure) 12M->12M(15M) 0.037ms
[327.578s][info][gc] GC(3260) Pause Full (Allocation Failure) 12M->8M(15M) 21.512ms
[327.584s][info][gc] GC(3261) Pause Young (Allocation Failure) 12M->12M(15M) 0.045ms
[327.606s][info][gc] GC(3262) Pause Full (Allocation Failure) 12M->8M(15M) 21.376ms
[327.611s][info][gc] GC(3263) Pause Young (Allocation Failure) 12M->12M(15M) 0.039ms
[327.632s][info][gc] GC(3264) Pause Full (Allocation Failure) 12M->7M(15M) 21.410ms
[327.638s][info][gc] GC(3265) Pause Young (Allocation Failure) 12M->12M(15M) 0.036ms
[327.659s][info][gc] GC(3266) Pause Full (Allocation Failure) 12M->8M(15M) 21.073ms
[327.664s][info][gc] GC(3267) Pause Young (Allocation Failure) 12M->12M(15M) 0.039ms
[327.685s][info][gc] GC(3268) Pause Full (Allocation Failure) 12M->8M(15M) 20.791ms
[327.690s][info][gc] GC(3269) Pause Young (Allocation Failure) 12M->12M(15M) 0.037ms
[327.711s][info][gc] GC(3270) Pause Full (Allocation Failure) 12M->8M(15M) 20.459ms
[327.716s][info][gc] GC(3271) Pause Young (Allocation Failure) 12M->12M(15M) 0.036ms
[327.736s][info][gc] GC(3272) Pause Full (Allocation Failure) 12M->7M(15M) 20.369ms
[327.742s][info][gc] GC(3273) Pause Young (Allocation Failure) 12M->12M(15M) 0.039ms
[327.763s][info][gc] GC(3274) Pause Full (Allocation Failure) 12M->8M(15M) 21.178ms
[327.768s][info][gc] GC(3275) Pause Young (Allocation Failure) 12M->12M(15M) 0.043ms
[327.789s][info][gc] GC(3276) Pause Full (Allocation Failure) 12M->8M(15M) 20.806ms
[327.795s][info][gc] GC(3277) Pause Young (Allocation Failure) 12M->12M(15M) 0.056ms
[327.817s][info][gc] GC(3278) Pause Full (Allocation Failure) 12M->8M(15M) 21.883ms
[327.822s][info][gc] GC(3279) Pause Young (Allocation Failure) 12M->12M(15M) 0.040ms
[327.844s][info][gc] GC(3280) Pause Full (Allocation Failure) 12M->7M(15M) 21.971ms
[327.850s][info][gc] GC(3281) Pause Young (Allocation Failure) 12M->12M(15M) 0.044ms
[327.871s][info][gc] GC(3282) Pause Full (Allocation Failure) 12M->8M(15M) 21.426ms
[327.876s][info][gc] GC(3283) Pause Young (Allocation Failure) 12M->12M(15M) 0.035ms
[327.899s][info][gc] GC(3284) Pause Full (Allocation Failure) 12M->8M(15M) 22.069ms
[327.904s][info][gc] GC(3285) Pause Young (Allocation Failure) 12M->12M(15M) 0.042ms
[327.925s][info][gc] GC(3286) Pause Full (Allocation Failure) 12M->8M(15M) 21.342ms
[327.931s][info][gc] GC(3287) Pause Young (Allocation Failure) 12M->12M(15M) 0.043ms
[327.952s][info][gc] GC(3288) Pause Full (Allocation Failure) 12M->7M(15M) 21.469ms
[327.958s][info][gc] GC(3289) Pause Young (Allocation Failure) 12M->12M(15M) 0.035ms
[327.979s][info][gc] GC(3290) Pause Full (Allocation Failure) 12M->8M(15M) 21.767ms
[327.985s][info][gc] GC(3291) Pause Young (Allocation Failure) 12M->12M(15M) 0.044ms
[328.007s][info][gc] GC(3292) Pause Full (Allocation Failure) 12M->8M(15M) 21.525ms
[328.012s][info][gc] GC(3293) Pause Young (Allocation Failure) 12M->12M(15M) 0.045ms
[328.034s][info][gc] GC(3294) Pause Full (Allocation Failure) 12M->8M(15M) 21.948ms
[328.039s][info][gc] GC(3295) Pause Young (Allocation Failure) 12M->12M(15M) 0.041ms
[328.061s][info][gc] GC(3296) Pause Full (Allocation Failure) 12M->8M(15M) 21.760ms
[328.067s][info][gc] GC(3297) Pause Young (Allocation Failure) 12M->12M(15M) 0.042ms
[328.089s][info][gc] GC(3298) Pause Full (Allocation Failure) 12M->8M(15M) 21.796ms
[328.094s][info][gc] GC(3299) Pause Young (Allocation Failure) 12M->12M(15M) 0.042ms
[328.116s][info][gc] GC(3300) Pause Full (Allocation Failure) 12M->8M(15M) 21.803ms
[328.122s][info][gc] GC(3301) Pause Young (Allocation Failure) 12M->12M(15M) 0.042ms
[328.144s][info][gc] GC(3302) Pause Full (Allocation Failure) 12M->8M(15M) 22.344ms
[328.150s][info][gc] GC(3303) Pause Young (Allocation Failure) 12M->12M(15M) 0.057ms
[328.173s][info][gc] GC(3304) Pause Full (Allocation Failure) 12M->7M(15M) 22.388ms
[328.178s][info][gc] GC(3305) Pause Young (Allocation Failure) 12M->12M(15M) 0.036ms
[328.199s][info][gc] GC(3306) Pause Full (Allocation Failure) 12M->8M(15M) 21.714ms
[328.205s][info][gc] GC(3307) Pause Young (Allocation Failure) 12M->12M(15M) 0.036ms
[328.226s][info][gc] GC(3308) Pause Full (Allocation Failure) 12M->8M(15M) 21.328ms
[328.232s][info][gc] GC(3309) Pause Young (Allocation Failure) 12M->12M(15M) 0.053ms
[328.253s][info][gc] GC(3310) Pause Full (Allocation Failure) 12M->8M(15M) 21.386ms
[328.258s][info][gc] GC(3311) Pause Young (Allocation Failure) 12M->12M(15M) 0.041ms
[328.280s][info][gc] GC(3312) Pause Full (Allocation Failure) 12M->7M(15M) 21.714ms
[328.286s][info][gc] GC(3313) Pause Young (Allocation Failure) 12M->12M(15M) 0.043ms
[328.306s][info][gc] GC(3314) Pause Full (Allocation Failure) 12M->8M(15M) 20.630ms
[328.311s][info][gc] GC(3315) Pause Young (Allocation Failure) 12M->12M(15M) 0.035ms
[328.333s][info][gc] GC(3316) Pause Full (Allocation Failure) 12M->8M(15M) 21.045ms
[328.338s][info][gc] GC(3317) Pause Young (Allocation Failure) 12M->12M(15M) 0.043ms
[328.360s][info][gc] GC(3318) Pause Full (Allocation Failure) 12M->8M(15M) 21.796ms
[328.365s][info][gc] GC(3319) Pause Young (Allocation Failure) 12M->12M(15M) 0.043ms
[328.387s][info][gc] GC(3320) Pause Full (Allocation Failure) 12M->8M(15M) 21.782ms
[328.393s][info][gc] GC(3321) Pause Young (Allocation Failure) 12M->12M(15M) 0.041ms
[328.415s][info][gc] GC(3322) Pause Full (Allocation Failure) 12M->8M(15M) 22.002ms
[328.420s][info][gc] GC(3323) Pause Young (Allocation Failure) 12M->12M(15M) 0.037ms
[328.442s][info][gc] GC(3324) Pause Full (Allocation Failure) 12M->8M(15M) 21.802ms
[328.447s][info][gc] GC(3325) Pause Young (Allocation Failure) 12M->12M(15M) 0.044ms
[328.469s][info][gc] GC(3326) Pause Full (Allocation Failure) 12M->8M(15M) 22.059ms
[328.475s][info][gc] GC(3327) Pause Young (Allocation Failure) 12M->12M(15M) 0.041ms
[328.497s][info][gc] GC(3328) Pause Full (Allocation Failure) 12M->8M(15M) 21.998ms
[328.502s][info][gc] GC(3329) Pause Young (Allocation Failure) 12M->12M(15M) 0.052ms
[328.524s][info][gc] GC(3330) Pause Full (Allocation Failure) 12M->8M(15M) 21.591ms
[328.530s][info][gc] GC(3331) Pause Young (Allocation Failure) 12M->12M(15M) 0.045ms
[328.552s][info][gc] GC(3332) Pause Full (Allocation Failure) 12M->8M(15M) 21.777ms
[328.557s][info][gc] GC(3333) Pause Young (Allocation Failure) 12M->12M(15M) 0.036ms
[328.578s][info][gc] GC(3334) Pause Full (Allocation Failure) 12M->8M(15M) 21.507ms
[328.584s][info][gc] GC(3335) Pause Young (Allocation Failure) 12M->12M(15M) 0.045ms
[328.606s][info][gc] GC(3336) Pause Full (Allocation Failure) 12M->8M(15M) 21.403ms
[328.611s][info][gc] GC(3337) Pause Young (Allocation Failure) 12M->12M(15M) 0.039ms
[328.633s][info][gc] GC(3338) Pause Full (Allocation Failure) 12M->8M(15M) 21.707ms
[328.638s][info][gc] GC(3339) Pause Young (Allocation Failure) 12M->12M(15M) 0.055ms
[328.660s][info][gc] GC(3340) Pause Full (Allocation Failure) 12M->8M(15M) 21.901ms
[328.666s][info][gc] GC(3341) Pause Young (Allocation Failure) 12M->12M(15M) 0.043ms
[328.688s][info][gc] GC(3342) Pause Full (Allocation Failure) 12M->8M(15M) 21.890ms
[328.693s][info][gc] GC(3343) Pause Young (Allocation Failure) 12M->12M(15M) 0.037ms
[328.715s][info][gc] GC(3344) Pause Full (Allocation Failure) 12M->8M(15M) 21.974ms
[328.720s][info][gc] GC(3345) Pause Young (Allocation Failure) 12M->12M(15M) 0.042ms
[328.742s][info][gc] GC(3346) Pause Full (Allocation Failure) 12M->8M(15M) 21.479ms
[328.747s][info][gc] GC(3347) Pause Young (Allocation Failure) 12M->12M(15M) 0.043ms
[328.769s][info][gc] GC(3348) Pause Full (Allocation Failure) 12M->8M(15M) 21.755ms
[328.775s][info][gc] GC(3349) Pause Young (Allocation Failure) 12M->12M(15M) 0.048ms
[328.797s][info][gc] GC(3350) Pause Full (Allocation Failure) 12M->8M(15M) 21.809ms
[328.802s][info][gc] GC(3351) Pause Young (Allocation Failure) 12M->12M(15M) 0.043ms
[328.824s][info][gc] GC(3352) Pause Full (Allocation Failure) 12M->8M(15M) 21.821ms
[328.829s][info][gc] GC(3353) Pause Young (Allocation Failure) 12M->12M(15M) 0.040ms
[328.851s][info][gc] GC(3354) Pause Full (Allocation Failure) 12M->8M(15M) 22.104ms
[328.857s][info][gc] GC(3355) Pause Young (Allocation Failure) 12M->12M(15M) 0.043ms
[328.879s][info][gc] GC(3356) Pause Full (Allocation Failure) 12M->8M(15M) 21.877ms
[328.884s][info][gc] GC(3357) Pause Young (Allocation Failure) 12M->12M(15M) 0.042ms
[328.906s][info][gc] GC(3358) Pause Full (Allocation Failure) 12M->8M(15M) 21.606ms
[328.912s][info][gc] GC(3359) Pause Young (Allocation Failure) 12M->12M(15M) 0.042ms
[328.933s][info][gc] GC(3360) Pause Full (Allocation Failure) 12M->8M(15M) 21.613ms
[328.939s][info][gc] GC(3361) Pause Young (Allocation Failure) 12M->12M(15M) 0.044ms
[328.961s][info][gc] GC(3362) Pause Full (Allocation Failure) 12M->8M(15M) 21.629ms
[328.966s][info][gc] GC(3363) Pause Young (Allocation Failure) 12M->12M(15M) 0.045ms
[328.988s][info][gc] GC(3364) Pause Full (Allocation Failure) 12M->8M(15M) 21.449ms
[328.994s][info][gc] GC(3365) Pause Young (Allocation Failure) 12M->12M(15M) 0.045ms
[329.015s][info][gc] GC(3366) Pause Full (Allocation Failure) 12M->8M(15M) 21.758ms
[329.021s][info][gc] GC(3367) Pause Young (Allocation Failure) 12M->12M(15M) 0.042ms
[329.043s][info][gc] GC(3368) Pause Full (Allocation Failure) 12M->8M(15M) 21.869ms
[329.049s][info][gc] GC(3369) Pause Young (Allocation Failure) 12M->12M(15M) 0.049ms
[329.072s][info][gc] GC(3370) Pause Full (Allocation Failure) 12M->8M(15M) 23.046ms
[329.077s][info][gc] GC(3371) Pause Young (Allocation Failure) 12M->12M(15M) 0.037ms
[329.101s][info][gc] GC(3372) Pause Full (Allocation Failure) 12M->8M(15M) 23.618ms
[329.106s][info][gc] GC(3373) Pause Young (Allocation Failure) 12M->12M(15M) 0.042ms
[329.130s][info][gc] GC(3374) Pause Full (Allocation Failure) 12M->8M(15M) 23.555ms
[329.136s][info][gc] GC(3375) Pause Young (Allocation Failure) 12M->12M(15M) 0.046ms
[329.159s][info][gc] GC(3376) Pause Full (Allocation Failure) 12M->8M(15M) 23.343ms
[329.165s][info][gc] GC(3377) Pause Young (Allocation Failure) 12M->12M(15M) 0.073ms
[329.189s][info][gc] GC(3378) Pause Full (Allocation Failure) 12M->8M(15M) 23.663ms
[329.194s][info][gc] GC(3379) Pause Young (Allocation Failure) 12M->12M(15M) 0.034ms
[329.218s][info][gc] GC(3380) Pause Full (Allocation Failure) 12M->8M(15M) 23.861ms
[329.223s][info][gc] GC(3381) Pause Young (Allocation Failure) 12M->12M(15M) 0.045ms
[329.246s][info][gc] GC(3382) Pause Full (Allocation Failure) 12M->8M(15M) 22.508ms
[329.252s][info][gc] GC(3383) Pause Young (Allocation Failure) 12M->12M(15M) 0.048ms
[329.276s][info][gc] GC(3384) Pause Full (Allocation Failure) 12M->8M(15M) 23.668ms
[329.282s][info][gc] GC(3385) Pause Young (Allocation Failure) 12M->12M(15M) 0.046ms
[329.305s][info][gc] GC(3386) Pause Full (Allocation Failure) 12M->8M(15M) 23.109ms
[329.310s][info][gc] GC(3387) Pause Young (Allocation Failure) 12M->12M(15M) 0.039ms
[329.335s][info][gc] GC(3388) Pause Full (Allocation Failure) 12M->8M(15M) 24.110ms
[329.340s][info][gc] GC(3389) Pause Young (Allocation Failure) 12M->12M(15M) 0.042ms
[329.363s][info][gc] GC(3390) Pause Full (Allocation Failure) 12M->8M(15M) 22.950ms
[329.369s][info][gc] GC(3391) Pause Young (Allocation Failure) 12M->12M(15M) 0.049ms
[329.391s][info][gc] GC(3392) Pause Full (Allocation Failure) 12M->8M(15M) 22.316ms
[329.397s][info][gc] GC(3393) Pause Young (Allocation Failure) 12M->12M(15M) 0.047ms
[329.421s][info][gc] GC(3394) Pause Full (Allocation Failure) 12M->8M(15M) 23.757ms
[329.426s][info][gc] GC(3395) Pause Young (Allocation Failure) 12M->12M(15M) 0.044ms
[329.450s][info][gc] GC(3396) Pause Full (Allocation Failure) 12M->8M(15M) 23.726ms
[329.456s][info][gc] GC(3397) Pause Young (Allocation Failure) 12M->12M(15M) 0.043ms
[329.478s][info][gc] GC(3398) Pause Full (Allocation Failure) 12M->8M(15M) 22.316ms
[329.484s][info][gc] GC(3399) Pause Young (Allocation Failure) 12M->12M(15M) 0.056ms
[329.507s][info][gc] GC(3400) Pause Full (Allocation Failure) 12M->8M(15M) 22.563ms
[329.512s][info][gc] GC(3401) Pause Young (Allocation Failure) 12M->12M(15M) 0.046ms
[329.536s][info][gc] GC(3402) Pause Full (Allocation Failure) 12M->8M(15M) 23.316ms
[329.541s][info][gc] GC(3403) Pause Young (Allocation Failure) 12M->12M(15M) 0.041ms
[329.565s][info][gc] GC(3404) Pause Full (Allocation Failure) 12M->8M(15M) 23.299ms
[329.570s][info][gc] GC(3405) Pause Young (Allocation Failure) 12M->12M(15M) 0.036ms
[329.591s][info][gc] GC(3406) Pause Full (Allocation Failure) 12M->8M(15M) 20.862ms
[329.597s][info][gc] GC(3407) Pause Young (Allocation Failure) 12M->12M(15M) 0.041ms
[329.618s][info][gc] GC(3408) Pause Full (Allocation Failure) 12M->8M(15M) 20.682ms
[329.623s][info][gc] GC(3409) Pause Young (Allocation Failure) 12M->12M(15M) 0.039ms
[329.644s][info][gc] GC(3410) Pause Full (Allocation Failure) 12M->8M(15M) 20.762ms
[329.649s][info][gc] GC(3411) Pause Young (Allocation Failure) 12M->12M(15M) 0.038ms
[329.670s][info][gc] GC(3412) Pause Full (Allocation Failure) 12M->8M(15M) 20.534ms
[329.675s][info][gc] GC(3413) Pause Young (Allocation Failure) 12M->12M(15M) 0.038ms
[329.696s][info][gc] GC(3414) Pause Full (Allocation Failure) 12M->8M(15M) 20.586ms
[329.701s][info][gc] GC(3415) Pause Young (Allocation Failure) 12M->12M(15M) 0.036ms
[329.722s][info][gc] GC(3416) Pause Full (Allocation Failure) 12M->8M(15M) 20.745ms
[329.728s][info][gc] GC(3417) Pause Young (Allocation Failure) 12M->12M(15M) 0.044ms
[329.750s][info][gc] GC(3418) Pause Full (Allocation Failure) 12M->8M(15M) 22.080ms
[329.756s][info][gc] GC(3419) Pause Young (Allocation Failure) 12M->12M(15M) 0.041ms
[329.777s][info][gc] GC(3420) Pause Full (Allocation Failure) 12M->8M(15M) 21.771ms
[329.783s][info][gc] GC(3421) Pause Young (Allocation Failure) 12M->12M(15M) 0.044ms
[329.805s][info][gc] GC(3422) Pause Full (Allocation Failure) 12M->8M(15M) 21.738ms
[329.810s][info][gc] GC(3423) Pause Young (Allocation Failure) 12M->12M(15M) 0.041ms
[329.832s][info][gc] GC(3424) Pause Full (Allocation Failure) 12M->8M(15M) 22.071ms
[329.838s][info][gc] GC(3425) Pause Young (Allocation Failure) 12M->12M(15M) 0.036ms
[329.859s][info][gc] GC(3426) Pause Full (Allocation Failure) 12M->8M(15M) 21.791ms
[329.865s][info][gc] GC(3427) Pause Young (Allocation Failure) 12M->12M(15M) 0.042ms
[329.887s][info][gc] GC(3428) Pause Full (Allocation Failure) 12M->8M(15M) 22.003ms
[329.892s][info][gc] GC(3429) Pause Young (Allocation Failure) 12M->12M(15M) 0.040ms
[329.914s][info][gc] GC(3430) Pause Full (Allocation Failure) 12M->8M(15M) 22.003ms
[329.920s][info][gc] GC(3431) Pause Young (Allocation Failure) 12M->12M(15M) 0.039ms
[329.942s][info][gc] GC(3432) Pause Full (Allocation Failure) 12M->8M(15M) 21.719ms
[329.947s][info][gc] GC(3433) Pause Young (Allocation Failure) 12M->12M(15M) 0.043ms
[329.969s][info][gc] GC(3434) Pause Full (Allocation Failure) 12M->8M(15M) 21.911ms
[329.974s][info][gc] GC(3435) Pause Young (Allocation Failure) 12M->12M(15M) 0.047ms
[329.996s][info][gc] GC(3436) Pause Full (Allocation Failure) 12M->8M(15M) 21.768ms
[330.002s][info][gc] GC(3437) Pause Young (Allocation Failure) 12M->12M(15M) 0.042ms
[330.024s][info][gc] GC(3438) Pause Full (Allocation Failure) 12M->8M(15M) 22.087ms
[330.029s][info][gc] GC(3439) Pause Young (Allocation Failure) 12M->12M(15M) 0.042ms
[330.051s][info][gc] GC(3440) Pause Full (Allocation Failure) 12M->8M(15M) 21.601ms
[330.056s][info][gc] GC(3441) Pause Young (Allocation Failure) 12M->12M(15M) 0.043ms
[330.079s][info][gc] GC(3442) Pause Full (Allocation Failure) 12M->8M(15M) 22.146ms
[330.084s][info][gc] GC(3443) Pause Young (Allocation Failure) 12M->12M(15M) 0.042ms
[330.106s][info][gc] GC(3444) Pause Full (Allocation Failure) 12M->8M(15M) 22.134ms
[330.112s][info][gc] GC(3445) Pause Young (Allocation Failure) 12M->12M(15M) 0.044ms
[330.134s][info][gc] GC(3446) Pause Full (Allocation Failure) 12M->8M(15M) 21.921ms
[330.139s][info][gc] GC(3447) Pause Young (Allocation Failure) 12M->12M(15M) 0.047ms
[330.162s][info][gc] GC(3448) Pause Full (Allocation Failure) 12M->8M(15M) 22.577ms
[330.167s][info][gc] GC(3449) Pause Young (Allocation Failure) 12M->12M(15M) 0.044ms
[330.189s][info][gc] GC(3450) Pause Full (Allocation Failure) 12M->8M(15M) 21.955ms
[330.195s][info][gc] GC(3451) Pause Young (Allocation Failure) 12M->12M(15M) 0.042ms
[330.217s][info][gc] GC(3452) Pause Full (Allocation Failure) 12M->8M(15M) 21.974ms
[330.222s][info][gc] GC(3453) Pause Young (Allocation Failure) 12M->12M(15M) 0.036ms
[330.243s][info][gc] GC(3454) Pause Full (Allocation Failure) 12M->8M(15M) 21.306ms
[330.249s][info][gc] GC(3455) Pause Young (Allocation Failure) 12M->12M(15M) 0.039ms
[330.270s][info][gc] GC(3456) Pause Full (Allocation Failure) 12M->8M(15M) 21.658ms
[330.276s][info][gc] GC(3457) Pause Young (Allocation Failure) 12M->12M(15M) 0.059ms
[330.298s][info][gc] GC(3458) Pause Full (Allocation Failure) 12M->8M(15M) 21.691ms
[330.303s][info][gc] GC(3459) Pause Young (Allocation Failure) 12M->12M(15M) 0.046ms
[330.325s][info][gc] GC(3460) Pause Full (Allocation Failure) 12M->8M(15M) 21.621ms
[330.330s][info][gc] GC(3461) Pause Young (Allocation Failure) 12M->12M(15M) 0.043ms
[330.352s][info][gc] GC(3462) Pause Full (Allocation Failure) 12M->8M(15M) 21.881ms
[330.357s][info][gc] GC(3463) Pause Young (Allocation Failure) 12M->12M(15M) 0.037ms
[330.380s][info][gc] GC(3464) Pause Full (Allocation Failure) 12M->8M(15M) 22.092ms
[330.385s][info][gc] GC(3465) Pause Young (Allocation Failure) 12M->12M(15M) 0.036ms
[330.406s][info][gc] GC(3466) Pause Full (Allocation Failure) 12M->8M(15M) 21.158ms
[330.411s][info][gc] GC(3467) Pause Young (Allocation Failure) 12M->12M(15M) 0.036ms
[330.433s][info][gc] GC(3468) Pause Full (Allocation Failure) 12M->8M(15M) 21.557ms
[330.438s][info][gc] GC(3469) Pause Young (Allocation Failure) 12M->12M(15M) 0.041ms
[330.460s][info][gc] GC(3470) Pause Full (Allocation Failure) 12M->8M(15M) 22.220ms
[330.466s][info][gc] GC(3471) Pause Young (Allocation Failure) 13M->13M(15M) 0.043ms
[330.488s][info][gc] GC(3472) Pause Full (Allocation Failure) 13M->8M(15M) 21.800ms
[330.493s][info][gc] GC(3473) Pause Young (Allocation Failure) 12M->12M(15M) 0.036ms
[330.516s][info][gc] GC(3474) Pause Full (Allocation Failure) 12M->8M(15M) 22.132ms
[330.521s][info][gc] GC(3475) Pause Young (Allocation Failure) 12M->12M(15M) 0.039ms
[330.542s][info][gc] GC(3476) Pause Full (Allocation Failure) 12M->8M(15M) 21.434ms
[330.548s][info][gc] GC(3477) Pause Young (Allocation Failure) 12M->12M(15M) 0.038ms
[330.569s][info][gc] GC(3478) Pause Full (Allocation Failure) 12M->8M(15M) 20.937ms
[330.574s][info][gc] GC(3479) Pause Young (Allocation Failure) 12M->12M(15M) 0.035ms
[330.595s][info][gc] GC(3480) Pause Full (Allocation Failure) 12M->8M(15M) 20.797ms
[330.600s][info][gc] GC(3481) Pause Young (Allocation Failure) 12M->12M(15M) 0.036ms
[330.621s][info][gc] GC(3482) Pause Full (Allocation Failure) 12M->8M(15M) 20.893ms
[330.626s][info][gc] GC(3483) Pause Young (Allocation Failure) 12M->12M(15M) 0.041ms
[330.649s][info][gc] GC(3484) Pause Full (Allocation Failure) 12M->8M(15M) 22.591ms
[330.654s][info][gc] GC(3485) Pause Young (Allocation Failure) 12M->12M(15M) 0.051ms
[330.677s][info][gc] GC(3486) Pause Full (Allocation Failure) 12M->8M(15M) 22.745ms
[330.683s][info][gc] GC(3487) Pause Young (Allocation Failure) 12M->12M(15M) 0.044ms
[330.706s][info][gc] GC(3488) Pause Full (Allocation Failure) 12M->8M(15M) 23.306ms
[330.712s][info][gc] GC(3489) Pause Young (Allocation Failure) 12M->12M(15M) 0.048ms
[330.735s][info][gc] GC(3490) Pause Full (Allocation Failure) 12M->8M(15M) 22.403ms
[330.740s][info][gc] GC(3491) Pause Young (Allocation Failure) 12M->12M(15M) 0.039ms
[330.762s][info][gc] GC(3492) Pause Full (Allocation Failure) 12M->8M(15M) 22.216ms
[330.768s][info][gc] GC(3493) Pause Young (Allocation Failure) 12M->12M(15M) 0.049ms
[330.790s][info][gc] GC(3494) Pause Full (Allocation Failure) 12M->8M(15M) 22.205ms
[330.796s][info][gc] GC(3495) Pause Young (Allocation Failure) 13M->13M(15M) 0.047ms
[330.818s][info][gc] GC(3496) Pause Full (Allocation Failure) 13M->8M(15M) 21.993ms
[330.823s][info][gc] GC(3497) Pause Young (Allocation Failure) 12M->12M(15M) 0.044ms
[330.845s][info][gc] GC(3498) Pause Full (Allocation Failure) 12M->8M(15M) 22.015ms
[330.851s][info][gc] GC(3499) Pause Young (Allocation Failure) 12M->12M(15M) 0.041ms
[330.873s][info][gc] GC(3500) Pause Full (Allocation Failure) 12M->8M(15M) 21.845ms
[330.878s][info][gc] GC(3501) Pause Young (Allocation Failure) 12M->12M(15M) 0.058ms
[330.900s][info][gc] GC(3502) Pause Full (Allocation Failure) 12M->8M(15M) 22.090ms
[330.906s][info][gc] GC(3503) Pause Young (Allocation Failure) 12M->12M(15M) 0.042ms
[330.928s][info][gc] GC(3504) Pause Full (Allocation Failure) 12M->8M(15M) 22.264ms
[330.933s][info][gc] GC(3505) Pause Young (Allocation Failure) 12M->12M(15M) 0.043ms
[330.956s][info][gc] GC(3506) Pause Full (Allocation Failure) 12M->8M(15M) 22.086ms
[330.961s][info][gc] GC(3507) Pause Young (Allocation Failure) 12M->12M(15M) 0.068ms
[330.983s][info][gc] GC(3508) Pause Full (Allocation Failure) 12M->8M(15M) 22.052ms
[330.988s][info][gc] GC(3509) Pause Young (Allocation Failure) 12M->12M(15M) 0.038ms
[331.010s][info][gc] GC(3510) Pause Full (Allocation Failure) 12M->8M(15M) 21.857ms
[331.016s][info][gc] GC(3511) Pause Young (Allocation Failure) 13M->13M(15M) 0.043ms
[331.037s][info][gc] GC(3512) Pause Full (Allocation Failure) 13M->8M(15M) 21.099ms
[331.042s][info][gc] GC(3513) Pause Young (Allocation Failure) 12M->12M(15M) 0.035ms
[331.063s][info][gc] GC(3514) Pause Full (Allocation Failure) 12M->8M(15M) 21.392ms
[331.069s][info][gc] GC(3515) Pause Young (Allocation Failure) 12M->12M(15M) 0.036ms
[331.090s][info][gc] GC(3516) Pause Full (Allocation Failure) 12M->8M(15M) 21.556ms
[331.096s][info][gc] GC(3517) Pause Young (Allocation Failure) 13M->13M(15M) 0.043ms
[331.118s][info][gc] GC(3518) Pause Full (Allocation Failure) 13M->8M(15M) 22.164ms
[331.123s][info][gc] GC(3519) Pause Young (Allocation Failure) 12M->12M(15M) 0.042ms
[331.146s][info][gc] GC(3520) Pause Full (Allocation Failure) 12M->8M(15M) 22.241ms
[331.151s][info][gc] GC(3521) Pause Young (Allocation Failure) 12M->12M(15M) 0.046ms
[331.174s][info][gc] GC(3522) Pause Full (Allocation Failure) 12M->8M(15M) 22.660ms
[331.180s][info][gc] GC(3523) Pause Young (Allocation Failure) 12M->12M(15M) 0.044ms
[331.202s][info][gc] GC(3524) Pause Full (Allocation Failure) 12M->8M(15M) 21.983ms
[331.207s][info][gc] GC(3525) Pause Young (Allocation Failure) 12M->12M(15M) 0.046ms
[331.229s][info][gc] GC(3526) Pause Full (Allocation Failure) 12M->8M(15M) 22.191ms
[331.235s][info][gc] GC(3527) Pause Young (Allocation Failure) 12M->12M(15M) 0.042ms
[331.257s][info][gc] GC(3528) Pause Full (Allocation Failure) 12M->8M(15M) 22.000ms
[331.262s][info][gc] GC(3529) Pause Young (Allocation Failure) 12M->12M(15M) 0.044ms
[331.285s][info][gc] GC(3530) Pause Full (Allocation Failure) 12M->8M(15M) 22.737ms
[331.290s][info][gc] GC(3531) Pause Young (Allocation Failure) 12M->12M(15M) 0.045ms
[331.313s][info][gc] GC(3532) Pause Full (Allocation Failure) 12M->8M(15M) 22.475ms
[331.318s][info][gc] GC(3533) Pause Young (Allocation Failure) 12M->12M(15M) 0.042ms
[331.340s][info][gc] GC(3534) Pause Full (Allocation Failure) 12M->8M(15M) 21.885ms
[331.346s][info][gc] GC(3535) Pause Young (Allocation Failure) 12M->12M(15M) 0.045ms
[331.368s][info][gc] GC(3536) Pause Full (Allocation Failure) 12M->8M(15M) 22.176ms
[331.374s][info][gc] GC(3537) Pause Young (Allocation Failure) 12M->12M(15M) 0.038ms
[331.396s][info][gc] GC(3538) Pause Full (Allocation Failure) 12M->8M(15M) 22.203ms
[331.401s][info][gc] GC(3539) Pause Young (Allocation Failure) 12M->12M(15M) 0.043ms
[331.423s][info][gc] GC(3540) Pause Full (Allocation Failure) 12M->8M(15M) 21.825ms
[331.429s][info][gc] GC(3541) Pause Young (Allocation Failure) 12M->12M(15M) 0.047ms
[331.451s][info][gc] GC(3542) Pause Full (Allocation Failure) 12M->8M(15M) 22.021ms
[331.456s][info][gc] GC(3543) Pause Young (Allocation Failure) 13M->13M(15M) 0.044ms
[331.478s][info][gc] GC(3544) Pause Full (Allocation Failure) 13M->8M(15M) 22.155ms
[331.484s][info][gc] GC(3545) Pause Young (Allocation Failure) 12M->12M(15M) 0.042ms
[331.506s][info][gc] GC(3546) Pause Full (Allocation Failure) 12M->8M(15M) 21.902ms
[331.511s][info][gc] GC(3547) Pause Young (Allocation Failure) 12M->12M(15M) 0.042ms
[331.534s][info][gc] GC(3548) Pause Full (Allocation Failure) 12M->8M(15M) 22.234ms
[331.539s][info][gc] GC(3549) Pause Young (Allocation Failure) 13M->13M(15M) 0.045ms
[331.561s][info][gc] GC(3550) Pause Full (Allocation Failure) 13M->8M(15M) 22.321ms
[331.567s][info][gc] GC(3551) Pause Young (Allocation Failure) 13M->13M(15M) 0.043ms
[331.589s][info][gc] GC(3552) Pause Full (Allocation Failure) 13M->8M(15M) 21.599ms
[331.594s][info][gc] GC(3553) Pause Young (Allocation Failure) 12M->12M(15M) 0.056ms
[331.616s][info][gc] GC(3554) Pause Full (Allocation Failure) 12M->8M(15M) 22.134ms
[331.622s][info][gc] GC(3555) Pause Young (Allocation Failure) 13M->13M(15M) 0.036ms
[331.644s][info][gc] GC(3556) Pause Full (Allocation Failure) 13M->8M(15M) 22.336ms
[331.650s][info][gc] GC(3557) Pause Young (Allocation Failure) 12M->12M(15M) 0.045ms
[331.672s][info][gc] GC(3558) Pause Full (Allocation Failure) 12M->8M(15M) 21.919ms
[331.677s][info][gc] GC(3559) Pause Young (Allocation Failure) 12M->12M(15M) 0.040ms
[331.699s][info][gc] GC(3560) Pause Full (Allocation Failure) 12M->8M(15M) 22.316ms
[331.705s][info][gc] GC(3561) Pause Young (Allocation Failure) 12M->12M(15M) 0.040ms
[331.727s][info][gc] GC(3562) Pause Full (Allocation Failure) 12M->8M(15M) 22.292ms
[331.733s][info][gc] GC(3563) Pause Young (Allocation Failure) 12M->12M(15M) 0.042ms
[331.754s][info][gc] GC(3564) Pause Full (Allocation Failure) 12M->8M(15M) 21.834ms
[331.760s][info][gc] GC(3565) Pause Young (Allocation Failure) 12M->12M(15M) 0.040ms
[331.782s][info][gc] GC(3566) Pause Full (Allocation Failure) 12M->8M(15M) 21.997ms
[331.787s][info][gc] GC(3567) Pause Young (Allocation Failure) 13M->13M(15M) 0.040ms
[331.810s][info][gc] GC(3568) Pause Full (Allocation Failure) 13M->8M(15M) 22.538ms
[331.815s][info][gc] GC(3569) Pause Young (Allocation Failure) 12M->12M(15M) 0.046ms
[331.837s][info][gc] GC(3570) Pause Full (Allocation Failure) 12M->8M(15M) 21.948ms
[331.843s][info][gc] GC(3571) Pause Young (Allocation Failure) 13M->13M(15M) 0.042ms
[331.865s][info][gc] GC(3572) Pause Full (Allocation Failure) 13M->8M(15M) 22.309ms
[331.871s][info][gc] GC(3573) Pause Young (Allocation Failure) 13M->13M(15M) 0.049ms
[331.893s][info][gc] GC(3574) Pause Full (Allocation Failure) 13M->8M(15M) 22.086ms
[331.898s][info][gc] GC(3575) Pause Young (Allocation Failure) 13M->13M(15M) 0.044ms
[331.920s][info][gc] GC(3576) Pause Full (Allocation Failure) 13M->8M(15M) 22.079ms
[331.926s][info][gc] GC(3577) Pause Young (Allocation Failure) 12M->12M(15M) 0.036ms
[331.948s][info][gc] GC(3578) Pause Full (Allocation Failure) 12M->8M(15M) 21.904ms
[331.953s][info][gc] GC(3579) Pause Young (Allocation Failure) 12M->12M(15M) 0.040ms
[331.975s][info][gc] GC(3580) Pause Full (Allocation Failure) 12M->8M(15M) 21.991ms
[331.980s][info][gc] GC(3581) Pause Young (Allocation Failure) 12M->12M(15M) 0.042ms
[332.003s][info][gc] GC(3582) Pause Full (Allocation Failure) 12M->8M(15M) 22.138ms
[332.008s][info][gc] GC(3583) Pause Young (Allocation Failure) 13M->13M(15M) 0.041ms
[332.030s][info][gc] GC(3584) Pause Full (Allocation Failure) 13M->8M(15M) 22.328ms
[332.036s][info][gc] GC(3585) Pause Young (Allocation Failure) 12M->12M(15M) 0.039ms
[332.058s][info][gc] GC(3586) Pause Full (Allocation Failure) 12M->8M(15M) 22.576ms
[332.064s][info][gc] GC(3587) Pause Young (Allocation Failure) 13M->13M(15M) 0.044ms
[332.086s][info][gc] GC(3588) Pause Full (Allocation Failure) 13M->8M(15M) 22.090ms
[332.091s][info][gc] GC(3589) Pause Young (Allocation Failure) 13M->13M(15M) 0.041ms
[332.114s][info][gc] GC(3590) Pause Full (Allocation Failure) 13M->8M(15M) 22.477ms
[332.119s][info][gc] GC(3591) Pause Young (Allocation Failure) 13M->13M(15M) 0.043ms
[332.142s][info][gc] GC(3592) Pause Full (Allocation Failure) 13M->8M(15M) 22.182ms
[332.148s][info][gc] GC(3593) Pause Young (Allocation Failure) 12M->12M(15M) 0.054ms
[332.171s][info][gc] GC(3594) Pause Full (Allocation Failure) 12M->8M(15M) 23.224ms
[332.177s][info][gc] GC(3595) Pause Young (Allocation Failure) 12M->12M(15M) 0.042ms
[332.199s][info][gc] GC(3596) Pause Full (Allocation Failure) 12M->8M(15M) 22.490ms
[332.204s][info][gc] GC(3597) Pause Young (Allocation Failure) 13M->13M(15M) 0.041ms
[332.226s][info][gc] GC(3598) Pause Full (Allocation Failure) 13M->8M(15M) 21.803ms
[332.232s][info][gc] GC(3599) Pause Young (Allocation Failure) 13M->13M(15M) 0.041ms
[332.253s][info][gc] GC(3600) Pause Full (Allocation Failure) 13M->8M(15M) 21.244ms
[332.259s][info][gc] GC(3601) Pause Young (Allocation Failure) 12M->12M(15M) 0.042ms
[332.281s][info][gc] GC(3602) Pause Full (Allocation Failure) 12M->8M(15M) 21.989ms
[332.286s][info][gc] GC(3603) Pause Young (Allocation Failure) 13M->13M(15M) 0.045ms
[332.307s][info][gc] GC(3604) Pause Full (Allocation Failure) 13M->8M(15M) 21.010ms
[332.313s][info][gc] GC(3605) Pause Young (Allocation Failure) 13M->13M(15M) 0.046ms
[332.335s][info][gc] GC(3606) Pause Full (Allocation Failure) 13M->8M(15M) 22.231ms
[332.340s][info][gc] GC(3607) Pause Young (Allocation Failure) 13M->13M(15M) 0.039ms
[332.363s][info][gc] GC(3608) Pause Full (Allocation Failure) 13M->8M(15M) 22.229ms
[332.368s][info][gc] GC(3609) Pause Young (Allocation Failure) 12M->12M(15M) 0.042ms
[332.390s][info][gc] GC(3610) Pause Full (Allocation Failure) 12M->8M(15M) 21.826ms
[332.395s][info][gc] GC(3611) Pause Young (Allocation Failure) 13M->13M(15M) 0.055ms
[332.418s][info][gc] GC(3612) Pause Full (Allocation Failure) 13M->8M(15M) 22.171ms
[332.423s][info][gc] GC(3613) Pause Young (Allocation Failure) 13M->13M(15M) 0.040ms
[332.445s][info][gc] GC(3614) Pause Full (Allocation Failure) 13M->8M(15M) 22.299ms
[332.451s][info][gc] GC(3615) Pause Young (Allocation Failure) 13M->13M(15M) 0.041ms
[332.473s][info][gc] GC(3616) Pause Full (Allocation Failure) 13M->8M(15M) 22.015ms
[332.479s][info][gc] GC(3617) Pause Young (Allocation Failure) 12M->12M(15M) 0.045ms
[332.501s][info][gc] GC(3618) Pause Full (Allocation Failure) 12M->8M(15M) 22.465ms
[332.507s][info][gc] GC(3619) Pause Young (Allocation Failure) 13M->13M(15M) 0.042ms
[332.529s][info][gc] GC(3620) Pause Full (Allocation Failure) 13M->8M(15M) 22.382ms
[332.535s][info][gc] GC(3621) Pause Young (Allocation Failure) 13M->13M(15M) 0.043ms
[332.557s][info][gc] GC(3622) Pause Full (Allocation Failure) 13M->8M(15M) 21.904ms
[332.563s][info][gc] GC(3623) Pause Young (Allocation Failure) 13M->13M(15M) 0.045ms
[332.585s][info][gc] GC(3624) Pause Full (Allocation Failure) 13M->8M(15M) 22.137ms
[332.590s][info][gc] GC(3625) Pause Young (Allocation Failure) 12M->12M(15M) 0.037ms
[332.612s][info][gc] GC(3626) Pause Full (Allocation Failure) 12M->8M(15M) 22.080ms
[332.618s][info][gc] GC(3627) Pause Young (Allocation Failure) 13M->13M(15M) 0.043ms
[332.640s][info][gc] GC(3628) Pause Full (Allocation Failure) 13M->8M(15M) 22.006ms
[332.645s][info][gc] GC(3629) Pause Young (Allocation Failure) 13M->13M(15M) 0.038ms
[332.667s][info][gc] GC(3630) Pause Full (Allocation Failure) 13M->8M(15M) 22.169ms
[332.673s][info][gc] GC(3631) Pause Young (Allocation Failure) 13M->13M(15M) 0.041ms
[332.695s][info][gc] GC(3632) Pause Full (Allocation Failure) 13M->8M(15M) 22.342ms
[332.701s][info][gc] GC(3633) Pause Young (Allocation Failure) 12M->12M(15M) 0.039ms
[332.723s][info][gc] GC(3634) Pause Full (Allocation Failure) 12M->8M(15M) 22.280ms
[332.728s][info][gc] GC(3635) Pause Young (Allocation Failure) 13M->13M(15M) 0.043ms
[332.751s][info][gc] GC(3636) Pause Full (Allocation Failure) 13M->8M(15M) 22.186ms
[332.756s][info][gc] GC(3637) Pause Young (Allocation Failure) 13M->13M(15M) 0.036ms
[332.778s][info][gc] GC(3638) Pause Full (Allocation Failure) 13M->8M(15M) 22.326ms
[332.784s][info][gc] GC(3639) Pause Young (Allocation Failure) 13M->13M(15M) 0.043ms
[332.806s][info][gc] GC(3640) Pause Full (Allocation Failure) 13M->8M(15M) 21.950ms
[332.811s][info][gc] GC(3641) Pause Young (Allocation Failure) 12M->12M(15M) 0.042ms
[332.833s][info][gc] GC(3642) Pause Full (Allocation Failure) 12M->8M(15M) 22.187ms
[332.839s][info][gc] GC(3643) Pause Young (Allocation Failure) 13M->13M(15M) 0.042ms
[332.861s][info][gc] GC(3644) Pause Full (Allocation Failure) 13M->8M(15M) 21.935ms
[332.867s][info][gc] GC(3645) Pause Young (Allocation Failure) 13M->13M(15M) 0.043ms
[332.889s][info][gc] GC(3646) Pause Full (Allocation Failure) 13M->8M(15M) 21.874ms
[332.894s][info][gc] GC(3647) Pause Young (Allocation Failure) 13M->13M(15M) 0.050ms
[332.917s][info][gc] GC(3648) Pause Full (Allocation Failure) 13M->8M(15M) 22.401ms
[332.923s][info][gc] GC(3649) Pause Young (Allocation Failure) 12M->12M(15M) 0.041ms
[332.945s][info][gc] GC(3650) Pause Full (Allocation Failure) 12M->8M(15M) 22.237ms
[332.951s][info][gc] GC(3651) Pause Young (Allocation Failure) 13M->13M(15M) 0.070ms
[332.973s][info][gc] GC(3652) Pause Full (Allocation Failure) 13M->8M(15M) 22.088ms
[332.979s][info][gc] GC(3653) Pause Young (Allocation Failure) 13M->13M(15M) 0.046ms
[333.001s][info][gc] GC(3654) Pause Full (Allocation Failure) 13M->8M(15M) 22.197ms
[333.007s][info][gc] GC(3655) Pause Young (Allocation Failure) 13M->13M(15M) 0.041ms
[333.029s][info][gc] GC(3656) Pause Full (Allocation Failure) 13M->8M(15M) 22.295ms
[333.035s][info][gc] GC(3657) Pause Young (Allocation Failure) 12M->12M(15M) 0.043ms
[333.057s][info][gc] GC(3658) Pause Full (Allocation Failure) 12M->8M(15M) 21.883ms
[333.062s][info][gc] GC(3659) Pause Young (Allocation Failure) 13M->13M(15M) 0.045ms
[333.085s][info][gc] GC(3660) Pause Full (Allocation Failure) 13M->8M(15M) 22.140ms
[333.090s][info][gc] GC(3661) Pause Young (Allocation Failure) 13M->13M(15M) 0.044ms
[333.113s][info][gc] GC(3662) Pause Full (Allocation Failure) 13M->8M(15M) 22.371ms
[333.118s][info][gc] GC(3663) Pause Young (Allocation Failure) 13M->13M(15M) 0.052ms
[333.140s][info][gc] GC(3664) Pause Full (Allocation Failure) 13M->8M(15M) 22.125ms
[333.147s][info][gc] GC(3665) Pause Young (Allocation Failure) 12M->12M(15M) 0.047ms
[333.170s][info][gc] GC(3666) Pause Full (Allocation Failure) 12M->8M(15M) 22.782ms
[333.175s][info][gc] GC(3667) Pause Young (Allocation Failure) 13M->13M(15M) 0.041ms
[333.197s][info][gc] GC(3668) Pause Full (Allocation Failure) 13M->8M(15M) 22.217ms
[333.203s][info][gc] GC(3669) Pause Young (Allocation Failure) 13M->13M(15M) 0.042ms
[333.225s][info][gc] GC(3670) Pause Full (Allocation Failure) 13M->8M(15M) 22.060ms
[333.230s][info][gc] GC(3671) Pause Young (Allocation Failure) 13M->13M(15M) 0.046ms
[333.253s][info][gc] GC(3672) Pause Full (Allocation Failure) 13M->8M(15M) 22.094ms
[333.258s][info][gc] GC(3673) Pause Young (Allocation Failure) 12M->12M(15M) 0.041ms
[333.280s][info][gc] GC(3674) Pause Full (Allocation Failure) 12M->8M(15M) 22.500ms
[333.286s][info][gc] GC(3675) Pause Young (Allocation Failure) 13M->13M(15M) 0.048ms
[333.309s][info][gc] GC(3676) Pause Full (Allocation Failure) 13M->8M(15M) 22.231ms
[333.315s][info][gc] GC(3677) Pause Young (Allocation Failure) 13M->13M(15M) 0.044ms
[333.338s][info][gc] GC(3678) Pause Full (Allocation Failure) 13M->8M(15M) 22.669ms
[333.343s][info][gc] GC(3679) Pause Young (Allocation Failure) 13M->13M(15M) 0.042ms
[333.366s][info][gc] GC(3680) Pause Full (Allocation Failure) 13M->8M(15M) 22.407ms
[333.372s][info][gc] GC(3681) Pause Young (Allocation Failure) 12M->12M(15M) 0.071ms
[333.394s][info][gc] GC(3682) Pause Full (Allocation Failure) 12M->8M(15M) 22.712ms
[333.400s][info][gc] GC(3683) Pause Young (Allocation Failure) 13M->13M(15M) 0.045ms
[333.422s][info][gc] GC(3684) Pause Full (Allocation Failure) 13M->8M(15M) 21.919ms
[333.428s][info][gc] GC(3685) Pause Young (Allocation Failure) 13M->13M(15M) 0.037ms
[333.450s][info][gc] GC(3686) Pause Full (Allocation Failure) 13M->8M(15M) 22.441ms
[333.455s][info][gc] GC(3687) Pause Young (Allocation Failure) 13M->13M(15M) 0.041ms
[333.478s][info][gc] GC(3688) Pause Full (Allocation Failure) 13M->8M(15M) 22.109ms
[333.483s][info][gc] GC(3689) Pause Young (Allocation Failure) 12M->12M(15M) 0.043ms
[333.505s][info][gc] GC(3690) Pause Full (Allocation Failure) 12M->8M(15M) 22.067ms
[333.511s][info][gc] GC(3691) Pause Young (Allocation Failure) 13M->13M(15M) 0.041ms
[333.533s][info][gc] GC(3692) Pause Full (Allocation Failure) 13M->8M(15M) 22.202ms
[333.538s][info][gc] GC(3693) Pause Young (Allocation Failure) 13M->13M(15M) 0.043ms
[333.561s][info][gc] GC(3694) Pause Full (Allocation Failure) 13M->8M(15M) 22.328ms
[333.567s][info][gc] GC(3695) Pause Young (Allocation Failure) 13M->13M(15M) 0.043ms
[333.589s][info][gc] GC(3696) Pause Full (Allocation Failure) 13M->8M(15M) 22.235ms
[333.594s][info][gc] GC(3697) Pause Young (Allocation Failure) 12M->12M(15M) 0.042ms
[333.617s][info][gc] GC(3698) Pause Full (Allocation Failure) 12M->8M(15M) 22.303ms
[333.622s][info][gc] GC(3699) Pause Young (Allocation Failure) 13M->13M(15M) 0.048ms
[333.644s][info][gc] GC(3700) Pause Full (Allocation Failure) 13M->8M(15M) 21.946ms
[333.650s][info][gc] GC(3701) Pause Young (Allocation Failure) 13M->13M(15M) 0.053ms
[333.672s][info][gc] GC(3702) Pause Full (Allocation Failure) 13M->8M(15M) 22.132ms
[333.677s][info][gc] GC(3703) Pause Young (Allocation Failure) 13M->13M(15M) 0.039ms
[333.699s][info][gc] GC(3704) Pause Full (Allocation Failure) 13M->8M(15M) 21.528ms
[333.704s][info][gc] GC(3705) Pause Young (Allocation Failure) 12M->12M(15M) 0.036ms
[333.725s][info][gc] GC(3706) Pause Full (Allocation Failure) 12M->8M(15M) 21.119ms
[333.731s][info][gc] GC(3707) Pause Young (Allocation Failure) 13M->13M(15M) 0.036ms
[333.752s][info][gc] GC(3708) Pause Full (Allocation Failure) 13M->8M(15M) 21.460ms
[333.757s][info][gc] GC(3709) Pause Young (Allocation Failure) 13M->13M(15M) 0.038ms
[333.779s][info][gc] GC(3710) Pause Full (Allocation Failure) 13M->8M(15M) 21.480ms
[333.784s][info][gc] GC(3711) Pause Young (Allocation Failure) 13M->13M(15M) 0.036ms
[333.805s][info][gc] GC(3712) Pause Full (Allocation Failure) 13M->8M(15M) 21.163ms
[333.810s][info][gc] GC(3713) Pause Young (Allocation Failure) 12M->12M(15M) 0.064ms
[333.832s][info][gc] GC(3714) Pause Full (Allocation Failure) 12M->8M(15M) 21.174ms
[333.837s][info][gc] GC(3715) Pause Young (Allocation Failure) 13M->13M(15M) 0.036ms
[333.858s][info][gc] GC(3716) Pause Full (Allocation Failure) 13M->8M(15M) 21.345ms
[333.863s][info][gc] GC(3717) Pause Young (Allocation Failure) 13M->13M(15M) 0.036ms
[333.884s][info][gc] GC(3718) Pause Full (Allocation Failure) 13M->8M(15M) 21.084ms
[333.890s][info][gc] GC(3719) Pause Young (Allocation Failure) 13M->13M(15M) 0.039ms
[333.911s][info][gc] GC(3720) Pause Full (Allocation Failure) 13M->8M(15M) 21.626ms
[333.917s][info][gc] GC(3721) Pause Young (Allocation Failure) 12M->12M(15M) 0.037ms
[333.938s][info][gc] GC(3722) Pause Full (Allocation Failure) 12M->8M(15M) 21.183ms
[333.943s][info][gc] GC(3723) Pause Young (Allocation Failure) 13M->13M(15M) 0.036ms
[333.964s][info][gc] GC(3724) Pause Full (Allocation Failure) 13M->8M(15M) 21.116ms
[333.969s][info][gc] GC(3725) Pause Young (Allocation Failure) 13M->13M(15M) 0.036ms
[333.991s][info][gc] GC(3726) Pause Full (Allocation Failure) 13M->8M(15M) 21.142ms
[333.996s][info][gc] GC(3727) Pause Young (Allocation Failure) 13M->13M(15M) 0.036ms
[334.017s][info][gc] GC(3728) Pause Full (Allocation Failure) 13M->8M(15M) 21.169ms
[334.022s][info][gc] GC(3729) Pause Young (Allocation Failure) 12M->12M(15M) 0.036ms
[334.043s][info][gc] GC(3730) Pause Full (Allocation Failure) 12M->8M(15M) 21.047ms
[334.048s][info][gc] GC(3731) Pause Young (Allocation Failure) 13M->13M(15M) 0.036ms
[334.070s][info][gc] GC(3732) Pause Full (Allocation Failure) 13M->8M(15M) 21.119ms
[334.075s][info][gc] GC(3733) Pause Young (Allocation Failure) 13M->13M(15M) 0.036ms
[334.096s][info][gc] GC(3734) Pause Full (Allocation Failure) 13M->8M(15M) 21.272ms
[334.101s][info][gc] GC(3735) Pause Young (Allocation Failure) 13M->13M(15M) 0.036ms
[334.122s][info][gc] GC(3736) Pause Full (Allocation Failure) 13M->8M(15M) 21.075ms
[334.128s][info][gc] GC(3737) Pause Young (Allocation Failure) 12M->12M(15M) 0.035ms
[334.149s][info][gc] GC(3738) Pause Full (Allocation Failure) 12M->8M(15M) 21.235ms
[334.154s][info][gc] GC(3739) Pause Young (Allocation Failure) 13M->13M(15M) 0.048ms
[334.177s][info][gc] GC(3740) Pause Full (Allocation Failure) 13M->8M(15M) 22.483ms
[334.182s][info][gc] GC(3741) Pause Young (Allocation Failure) 13M->13M(15M) 0.041ms
[334.203s][info][gc] GC(3742) Pause Full (Allocation Failure) 13M->8M(15M) 21.246ms
[334.209s][info][gc] GC(3743) Pause Young (Allocation Failure) 13M->13M(15M) 0.036ms
[334.230s][info][gc] GC(3744) Pause Full (Allocation Failure) 13M->8M(15M) 21.208ms
[334.235s][info][gc] GC(3745) Pause Young (Allocation Failure) 12M->12M(15M) 0.035ms
[334.256s][info][gc] GC(3746) Pause Full (Allocation Failure) 12M->8M(15M) 21.358ms
[334.262s][info][gc] GC(3747) Pause Young (Allocation Failure) 13M->13M(15M) 0.036ms
[334.284s][info][gc] GC(3748) Pause Full (Allocation Failure) 13M->8M(15M) 22.162ms
[334.289s][info][gc] GC(3749) Pause Young (Allocation Failure) 13M->13M(15M) 0.043ms
[334.310s][info][gc] GC(3750) Pause Full (Allocation Failure) 13M->8M(15M) 21.163ms
[334.315s][info][gc] GC(3751) Pause Young (Allocation Failure) 13M->13M(15M) 0.035ms
[334.337s][info][gc] GC(3752) Pause Full (Allocation Failure) 13M->8M(15M) 21.121ms
[334.342s][info][gc] GC(3753) Pause Young (Allocation Failure) 12M->12M(15M) 0.036ms
[334.363s][info][gc] GC(3754) Pause Full (Allocation Failure) 12M->8M(15M) 21.410ms
[334.368s][info][gc] GC(3755) Pause Young (Allocation Failure) 13M->13M(15M) 0.038ms
[334.390s][info][gc] GC(3756) Pause Full (Allocation Failure) 13M->8M(15M) 21.173ms
[334.395s][info][gc] GC(3757) Pause Young (Allocation Failure) 13M->13M(15M) 0.035ms
[334.416s][info][gc] GC(3758) Pause Full (Allocation Failure) 13M->8M(15M) 21.283ms
[334.421s][info][gc] GC(3759) Pause Young (Allocation Failure) 13M->13M(15M) 0.038ms
[334.443s][info][gc] GC(3760) Pause Full (Allocation Failure) 13M->8M(15M) 21.088ms
[334.448s][info][gc] GC(3761) Pause Young (Allocation Failure) 12M->12M(15M) 0.036ms
[334.469s][info][gc] GC(3762) Pause Full (Allocation Failure) 12M->8M(15M) 21.325ms
[334.474s][info][gc] GC(3763) Pause Young (Allocation Failure) 13M->13M(15M) 0.036ms
[334.495s][info][gc] GC(3764) Pause Full (Allocation Failure) 13M->8M(15M) 21.137ms
[334.501s][info][gc] GC(3765) Pause Young (Allocation Failure) 13M->13M(15M) 0.036ms
[334.522s][info][gc] GC(3766) Pause Full (Allocation Failure) 13M->8M(15M) 21.234ms
[334.527s][info][gc] GC(3767) Pause Young (Allocation Failure) 13M->13M(15M) 0.036ms
[334.548s][info][gc] GC(3768) Pause Full (Allocation Failure) 13M->8M(15M) 21.200ms
[334.554s][info][gc] GC(3769) Pause Young (Allocation Failure) 12M->12M(15M) 0.056ms
[334.575s][info][gc] GC(3770) Pause Full (Allocation Failure) 12M->8M(15M) 21.343ms
[334.580s][info][gc] GC(3771) Pause Young (Allocation Failure) 13M->13M(15M) 0.036ms
[334.602s][info][gc] GC(3772) Pause Full (Allocation Failure) 13M->8M(15M) 21.389ms
[334.607s][info][gc] GC(3773) Pause Young (Allocation Failure) 13M->13M(15M) 0.036ms
[334.628s][info][gc] GC(3774) Pause Full (Allocation Failure) 13M->8M(15M) 21.228ms
[334.633s][info][gc] GC(3775) Pause Young (Allocation Failure) 13M->13M(15M) 0.036ms
[334.655s][info][gc] GC(3776) Pause Full (Allocation Failure) 13M->8M(15M) 21.174ms
[334.660s][info][gc] GC(3777) Pause Young (Allocation Failure) 12M->12M(15M) 0.035ms
[334.681s][info][gc] GC(3778) Pause Full (Allocation Failure) 12M->8M(15M) 21.529ms
[334.687s][info][gc] GC(3779) Pause Young (Allocation Failure) 13M->13M(15M) 0.036ms
[334.708s][info][gc] GC(3780) Pause Full (Allocation Failure) 13M->8M(15M) 21.193ms
[334.713s][info][gc] GC(3781) Pause Young (Allocation Failure) 13M->13M(15M) 0.036ms
[334.734s][info][gc] GC(3782) Pause Full (Allocation Failure) 13M->8M(15M) 21.201ms
[334.739s][info][gc] GC(3783) Pause Young (Allocation Failure) 13M->13M(15M) 0.035ms
[334.761s][info][gc] GC(3784) Pause Full (Allocation Failure) 13M->8M(15M) 21.646ms
[334.766s][info][gc] GC(3785) Pause Young (Allocation Failure) 12M->12M(15M) 0.038ms
[334.788s][info][gc] GC(3786) Pause Full (Allocation Failure) 12M->8M(15M) 21.480ms
[334.793s][info][gc] GC(3787) Pause Young (Allocation Failure) 13M->13M(15M) 0.035ms
[334.814s][info][gc] GC(3788) Pause Full (Allocation Failure) 13M->8M(15M) 21.387ms
[334.820s][info][gc] GC(3789) Pause Young (Allocation Failure) 13M->13M(15M) 0.037ms
[334.841s][info][gc] GC(3790) Pause Full (Allocation Failure) 13M->8M(15M) 21.509ms
[334.846s][info][gc] GC(3791) Pause Young (Allocation Failure) 13M->13M(15M) 0.037ms
[334.868s][info][gc] GC(3792) Pause Full (Allocation Failure) 13M->8M(15M) 21.309ms
[334.873s][info][gc] GC(3793) Pause Young (Allocation Failure) 12M->12M(15M) 0.036ms
[334.894s][info][gc] GC(3794) Pause Full (Allocation Failure) 12M->8M(15M) 21.217ms
[334.899s][info][gc] GC(3795) Pause Young (Allocation Failure) 13M->13M(15M) 0.038ms
[334.920s][info][gc] GC(3796) Pause Full (Allocation Failure) 13M->8M(15M) 21.267ms
[334.926s][info][gc] GC(3797) Pause Young (Allocation Failure) 13M->13M(15M) 0.036ms
[334.947s][info][gc] GC(3798) Pause Full (Allocation Failure) 13M->8M(15M) 21.633ms
[334.953s][info][gc] GC(3799) Pause Young (Allocation Failure) 13M->13M(15M) 0.038ms
[334.974s][info][gc] GC(3800) Pause Full (Allocation Failure) 13M->8M(15M) 21.448ms
[334.979s][info][gc] GC(3801) Pause Young (Allocation Failure) 12M->12M(15M) 0.036ms
[335.001s][info][gc] GC(3802) Pause Full (Allocation Failure) 12M->8M(15M) 21.373ms
[335.006s][info][gc] GC(3803) Pause Young (Allocation Failure) 13M->13M(15M) 0.036ms
[335.027s][info][gc] GC(3804) Pause Full (Allocation Failure) 13M->8M(15M) 21.229ms
[335.032s][info][gc] GC(3805) Pause Young (Allocation Failure) 13M->13M(15M) 0.036ms
[335.054s][info][gc] GC(3806) Pause Full (Allocation Failure) 13M->8M(15M) 21.204ms
[335.059s][info][gc] GC(3807) Pause Young (Allocation Failure) 13M->13M(15M) 0.035ms
[335.080s][info][gc] GC(3808) Pause Full (Allocation Failure) 13M->8M(15M) 21.482ms
[335.085s][info][gc] GC(3809) Pause Young (Allocation Failure) 12M->12M(15M) 0.040ms
[335.107s][info][gc] GC(3810) Pause Full (Allocation Failure) 12M->8M(15M) 21.703ms
[335.112s][info][gc] GC(3811) Pause Young (Allocation Failure) 13M->13M(15M) 0.038ms
[335.134s][info][gc] GC(3812) Pause Full (Allocation Failure) 13M->8M(15M) 21.472ms
[335.139s][info][gc] GC(3813) Pause Young (Allocation Failure) 13M->13M(15M) 0.052ms
[335.162s][info][gc] GC(3814) Pause Full (Allocation Failure) 13M->8M(15M) 23.104ms
[335.168s][info][gc] GC(3815) Pause Young (Allocation Failure) 13M->13M(15M) 0.044ms
[335.190s][info][gc] GC(3816) Pause Full (Allocation Failure) 13M->8M(15M) 21.772ms
[335.195s][info][gc] GC(3817) Pause Young (Allocation Failure) 12M->12M(15M) 0.038ms
[335.216s][info][gc] GC(3818) Pause Full (Allocation Failure) 12M->8M(15M) 21.329ms
[335.221s][info][gc] GC(3819) Pause Young (Allocation Failure) 13M->13M(15M) 0.036ms
[335.243s][info][gc] GC(3820) Pause Full (Allocation Failure) 13M->8M(15M) 21.376ms
[335.248s][info][gc] GC(3821) Pause Young (Allocation Failure) 13M->13M(15M) 0.036ms
[335.270s][info][gc] GC(3822) Pause Full (Allocation Failure) 13M->8M(15M) 21.668ms
[335.275s][info][gc] GC(3823) Pause Young (Allocation Failure) 13M->13M(15M) 0.037ms
[335.297s][info][gc] GC(3824) Pause Full (Allocation Failure) 13M->8M(15M) 21.586ms
[335.302s][info][gc] GC(3825) Pause Young (Allocation Failure) 12M->12M(15M) 0.045ms
[335.323s][info][gc] GC(3826) Pause Full (Allocation Failure) 12M->8M(15M) 21.189ms
[335.329s][info][gc] GC(3827) Pause Young (Allocation Failure) 13M->13M(15M) 0.036ms
[335.350s][info][gc] GC(3828) Pause Full (Allocation Failure) 13M->8M(15M) 21.269ms
[335.355s][info][gc] GC(3829) Pause Young (Allocation Failure) 13M->13M(15M) 0.037ms
[335.376s][info][gc] GC(3830) Pause Full (Allocation Failure) 13M->8M(15M) 21.216ms
[335.381s][info][gc] GC(3831) Pause Young (Allocation Failure) 13M->13M(15M) 0.036ms
[335.403s][info][gc] GC(3832) Pause Full (Allocation Failure) 13M->8M(15M) 21.294ms
[335.408s][info][gc] GC(3833) Pause Young (Allocation Failure) 12M->12M(15M) 0.036ms
[335.429s][info][gc] GC(3834) Pause Full (Allocation Failure) 12M->8M(15M) 21.384ms
[335.435s][info][gc] GC(3835) Pause Young (Allocation Failure) 13M->13M(15M) 0.037ms
[335.456s][info][gc] GC(3836) Pause Full (Allocation Failure) 13M->8M(15M) 21.250ms
[335.461s][info][gc] GC(3837) Pause Young (Allocation Failure) 13M->13M(15M) 0.036ms
[335.483s][info][gc] GC(3838) Pause Full (Allocation Failure) 13M->8M(15M) 21.506ms
[335.488s][info][gc] GC(3839) Pause Young (Allocation Failure) 13M->13M(15M) 0.037ms
[335.509s][info][gc] GC(3840) Pause Full (Allocation Failure) 13M->8M(15M) 21.393ms
[335.514s][info][gc] GC(3841) Pause Young (Allocation Failure) 12M->12M(15M) 0.036ms
[335.536s][info][gc] GC(3842) Pause Full (Allocation Failure) 12M->8M(15M) 21.435ms
[335.541s][info][gc] GC(3843) Pause Young (Allocation Failure) 13M->13M(15M) 0.035ms
[335.563s][info][gc] GC(3844) Pause Full (Allocation Failure) 13M->8M(15M) 21.366ms
[335.568s][info][gc] GC(3845) Pause Young (Allocation Failure) 13M->13M(15M) 0.037ms
[335.589s][info][gc] GC(3846) Pause Full (Allocation Failure) 13M->8M(15M) 21.363ms
[335.594s][info][gc] GC(3847) Pause Young (Allocation Failure) 13M->13M(15M) 0.036ms
[335.616s][info][gc] GC(3848) Pause Full (Allocation Failure) 13M->8M(15M) 21.281ms
[335.621s][info][gc] GC(3849) Pause Young (Allocation Failure) 12M->12M(15M) 0.036ms
[335.642s][info][gc] GC(3850) Pause Full (Allocation Failure) 12M->8M(15M) 21.311ms
[335.647s][info][gc] GC(3851) Pause Young (Allocation Failure) 13M->13M(15M) 0.036ms
[335.669s][info][gc] GC(3852) Pause Full (Allocation Failure) 13M->8M(15M) 21.326ms
[335.674s][info][gc] GC(3853) Pause Young (Allocation Failure) 13M->13M(15M) 0.036ms
[335.695s][info][gc] GC(3854) Pause Full (Allocation Failure) 13M->8M(15M) 21.237ms
[335.700s][info][gc] GC(3855) Pause Young (Allocation Failure) 13M->13M(15M) 0.036ms
[335.722s][info][gc] GC(3856) Pause Full (Allocation Failure) 13M->8M(15M) 21.246ms
[335.727s][info][gc] GC(3857) Pause Young (Allocation Failure) 12M->12M(15M) 0.036ms
[335.748s][info][gc] GC(3858) Pause Full (Allocation Failure) 12M->8M(15M) 21.242ms
[335.753s][info][gc] GC(3859) Pause Young (Allocation Failure) 13M->13M(15M) 0.039ms
[335.775s][info][gc] GC(3860) Pause Full (Allocation Failure) 13M->8M(15M) 21.744ms
[335.780s][info][gc] GC(3861) Pause Young (Allocation Failure) 13M->13M(15M) 0.036ms
[335.802s][info][gc] GC(3862) Pause Full (Allocation Failure) 13M->8M(15M) 21.375ms
[335.807s][info][gc] GC(3863) Pause Young (Allocation Failure) 13M->13M(15M) 0.036ms
[335.828s][info][gc] GC(3864) Pause Full (Allocation Failure) 13M->8M(15M) 21.338ms
[335.834s][info][gc] GC(3865) Pause Young (Allocation Failure) 12M->12M(15M) 0.036ms
[335.855s][info][gc] GC(3866) Pause Full (Allocation Failure) 12M->8M(15M) 21.241ms
[335.860s][info][gc] GC(3867) Pause Young (Allocation Failure) 13M->13M(15M) 0.035ms
[335.881s][info][gc] GC(3868) Pause Full (Allocation Failure) 13M->8M(15M) 21.258ms
[335.886s][info][gc] GC(3869) Pause Young (Allocation Failure) 13M->13M(15M) 0.036ms
[335.908s][info][gc] GC(3870) Pause Full (Allocation Failure) 13M->8M(15M) 21.175ms
[335.913s][info][gc] GC(3871) Pause Young (Allocation Failure) 13M->13M(15M) 0.035ms
[335.934s][info][gc] GC(3872) Pause Full (Allocation Failure) 13M->8M(15M) 21.309ms
[335.939s][info][gc] GC(3873) Pause Young (Allocation Failure) 12M->12M(15M) 0.036ms
[335.961s][info][gc] GC(3874) Pause Full (Allocation Failure) 12M->8M(15M) 21.475ms
[335.966s][info][gc] GC(3875) Pause Young (Allocation Failure) 13M->13M(15M) 0.035ms
[335.988s][info][gc] GC(3876) Pause Full (Allocation Failure) 13M->8M(15M) 21.470ms
[335.993s][info][gc] GC(3877) Pause Young (Allocation Failure) 13M->13M(15M) 0.036ms
[336.014s][info][gc] GC(3878) Pause Full (Allocation Failure) 13M->8M(15M) 21.390ms
[336.019s][info][gc] GC(3879) Pause Young (Allocation Failure) 13M->13M(15M) 0.036ms
[336.041s][info][gc] GC(3880) Pause Full (Allocation Failure) 13M->8M(15M) 21.413ms
[336.046s][info][gc] GC(3881) Pause Young (Allocation Failure) 12M->12M(15M) 0.035ms
[336.068s][info][gc] GC(3882) Pause Full (Allocation Failure) 12M->8M(15M) 21.517ms
[336.073s][info][gc] GC(3883) Pause Young (Allocation Failure) 13M->13M(15M) 0.036ms
[336.094s][info][gc] GC(3884) Pause Full (Allocation Failure) 13M->8M(15M) 21.508ms
[336.099s][info][gc] GC(3885) Pause Young (Allocation Failure) 13M->13M(15M) 0.036ms
[336.121s][info][gc] GC(3886) Pause Full (Allocation Failure) 13M->8M(15M) 21.341ms
[336.126s][info][gc] GC(3887) Pause Young (Allocation Failure) 13M->13M(15M) 0.035ms
[336.148s][info][gc] GC(3888) Pause Full (Allocation Failure) 13M->8M(15M) 21.530ms
[336.153s][info][gc] GC(3889) Pause Young (Allocation Failure) 12M->12M(15M) 0.047ms
[336.176s][info][gc] GC(3890) Pause Full (Allocation Failure) 12M->8M(15M) 22.592ms
[336.181s][info][gc] GC(3891) Pause Young (Allocation Failure) 13M->13M(15M) 0.041ms
[336.203s][info][gc] GC(3892) Pause Full (Allocation Failure) 13M->8M(15M) 21.527ms
[336.208s][info][gc] GC(3893) Pause Young (Allocation Failure) 13M->13M(15M) 0.036ms
[336.229s][info][gc] GC(3894) Pause Full (Allocation Failure) 13M->8M(15M) 21.448ms
[336.235s][info][gc] GC(3895) Pause Young (Allocation Failure) 13M->13M(15M) 0.037ms
[336.256s][info][gc] GC(3896) Pause Full (Allocation Failure) 13M->8M(15M) 21.509ms
[336.261s][info][gc] GC(3897) Pause Young (Allocation Failure) 12M->12M(15M) 0.035ms
[336.283s][info][gc] GC(3898) Pause Full (Allocation Failure) 12M->8M(15M) 22.026ms
[336.289s][info][gc] GC(3899) Pause Young (Allocation Failure) 13M->13M(15M) 0.045ms
[336.311s][info][gc] GC(3900) Pause Full (Allocation Failure) 13M->8M(15M) 21.886ms
[336.316s][info][gc] GC(3901) Pause Young (Allocation Failure) 13M->13M(15M) 0.042ms
[336.338s][info][gc] GC(3902) Pause Full (Allocation Failure) 13M->8M(15M) 21.468ms
[336.343s][info][gc] GC(3903) Pause Young (Allocation Failure) 13M->13M(15M) 0.049ms
[336.365s][info][gc] GC(3904) Pause Full (Allocation Failure) 13M->8M(15M) 21.780ms
[336.370s][info][gc] GC(3905) Pause Young (Allocation Failure) 12M->12M(15M) 0.039ms
[336.391s][info][gc] GC(3906) Pause Full (Allocation Failure) 12M->8M(15M) 21.465ms
[336.397s][info][gc] GC(3907) Pause Young (Allocation Failure) 13M->13M(15M) 0.036ms
[336.418s][info][gc] GC(3908) Pause Full (Allocation Failure) 13M->9M(15M) 21.356ms
[336.423s][info][gc] GC(3909) Pause Young (Allocation Failure) 13M->13M(15M) 0.037ms
[336.445s][info][gc] GC(3910) Pause Full (Allocation Failure) 13M->8M(15M) 21.395ms
[336.450s][info][gc] GC(3911) Pause Young (Allocation Failure) 13M->13M(15M) 0.036ms
[336.471s][info][gc] GC(3912) Pause Full (Allocation Failure) 13M->8M(15M) 21.556ms
[336.477s][info][gc] GC(3913) Pause Young (Allocation Failure) 12M->12M(15M) 0.036ms
[336.498s][info][gc] GC(3914) Pause Full (Allocation Failure) 12M->9M(15M) 21.602ms
[336.504s][info][gc] GC(3915) Pause Young (Allocation Failure) 13M->13M(15M) 0.037ms
[336.525s][info][gc] GC(3916) Pause Full (Allocation Failure) 13M->8M(15M) 21.480ms
[336.530s][info][gc] GC(3917) Pause Young (Allocation Failure) 13M->13M(15M) 0.055ms
[336.552s][info][gc] GC(3918) Pause Full (Allocation Failure) 13M->8M(15M) 21.330ms
[336.557s][info][gc] GC(3919) Pause Young (Allocation Failure) 13M->13M(15M) 0.036ms
[336.578s][info][gc] GC(3920) Pause Full (Allocation Failure) 13M->8M(15M) 21.404ms
[336.583s][info][gc] GC(3921) Pause Young (Allocation Failure) 12M->12M(15M) 0.035ms
[336.605s][info][gc] GC(3922) Pause Full (Allocation Failure) 12M->8M(15M) 21.466ms
[336.610s][info][gc] GC(3923) Pause Young (Allocation Failure) 13M->13M(15M) 0.039ms
[336.632s][info][gc] GC(3924) Pause Full (Allocation Failure) 13M->9M(15M) 21.916ms
[336.637s][info][gc] GC(3925) Pause Young (Allocation Failure) 13M->13M(15M) 0.038ms
[336.659s][info][gc] GC(3926) Pause Full (Allocation Failure) 13M->8M(15M) 21.494ms
[336.664s][info][gc] GC(3927) Pause Young (Allocation Failure) 13M->13M(15M) 0.036ms
[336.685s][info][gc] GC(3928) Pause Full (Allocation Failure) 13M->8M(15M) 21.370ms
[336.691s][info][gc] GC(3929) Pause Young (Allocation Failure) 12M->12M(15M) 0.035ms
[336.712s][info][gc] GC(3930) Pause Full (Allocation Failure) 12M->8M(15M) 21.588ms
[336.718s][info][gc] GC(3931) Pause Young (Allocation Failure) 13M->13M(15M) 0.036ms
[336.739s][info][gc] GC(3932) Pause Full (Allocation Failure) 13M->8M(15M) 21.559ms
[336.744s][info][gc] GC(3933) Pause Young (Allocation Failure) 13M->13M(15M) 0.036ms
[336.766s][info][gc] GC(3934) Pause Full (Allocation Failure) 13M->8M(15M) 21.510ms
[336.771s][info][gc] GC(3935) Pause Young (Allocation Failure) 13M->13M(15M) 0.039ms
[336.793s][info][gc] GC(3936) Pause Full (Allocation Failure) 13M->8M(15M) 22.305ms
[336.799s][info][gc] GC(3937) Pause Young (Allocation Failure) 12M->12M(15M) 0.039ms
[336.820s][info][gc] GC(3938) Pause Full (Allocation Failure) 12M->8M(15M) 21.581ms
[336.825s][info][gc] GC(3939) Pause Young (Allocation Failure) 13M->13M(15M) 0.036ms
[336.847s][info][gc] GC(3940) Pause Full (Allocation Failure) 13M->8M(15M) 21.365ms
[336.852s][info][gc] GC(3941) Pause Young (Allocation Failure) 13M->13M(15M) 0.036ms
[336.874s][info][gc] GC(3942) Pause Full (Allocation Failure) 13M->9M(15M) 21.486ms
[336.879s][info][gc] GC(3943) Pause Young (Allocation Failure) 13M->13M(15M) 0.036ms
[336.900s][info][gc] GC(3944) Pause Full (Allocation Failure) 13M->8M(15M) 21.487ms
[336.905s][info][gc] GC(3945) Pause Young (Allocation Failure) 12M->12M(15M) 0.036ms
[336.927s][info][gc] GC(3946) Pause Full (Allocation Failure) 12M->8M(15M) 21.498ms
[336.932s][info][gc] GC(3947) Pause Young (Allocation Failure) 13M->13M(15M) 0.035ms
[336.954s][info][gc] GC(3948) Pause Full (Allocation Failure) 13M->9M(15M) 21.630ms
[336.959s][info][gc] GC(3949) Pause Young (Allocation Failure) 13M->13M(15M) 0.038ms
[336.981s][info][gc] GC(3950) Pause Full (Allocation Failure) 13M->8M(15M) 21.630ms
[336.986s][info][gc] GC(3951) Pause Young (Allocation Failure) 13M->13M(15M) 0.036ms
[337.008s][info][gc] GC(3952) Pause Full (Allocation Failure) 13M->8M(15M) 21.669ms
[337.013s][info][gc] GC(3953) Pause Young (Allocation Failure) 12M->12M(15M) 0.036ms
[337.035s][info][gc] GC(3954) Pause Full (Allocation Failure) 12M->9M(15M) 21.699ms
[337.040s][info][gc] GC(3955) Pause Young (Allocation Failure) 13M->13M(15M) 0.037ms
[337.061s][info][gc] GC(3956) Pause Full (Allocation Failure) 13M->8M(15M) 21.569ms
[337.067s][info][gc] GC(3957) Pause Young (Allocation Failure) 13M->13M(15M) 0.035ms
[337.088s][info][gc] GC(3958) Pause Full (Allocation Failure) 13M->8M(15M) 21.492ms
[337.093s][info][gc] GC(3959) Pause Young (Allocation Failure) 13M->13M(15M) 0.035ms
[337.115s][info][gc] GC(3960) Pause Full (Allocation Failure) 13M->8M(15M) 21.493ms
[337.120s][info][gc] GC(3961) Pause Young (Allocation Failure) 12M->12M(15M) 0.037ms
[337.142s][info][gc] GC(3962) Pause Full (Allocation Failure) 12M->8M(15M) 21.529ms
[337.147s][info][gc] GC(3963) Pause Young (Allocation Failure) 13M->13M(15M) 0.047ms
[337.170s][info][gc] GC(3964) Pause Full (Allocation Failure) 13M->8M(15M) 23.207ms
[337.176s][info][gc] GC(3965) Pause Young (Allocation Failure) 13M->13M(15M) 0.040ms
[337.197s][info][gc] GC(3966) Pause Full (Allocation Failure) 13M->8M(15M) 21.593ms
[337.203s][info][gc] GC(3967) Pause Young (Allocation Failure) 13M->13M(15M) 0.046ms
[337.224s][info][gc] GC(3968) Pause Full (Allocation Failure) 13M->8M(15M) 21.486ms
[337.230s][info][gc] GC(3969) Pause Young (Allocation Failure) 12M->12M(15M) 0.038ms
[337.251s][info][gc] GC(3970) Pause Full (Allocation Failure) 12M->8M(15M) 21.455ms
[337.257s][info][gc] GC(3971) Pause Young (Allocation Failure) 13M->13M(15M) 0.039ms
[337.279s][info][gc] GC(3972) Pause Full (Allocation Failure) 13M->8M(15M) 21.924ms
[337.284s][info][gc] GC(3973) Pause Young (Allocation Failure) 13M->13M(15M) 0.043ms
[337.306s][info][gc] GC(3974) Pause Full (Allocation Failure) 13M->8M(15M) 21.573ms
[337.311s][info][gc] GC(3975) Pause Young (Allocation Failure) 13M->13M(15M) 0.038ms
[337.332s][info][gc] GC(3976) Pause Full (Allocation Failure) 13M->8M(15M) 21.447ms
[337.337s][info][gc] GC(3977) Pause Young (Allocation Failure) 12M->12M(15M) 0.037ms
[337.359s][info][gc] GC(3978) Pause Full (Allocation Failure) 12M->8M(15M) 21.505ms
[337.364s][info][gc] GC(3979) Pause Young (Allocation Failure) 13M->13M(15M) 0.035ms
[337.386s][info][gc] GC(3980) Pause Full (Allocation Failure) 13M->9M(15M) 21.626ms
[337.391s][info][gc] GC(3981) Pause Young (Allocation Failure) 13M->13M(15M) 0.036ms
[337.413s][info][gc] GC(3982) Pause Full (Allocation Failure) 13M->9M(15M) 21.447ms
[337.418s][info][gc] GC(3983) Pause Young (Allocation Failure) 13M->13M(15M) 0.035ms
[337.439s][info][gc] GC(3984) Pause Full (Allocation Failure) 13M->8M(15M) 21.467ms
[337.444s][info][gc] GC(3985) Pause Young (Allocation Failure) 12M->12M(15M) 0.036ms
[337.466s][info][gc] GC(3986) Pause Full (Allocation Failure) 12M->9M(15M) 21.524ms
[337.472s][info][gc] GC(3987) Pause Young (Allocation Failure) 13M->13M(15M) 0.043ms
[337.493s][info][gc] GC(3988) Pause Full (Allocation Failure) 13M->8M(15M) 21.558ms
[337.498s][info][gc] GC(3989) Pause Young (Allocation Failure) 13M->13M(15M) 0.038ms
[337.520s][info][gc] GC(3990) Pause Full (Allocation Failure) 13M->9M(15M) 21.702ms
[337.525s][info][gc] GC(3991) Pause Young (Allocation Failure) 13M->13M(15M) 0.036ms
[337.547s][info][gc] GC(3992) Pause Full (Allocation Failure) 13M->8M(15M) 21.550ms
[337.552s][info][gc] GC(3993) Pause Young (Allocation Failure) 12M->12M(15M) 0.036ms
[337.574s][info][gc] GC(3994) Pause Full (Allocation Failure) 12M->8M(15M) 21.523ms
[337.579s][info][gc] GC(3995) Pause Young (Allocation Failure) 13M->13M(15M) 0.035ms
[337.601s][info][gc] GC(3996) Pause Full (Allocation Failure) 13M->9M(15M) 21.577ms
[337.606s][info][gc] GC(3997) Pause Young (Allocation Failure) 13M->13M(15M) 0.036ms
[337.627s][info][gc] GC(3998) Pause Full (Allocation Failure) 13M->9M(15M) 21.614ms
[337.633s][info][gc] GC(3999) Pause Young (Allocation Failure) 13M->13M(15M) 0.036ms
[337.654s][info][gc] GC(4000) Pause Full (Allocation Failure) 13M->8M(15M) 21.486ms
[337.659s][info][gc] GC(4001) Pause Young (Allocation Failure) 12M->12M(15M) 0.037ms
[337.681s][info][gc] GC(4002) Pause Full (Allocation Failure) 12M->9M(15M) 21.526ms
[337.686s][info][gc] GC(4003) Pause Young (Allocation Failure) 13M->13M(15M) 0.036ms
[337.708s][info][gc] GC(4004) Pause Full (Allocation Failure) 13M->8M(15M) 21.595ms
[337.713s][info][gc] GC(4005) Pause Young (Allocation Failure) 13M->13M(15M) 0.036ms
[337.735s][info][gc] GC(4006) Pause Full (Allocation Failure) 13M->8M(15M) 21.447ms
[337.740s][info][gc] GC(4007) Pause Young (Allocation Failure) 13M->13M(15M) 0.037ms
[337.762s][info][gc] GC(4008) Pause Full (Allocation Failure) 13M->8M(15M) 21.744ms
[337.767s][info][gc] GC(4009) Pause Young (Allocation Failure) 12M->12M(15M) 0.042ms
[337.789s][info][gc] GC(4010) Pause Full (Allocation Failure) 12M->8M(15M) 21.984ms
[337.794s][info][gc] GC(4011) Pause Young (Allocation Failure) 13M->13M(15M) 0.040ms
[337.816s][info][gc] GC(4012) Pause Full (Allocation Failure) 13M->9M(15M) 21.991ms
[337.822s][info][gc] GC(4013) Pause Young (Allocation Failure) 13M->13M(15M) 0.037ms
[337.844s][info][gc] GC(4014) Pause Full (Allocation Failure) 13M->9M(15M) 21.611ms
[337.849s][info][gc] GC(4015) Pause Young (Allocation Failure) 13M->13M(15M) 0.038ms
[337.871s][info][gc] GC(4016) Pause Full (Allocation Failure) 13M->8M(15M) 21.557ms
[337.876s][info][gc] GC(4017) Pause Young (Allocation Failure) 12M->12M(15M) 0.034ms
[337.898s][info][gc] GC(4018) Pause Full (Allocation Failure) 12M->9M(15M) 21.659ms
[337.903s][info][gc] GC(4019) Pause Young (Allocation Failure) 13M->13M(15M) 0.037ms
[337.925s][info][gc] GC(4020) Pause Full (Allocation Failure) 13M->8M(15M) 21.757ms
[337.930s][info][gc] GC(4021) Pause Young (Allocation Failure) 13M->13M(15M) 0.036ms
[337.951s][info][gc] GC(4022) Pause Full (Allocation Failure) 13M->9M(15M) 21.621ms
[337.957s][info][gc] GC(4023) Pause Young (Allocation Failure) 13M->13M(15M) 0.051ms
[337.979s][info][gc] GC(4024) Pause Full (Allocation Failure) 13M->8M(15M) 22.131ms
[337.984s][info][gc] GC(4025) Pause Young (Allocation Failure) 12M->12M(15M) 0.037ms
[338.006s][info][gc] GC(4026) Pause Full (Allocation Failure) 12M->8M(15M) 21.764ms
[338.011s][info][gc] GC(4027) Pause Young (Allocation Failure) 13M->13M(15M) 0.036ms
[338.033s][info][gc] GC(4028) Pause Full (Allocation Failure) 13M->9M(15M) 21.725ms
[338.038s][info][gc] GC(4029) Pause Young (Allocation Failure) 13M->13M(15M) 0.036ms
[338.060s][info][gc] GC(4030) Pause Full (Allocation Failure) 13M->9M(15M) 21.709ms
[338.065s][info][gc] GC(4031) Pause Young (Allocation Failure) 13M->13M(15M) 0.036ms
[338.087s][info][gc] GC(4032) Pause Full (Allocation Failure) 13M->8M(15M) 21.675ms
[338.092s][info][gc] GC(4033) Pause Young (Allocation Failure) 12M->12M(15M) 0.034ms
[338.114s][info][gc] GC(4034) Pause Full (Allocation Failure) 12M->9M(15M) 21.547ms
[338.119s][info][gc] GC(4035) Pause Young (Allocation Failure) 13M->13M(15M) 0.036ms
[338.141s][info][gc] GC(4036) Pause Full (Allocation Failure) 13M->9M(15M) 21.873ms
[338.146s][info][gc] GC(4037) Pause Young (Allocation Failure) 13M->13M(15M) 0.048ms
[338.169s][info][gc] GC(4038) Pause Full (Allocation Failure) 13M->9M(15M) 22.770ms
[338.174s][info][gc] GC(4039) Pause Young (Allocation Failure) 13M->13M(15M) 0.039ms
[338.196s][info][gc] GC(4040) Pause Full (Allocation Failure) 13M->8M(15M) 21.868ms
[338.201s][info][gc] GC(4041) Pause Young (Allocation Failure) 12M->12M(15M) 0.035ms
[338.223s][info][gc] GC(4042) Pause Full (Allocation Failure) 12M->9M(15M) 21.701ms
[338.228s][info][gc] GC(4043) Pause Young (Allocation Failure) 13M->13M(15M) 0.036ms
[338.250s][info][gc] GC(4044) Pause Full (Allocation Failure) 13M->9M(15M) 21.676ms
[338.255s][info][gc] GC(4045) Pause Young (Allocation Failure) 13M->13M(15M) 0.036ms
[338.277s][info][gc] GC(4046) Pause Full (Allocation Failure) 13M->9M(15M) 21.827ms
[338.282s][info][gc] GC(4047) Pause Young (Allocation Failure) 13M->13M(15M) 0.045ms
[338.304s][info][gc] GC(4048) Pause Full (Allocation Failure) 13M->8M(15M) 22.046ms
[338.310s][info][gc] GC(4049) Pause Young (Allocation Failure) 12M->12M(15M) 0.042ms
[338.331s][info][gc] GC(4050) Pause Full (Allocation Failure) 12M->8M(15M) 21.366ms
[338.337s][info][gc] GC(4051) Pause Young (Allocation Failure) 13M->13M(15M) 0.036ms
[338.358s][info][gc] GC(4052) Pause Full (Allocation Failure) 13M->9M(15M) 21.670ms
[338.363s][info][gc] GC(4053) Pause Young (Allocation Failure) 13M->13M(15M) 0.036ms
[338.385s][info][gc] GC(4054) Pause Full (Allocation Failure) 13M->9M(15M) 21.612ms
[338.390s][info][gc] GC(4055) Pause Young (Allocation Failure) 13M->13M(15M) 0.039ms
[338.412s][info][gc] GC(4056) Pause Full (Allocation Failure) 13M->8M(15M) 21.997ms
[338.418s][info][gc] GC(4057) Pause Young (Allocation Failure) 12M->12M(15M) 0.038ms
[338.439s][info][gc] GC(4058) Pause Full (Allocation Failure) 12M->9M(15M) 21.699ms
[338.444s][info][gc] GC(4059) Pause Young (Allocation Failure) 13M->13M(15M) 0.036ms
[338.466s][info][gc] GC(4060) Pause Full (Allocation Failure) 13M->9M(15M) 21.644ms
[338.471s][info][gc] GC(4061) Pause Young (Allocation Failure) 13M->13M(15M) 0.036ms
[338.493s][info][gc] GC(4062) Pause Full (Allocation Failure) 13M->9M(15M) 21.614ms
[338.498s][info][gc] GC(4063) Pause Young (Allocation Failure) 13M->13M(15M) 0.036ms
[338.520s][info][gc] GC(4064) Pause Full (Allocation Failure) 13M->8M(15M) 21.817ms
[338.525s][info][gc] GC(4065) Pause Young (Allocation Failure) 12M->12M(15M) 0.035ms
[338.547s][info][gc] GC(4066) Pause Full (Allocation Failure) 12M->9M(15M) 21.689ms
[338.552s][info][gc] GC(4067) Pause Young (Allocation Failure) 13M->13M(15M) 0.037ms
[338.574s][info][gc] GC(4068) Pause Full (Allocation Failure) 13M->9M(15M) 21.545ms
[338.579s][info][gc] GC(4069) Pause Young (Allocation Failure) 13M->13M(15M) 0.036ms
[338.601s][info][gc] GC(4070) Pause Full (Allocation Failure) 13M->9M(15M) 21.776ms
[338.606s][info][gc] GC(4071) Pause Young (Allocation Failure) 13M->13M(15M) 0.035ms
[338.628s][info][gc] GC(4072) Pause Full (Allocation Failure) 13M->8M(15M) 21.699ms
[338.633s][info][gc] GC(4073) Pause Young (Allocation Failure) 12M->12M(15M) 0.036ms
[338.654s][info][gc] GC(4074) Pause Full (Allocation Failure) 12M->9M(15M) 21.622ms
[338.660s][info][gc] GC(4075) Pause Young (Allocation Failure) 13M->13M(15M) 0.048ms
[338.682s][info][gc] GC(4076) Pause Full (Allocation Failure) 13M->9M(15M) 22.265ms
[338.687s][info][gc] GC(4077) Pause Young (Allocation Failure) 13M->13M(15M) 0.035ms
[338.709s][info][gc] GC(4078) Pause Full (Allocation Failure) 13M->9M(15M) 21.774ms
[338.714s][info][gc] GC(4079) Pause Young (Allocation Failure) 13M->13M(15M) 0.036ms
[338.736s][info][gc] GC(4080) Pause Full (Allocation Failure) 13M->8M(15M) 21.644ms
[338.741s][info][gc] GC(4081) Pause Young (Allocation Failure) 12M->12M(15M) 0.036ms
[338.763s][info][gc] GC(4082) Pause Full (Allocation Failure) 12M->9M(15M) 21.645ms
[338.768s][info][gc] GC(4083) Pause Young (Allocation Failure) 13M->13M(15M) 0.036ms
[338.790s][info][gc] GC(4084) Pause Full (Allocation Failure) 13M->9M(15M) 21.753ms
[338.795s][info][gc] GC(4085) Pause Young (Allocation Failure) 13M->13M(15M) 0.036ms
[338.817s][info][gc] GC(4086) Pause Full (Allocation Failure) 13M->9M(15M) 21.662ms
[338.822s][info][gc] GC(4087) Pause Young (Allocation Failure) 13M->13M(15M) 0.036ms
[338.843s][info][gc] GC(4088) Pause Full (Allocation Failure) 13M->8M(15M) 21.693ms
[338.849s][info][gc] GC(4089) Pause Young (Allocation Failure) 12M->12M(15M) 0.035ms
[338.871s][info][gc] GC(4090) Pause Full (Allocation Failure) 12M->9M(15M) 21.779ms
[338.876s][info][gc] GC(4091) Pause Young (Allocation Failure) 13M->13M(15M) 0.036ms
[338.897s][info][gc] GC(4092) Pause Full (Allocation Failure) 13M->9M(15M) 21.663ms
[338.903s][info][gc] GC(4093) Pause Young (Allocation Failure) 13M->13M(15M) 0.039ms
[338.925s][info][gc] GC(4094) Pause Full (Allocation Failure) 13M->9M(15M) 22.270ms
[338.930s][info][gc] GC(4095) Pause Young (Allocation Failure) 13M->13M(15M) 0.037ms
[338.952s][info][gc] GC(4096) Pause Full (Allocation Failure) 13M->8M(15M) 21.829ms
[338.957s][info][gc] GC(4097) Pause Young (Allocation Failure) 12M->12M(15M) 0.036ms
[338.979s][info][gc] GC(4098) Pause Full (Allocation Failure) 12M->9M(15M) 21.775ms
[338.984s][info][gc] GC(4099) Pause Young (Allocation Failure) 13M->13M(15M) 0.037ms
[339.006s][info][gc] GC(4100) Pause Full (Allocation Failure) 13M->9M(15M) 21.660ms
[339.011s][info][gc] GC(4101) Pause Young (Allocation Failure) 13M->13M(15M) 0.035ms
[339.033s][info][gc] GC(4102) Pause Full (Allocation Failure) 13M->9M(15M) 21.766ms
[339.038s][info][gc] GC(4103) Pause Young (Allocation Failure) 13M->13M(15M) 0.035ms
[339.060s][info][gc] GC(4104) Pause Full (Allocation Failure) 13M->8M(15M) 21.821ms
[339.065s][info][gc] GC(4105) Pause Young (Allocation Failure) 12M->12M(15M) 0.035ms
[339.087s][info][gc] GC(4106) Pause Full (Allocation Failure) 12M->9M(15M) 21.779ms
[339.092s][info][gc] GC(4107) Pause Young (Allocation Failure) 13M->13M(15M) 0.038ms
[339.114s][info][gc] GC(4108) Pause Full (Allocation Failure) 13M->9M(15M) 21.743ms
[339.119s][info][gc] GC(4109) Pause Young (Allocation Failure) 13M->13M(15M) 0.035ms
[339.141s][info][gc] GC(4110) Pause Full (Allocation Failure) 13M->9M(15M) 21.686ms
[339.146s][info][gc] GC(4111) Pause Young (Allocation Failure) 13M->13M(15M) 0.047ms
[339.169s][info][gc] GC(4112) Pause Full (Allocation Failure) 13M->8M(15M) 22.771ms
[339.174s][info][gc] GC(4113) Pause Young (Allocation Failure) 12M->12M(15M) 0.039ms
[339.196s][info][gc] GC(4114) Pause Full (Allocation Failure) 12M->9M(15M) 21.918ms
[339.201s][info][gc] GC(4115) Pause Young (Allocation Failure) 13M->13M(15M) 0.036ms
[339.223s][info][gc] GC(4116) Pause Full (Allocation Failure) 13M->9M(15M) 21.853ms
[339.228s][info][gc] GC(4117) Pause Young (Allocation Failure) 13M->13M(15M) 0.035ms
[339.250s][info][gc] GC(4118) Pause Full (Allocation Failure) 13M->9M(15M) 21.813ms
[339.255s][info][gc] GC(4119) Pause Young (Allocation Failure) 13M->13M(15M) 0.039ms
[339.278s][info][gc] GC(4120) Pause Full (Allocation Failure) 13M->8M(15M) 22.123ms
[339.283s][info][gc] GC(4121) Pause Young (Allocation Failure) 12M->12M(15M) 0.041ms
[339.306s][info][gc] GC(4122) Pause Full (Allocation Failure) 12M->9M(15M) 22.662ms
[339.311s][info][gc] GC(4123) Pause Young (Allocation Failure) 13M->13M(15M) 0.056ms
[339.333s][info][gc] GC(4124) Pause Full (Allocation Failure) 13M->8M(15M) 21.960ms
[339.339s][info][gc] GC(4125) Pause Young (Allocation Failure) 13M->13M(15M) 0.041ms
[339.361s][info][gc] GC(4126) Pause Full (Allocation Failure) 13M->9M(15M) 21.830ms
[339.366s][info][gc] GC(4127) Pause Young (Allocation Failure) 13M->13M(15M) 0.039ms
[339.388s][info][gc] GC(4128) Pause Full (Allocation Failure) 13M->8M(15M) 21.684ms
[339.393s][info][gc] GC(4129) Pause Young (Allocation Failure) 12M->12M(15M) 0.035ms
[339.415s][info][gc] GC(4130) Pause Full (Allocation Failure) 12M->9M(15M) 21.828ms
[339.420s][info][gc] GC(4131) Pause Young (Allocation Failure) 13M->13M(15M) 0.036ms
[339.442s][info][gc] GC(4132) Pause Full (Allocation Failure) 13M->9M(15M) 21.884ms
[339.447s][info][gc] GC(4133) Pause Young (Allocation Failure) 13M->13M(15M) 0.036ms
[339.469s][info][gc] GC(4134) Pause Full (Allocation Failure) 13M->9M(15M) 21.686ms
[339.474s][info][gc] GC(4135) Pause Young (Allocation Failure) 13M->13M(15M) 0.037ms
[339.496s][info][gc] GC(4136) Pause Full (Allocation Failure) 13M->8M(15M) 21.836ms
[339.501s][info][gc] GC(4137) Pause Young (Allocation Failure) 12M->12M(15M) 0.035ms
[339.523s][info][gc] GC(4138) Pause Full (Allocation Failure) 12M->9M(15M) 21.875ms
[339.528s][info][gc] GC(4139) Pause Young (Allocation Failure) 13M->13M(15M) 0.036ms
[339.550s][info][gc] GC(4140) Pause Full (Allocation Failure) 13M->9M(15M) 21.755ms
[339.555s][info][gc] GC(4141) Pause Young (Allocation Failure) 13M->13M(15M) 0.035ms
[339.577s][info][gc] GC(4142) Pause Full (Allocation Failure) 13M->9M(15M) 21.781ms
[339.582s][info][gc] GC(4143) Pause Young (Allocation Failure) 13M->13M(15M) 0.038ms
[339.604s][info][gc] GC(4144) Pause Full (Allocation Failure) 13M->8M(15M) 22.071ms
[339.609s][info][gc] GC(4145) Pause Young (Allocation Failure) 12M->12M(15M) 0.037ms
[339.631s][info][gc] GC(4146) Pause Full (Allocation Failure) 12M->9M(15M) 21.778ms
[339.637s][info][gc] GC(4147) Pause Young (Allocation Failure) 13M->13M(15M) 0.035ms
[339.659s][info][gc] GC(4148) Pause Full (Allocation Failure) 13M->9M(15M) 21.982ms
[339.664s][info][gc] GC(4149) Pause Young (Allocation Failure) 13M->13M(15M) 0.038ms
[339.685s][info][gc] GC(4150) Pause Full (Allocation Failure) 13M->9M(15M) 21.712ms
[339.691s][info][gc] GC(4151) Pause Young (Allocation Failure) 13M->13M(15M) 0.036ms
[339.713s][info][gc] GC(4152) Pause Full (Allocation Failure) 13M->8M(15M) 21.879ms
[339.718s][info][gc] GC(4153) Pause Young (Allocation Failure) 12M->12M(15M) 0.036ms
[339.740s][info][gc] GC(4154) Pause Full (Allocation Failure) 12M->9M(15M) 21.859ms
[339.745s][info][gc] GC(4155) Pause Young (Allocation Failure) 13M->13M(15M) 0.035ms
[339.767s][info][gc] GC(4156) Pause Full (Allocation Failure) 13M->9M(15M) 21.887ms
[339.772s][info][gc] GC(4157) Pause Young (Allocation Failure) 13M->13M(15M) 0.039ms
[339.794s][info][gc] GC(4158) Pause Full (Allocation Failure) 13M->9M(15M) 22.048ms
[339.799s][info][gc] GC(4159) Pause Young (Allocation Failure) 13M->13M(15M) 0.036ms
[339.821s][info][gc] GC(4160) Pause Full (Allocation Failure) 13M->8M(15M) 21.957ms
[339.826s][info][gc] GC(4161) Pause Young (Allocation Failure) 13M->13M(15M) 0.036ms
[339.848s][info][gc] GC(4162) Pause Full (Allocation Failure) 13M->9M(15M) 21.828ms
[339.853s][info][gc] GC(4163) Pause Young (Allocation Failure) 13M->13M(15M) 0.036ms
[339.875s][info][gc] GC(4164) Pause Full (Allocation Failure) 13M->9M(15M) 21.821ms
[339.880s][info][gc] GC(4165) Pause Young (Allocation Failure) 13M->13M(15M) 0.036ms
[339.902s][info][gc] GC(4166) Pause Full (Allocation Failure) 13M->9M(15M) 21.824ms
[339.908s][info][gc] GC(4167) Pause Young (Allocation Failure) 13M->13M(15M) 0.038ms
[339.929s][info][gc] GC(4168) Pause Full (Allocation Failure) 13M->8M(15M) 21.791ms
[339.935s][info][gc] GC(4169) Pause Young (Allocation Failure) 12M->12M(15M) 0.035ms
[339.956s][info][gc] GC(4170) Pause Full (Allocation Failure) 12M->9M(15M) 21.728ms
[339.962s][info][gc] GC(4171) Pause Young (Allocation Failure) 13M->13M(15M) 0.036ms
[339.984s][info][gc] GC(4172) Pause Full (Allocation Failure) 13M->9M(15M) 21.995ms
[339.989s][info][gc] GC(4173) Pause Young (Allocation Failure) 13M->13M(15M) 0.036ms
[340.011s][info][gc] GC(4174) Pause Full (Allocation Failure) 13M->9M(15M) 22.280ms
[340.016s][info][gc] GC(4175) Pause Young (Allocation Failure) 13M->13M(15M) 0.036ms
[340.038s][info][gc] GC(4176) Pause Full (Allocation Failure) 13M->8M(15M) 21.743ms
[340.043s][info][gc] GC(4177) Pause Young (Allocation Failure) 12M->12M(15M) 0.037ms
[340.065s][info][gc] GC(4178) Pause Full (Allocation Failure) 12M->9M(15M) 22.042ms
[340.071s][info][gc] GC(4179) Pause Young (Allocation Failure) 13M->13M(15M) 0.036ms
[340.092s][info][gc] GC(4180) Pause Full (Allocation Failure) 13M->9M(15M) 21.884ms
[340.098s][info][gc] GC(4181) Pause Young (Allocation Failure) 13M->13M(15M) 0.036ms
[340.119s][info][gc] GC(4182) Pause Full (Allocation Failure) 13M->9M(15M) 21.789ms
[340.125s][info][gc] GC(4183) Pause Young (Allocation Failure) 13M->13M(15M) 0.039ms
[340.147s][info][gc] GC(4184) Pause Full (Allocation Failure) 13M->8M(15M) 22.481ms
[340.153s][info][gc] GC(4185) Pause Young (Allocation Failure) 13M->13M(15M) 0.048ms
[340.176s][info][gc] GC(4186) Pause Full (Allocation Failure) 13M->9M(15M) 23.001ms
[340.181s][info][gc] GC(4187) Pause Young (Allocation Failure) 13M->13M(15M) 0.039ms
[340.203s][info][gc] GC(4188) Pause Full (Allocation Failure) 13M->9M(15M) 21.865ms
[340.208s][info][gc] GC(4189) Pause Young (Allocation Failure) 13M->13M(15M) 0.035ms
[340.231s][info][gc] GC(4190) Pause Full (Allocation Failure) 13M->9M(15M) 22.308ms
[340.236s][info][gc] GC(4191) Pause Young (Allocation Failure) 13M->13M(15M) 0.036ms
[340.258s][info][gc] GC(4192) Pause Full (Allocation Failure) 13M->8M(15M) 21.875ms
[340.263s][info][gc] GC(4193) Pause Young (Allocation Failure) 12M->12M(15M) 0.036ms
[340.285s][info][gc] GC(4194) Pause Full (Allocation Failure) 12M->9M(15M) 22.057ms
[340.291s][info][gc] GC(4195) Pause Young (Allocation Failure) 13M->13M(15M) 0.044ms
[340.313s][info][gc] GC(4196) Pause Full (Allocation Failure) 13M->9M(15M) 21.923ms
[340.318s][info][gc] GC(4197) Pause Young (Allocation Failure) 13M->13M(15M) 0.036ms
[340.340s][info][gc] GC(4198) Pause Full (Allocation Failure) 13M->9M(15M) 21.928ms
[340.345s][info][gc] GC(4199) Pause Young (Allocation Failure) 13M->13M(15M) 0.036ms
[340.367s][info][gc] GC(4200) Pause Full (Allocation Failure) 13M->8M(15M) 21.956ms
[340.372s][info][gc] GC(4201) Pause Young (Allocation Failure) 12M->12M(15M) 0.035ms
[340.394s][info][gc] GC(4202) Pause Full (Allocation Failure) 12M->9M(15M) 21.807ms
[340.399s][info][gc] GC(4203) Pause Young (Allocation Failure) 13M->13M(15M) 0.037ms
[340.421s][info][gc] GC(4204) Pause Full (Allocation Failure) 13M->9M(15M) 21.919ms
[340.426s][info][gc] GC(4205) Pause Young (Allocation Failure) 13M->13M(15M) 0.035ms
[340.448s][info][gc] GC(4206) Pause Full (Allocation Failure) 13M->9M(15M) 21.917ms
[340.453s][info][gc] GC(4207) Pause Young (Allocation Failure) 13M->13M(15M) 0.036ms
[340.475s][info][gc] GC(4208) Pause Full (Allocation Failure) 13M->8M(15M) 22.021ms
[340.481s][info][gc] GC(4209) Pause Young (Allocation Failure) 12M->12M(15M) 0.034ms
[340.502s][info][gc] GC(4210) Pause Full (Allocation Failure) 12M->9M(15M) 21.842ms
[340.508s][info][gc] GC(4211) Pause Young (Allocation Failure) 13M->13M(15M) 0.039ms
[340.530s][info][gc] GC(4212) Pause Full (Allocation Failure) 13M->9M(15M) 22.258ms
[340.535s][info][gc] GC(4213) Pause Young (Allocation Failure) 13M->13M(15M) 0.038ms
[340.557s][info][gc] GC(4214) Pause Full (Allocation Failure) 13M->9M(15M) 21.860ms
[340.562s][info][gc] GC(4215) Pause Young (Allocation Failure) 13M->13M(15M) 0.036ms
[340.584s][info][gc] GC(4216) Pause Full (Allocation Failure) 13M->8M(15M) 21.875ms
[340.590s][info][gc] GC(4217) Pause Young (Allocation Failure) 13M->13M(15M) 0.038ms
[340.612s][info][gc] GC(4218) Pause Full (Allocation Failure) 13M->9M(15M) 21.885ms
[340.617s][info][gc] GC(4219) Pause Young (Allocation Failure) 13M->13M(15M) 0.035ms
[340.639s][info][gc] GC(4220) Pause Full (Allocation Failure) 13M->9M(15M) 21.890ms
[340.644s][info][gc] GC(4221) Pause Young (Allocation Failure) 13M->13M(15M) 0.036ms
[340.666s][info][gc] GC(4222) Pause Full (Allocation Failure) 13M->9M(15M) 21.967ms
[340.671s][info][gc] GC(4223) Pause Young (Allocation Failure) 13M->13M(15M) 0.037ms
[340.693s][info][gc] GC(4224) Pause Full (Allocation Failure) 13M->8M(15M) 21.886ms
[340.698s][info][gc] GC(4225) Pause Young (Allocation Failure) 12M->12M(15M) 0.053ms
[340.720s][info][gc] GC(4226) Pause Full (Allocation Failure) 12M->9M(15M) 21.828ms
[340.725s][info][gc] GC(4227) Pause Young (Allocation Failure) 13M->13M(15M) 0.036ms
[340.747s][info][gc] GC(4228) Pause Full (Allocation Failure) 13M->9M(15M) 21.976ms
[340.752s][info][gc] GC(4229) Pause Young (Allocation Failure) 13M->13M(15M) 0.036ms
[340.774s][info][gc] GC(4230) Pause Full (Allocation Failure) 13M->9M(15M) 21.930ms
[340.779s][info][gc] GC(4231) Pause Young (Allocation Failure) 13M->13M(15M) 0.036ms
[340.801s][info][gc] GC(4232) Pause Full (Allocation Failure) 13M->8M(15M) 21.889ms
[340.807s][info][gc] GC(4233) Pause Young (Allocation Failure) 12M->12M(15M) 0.036ms
[340.828s][info][gc] GC(4234) Pause Full (Allocation Failure) 12M->9M(15M) 21.859ms
[340.834s][info][gc] GC(4235) Pause Young (Allocation Failure) 13M->13M(15M) 0.035ms
[340.856s][info][gc] GC(4236) Pause Full (Allocation Failure) 13M->9M(15M) 21.923ms
[340.861s][info][gc] GC(4237) Pause Young (Allocation Failure) 13M->13M(15M) 0.036ms
[340.883s][info][gc] GC(4238) Pause Full (Allocation Failure) 13M->9M(15M) 21.914ms
[340.888s][info][gc] GC(4239) Pause Young (Allocation Failure) 13M->13M(15M) 0.053ms
[340.910s][info][gc] GC(4240) Pause Full (Allocation Failure) 13M->8M(15M) 22.069ms
[340.915s][info][gc] GC(4241) Pause Young (Allocation Failure) 13M->13M(15M) 0.035ms
[340.937s][info][gc] GC(4242) Pause Full (Allocation Failure) 13M->9M(15M) 21.932ms
[340.942s][info][gc] GC(4243) Pause Young (Allocation Failure) 13M->13M(15M) 0.036ms
[340.964s][info][gc] GC(4244) Pause Full (Allocation Failure) 13M->9M(15M) 21.953ms
[340.970s][info][gc] GC(4245) Pause Young (Allocation Failure) 13M->13M(15M) 0.035ms
[340.992s][info][gc] GC(4246) Pause Full (Allocation Failure) 13M->9M(15M) 22.012ms
[340.997s][info][gc] GC(4247) Pause Young (Allocation Failure) 13M->13M(15M) 0.038ms
[341.019s][info][gc] GC(4248) Pause Full (Allocation Failure) 13M->8M(15M) 22.115ms
[341.024s][info][gc] GC(4249) Pause Young (Allocation Failure) 12M->12M(15M) 0.036ms
[341.046s][info][gc] GC(4250) Pause Full (Allocation Failure) 12M->9M(15M) 21.865ms
[341.051s][info][gc] GC(4251) Pause Young (Allocation Failure) 13M->13M(15M) 0.036ms
[341.073s][info][gc] GC(4252) Pause Full (Allocation Failure) 13M->9M(15M) 21.975ms
[341.078s][info][gc] GC(4253) Pause Young (Allocation Failure) 13M->13M(15M) 0.035ms
[341.101s][info][gc] GC(4254) Pause Full (Allocation Failure) 13M->9M(15M) 22.086ms
[341.106s][info][gc] GC(4255) Pause Young (Allocation Failure) 13M->13M(15M) 0.036ms
[341.128s][info][gc] GC(4256) Pause Full (Allocation Failure) 13M->8M(15M) 21.836ms
[341.133s][info][gc] GC(4257) Pause Young (Allocation Failure) 12M->12M(15M) 0.039ms
[341.155s][info][gc] GC(4258) Pause Full (Allocation Failure) 12M->9M(15M) 22.492ms
[341.161s][info][gc] GC(4259) Pause Young (Allocation Failure) 13M->13M(15M) 0.046ms
[341.184s][info][gc] GC(4260) Pause Full (Allocation Failure) 13M->9M(15M) 23.209ms
[341.189s][info][gc] GC(4261) Pause Young (Allocation Failure) 13M->13M(15M) 0.036ms
[341.211s][info][gc] GC(4262) Pause Full (Allocation Failure) 13M->9M(15M) 22.152ms
[341.216s][info][gc] GC(4263) Pause Young (Allocation Failure) 13M->13M(15M) 0.036ms
[341.239s][info][gc] GC(4264) Pause Full (Allocation Failure) 13M->8M(15M) 22.090ms
[341.244s][info][gc] GC(4265) Pause Young (Allocation Failure) 12M->12M(15M) 0.036ms
[341.266s][info][gc] GC(4266) Pause Full (Allocation Failure) 12M->9M(15M) 21.911ms
[341.271s][info][gc] GC(4267) Pause Young (Allocation Failure) 13M->13M(15M) 0.042ms
[341.294s][info][gc] GC(4268) Pause Full (Allocation Failure) 13M->9M(15M) 22.735ms
[341.299s][info][gc] GC(4269) Pause Young (Allocation Failure) 13M->13M(15M) 0.043ms
[341.321s][info][gc] GC(4270) Pause Full (Allocation Failure) 13M->9M(15M) 21.973ms
[341.326s][info][gc] GC(4271) Pause Young (Allocation Failure) 13M->13M(15M) 0.039ms
[341.349s][info][gc] GC(4272) Pause Full (Allocation Failure) 13M->8M(15M) 22.362ms
[341.354s][info][gc] GC(4273) Pause Young (Allocation Failure) 12M->12M(15M) 0.037ms
[341.376s][info][gc] GC(4274) Pause Full (Allocation Failure) 12M->9M(15M) 21.933ms
[341.381s][info][gc] GC(4275) Pause Young (Allocation Failure) 13M->13M(15M) 0.036ms
[341.403s][info][gc] GC(4276) Pause Full (Allocation Failure) 13M->9M(15M) 22.049ms
[341.408s][info][gc] GC(4277) Pause Young (Allocation Failure) 13M->13M(15M) 0.035ms
[341.430s][info][gc] GC(4278) Pause Full (Allocation Failure) 13M->9M(15M) 21.912ms
[341.436s][info][gc] GC(4279) Pause Young (Allocation Failure) 13M->13M(15M) 0.036ms
[341.458s][info][gc] GC(4280) Pause Full (Allocation Failure) 13M->8M(15M) 22.007ms
[341.463s][info][gc] GC(4281) Pause Young (Allocation Failure) 13M->13M(15M) 0.040ms
[341.486s][info][gc] GC(4282) Pause Full (Allocation Failure) 13M->9M(15M) 22.628ms
[341.491s][info][gc] GC(4283) Pause Young (Allocation Failure) 13M->13M(15M) 0.038ms
[341.513s][info][gc] GC(4284) Pause Full (Allocation Failure) 13M->9M(15M) 21.843ms
[341.518s][info][gc] GC(4285) Pause Young (Allocation Failure) 13M->13M(15M) 0.037ms
[341.540s][info][gc] GC(4286) Pause Full (Allocation Failure) 13M->9M(15M) 21.850ms
[341.545s][info][gc] GC(4287) Pause Young (Allocation Failure) 13M->13M(15M) 0.036ms
[341.567s][info][gc] GC(4288) Pause Full (Allocation Failure) 13M->8M(15M) 21.831ms
[341.572s][info][gc] GC(4289) Pause Young (Allocation Failure) 12M->12M(15M) 0.036ms
[341.594s][info][gc] GC(4290) Pause Full (Allocation Failure) 12M->9M(15M) 22.184ms
[341.599s][info][gc] GC(4291) Pause Young (Allocation Failure) 13M->13M(15M) 0.036ms
[341.621s][info][gc] GC(4292) Pause Full (Allocation Failure) 13M->9M(15M) 22.025ms
[341.627s][info][gc] GC(4293) Pause Young (Allocation Failure) 13M->13M(15M) 0.036ms
[341.649s][info][gc] GC(4294) Pause Full (Allocation Failure) 13M->9M(15M) 22.157ms
[341.654s][info][gc] GC(4295) Pause Young (Allocation Failure) 13M->13M(15M) 0.036ms
[341.676s][info][gc] GC(4296) Pause Full (Allocation Failure) 13M->8M(15M) 22.144ms
[341.681s][info][gc] GC(4297) Pause Young (Allocation Failure) 13M->13M(15M) 0.038ms
[341.703s][info][gc] GC(4298) Pause Full (Allocation Failure) 13M->9M(15M) 21.904ms
[341.709s][info][gc] GC(4299) Pause Young (Allocation Failure) 13M->13M(15M) 0.036ms
[341.731s][info][gc] GC(4300) Pause Full (Allocation Failure) 13M->9M(15M) 21.912ms
[341.736s][info][gc] GC(4301) Pause Young (Allocation Failure) 13M->13M(15M) 0.036ms
[341.758s][info][gc] GC(4302) Pause Full (Allocation Failure) 13M->9M(15M) 22.028ms
[341.763s][info][gc] GC(4303) Pause Young (Allocation Failure) 13M->13M(15M) 0.036ms
[341.785s][info][gc] GC(4304) Pause Full (Allocation Failure) 13M->8M(15M) 21.966ms
[341.790s][info][gc] GC(4305) Pause Young (Allocation Failure) 13M->13M(15M) 0.035ms
[341.813s][info][gc] GC(4306) Pause Full (Allocation Failure) 13M->9M(15M) 22.280ms
[341.818s][info][gc] GC(4307) Pause Young (Allocation Failure) 13M->13M(15M) 0.036ms
[341.840s][info][gc] GC(4308) Pause Full (Allocation Failure) 13M->9M(15M) 21.961ms
[341.845s][info][gc] GC(4309) Pause Young (Allocation Failure) 13M->13M(15M) 0.035ms
[341.867s][info][gc] GC(4310) Pause Full (Allocation Failure) 13M->9M(15M) 21.949ms
[341.872s][info][gc] GC(4311) Pause Young (Allocation Failure) 13M->13M(15M) 0.036ms
[341.894s][info][gc] GC(4312) Pause Full (Allocation Failure) 13M->8M(15M) 22.062ms
[341.899s][info][gc] GC(4313) Pause Young (Allocation Failure) 13M->13M(15M) 0.036ms
[341.921s][info][gc] GC(4314) Pause Full (Allocation Failure) 13M->9M(15M) 22.026ms
[341.927s][info][gc] GC(4315) Pause Young (Allocation Failure) 13M->13M(15M) 0.035ms
[341.949s][info][gc] GC(4316) Pause Full (Allocation Failure) 13M->9M(15M) 22.039ms
[341.954s][info][gc] GC(4317) Pause Young (Allocation Failure) 13M->13M(15M) 0.036ms
[341.976s][info][gc] GC(4318) Pause Full (Allocation Failure) 13M->9M(15M) 22.189ms
[341.981s][info][gc] GC(4319) Pause Young (Allocation Failure) 13M->13M(15M) 0.040ms
[342.004s][info][gc] GC(4320) Pause Full (Allocation Failure) 13M->8M(15M) 22.424ms
[342.009s][info][gc] GC(4321) Pause Young (Allocation Failure) 13M->13M(15M) 0.040ms
[342.031s][info][gc] GC(4322) Pause Full (Allocation Failure) 13M->9M(15M) 21.991ms
[342.036s][info][gc] GC(4323) Pause Young (Allocation Failure) 13M->13M(15M) 0.035ms
[342.058s][info][gc] GC(4324) Pause Full (Allocation Failure) 13M->9M(15M) 22.005ms
[342.064s][info][gc] GC(4325) Pause Young (Allocation Failure) 13M->13M(15M) 0.035ms
[342.086s][info][gc] GC(4326) Pause Full (Allocation Failure) 13M->9M(15M) 22.065ms
[342.091s][info][gc] GC(4327) Pause Young (Allocation Failure) 13M->13M(15M) 0.037ms
[342.113s][info][gc] GC(4328) Pause Full (Allocation Failure) 13M->8M(15M) 21.990ms
[342.118s][info][gc] GC(4329) Pause Young (Allocation Failure) 13M->13M(15M) 0.053ms
[342.140s][info][gc] GC(4330) Pause Full (Allocation Failure) 13M->9M(15M) 22.225ms
[342.146s][info][gc] GC(4331) Pause Young (Allocation Failure) 13M->13M(15M) 0.048ms
[342.169s][info][gc] GC(4332) Pause Full (Allocation Failure) 13M->9M(15M) 23.098ms
[342.174s][info][gc] GC(4333) Pause Young (Allocation Failure) 13M->13M(15M) 0.040ms
[342.197s][info][gc] GC(4334) Pause Full (Allocation Failure) 13M->9M(15M) 22.543ms
[342.202s][info][gc] GC(4335) Pause Young (Allocation Failure) 13M->13M(15M) 0.038ms
[342.225s][info][gc] GC(4336) Pause Full (Allocation Failure) 13M->8M(15M) 22.251ms
[342.230s][info][gc] GC(4337) Pause Young (Allocation Failure) 13M->13M(15M) 0.036ms
[342.252s][info][gc] GC(4338) Pause Full (Allocation Failure) 13M->9M(15M) 22.191ms
[342.257s][info][gc] GC(4339) Pause Young (Allocation Failure) 13M->13M(15M) 0.035ms
[342.279s][info][gc] GC(4340) Pause Full (Allocation Failure) 13M->9M(15M) 22.014ms
[342.285s][info][gc] GC(4341) Pause Young (Allocation Failure) 13M->13M(15M) 0.046ms
[342.308s][info][gc] GC(4342) Pause Full (Allocation Failure) 13M->9M(15M) 22.951ms
[342.314s][info][gc] GC(4343) Pause Young (Allocation Failure) 13M->13M(15M) 0.044ms
[342.338s][info][gc] GC(4344) Pause Full (Allocation Failure) 13M->8M(15M) 23.049ms
[342.343s][info][gc] GC(4345) Pause Young (Allocation Failure) 13M->13M(15M) 0.041ms
[342.367s][info][gc] GC(4346) Pause Full (Allocation Failure) 13M->9M(15M) 24.438ms
[342.373s][info][gc] GC(4347) Pause Young (Allocation Failure) 13M->13M(15M) 0.038ms
[342.396s][info][gc] GC(4348) Pause Full (Allocation Failure) 13M->9M(15M) 23.361ms
[342.401s][info][gc] GC(4349) Pause Young (Allocation Failure) 13M->13M(15M) 0.036ms
[342.424s][info][gc] GC(4350) Pause Full (Allocation Failure) 13M->9M(15M) 23.043ms
[342.429s][info][gc] GC(4351) Pause Young (Allocation Failure) 13M->13M(15M) 0.036ms
[342.452s][info][gc] GC(4352) Pause Full (Allocation Failure) 13M->8M(15M) 22.022ms
[342.457s][info][gc] GC(4353) Pause Young (Allocation Failure) 13M->13M(15M) 0.037ms
[342.479s][info][gc] GC(4354) Pause Full (Allocation Failure) 13M->9M(15M) 22.316ms
[342.484s][info][gc] GC(4355) Pause Young (Allocation Failure) 13M->13M(15M) 0.036ms
[342.506s][info][gc] GC(4356) Pause Full (Allocation Failure) 13M->9M(15M) 22.085ms
[342.512s][info][gc] GC(4357) Pause Young (Allocation Failure) 13M->13M(15M) 0.036ms
[342.534s][info][gc] GC(4358) Pause Full (Allocation Failure) 13M->9M(15M) 22.092ms
[342.539s][info][gc] GC(4359) Pause Young (Allocation Failure) 13M->13M(15M) 0.036ms
[342.561s][info][gc] GC(4360) Pause Full (Allocation Failure) 13M->8M(15M) 21.953ms
[342.566s][info][gc] GC(4361) Pause Young (Allocation Failure) 13M->13M(15M) 0.036ms
[342.588s][info][gc] GC(4362) Pause Full (Allocation Failure) 13M->9M(15M) 21.995ms
[342.593s][info][gc] GC(4363) Pause Young (Allocation Failure) 13M->13M(15M) 0.036ms
[342.616s][info][gc] GC(4364) Pause Full (Allocation Failure) 13M->9M(15M) 22.244ms
[342.621s][info][gc] GC(4365) Pause Young (Allocation Failure) 13M->13M(15M) 0.036ms
[342.643s][info][gc] GC(4366) Pause Full (Allocation Failure) 13M->9M(15M) 22.047ms
[342.648s][info][gc] GC(4367) Pause Young (Allocation Failure) 13M->13M(15M) 0.037ms
[342.670s][info][gc] GC(4368) Pause Full (Allocation Failure) 13M->8M(15M) 22.172ms
[342.675s][info][gc] GC(4369) Pause Young (Allocation Failure) 13M->13M(15M) 0.035ms
[342.698s][info][gc] GC(4370) Pause Full (Allocation Failure) 13M->9M(15M) 22.119ms
[342.703s][info][gc] GC(4371) Pause Young (Allocation Failure) 13M->13M(15M) 0.036ms
[342.725s][info][gc] GC(4372) Pause Full (Allocation Failure) 13M->9M(15M) 22.083ms
[342.730s][info][gc] GC(4373) Pause Young (Allocation Failure) 13M->13M(15M) 0.036ms
[342.752s][info][gc] GC(4374) Pause Full (Allocation Failure) 13M->9M(15M) 22.229ms
[342.758s][info][gc] GC(4375) Pause Young (Allocation Failure) 13M->13M(15M) 0.036ms
[342.780s][info][gc] GC(4376) Pause Full (Allocation Failure) 13M->8M(15M) 22.515ms
[342.785s][info][gc] GC(4377) Pause Young (Allocation Failure) 13M->13M(15M) 0.035ms
[342.808s][info][gc] GC(4378) Pause Full (Allocation Failure) 13M->9M(15M) 22.333ms
[342.813s][info][gc] GC(4379) Pause Young (Allocation Failure) 13M->13M(15M) 0.052ms
[342.835s][info][gc] GC(4380) Pause Full (Allocation Failure) 13M->9M(15M) 22.546ms
[342.841s][info][gc] GC(4381) Pause Young (Allocation Failure) 13M->13M(15M) 0.038ms
[342.863s][info][gc] GC(4382) Pause Full (Allocation Failure) 13M->9M(15M) 22.215ms
[342.868s][info][gc] GC(4383) Pause Young (Allocation Failure) 13M->13M(15M) 0.035ms
[342.890s][info][gc] GC(4384) Pause Full (Allocation Failure) 13M->8M(15M) 22.127ms
[342.895s][info][gc] GC(4385) Pause Young (Allocation Failure) 13M->13M(15M) 0.036ms
[342.918s][info][gc] GC(4386) Pause Full (Allocation Failure) 13M->9M(15M) 22.106ms
[342.923s][info][gc] GC(4387) Pause Young (Allocation Failure) 13M->13M(15M) 0.040ms
[342.945s][info][gc] GC(4388) Pause Full (Allocation Failure) 13M->9M(15M) 22.441ms
[342.950s][info][gc] GC(4389) Pause Young (Allocation Failure) 13M->13M(15M) 0.037ms
[342.974s][info][gc] GC(4390) Pause Full (Allocation Failure) 13M->9M(15M) 23.142ms
[342.979s][info][gc] GC(4391) Pause Young (Allocation Failure) 13M->13M(15M) 0.039ms
[343.001s][info][gc] GC(4392) Pause Full (Allocation Failure) 13M->8M(15M) 22.262ms
[343.007s][info][gc] GC(4393) Pause Young (Allocation Failure) 13M->13M(15M) 0.041ms
[343.029s][info][gc] GC(4394) Pause Full (Allocation Failure) 13M->9M(15M) 22.156ms
[343.035s][info][gc] GC(4395) Pause Young (Allocation Failure) 13M->13M(15M) 0.039ms
[343.057s][info][gc] GC(4396) Pause Full (Allocation Failure) 13M->9M(15M) 22.193ms
[343.062s][info][gc] GC(4397) Pause Young (Allocation Failure) 13M->13M(15M) 0.037ms
[343.085s][info][gc] GC(4398) Pause Full (Allocation Failure) 13M->9M(15M) 22.284ms
[343.090s][info][gc] GC(4399) Pause Young (Allocation Failure) 13M->13M(15M) 0.036ms
[343.112s][info][gc] GC(4400) Pause Full (Allocation Failure) 13M->8M(15M) 22.240ms
[343.117s][info][gc] GC(4401) Pause Young (Allocation Failure) 13M->13M(15M) 0.036ms
[343.140s][info][gc] GC(4402) Pause Full (Allocation Failure) 13M->9M(15M) 22.142ms
[343.145s][info][gc] GC(4403) Pause Young (Allocation Failure) 13M->13M(15M) 0.048ms
[343.168s][info][gc] GC(4404) Pause Full (Allocation Failure) 13M->9M(15M) 23.243ms
[343.174s][info][gc] GC(4405) Pause Young (Allocation Failure) 13M->13M(15M) 0.038ms
[343.196s][info][gc] GC(4406) Pause Full (Allocation Failure) 13M->9M(15M) 22.454ms
[343.202s][info][gc] GC(4407) Pause Young (Allocation Failure) 13M->13M(15M) 0.038ms
[343.224s][info][gc] GC(4408) Pause Full (Allocation Failure) 13M->8M(15M) 22.273ms
[343.230s][info][gc] GC(4409) Pause Young (Allocation Failure) 13M->13M(15M) 0.036ms
[343.252s][info][gc] GC(4410) Pause Full (Allocation Failure) 13M->9M(15M) 22.276ms
[343.258s][info][gc] GC(4411) Pause Young (Allocation Failure) 13M->13M(15M) 0.035ms
[343.280s][info][gc] GC(4412) Pause Full (Allocation Failure) 13M->9M(15M) 22.238ms
[343.285s][info][gc] GC(4413) Pause Young (Allocation Failure) 13M->13M(15M) 0.052ms
[343.308s][info][gc] GC(4414) Pause Full (Allocation Failure) 13M->9M(15M) 22.492ms
[343.314s][info][gc] GC(4415) Pause Young (Allocation Failure) 13M->13M(15M) 0.046ms
[343.336s][info][gc] GC(4416) Pause Full (Allocation Failure) 13M->8M(15M) 22.604ms
[343.341s][info][gc] GC(4417) Pause Young (Allocation Failure) 13M->13M(15M) 0.038ms
[343.364s][info][gc] GC(4418) Pause Full (Allocation Failure) 13M->9M(15M) 22.376ms
[343.369s][info][gc] GC(4419) Pause Young (Allocation Failure) 13M->13M(15M) 0.036ms
[343.391s][info][gc] GC(4420) Pause Full (Allocation Failure) 13M->9M(15M) 22.173ms
[343.397s][info][gc] GC(4421) Pause Young (Allocation Failure) 13M->13M(15M) 0.037ms
[343.419s][info][gc] GC(4422) Pause Full (Allocation Failure) 13M->9M(15M) 22.216ms
[343.424s][info][gc] GC(4423) Pause Young (Allocation Failure) 13M->13M(15M) 0.036ms
[343.446s][info][gc] GC(4424) Pause Full (Allocation Failure) 13M->8M(15M) 22.162ms
[343.451s][info][gc] GC(4425) Pause Young (Allocation Failure) 13M->13M(15M) 0.036ms
[343.474s][info][gc] GC(4426) Pause Full (Allocation Failure) 13M->9M(15M) 22.339ms
[343.479s][info][gc] GC(4427) Pause Young (Allocation Failure) 13M->13M(15M) 0.035ms
[343.501s][info][gc] GC(4428) Pause Full (Allocation Failure) 13M->9M(15M) 22.106ms
[343.506s][info][gc] GC(4429) Pause Young (Allocation Failure) 13M->13M(15M) 0.036ms
[343.528s][info][gc] GC(4430) Pause Full (Allocation Failure) 13M->9M(15M) 22.246ms
[343.534s][info][gc] GC(4431) Pause Young (Allocation Failure) 13M->13M(15M) 0.036ms
[343.556s][info][gc] GC(4432) Pause Full (Allocation Failure) 13M->8M(15M) 22.199ms
[343.561s][info][gc] GC(4433) Pause Young (Allocation Failure) 13M->13M(15M) 0.036ms
[343.583s][info][gc] GC(4434) Pause Full (Allocation Failure) 13M->9M(15M) 22.184ms
[343.588s][info][gc] GC(4435) Pause Young (Allocation Failure) 13M->13M(15M) 0.038ms
[343.611s][info][gc] GC(4436) Pause Full (Allocation Failure) 13M->9M(15M) 22.165ms
[343.616s][info][gc] GC(4437) Pause Young (Allocation Failure) 13M->13M(15M) 0.035ms
[343.639s][info][gc] GC(4438) Pause Full (Allocation Failure) 13M->9M(15M) 22.565ms
[343.644s][info][gc] GC(4439) Pause Young (Allocation Failure) 13M->13M(15M) 0.035ms
[343.666s][info][gc] GC(4440) Pause Full (Allocation Failure) 13M->8M(15M) 22.319ms
[343.671s][info][gc] GC(4441) Pause Young (Allocation Failure) 13M->13M(15M) 0.036ms
[343.693s][info][gc] GC(4442) Pause Full (Allocation Failure) 13M->9M(15M) 22.169ms
[343.699s][info][gc] GC(4443) Pause Young (Allocation Failure) 13M->13M(15M) 0.035ms
[343.721s][info][gc] GC(4444) Pause Full (Allocation Failure) 13M->9M(15M) 22.471ms
[343.726s][info][gc] GC(4445) Pause Young (Allocation Failure) 13M->13M(15M) 0.035ms
[343.749s][info][gc] GC(4446) Pause Full (Allocation Failure) 13M->9M(15M) 22.377ms
[343.754s][info][gc] GC(4447) Pause Young (Allocation Failure) 13M->13M(15M) 0.036ms
[343.776s][info][gc] GC(4448) Pause Full (Allocation Failure) 13M->8M(15M) 22.306ms
[343.782s][info][gc] GC(4449) Pause Young (Allocation Failure) 13M->13M(15M) 0.037ms
[343.804s][info][gc] GC(4450) Pause Full (Allocation Failure) 13M->9M(15M) 22.233ms
[343.809s][info][gc] GC(4451) Pause Young (Allocation Failure) 13M->13M(15M) 0.036ms
[343.831s][info][gc] GC(4452) Pause Full (Allocation Failure) 13M->9M(15M) 22.263ms
[343.836s][info][gc] GC(4453) Pause Young (Allocation Failure) 13M->13M(15M) 0.035ms
[343.859s][info][gc] GC(4454) Pause Full (Allocation Failure) 13M->9M(15M) 22.305ms
[343.864s][info][gc] GC(4455) Pause Young (Allocation Failure) 13M->13M(15M) 0.036ms
[343.886s][info][gc] GC(4456) Pause Full (Allocation Failure) 13M->8M(15M) 22.232ms
[343.891s][info][gc] GC(4457) Pause Young (Allocation Failure) 13M->13M(15M) 0.036ms
[343.914s][info][gc] GC(4458) Pause Full (Allocation Failure) 13M->9M(15M) 22.156ms
[343.919s][info][gc] GC(4459) Pause Young (Allocation Failure) 13M->13M(15M) 0.036ms
[343.941s][info][gc] GC(4460) Pause Full (Allocation Failure) 13M->9M(15M) 22.187ms
[343.946s][info][gc] GC(4461) Pause Young (Allocation Failure) 13M->13M(15M) 0.036ms
[343.969s][info][gc] GC(4462) Pause Full (Allocation Failure) 13M->9M(15M) 22.390ms
[343.974s][info][gc] GC(4463) Pause Young (Allocation Failure) 13M->13M(15M) 0.038ms
[343.996s][info][gc] GC(4464) Pause Full (Allocation Failure) 13M->8M(15M) 22.238ms
[344.001s][info][gc] GC(4465) Pause Young (Allocation Failure) 13M->13M(15M) 0.037ms
[344.024s][info][gc] GC(4466) Pause Full (Allocation Failure) 13M->9M(15M) 22.229ms
[344.029s][info][gc] GC(4467) Pause Young (Allocation Failure) 13M->13M(15M) 0.036ms
[344.051s][info][gc] GC(4468) Pause Full (Allocation Failure) 13M->9M(15M) 22.428ms
[344.056s][info][gc] GC(4469) Pause Young (Allocation Failure) 13M->13M(15M) 0.036ms
[344.079s][info][gc] GC(4470) Pause Full (Allocation Failure) 13M->9M(15M) 22.255ms
[344.084s][info][gc] GC(4471) Pause Young (Allocation Failure) 13M->13M(15M) 0.041ms
[344.107s][info][gc] GC(4472) Pause Full (Allocation Failure) 13M->8M(15M) 22.681ms
[344.112s][info][gc] GC(4473) Pause Young (Allocation Failure) 13M->13M(15M) 0.037ms
[344.134s][info][gc] GC(4474) Pause Full (Allocation Failure) 13M->9M(15M) 22.475ms
[344.140s][info][gc] GC(4475) Pause Young (Allocation Failure) 13M->13M(15M) 0.040ms
[344.162s][info][gc] GC(4476) Pause Full (Allocation Failure) 13M->9M(15M) 22.816ms
[344.168s][info][gc] GC(4477) Pause Young (Allocation Failure) 13M->13M(15M) 0.048ms
[344.191s][info][gc] GC(4478) Pause Full (Allocation Failure) 13M->9M(15M) 23.344ms
[344.197s][info][gc] GC(4479) Pause Young (Allocation Failure) 13M->13M(15M) 0.039ms
[344.219s][info][gc] GC(4480) Pause Full (Allocation Failure) 13M->8M(15M) 22.307ms
[344.224s][info][gc] GC(4481) Pause Young (Allocation Failure) 13M->13M(15M) 0.036ms
[344.247s][info][gc] GC(4482) Pause Full (Allocation Failure) 13M->9M(15M) 22.484ms
[344.252s][info][gc] GC(4483) Pause Young (Allocation Failure) 13M->13M(15M) 0.036ms
[344.274s][info][gc] GC(4484) Pause Full (Allocation Failure) 13M->9M(15M) 22.369ms
[344.279s][info][gc] GC(4485) Pause Young (Allocation Failure) 13M->13M(15M) 0.038ms
[344.303s][info][gc] GC(4486) Pause Full (Allocation Failure) 13M->9M(15M) 23.079ms
[344.308s][info][gc] GC(4487) Pause Young (Allocation Failure) 13M->13M(15M) 0.046ms
[344.331s][info][gc] GC(4488) Pause Full (Allocation Failure) 13M->8M(15M) 22.952ms
[344.336s][info][gc] GC(4489) Pause Young (Allocation Failure) 13M->13M(15M) 0.037ms
[344.360s][info][gc] GC(4490) Pause Full (Allocation Failure) 13M->9M(15M) 23.455ms
[344.365s][info][gc] GC(4491) Pause Young (Allocation Failure) 13M->13M(15M) 0.049ms
[344.388s][info][gc] GC(4492) Pause Full (Allocation Failure) 13M->9M(15M) 23.221ms
[344.393s][info][gc] GC(4493) Pause Young (Allocation Failure) 13M->13M(15M) 0.039ms
[344.416s][info][gc] GC(4494) Pause Full (Allocation Failure) 13M->9M(15M) 22.644ms
[344.421s][info][gc] GC(4495) Pause Young (Allocation Failure) 13M->13M(15M) 0.045ms
[344.445s][info][gc] GC(4496) Pause Full (Allocation Failure) 13M->8M(15M) 23.411ms
[344.450s][info][gc] GC(4497) Pause Young (Allocation Failure) 13M->13M(15M) 0.036ms
[344.473s][info][gc] GC(4498) Pause Full (Allocation Failure) 13M->9M(15M) 22.561ms
[344.478s][info][gc] GC(4499) Pause Young (Allocation Failure) 13M->13M(15M) 0.036ms
[344.500s][info][gc] GC(4500) Pause Full (Allocation Failure) 13M->9M(15M) 22.416ms
[344.506s][info][gc] GC(4501) Pause Young (Allocation Failure) 13M->13M(15M) 0.036ms
[344.528s][info][gc] GC(4502) Pause Full (Allocation Failure) 13M->9M(15M) 22.356ms
[344.533s][info][gc] GC(4503) Pause Young (Allocation Failure) 13M->13M(15M) 0.035ms
[344.556s][info][gc] GC(4504) Pause Full (Allocation Failure) 13M->8M(15M) 22.375ms
[344.561s][info][gc] GC(4505) Pause Young (Allocation Failure) 13M->13M(15M) 0.039ms
[344.584s][info][gc] GC(4506) Pause Full (Allocation Failure) 13M->9M(15M) 22.730ms
[344.589s][info][gc] GC(4507) Pause Young (Allocation Failure) 13M->13M(15M) 0.040ms
[344.611s][info][gc] GC(4508) Pause Full (Allocation Failure) 13M->9M(15M) 22.430ms
[344.616s][info][gc] GC(4509) Pause Young (Allocation Failure) 13M->13M(15M) 0.036ms
[344.639s][info][gc] GC(4510) Pause Full (Allocation Failure) 13M->9M(15M) 22.523ms
[344.644s][info][gc] GC(4511) Pause Young (Allocation Failure) 13M->13M(15M) 0.036ms
[344.666s][info][gc] GC(4512) Pause Full (Allocation Failure) 13M->8M(15M) 22.325ms
[344.672s][info][gc] GC(4513) Pause Young (Allocation Failure) 13M->13M(15M) 0.037ms
[344.694s][info][gc] GC(4514) Pause Full (Allocation Failure) 13M->9M(15M) 22.413ms
[344.699s][info][gc] GC(4515) Pause Young (Allocation Failure) 13M->13M(15M) 0.037ms
[344.722s][info][gc] GC(4516) Pause Full (Allocation Failure) 13M->9M(15M) 22.378ms
[344.727s][info][gc] GC(4517) Pause Young (Allocation Failure) 13M->13M(15M) 0.036ms
[344.749s][info][gc] GC(4518) Pause Full (Allocation Failure) 13M->9M(15M) 22.364ms
[344.755s][info][gc] GC(4519) Pause Young (Allocation Failure) 13M->13M(15M) 0.035ms
[344.777s][info][gc] GC(4520) Pause Full (Allocation Failure) 13M->8M(15M) 22.385ms
[344.782s][info][gc] GC(4521) Pause Young (Allocation Failure) 13M->13M(15M) 0.036ms
[344.805s][info][gc] GC(4522) Pause Full (Allocation Failure) 13M->9M(15M) 22.372ms
[344.810s][info][gc] GC(4523) Pause Young (Allocation Failure) 13M->13M(15M) 0.035ms
[344.832s][info][gc] GC(4524) Pause Full (Allocation Failure) 13M->9M(15M) 22.420ms
[344.837s][info][gc] GC(4525) Pause Young (Allocation Failure) 13M->13M(15M) 0.036ms
[344.860s][info][gc] GC(4526) Pause Full (Allocation Failure) 13M->9M(15M) 22.399ms
[344.865s][info][gc] GC(4527) Pause Young (Allocation Failure) 13M->13M(15M) 0.036ms
[344.888s][info][gc] GC(4528) Pause Full (Allocation Failure) 13M->8M(15M) 22.348ms
[344.893s][info][gc] GC(4529) Pause Young (Allocation Failure) 13M->13M(15M) 0.036ms
[344.915s][info][gc] GC(4530) Pause Full (Allocation Failure) 13M->9M(15M) 22.269ms
[344.920s][info][gc] GC(4531) Pause Young (Allocation Failure) 13M->13M(15M) 0.036ms
[344.943s][info][gc] GC(4532) Pause Full (Allocation Failure) 13M->9M(15M) 22.396ms
[344.948s][info][gc] GC(4533) Pause Young (Allocation Failure) 13M->13M(15M) 0.036ms
[344.970s][info][gc] GC(4534) Pause Full (Allocation Failure) 13M->9M(15M) 22.579ms
[344.976s][info][gc] GC(4535) Pause Young (Allocation Failure) 13M->13M(15M) 0.036ms
[344.998s][info][gc] GC(4536) Pause Full (Allocation Failure) 13M->8M(15M) 22.269ms
[345.003s][info][gc] GC(4537) Pause Young (Allocation Failure) 13M->13M(15M) 0.036ms
[345.026s][info][gc] GC(4538) Pause Full (Allocation Failure) 13M->9M(15M) 22.846ms
[345.031s][info][gc] GC(4539) Pause Young (Allocation Failure) 13M->13M(15M) 0.036ms
[345.054s][info][gc] GC(4540) Pause Full (Allocation Failure) 13M->9M(15M) 22.586ms
[345.059s][info][gc] GC(4541) Pause Young (Allocation Failure) 13M->13M(15M) 0.035ms
[345.081s][info][gc] GC(4542) Pause Full (Allocation Failure) 13M->9M(15M) 22.346ms
[345.087s][info][gc] GC(4543) Pause Young (Allocation Failure) 13M->13M(15M) 0.035ms
[345.109s][info][gc] GC(4544) Pause Full (Allocation Failure) 13M->8M(15M) 22.696ms
[345.115s][info][gc] GC(4545) Pause Young (Allocation Failure) 13M->13M(15M) 0.036ms
[345.137s][info][gc] GC(4546) Pause Full (Allocation Failure) 13M->9M(15M) 22.834ms
[345.143s][info][gc] GC(4547) Pause Young (Allocation Failure) 13M->13M(15M) 0.046ms
[345.167s][info][gc] GC(4548) Pause Full (Allocation Failure) 13M->9M(15M) 23.914ms
[345.172s][info][gc] GC(4549) Pause Young (Allocation Failure) 13M->13M(15M) 0.038ms
[345.195s][info][gc] GC(4550) Pause Full (Allocation Failure) 13M->9M(15M) 22.807ms
[345.200s][info][gc] GC(4551) Pause Young (Allocation Failure) 13M->13M(15M) 0.037ms
[345.223s][info][gc] GC(4552) Pause Full (Allocation Failure) 13M->8M(15M) 22.395ms
[345.228s][info][gc] GC(4553) Pause Young (Allocation Failure) 13M->13M(15M) 0.036ms
[345.250s][info][gc] GC(4554) Pause Full (Allocation Failure) 13M->9M(15M) 22.445ms
[345.255s][info][gc] GC(4555) Pause Young (Allocation Failure) 13M->13M(15M) 0.036ms
[345.278s][info][gc] GC(4556) Pause Full (Allocation Failure) 13M->9M(15M) 22.381ms
[345.283s][info][gc] GC(4557) Pause Young (Allocation Failure) 13M->13M(15M) 0.042ms
[345.306s][info][gc] GC(4558) Pause Full (Allocation Failure) 13M->9M(15M) 23.157ms
[345.312s][info][gc] GC(4559) Pause Young (Allocation Failure) 13M->13M(15M) 0.044ms
[345.334s][info][gc] GC(4560) Pause Full (Allocation Failure) 13M->8M(15M) 22.391ms
[345.339s][info][gc] GC(4561) Pause Young (Allocation Failure) 13M->13M(15M) 0.035ms
[345.362s][info][gc] GC(4562) Pause Full (Allocation Failure) 13M->9M(15M) 22.602ms
[345.367s][info][gc] GC(4563) Pause Young (Allocation Failure) 13M->13M(15M) 0.037ms
[345.390s][info][gc] GC(4564) Pause Full (Allocation Failure) 13M->9M(15M) 22.476ms
[345.395s][info][gc] GC(4565) Pause Young (Allocation Failure) 13M->13M(15M) 0.035ms
[345.417s][info][gc] GC(4566) Pause Full (Allocation Failure) 13M->9M(15M) 22.280ms
[345.423s][info][gc] GC(4567) Pause Young (Allocation Failure) 13M->13M(15M) 0.036ms
[345.445s][info][gc] GC(4568) Pause Full (Allocation Failure) 13M->8M(15M) 22.324ms
[345.450s][info][gc] GC(4569) Pause Young (Allocation Failure) 13M->13M(15M) 0.037ms
[345.473s][info][gc] GC(4570) Pause Full (Allocation Failure) 13M->9M(15M) 22.640ms
[345.478s][info][gc] GC(4571) Pause Young (Allocation Failure) 13M->13M(15M) 0.036ms
[345.500s][info][gc] GC(4572) Pause Full (Allocation Failure) 13M->9M(15M) 22.493ms
[345.506s][info][gc] GC(4573) Pause Young (Allocation Failure) 13M->13M(15M) 0.036ms
[345.528s][info][gc] GC(4574) Pause Full (Allocation Failure) 13M->9M(15M) 22.385ms
[345.533s][info][gc] GC(4575) Pause Young (Allocation Failure) 13M->13M(15M) 0.037ms
[345.556s][info][gc] GC(4576) Pause Full (Allocation Failure) 13M->8M(15M) 22.316ms
[345.561s][info][gc] GC(4577) Pause Young (Allocation Failure) 13M->13M(15M) 0.036ms
[345.583s][info][gc] GC(4578) Pause Full (Allocation Failure) 13M->9M(15M) 22.351ms
[345.588s][info][gc] GC(4579) Pause Young (Allocation Failure) 13M->13M(15M) 0.035ms
[345.611s][info][gc] GC(4580) Pause Full (Allocation Failure) 13M->9M(15M) 22.544ms
[345.616s][info][gc] GC(4581) Pause Young (Allocation Failure) 13M->13M(15M) 0.036ms
[345.639s][info][gc] GC(4582) Pause Full (Allocation Failure) 13M->9M(15M) 22.522ms
[345.644s][info][gc] GC(4583) Pause Young (Allocation Failure) 13M->13M(15M) 0.036ms
[345.667s][info][gc] GC(4584) Pause Full (Allocation Failure) 13M->8M(15M) 22.620ms
[345.672s][info][gc] GC(4585) Pause Young (Allocation Failure) 13M->13M(15M) 0.037ms
[345.695s][info][gc] GC(4586) Pause Full (Allocation Failure) 13M->9M(15M) 22.673ms
[345.700s][info][gc] GC(4587) Pause Young (Allocation Failure) 13M->13M(15M) 0.036ms
[345.722s][info][gc] GC(4588) Pause Full (Allocation Failure) 13M->9M(15M) 22.514ms
[345.728s][info][gc] GC(4589) Pause Young (Allocation Failure) 13M->13M(15M) 0.035ms
[345.750s][info][gc] GC(4590) Pause Full (Allocation Failure) 13M->9M(15M) 22.341ms
[345.755s][info][gc] GC(4591) Pause Young (Allocation Failure) 13M->13M(15M) 0.036ms
[345.778s][info][gc] GC(4592) Pause Full (Allocation Failure) 13M->8M(15M) 22.728ms
[345.783s][info][gc] GC(4593) Pause Young (Allocation Failure) 13M->13M(15M) 0.036ms
[345.806s][info][gc] GC(4594) Pause Full (Allocation Failure) 13M->9M(15M) 22.455ms
[345.811s][info][gc] GC(4595) Pause Young (Allocation Failure) 13M->13M(15M) 0.038ms
[345.834s][info][gc] GC(4596) Pause Full (Allocation Failure) 13M->9M(15M) 22.562ms
[345.839s][info][gc] GC(4597) Pause Young (Allocation Failure) 13M->13M(15M) 0.036ms
[345.861s][info][gc] GC(4598) Pause Full (Allocation Failure) 13M->9M(15M) 22.383ms
[345.866s][info][gc] GC(4599) Pause Young (Allocation Failure) 13M->13M(15M) 0.035ms
[345.889s][info][gc] GC(4600) Pause Full (Allocation Failure) 13M->8M(15M) 22.480ms
[345.894s][info][gc] GC(4601) Pause Young (Allocation Failure) 13M->13M(15M) 0.036ms
[345.916s][info][gc] GC(4602) Pause Full (Allocation Failure) 13M->9M(15M) 22.410ms
[345.922s][info][gc] GC(4603) Pause Young (Allocation Failure) 13M->13M(15M) 0.035ms
[345.944s][info][gc] GC(4604) Pause Full (Allocation Failure) 13M->9M(15M) 22.515ms
[345.949s][info][gc] GC(4605) Pause Young (Allocation Failure) 13M->13M(15M) 0.036ms
[345.972s][info][gc] GC(4606) Pause Full (Allocation Failure) 13M->9M(15M) 22.689ms
[345.977s][info][gc] GC(4607) Pause Young (Allocation Failure) 13M->13M(15M) 0.036ms
[346.000s][info][gc] GC(4608) Pause Full (Allocation Failure) 13M->8M(15M) 22.459ms
[346.005s][info][gc] GC(4609) Pause Young (Allocation Failure) 13M->13M(15M) 0.036ms
[346.027s][info][gc] GC(4610) Pause Full (Allocation Failure) 13M->9M(15M) 22.558ms
[346.033s][info][gc] GC(4611) Pause Young (Allocation Failure) 13M->13M(15M) 0.035ms
[346.055s][info][gc] GC(4612) Pause Full (Allocation Failure) 13M->9M(15M) 22.672ms
[346.061s][info][gc] GC(4613) Pause Young (Allocation Failure) 13M->13M(15M) 0.037ms
[346.083s][info][gc] GC(4614) Pause Full (Allocation Failure) 13M->9M(15M) 22.518ms
[346.088s][info][gc] GC(4615) Pause Young (Allocation Failure) 13M->13M(15M) 0.036ms
[346.111s][info][gc] GC(4616) Pause Full (Allocation Failure) 13M->8M(15M) 22.515ms
[346.116s][info][gc] GC(4617) Pause Young (Allocation Failure) 13M->13M(15M) 0.037ms
[346.139s][info][gc] GC(4618) Pause Full (Allocation Failure) 13M->9M(15M) 22.564ms
[346.144s][info][gc] GC(4619) Pause Young (Allocation Failure) 13M->13M(15M) 0.045ms
[346.168s][info][gc] GC(4620) Pause Full (Allocation Failure) 13M->9M(15M) 24.201ms
[346.174s][info][gc] GC(4621) Pause Young (Allocation Failure) 13M->13M(15M) 0.040ms
[346.196s][info][gc] GC(4622) Pause Full (Allocation Failure) 13M->9M(15M) 22.685ms
[346.202s][info][gc] GC(4623) Pause Young (Allocation Failure) 13M->13M(15M) 0.036ms
[346.224s][info][gc] GC(4624) Pause Full (Allocation Failure) 13M->8M(15M) 22.455ms
[346.229s][info][gc] GC(4625) Pause Young (Allocation Failure) 13M->13M(15M) 0.036ms
[346.252s][info][gc] GC(4626) Pause Full (Allocation Failure) 13M->9M(15M) 22.579ms
[346.257s][info][gc] GC(4627) Pause Young (Allocation Failure) 13M->13M(15M) 0.036ms
[346.279s][info][gc] GC(4628) Pause Full (Allocation Failure) 13M->9M(15M) 22.467ms
[346.285s][info][gc] GC(4629) Pause Young (Allocation Failure) 13M->13M(15M) 0.064ms
[346.308s][info][gc] GC(4630) Pause Full (Allocation Failure) 13M->9M(15M) 23.209ms
[346.314s][info][gc] GC(4631) Pause Young (Allocation Failure) 13M->13M(15M) 0.043ms
[346.336s][info][gc] GC(4632) Pause Full (Allocation Failure) 13M->8M(15M) 22.510ms
[346.342s][info][gc] GC(4633) Pause Young (Allocation Failure) 13M->13M(15M) 0.036ms
[346.364s][info][gc] GC(4634) Pause Full (Allocation Failure) 13M->9M(15M) 22.567ms
[346.369s][info][gc] GC(4635) Pause Young (Allocation Failure) 13M->13M(15M) 0.035ms
[346.392s][info][gc] GC(4636) Pause Full (Allocation Failure) 13M->9M(15M) 22.528ms
[346.397s][info][gc] GC(4637) Pause Young (Allocation Failure) 13M->13M(15M) 0.037ms
[346.420s][info][gc] GC(4638) Pause Full (Allocation Failure) 13M->9M(15M) 22.666ms
[346.425s][info][gc] GC(4639) Pause Young (Allocation Failure) 13M->13M(15M) 0.035ms
[346.448s][info][gc] GC(4640) Pause Full (Allocation Failure) 13M->8M(15M) 22.567ms
[346.453s][info][gc] GC(4641) Pause Young (Allocation Failure) 13M->13M(15M) 0.036ms
[346.476s][info][gc] GC(4642) Pause Full (Allocation Failure) 13M->9M(15M) 23.032ms
[346.481s][info][gc] GC(4643) Pause Young (Allocation Failure) 13M->13M(15M) 0.036ms
[346.504s][info][gc] GC(4644) Pause Full (Allocation Failure) 13M->9M(15M) 22.579ms
[346.509s][info][gc] GC(4645) Pause Young (Allocation Failure) 13M->13M(15M) 0.036ms
[346.531s][info][gc] GC(4646) Pause Full (Allocation Failure) 13M->9M(15M) 22.457ms
[346.536s][info][gc] GC(4647) Pause Young (Allocation Failure) 13M->13M(15M) 0.037ms
[346.559s][info][gc] GC(4648) Pause Full (Allocation Failure) 13M->8M(15M) 22.451ms
[346.564s][info][gc] GC(4649) Pause Young (Allocation Failure) 13M->13M(15M) 0.036ms
[346.587s][info][gc] GC(4650) Pause Full (Allocation Failure) 13M->9M(15M) 22.605ms
[346.592s][info][gc] GC(4651) Pause Young (Allocation Failure) 13M->13M(15M) 0.036ms
[346.614s][info][gc] GC(4652) Pause Full (Allocation Failure) 13M->9M(15M) 22.438ms
[346.620s][info][gc] GC(4653) Pause Young (Allocation Failure) 13M->13M(15M) 0.038ms
[346.642s][info][gc] GC(4654) Pause Full (Allocation Failure) 13M->9M(15M) 22.456ms
[346.647s][info][gc] GC(4655) Pause Young (Allocation Failure) 13M->13M(15M) 0.056ms
[346.670s][info][gc] GC(4656) Pause Full (Allocation Failure) 13M->8M(15M) 22.508ms
[346.675s][info][gc] GC(4657) Pause Young (Allocation Failure) 13M->13M(15M) 0.036ms
[346.698s][info][gc] GC(4658) Pause Full (Allocation Failure) 13M->9M(15M) 22.625ms
[346.703s][info][gc] GC(4659) Pause Young (Allocation Failure) 13M->13M(15M) 0.036ms
[346.725s][info][gc] GC(4660) Pause Full (Allocation Failure) 13M->9M(15M) 22.428ms
[346.731s][info][gc] GC(4661) Pause Young (Allocation Failure) 13M->13M(15M) 0.038ms
[346.753s][info][gc] GC(4662) Pause Full (Allocation Failure) 13M->9M(15M) 22.772ms
[346.759s][info][gc] GC(4663) Pause Young (Allocation Failure) 13M->13M(15M) 0.038ms
[346.781s][info][gc] GC(4664) Pause Full (Allocation Failure) 13M->8M(15M) 22.586ms
[346.786s][info][gc] GC(4665) Pause Young (Allocation Failure) 13M->13M(15M) 0.036ms
[346.809s][info][gc] GC(4666) Pause Full (Allocation Failure) 13M->9M(15M) 22.483ms
[346.814s][info][gc] GC(4667) Pause Young (Allocation Failure) 13M->13M(15M) 0.035ms
[346.837s][info][gc] GC(4668) Pause Full (Allocation Failure) 13M->9M(15M) 22.633ms
[346.842s][info][gc] GC(4669) Pause Young (Allocation Failure) 13M->13M(15M) 0.036ms
[346.865s][info][gc] GC(4670) Pause Full (Allocation Failure) 13M->9M(15M) 22.477ms
[346.870s][info][gc] GC(4671) Pause Young (Allocation Failure) 13M->13M(15M) 0.036ms
[346.892s][info][gc] GC(4672) Pause Full (Allocation Failure) 13M->9M(15M) 22.665ms
[346.898s][info][gc] GC(4673) Pause Young (Allocation Failure) 13M->13M(15M) 0.036ms
[346.920s][info][gc] GC(4674) Pause Full (Allocation Failure) 13M->9M(15M) 22.601ms
[346.925s][info][gc] GC(4675) Pause Young (Allocation Failure) 13M->13M(15M) 0.036ms
[346.948s][info][gc] GC(4676) Pause Full (Allocation Failure) 13M->9M(15M) 22.492ms
[346.953s][info][gc] GC(4677) Pause Young (Allocation Failure) 13M->13M(15M) 0.039ms
[346.976s][info][gc] GC(4678) Pause Full (Allocation Failure) 13M->9M(15M) 22.985ms
[346.981s][info][gc] GC(4679) Pause Young (Allocation Failure) 13M->13M(15M) 0.037ms
[347.004s][info][gc] GC(4680) Pause Full (Allocation Failure) 13M->8M(15M) 22.665ms
[347.009s][info][gc] GC(4681) Pause Young (Allocation Failure) 13M->13M(15M) 0.036ms
[347.032s][info][gc] GC(4682) Pause Full (Allocation Failure) 13M->9M(15M) 22.703ms
[347.037s][info][gc] GC(4683) Pause Young (Allocation Failure) 13M->13M(15M) 0.035ms
[347.060s][info][gc] GC(4684) Pause Full (Allocation Failure) 13M->9M(15M) 22.635ms
[347.065s][info][gc] GC(4685) Pause Young (Allocation Failure) 13M->13M(15M) 0.036ms
[347.088s][info][gc] GC(4686) Pause Full (Allocation Failure) 13M->9M(15M) 23.171ms
[347.094s][info][gc] GC(4687) Pause Young (Allocation Failure) 13M->13M(15M) 0.035ms
[347.116s][info][gc] GC(4688) Pause Full (Allocation Failure) 13M->9M(15M) 22.609ms
[347.121s][info][gc] GC(4689) Pause Young (Allocation Failure) 13M->13M(15M) 0.036ms
[347.144s][info][gc] GC(4690) Pause Full (Allocation Failure) 13M->9M(15M) 22.741ms
[347.150s][info][gc] GC(4691) Pause Young (Allocation Failure) 13M->13M(15M) 0.047ms
[347.174s][info][gc] GC(4692) Pause Full (Allocation Failure) 13M->9M(15M) 23.918ms
[347.179s][info][gc] GC(4693) Pause Young (Allocation Failure) 13M->13M(15M) 0.041ms
[347.202s][info][gc] GC(4694) Pause Full (Allocation Failure) 13M->9M(15M) 23.061ms
[347.207s][info][gc] GC(4695) Pause Young (Allocation Failure) 13M->13M(15M) 0.039ms
[347.230s][info][gc] GC(4696) Pause Full (Allocation Failure) 13M->8M(15M) 22.520ms
[347.235s][info][gc] GC(4697) Pause Young (Allocation Failure) 13M->13M(15M) 0.035ms
[347.258s][info][gc] GC(4698) Pause Full (Allocation Failure) 13M->9M(15M) 22.665ms
[347.263s][info][gc] GC(4699) Pause Young (Allocation Failure) 13M->13M(15M) 0.036ms
[347.287s][info][gc] GC(4700) Pause Full (Allocation Failure) 13M->9M(15M) 23.525ms
[347.292s][info][gc] GC(4701) Pause Young (Allocation Failure) 13M->13M(15M) 0.043ms
[347.315s][info][gc] GC(4702) Pause Full (Allocation Failure) 13M->9M(15M) 22.748ms
[347.320s][info][gc] GC(4703) Pause Young (Allocation Failure) 13M->13M(15M) 0.036ms
[347.343s][info][gc] GC(4704) Pause Full (Allocation Failure) 13M->9M(15M) 22.652ms
[347.348s][info][gc] GC(4705) Pause Young (Allocation Failure) 13M->13M(15M) 0.035ms
[347.371s][info][gc] GC(4706) Pause Full (Allocation Failure) 13M->9M(15M) 22.563ms
[347.376s][info][gc] GC(4707) Pause Young (Allocation Failure) 13M->13M(15M) 0.035ms
[347.398s][info][gc] GC(4708) Pause Full (Allocation Failure) 13M->9M(15M) 22.558ms
[347.404s][info][gc] GC(4709) Pause Young (Allocation Failure) 13M->13M(15M) 0.040ms
[347.427s][info][gc] GC(4710) Pause Full (Allocation Failure) 13M->9M(15M) 22.985ms
[347.432s][info][gc] GC(4711) Pause Young (Allocation Failure) 13M->13M(15M) 0.037ms
[347.455s][info][gc] GC(4712) Pause Full (Allocation Failure) 13M->9M(15M) 22.737ms
[347.460s][info][gc] GC(4713) Pause Young (Allocation Failure) 13M->13M(15M) 0.038ms
[347.483s][info][gc] GC(4714) Pause Full (Allocation Failure) 13M->9M(15M) 22.785ms
[347.488s][info][gc] GC(4715) Pause Young (Allocation Failure) 13M->13M(15M) 0.035ms
[347.511s][info][gc] GC(4716) Pause Full (Allocation Failure) 13M->9M(15M) 22.557ms
[347.516s][info][gc] GC(4717) Pause Young (Allocation Failure) 13M->13M(15M) 0.036ms
[347.538s][info][gc] GC(4718) Pause Full (Allocation Failure) 13M->9M(15M) 22.652ms
[347.544s][info][gc] GC(4719) Pause Young (Allocation Failure) 13M->13M(15M) 0.036ms
[347.566s][info][gc] GC(4720) Pause Full (Allocation Failure) 13M->9M(15M) 22.599ms
[347.571s][info][gc] GC(4721) Pause Young (Allocation Failure) 13M->13M(15M) 0.035ms
[347.594s][info][gc] GC(4722) Pause Full (Allocation Failure) 13M->9M(15M) 22.835ms
[347.599s][info][gc] GC(4723) Pause Young (Allocation Failure) 13M->13M(15M) 0.036ms
[347.622s][info][gc] GC(4724) Pause Full (Allocation Failure) 13M->9M(15M) 22.690ms
[347.627s][info][gc] GC(4725) Pause Young (Allocation Failure) 13M->13M(15M) 0.037ms
[347.650s][info][gc] GC(4726) Pause Full (Allocation Failure) 13M->9M(15M) 22.650ms
[347.655s][info][gc] GC(4727) Pause Young (Allocation Failure) 13M->13M(15M) 0.046ms
[347.678s][info][gc] GC(4728) Pause Full (Allocation Failure) 13M->9M(15M) 22.702ms
[347.683s][info][gc] GC(4729) Pause Young (Allocation Failure) 13M->13M(15M) 0.036ms
[347.706s][info][gc] GC(4730) Pause Full (Allocation Failure) 13M->9M(15M) 22.803ms
[347.711s][info][gc] GC(4731) Pause Young (Allocation Failure) 13M->13M(15M) 0.035ms
[347.734s][info][gc] GC(4732) Pause Full (Allocation Failure) 13M->9M(15M) 22.650ms
[347.739s][info][gc] GC(4733) Pause Young (Allocation Failure) 13M->13M(15M) 0.037ms
[347.762s][info][gc] GC(4734) Pause Full (Allocation Failure) 13M->9M(15M) 22.832ms
[347.767s][info][gc] GC(4735) Pause Young (Allocation Failure) 13M->13M(15M) 0.037ms
[347.790s][info][gc] GC(4736) Pause Full (Allocation Failure) 13M->9M(15M) 22.566ms
[347.795s][info][gc] GC(4737) Pause Young (Allocation Failure) 13M->13M(15M) 0.036ms
[347.818s][info][gc] GC(4738) Pause Full (Allocation Failure) 13M->9M(15M) 22.626ms
[347.823s][info][gc] GC(4739) Pause Young (Allocation Failure) 13M->13M(15M) 0.036ms
[347.846s][info][gc] GC(4740) Pause Full (Allocation Failure) 13M->9M(15M) 22.709ms
[347.851s][info][gc] GC(4741) Pause Young (Allocation Failure) 13M->13M(15M) 0.037ms
[347.874s][info][gc] GC(4742) Pause Full (Allocation Failure) 13M->9M(15M) 22.665ms
[347.879s][info][gc] GC(4743) Pause Young (Allocation Failure) 13M->13M(15M) 0.035ms
[347.901s][info][gc] GC(4744) Pause Full (Allocation Failure) 13M->9M(15M) 22.672ms
[347.907s][info][gc] GC(4745) Pause Young (Allocation Failure) 13M->13M(15M) 0.036ms
[347.930s][info][gc] GC(4746) Pause Full (Allocation Failure) 13M->9M(15M) 22.785ms
[347.935s][info][gc] GC(4747) Pause Young (Allocation Failure) 13M->13M(15M) 0.037ms
[347.958s][info][gc] GC(4748) Pause Full (Allocation Failure) 13M->9M(15M) 22.737ms
[347.963s][info][gc] GC(4749) Pause Young (Allocation Failure) 13M->13M(15M) 0.037ms
[347.986s][info][gc] GC(4750) Pause Full (Allocation Failure) 13M->9M(15M) 22.681ms
[347.991s][info][gc] GC(4751) Pause Young (Allocation Failure) 13M->13M(15M) 0.036ms
[348.013s][info][gc] GC(4752) Pause Full (Allocation Failure) 13M->9M(15M) 22.661ms
[348.019s][info][gc] GC(4753) Pause Young (Allocation Failure) 13M->13M(15M) 0.036ms
[348.041s][info][gc] GC(4754) Pause Full (Allocation Failure) 13M->9M(15M) 22.764ms
[348.047s][info][gc] GC(4755) Pause Young (Allocation Failure) 13M->13M(15M) 0.037ms
[348.069s][info][gc] GC(4756) Pause Full (Allocation Failure) 13M->9M(15M) 22.672ms
[348.074s][info][gc] GC(4757) Pause Young (Allocation Failure) 13M->13M(15M) 0.036ms
[348.097s][info][gc] GC(4758) Pause Full (Allocation Failure) 13M->9M(15M) 22.602ms
[348.102s][info][gc] GC(4759) Pause Young (Allocation Failure) 13M->13M(15M) 0.036ms
[348.125s][info][gc] GC(4760) Pause Full (Allocation Failure) 13M->9M(15M) 22.733ms
[348.130s][info][gc] GC(4761) Pause Young (Allocation Failure) 13M->13M(15M) 0.036ms
[348.153s][info][gc] GC(4762) Pause Full (Allocation Failure) 13M->9M(15M) 22.790ms
[348.159s][info][gc] GC(4763) Pause Young (Allocation Failure) 13M->13M(15M) 0.044ms
[348.182s][info][gc] GC(4764) Pause Full (Allocation Failure) 13M->9M(15M) 23.549ms
[348.187s][info][gc] GC(4765) Pause Young (Allocation Failure) 13M->13M(15M) 0.036ms
[348.210s][info][gc] GC(4766) Pause Full (Allocation Failure) 13M->9M(15M) 22.941ms
[348.216s][info][gc] GC(4767) Pause Young (Allocation Failure) 13M->13M(15M) 0.037ms
[348.238s][info][gc] GC(4768) Pause Full (Allocation Failure) 13M->9M(15M) 22.705ms
[348.243s][info][gc] GC(4769) Pause Young (Allocation Failure) 13M->13M(15M) 0.037ms
[348.266s][info][gc] GC(4770) Pause Full (Allocation Failure) 13M->9M(15M) 22.691ms
[348.271s][info][gc] GC(4771) Pause Young (Allocation Failure) 13M->13M(15M) 0.036ms
[348.295s][info][gc] GC(4772) Pause Full (Allocation Failure) 13M->9M(15M) 23.264ms
[348.300s][info][gc] GC(4773) Pause Young (Allocation Failure) 13M->13M(15M) 0.043ms
[348.323s][info][gc] GC(4774) Pause Full (Allocation Failure) 13M->9M(15M) 22.736ms
[348.328s][info][gc] GC(4775) Pause Young (Allocation Failure) 13M->13M(15M) 0.038ms
[348.351s][info][gc] GC(4776) Pause Full (Allocation Failure) 13M->9M(15M) 22.945ms
[348.356s][info][gc] GC(4777) Pause Young (Allocation Failure) 13M->13M(15M) 0.037ms
[348.379s][info][gc] GC(4778) Pause Full (Allocation Failure) 13M->9M(15M) 22.814ms
[348.384s][info][gc] GC(4779) Pause Young (Allocation Failure) 13M->13M(15M) 0.036ms
[348.407s][info][gc] GC(4780) Pause Full (Allocation Failure) 13M->9M(15M) 22.885ms
[348.413s][info][gc] GC(4781) Pause Young (Allocation Failure) 13M->13M(15M) 0.037ms
[348.435s][info][gc] GC(4782) Pause Full (Allocation Failure) 13M->9M(15M) 22.737ms
[348.440s][info][gc] GC(4783) Pause Young (Allocation Failure) 13M->13M(15M) 0.039ms
[348.464s][info][gc] GC(4784) Pause Full (Allocation Failure) 13M->9M(15M) 23.140ms
[348.469s][info][gc] GC(4785) Pause Young (Allocation Failure) 13M->13M(15M) 0.037ms
[348.492s][info][gc] GC(4786) Pause Full (Allocation Failure) 13M->9M(15M) 22.800ms
[348.497s][info][gc] GC(4787) Pause Young (Allocation Failure) 13M->13M(15M) 0.036ms
[348.520s][info][gc] GC(4788) Pause Full (Allocation Failure) 13M->9M(15M) 22.793ms
[348.525s][info][gc] GC(4789) Pause Young (Allocation Failure) 13M->13M(15M) 0.035ms
[348.548s][info][gc] GC(4790) Pause Full (Allocation Failure) 13M->9M(15M) 22.717ms
[348.553s][info][gc] GC(4791) Pause Young (Allocation Failure) 13M->13M(15M) 0.036ms
[348.576s][info][gc] GC(4792) Pause Full (Allocation Failure) 13M->9M(15M) 22.676ms
[348.581s][info][gc] GC(4793) Pause Young (Allocation Failure) 13M->13M(15M) 0.036ms
[348.604s][info][gc] GC(4794) Pause Full (Allocation Failure) 13M->9M(15M) 22.810ms
[348.609s][info][gc] GC(4795) Pause Young (Allocation Failure) 13M->13M(15M) 0.036ms
[348.632s][info][gc] GC(4796) Pause Full (Allocation Failure) 13M->9M(15M) 22.774ms
[348.637s][info][gc] GC(4797) Pause Young (Allocation Failure) 13M->13M(15M) 0.036ms
[348.660s][info][gc] GC(4798) Pause Full (Allocation Failure) 13M->9M(15M) 22.720ms
[348.665s][info][gc] GC(4799) Pause Young (Allocation Failure) 13M->13M(15M) 0.039ms
[348.688s][info][gc] GC(4800) Pause Full (Allocation Failure) 13M->9M(15M) 23.088ms
[348.693s][info][gc] GC(4801) Pause Young (Allocation Failure) 13M->13M(15M) 0.038ms
[348.716s][info][gc] GC(4802) Pause Full (Allocation Failure) 13M->9M(15M) 22.701ms
[348.721s][info][gc] GC(4803) Pause Young (Allocation Failure) 13M->13M(15M) 0.036ms
[348.744s][info][gc] GC(4804) Pause Full (Allocation Failure) 13M->9M(15M) 22.729ms
[348.749s][info][gc] GC(4805) Pause Young (Allocation Failure) 13M->13M(15M) 0.038ms
[348.772s][info][gc] GC(4806) Pause Full (Allocation Failure) 13M->9M(15M) 22.770ms
[348.777s][info][gc] GC(4807) Pause Young (Allocation Failure) 13M->13M(15M) 0.042ms
[348.800s][info][gc] GC(4808) Pause Full (Allocation Failure) 13M->9M(15M) 22.848ms
[348.805s][info][gc] GC(4809) Pause Young (Allocation Failure) 13M->13M(15M) 0.036ms
[348.828s][info][gc] GC(4810) Pause Full (Allocation Failure) 13M->9M(15M) 22.874ms
[348.834s][info][gc] GC(4811) Pause Young (Allocation Failure) 13M->13M(15M) 0.036ms
[348.857s][info][gc] GC(4812) Pause Full (Allocation Failure) 13M->9M(15M) 22.927ms
[348.862s][info][gc] GC(4813) Pause Young (Allocation Failure) 13M->13M(15M) 0.036ms
[348.885s][info][gc] GC(4814) Pause Full (Allocation Failure) 13M->9M(15M) 22.749ms
[348.890s][info][gc] GC(4815) Pause Young (Allocation Failure) 13M->13M(15M) 0.036ms
[348.912s][info][gc] GC(4816) Pause Full (Allocation Failure) 13M->9M(15M) 22.676ms
[348.918s][info][gc] GC(4817) Pause Young (Allocation Failure) 13M->13M(15M) 0.036ms
[348.940s][info][gc] GC(4818) Pause Full (Allocation Failure) 13M->9M(15M) 22.743ms
[348.946s][info][gc] GC(4819) Pause Young (Allocation Failure) 13M->13M(15M) 0.036ms
[348.969s][info][gc] GC(4820) Pause Full (Allocation Failure) 13M->9M(15M) 22.968ms
[348.974s][info][gc] GC(4821) Pause Young (Allocation Failure) 13M->13M(15M) 0.036ms
[348.997s][info][gc] GC(4822) Pause Full (Allocation Failure) 13M->9M(15M) 22.847ms
[349.002s][info][gc] GC(4823) Pause Young (Allocation Failure) 13M->13M(15M) 0.036ms
[349.025s][info][gc] GC(4824) Pause Full (Allocation Failure) 13M->9M(15M) 22.945ms
[349.030s][info][gc] GC(4825) Pause Young (Allocation Failure) 13M->13M(15M) 0.040ms
[349.053s][info][gc] GC(4826) Pause Full (Allocation Failure) 13M->9M(15M) 22.859ms
[349.058s][info][gc] GC(4827) Pause Young (Allocation Failure) 13M->13M(15M) 0.036ms
[349.081s][info][gc] GC(4828) Pause Full (Allocation Failure) 13M->9M(15M) 22.926ms
[349.086s][info][gc] GC(4829) Pause Young (Allocation Failure) 13M->13M(15M) 0.036ms
[349.109s][info][gc] GC(4830) Pause Full (Allocation Failure) 13M->9M(15M) 22.813ms
[349.114s][info][gc] GC(4831) Pause Young (Allocation Failure) 13M->13M(15M) 0.035ms
[349.137s][info][gc] GC(4832) Pause Full (Allocation Failure) 13M->9M(15M) 22.805ms
[349.142s][info][gc] GC(4833) Pause Young (Allocation Failure) 13M->13M(15M) 0.041ms
[349.166s][info][gc] GC(4834) Pause Full (Allocation Failure) 13M->9M(15M) 23.321ms
[349.171s][info][gc] GC(4835) Pause Young (Allocation Failure) 13M->13M(15M) 0.047ms
[349.195s][info][gc] GC(4836) Pause Full (Allocation Failure) 13M->9M(15M) 24.112ms
[349.201s][info][gc] GC(4837) Pause Young (Allocation Failure) 13M->13M(15M) 0.040ms
[349.224s][info][gc] GC(4838) Pause Full (Allocation Failure) 13M->9M(15M) 22.998ms
[349.229s][info][gc] GC(4839) Pause Young (Allocation Failure) 13M->13M(15M) 0.039ms
[349.253s][info][gc] GC(4840) Pause Full (Allocation Failure) 13M->9M(15M) 23.067ms
[349.258s][info][gc] GC(4841) Pause Young (Allocation Failure) 13M->13M(15M) 0.038ms
[349.281s][info][gc] GC(4842) Pause Full (Allocation Failure) 13M->9M(15M) 22.978ms
[349.287s][info][gc] GC(4843) Pause Young (Allocation Failure) 13M->13M(15M) 0.044ms
[349.310s][info][gc] GC(4844) Pause Full (Allocation Failure) 13M->9M(15M) 23.314ms
[349.315s][info][gc] GC(4845) Pause Young (Allocation Failure) 13M->13M(15M) 0.046ms
[349.340s][info][gc] GC(4846) Pause Full (Allocation Failure) 13M->9M(15M) 24.207ms
[349.345s][info][gc] GC(4847) Pause Young (Allocation Failure) 13M->13M(15M) 0.043ms
[349.370s][info][gc] GC(4848) Pause Full (Allocation Failure) 13M->9M(15M) 25.142ms
[349.376s][info][gc] GC(4849) Pause Young (Allocation Failure) 13M->13M(15M) 0.040ms
[349.400s][info][gc] GC(4850) Pause Full (Allocation Failure) 13M->9M(15M) 24.247ms
[349.405s][info][gc] GC(4851) Pause Young (Allocation Failure) 13M->13M(15M) 0.036ms
[349.429s][info][gc] GC(4852) Pause Full (Allocation Failure) 13M->9M(15M) 23.841ms
[349.434s][info][gc] GC(4853) Pause Young (Allocation Failure) 13M->13M(15M) 0.039ms
[349.457s][info][gc] GC(4854) Pause Full (Allocation Failure) 13M->9M(15M) 22.992ms
[349.462s][info][gc] GC(4855) Pause Young (Allocation Failure) 13M->13M(15M) 0.038ms
[349.485s][info][gc] GC(4856) Pause Full (Allocation Failure) 13M->9M(15M) 22.916ms
[349.491s][info][gc] GC(4857) Pause Young (Allocation Failure) 13M->13M(15M) 0.057ms
[349.514s][info][gc] GC(4858) Pause Full (Allocation Failure) 13M->9M(15M) 22.957ms
[349.519s][info][gc] GC(4859) Pause Young (Allocation Failure) 13M->13M(15M) 0.036ms
[349.542s][info][gc] GC(4860) Pause Full (Allocation Failure) 13M->9M(15M) 22.906ms
[349.547s][info][gc] GC(4861) Pause Young (Allocation Failure) 13M->13M(15M) 0.036ms
[349.570s][info][gc] GC(4862) Pause Full (Allocation Failure) 13M->9M(15M) 22.936ms
[349.575s][info][gc] GC(4863) Pause Young (Allocation Failure) 13M->13M(15M) 0.036ms
[349.598s][info][gc] GC(4864) Pause Full (Allocation Failure) 13M->9M(15M) 22.840ms
[349.603s][info][gc] GC(4865) Pause Young (Allocation Failure) 13M->13M(15M) 0.036ms
[349.626s][info][gc] GC(4866) Pause Full (Allocation Failure) 13M->9M(15M) 22.971ms
[349.631s][info][gc] GC(4867) Pause Young (Allocation Failure) 13M->13M(15M) 0.036ms
[349.654s][info][gc] GC(4868) Pause Full (Allocation Failure) 13M->9M(15M) 23.027ms
[349.660s][info][gc] GC(4869) Pause Young (Allocation Failure) 13M->13M(15M) 0.036ms
[349.682s][info][gc] GC(4870) Pause Full (Allocation Failure) 13M->9M(15M) 22.807ms
[349.688s][info][gc] GC(4871) Pause Young (Allocation Failure) 13M->13M(15M) 0.035ms
[349.711s][info][gc] GC(4872) Pause Full (Allocation Failure) 13M->9M(15M) 23.041ms
[349.716s][info][gc] GC(4873) Pause Young (Allocation Failure) 13M->13M(15M) 0.036ms
[349.739s][info][gc] GC(4874) Pause Full (Allocation Failure) 13M->9M(15M) 22.915ms
[349.744s][info][gc] GC(4875) Pause Young (Allocation Failure) 13M->13M(15M) 0.036ms
[349.767s][info][gc] GC(4876) Pause Full (Allocation Failure) 13M->9M(15M) 23.159ms
[349.772s][info][gc] GC(4877) Pause Young (Allocation Failure) 13M->13M(15M) 0.038ms
[349.795s][info][gc] GC(4878) Pause Full (Allocation Failure) 13M->9M(15M) 22.923ms
[349.801s][info][gc] GC(4879) Pause Young (Allocation Failure) 14M->14M(15M) 0.036ms
[349.823s][info][gc] GC(4880) Pause Full (Allocation Failure) 14M->9M(15M) 22.879ms
[349.829s][info][gc] GC(4881) Pause Young (Allocation Failure) 13M->13M(15M) 0.036ms
[349.852s][info][gc] GC(4882) Pause Full (Allocation Failure) 13M->9M(15M) 22.881ms
[349.857s][info][gc] GC(4883) Pause Young (Allocation Failure) 13M->13M(15M) 0.036ms
[349.880s][info][gc] GC(4884) Pause Full (Allocation Failure) 13M->9M(15M) 22.988ms
[349.885s][info][gc] GC(4885) Pause Young (Allocation Failure) 14M->14M(15M) 0.036ms
[349.908s][info][gc] GC(4886) Pause Full (Allocation Failure) 14M->9M(15M) 23.013ms
[349.913s][info][gc] GC(4887) Pause Young (Allocation Failure) 13M->13M(15M) 0.036ms
[349.936s][info][gc] GC(4888) Pause Full (Allocation Failure) 13M->9M(15M) 22.957ms
[349.941s][info][gc] GC(4889) Pause Young (Allocation Failure) 13M->13M(15M) 0.046ms
[349.965s][info][gc] GC(4890) Pause Full (Allocation Failure) 13M->9M(15M) 23.283ms
[349.970s][info][gc] GC(4891) Pause Young (Allocation Failure) 13M->13M(15M) 0.037ms
[349.993s][info][gc] GC(4892) Pause Full (Allocation Failure) 13M->9M(15M) 23.256ms
[349.998s][info][gc] GC(4893) Pause Young (Allocation Failure) 13M->13M(15M) 0.036ms
[350.021s][info][gc] GC(4894) Pause Full (Allocation Failure) 13M->9M(15M) 22.851ms
[350.026s][info][gc] GC(4895) Pause Young (Allocation Failure) 13M->13M(15M) 0.036ms
[350.049s][info][gc] GC(4896) Pause Full (Allocation Failure) 13M->9M(15M) 22.926ms
[350.054s][info][gc] GC(4897) Pause Young (Allocation Failure) 13M->13M(15M) 0.044ms
[350.078s][info][gc] GC(4898) Pause Full (Allocation Failure) 13M->9M(15M) 23.363ms
[350.083s][info][gc] GC(4899) Pause Young (Allocation Failure) 13M->13M(15M) 0.039ms
[350.106s][info][gc] GC(4900) Pause Full (Allocation Failure) 13M->9M(15M) 22.914ms
[350.111s][info][gc] GC(4901) Pause Young (Allocation Failure) 13M->13M(15M) 0.036ms
[350.134s][info][gc] GC(4902) Pause Full (Allocation Failure) 13M->9M(15M) 22.956ms
[350.139s][info][gc] GC(4903) Pause Young (Allocation Failure) 13M->13M(15M) 0.036ms
[350.163s][info][gc] GC(4904) Pause Full (Allocation Failure) 13M->9M(15M) 23.457ms
[350.168s][info][gc] GC(4905) Pause Young (Allocation Failure) 13M->13M(15M) 0.047ms
[350.193s][info][gc] GC(4906) Pause Full (Allocation Failure) 13M->9M(15M) 24.003ms
[350.198s][info][gc] GC(4907) Pause Young (Allocation Failure) 13M->13M(15M) 0.038ms
[350.221s][info][gc] GC(4908) Pause Full (Allocation Failure) 13M->9M(15M) 22.953ms
[350.226s][info][gc] GC(4909) Pause Young (Allocation Failure) 13M->13M(15M) 0.037ms
[350.249s][info][gc] GC(4910) Pause Full (Allocation Failure) 13M->9M(15M) 22.978ms
[350.254s][info][gc] GC(4911) Pause Young (Allocation Failure) 14M->14M(15M) 0.036ms
[350.277s][info][gc] GC(4912) Pause Full (Allocation Failure) 14M->9M(15M) 23.204ms
[350.283s][info][gc] GC(4913) Pause Young (Allocation Failure) 13M->13M(15M) 0.041ms
[350.306s][info][gc] GC(4914) Pause Full (Allocation Failure) 13M->9M(15M) 23.700ms
[350.312s][info][gc] GC(4915) Pause Young (Allocation Failure) 13M->13M(15M) 0.046ms
[350.337s][info][gc] GC(4916) Pause Full (Allocation Failure) 13M->9M(15M) 24.456ms
[350.342s][info][gc] GC(4917) Pause Young (Allocation Failure) 13M->13M(15M) 0.046ms
[350.366s][info][gc] GC(4918) Pause Full (Allocation Failure) 13M->9M(15M) 23.943ms
[350.371s][info][gc] GC(4919) Pause Young (Allocation Failure) 13M->13M(15M) 0.037ms
[350.394s][info][gc] GC(4920) Pause Full (Allocation Failure) 13M->9M(15M) 22.793ms
[350.399s][info][gc] GC(4921) Pause Young (Allocation Failure) 13M->13M(15M) 0.036ms
[350.422s][info][gc] GC(4922) Pause Full (Allocation Failure) 13M->9M(15M) 23.079ms
[350.427s][info][gc] GC(4923) Pause Young (Allocation Failure) 13M->13M(15M) 0.037ms
[350.450s][info][gc] GC(4924) Pause Full (Allocation Failure) 13M->9M(15M) 22.991ms
[350.455s][info][gc] GC(4925) Pause Young (Allocation Failure) 13M->13M(15M) 0.035ms
[350.479s][info][gc] GC(4926) Pause Full (Allocation Failure) 13M->9M(15M) 23.256ms
[350.484s][info][gc] GC(4927) Pause Young (Allocation Failure) 14M->14M(15M) 0.036ms
[350.507s][info][gc] GC(4928) Pause Full (Allocation Failure) 14M->9M(15M) 23.037ms
[350.512s][info][gc] GC(4929) Pause Young (Allocation Failure) 13M->13M(15M) 0.035ms
[350.535s][info][gc] GC(4930) Pause Full (Allocation Failure) 13M->9M(15M) 22.967ms
[350.540s][info][gc] GC(4931) Pause Young (Allocation Failure) 13M->13M(15M) 0.036ms
[350.563s][info][gc] GC(4932) Pause Full (Allocation Failure) 13M->9M(15M) 23.108ms
[350.569s][info][gc] GC(4933) Pause Young (Allocation Failure) 14M->14M(15M) 0.036ms
[350.592s][info][gc] GC(4934) Pause Full (Allocation Failure) 14M->9M(15M) 22.995ms
[350.597s][info][gc] GC(4935) Pause Young (Allocation Failure) 13M->13M(15M) 0.036ms
[350.620s][info][gc] GC(4936) Pause Full (Allocation Failure) 13M->9M(15M) 22.916ms
[350.625s][info][gc] GC(4937) Pause Young (Allocation Failure) 13M->13M(15M) 0.036ms
[350.648s][info][gc] GC(4938) Pause Full (Allocation Failure) 13M->9M(15M) 22.931ms
[350.653s][info][gc] GC(4939) Pause Young (Allocation Failure) 13M->13M(15M) 0.036ms
[350.676s][info][gc] GC(4940) Pause Full (Allocation Failure) 13M->9M(15M) 23.071ms
[350.681s][info][gc] GC(4941) Pause Young (Allocation Failure) 13M->13M(15M) 0.036ms
[350.704s][info][gc] GC(4942) Pause Full (Allocation Failure) 13M->9M(15M) 23.001ms
[350.710s][info][gc] GC(4943) Pause Young (Allocation Failure) 13M->13M(15M) 0.036ms
[350.733s][info][gc] GC(4944) Pause Full (Allocation Failure) 13M->9M(15M) 22.933ms
[350.738s][info][gc] GC(4945) Pause Young (Allocation Failure) 13M->13M(15M) 0.036ms
[350.761s][info][gc] GC(4946) Pause Full (Allocation Failure) 13M->9M(15M) 22.998ms
[350.766s][info][gc] GC(4947) Pause Young (Allocation Failure) 13M->13M(15M) 0.038ms
[350.789s][info][gc] GC(4948) Pause Full (Allocation Failure) 13M->9M(15M) 23.000ms
[350.794s][info][gc] GC(4949) Pause Young (Allocation Failure) 13M->13M(15M) 0.036ms
[350.817s][info][gc] GC(4950) Pause Full (Allocation Failure) 13M->9M(15M) 22.991ms
[350.822s][info][gc] GC(4951) Pause Young (Allocation Failure) 14M->14M(15M) 0.037ms
[350.845s][info][gc] GC(4952) Pause Full (Allocation Failure) 14M->9M(15M) 22.945ms
[350.851s][info][gc] GC(4953) Pause Young (Allocation Failure) 13M->13M(15M) 0.036ms
[350.874s][info][gc] GC(4954) Pause Full (Allocation Failure) 13M->9M(15M) 22.975ms
[350.879s][info][gc] GC(4955) Pause Young (Allocation Failure) 13M->13M(15M) 0.035ms
[350.902s][info][gc] GC(4956) Pause Full (Allocation Failure) 13M->9M(15M) 23.078ms
[350.907s][info][gc] GC(4957) Pause Young (Allocation Failure) 14M->14M(15M) 0.036ms
[350.930s][info][gc] GC(4958) Pause Full (Allocation Failure) 14M->9M(15M) 22.924ms
[350.935s][info][gc] GC(4959) Pause Young (Allocation Failure) 14M->14M(15M) 0.036ms
[350.958s][info][gc] GC(4960) Pause Full (Allocation Failure) 14M->9M(15M) 23.007ms
[350.964s][info][gc] GC(4961) Pause Young (Allocation Failure) 13M->13M(15M) 0.036ms
[350.987s][info][gc] GC(4962) Pause Full (Allocation Failure) 13M->9M(15M) 23.137ms
[350.992s][info][gc] GC(4963) Pause Young (Allocation Failure) 14M->14M(15M) 0.036ms
[351.015s][info][gc] GC(4964) Pause Full (Allocation Failure) 14M->9M(15M) 23.057ms
[351.020s][info][gc] GC(4965) Pause Young (Allocation Failure) 13M->13M(15M) 0.036ms
[351.043s][info][gc] GC(4966) Pause Full (Allocation Failure) 13M->9M(15M) 22.990ms
[351.048s][info][gc] GC(4967) Pause Young (Allocation Failure) 14M->14M(15M) 0.036ms
[351.072s][info][gc] GC(4968) Pause Full (Allocation Failure) 14M->9M(15M) 23.326ms
[351.077s][info][gc] GC(4969) Pause Young (Allocation Failure) 13M->13M(15M) 0.036ms
[351.100s][info][gc] GC(4970) Pause Full (Allocation Failure) 13M->9M(15M) 23.048ms
[351.105s][info][gc] GC(4971) Pause Young (Allocation Failure) 14M->14M(15M) 0.038ms
[351.128s][info][gc] GC(4972) Pause Full (Allocation Failure) 14M->9M(15M) 23.152ms
[351.134s][info][gc] GC(4973) Pause Young (Allocation Failure) 14M->14M(15M) 0.035ms
[351.157s][info][gc] GC(4974) Pause Full (Allocation Failure) 14M->9M(15M) 23.448ms
[351.163s][info][gc] GC(4975) Pause Young (Allocation Failure) 14M->14M(15M) 0.045ms
[351.187s][info][gc] GC(4976) Pause Full (Allocation Failure) 14M->9M(15M) 24.649ms
[351.193s][info][gc] GC(4977) Pause Young (Allocation Failure) 13M->13M(15M) 0.043ms
[351.216s][info][gc] GC(4978) Pause Full (Allocation Failure) 13M->9M(15M) 23.445ms
[351.221s][info][gc] GC(4979) Pause Young (Allocation Failure) 13M->13M(15M) 0.035ms
[351.244s][info][gc] GC(4980) Pause Full (Allocation Failure) 13M->9M(15M) 23.074ms
[351.250s][info][gc] GC(4981) Pause Young (Allocation Failure) 14M->14M(15M) 0.036ms
[351.273s][info][gc] GC(4982) Pause Full (Allocation Failure) 14M->9M(15M) 23.078ms
[351.278s][info][gc] GC(4983) Pause Young (Allocation Failure) 14M->14M(15M) 0.037ms
[351.302s][info][gc] GC(4984) Pause Full (Allocation Failure) 14M->9M(15M) 24.028ms
[351.307s][info][gc] GC(4985) Pause Young (Allocation Failure) 13M->13M(15M) 0.043ms
[351.330s][info][gc] GC(4986) Pause Full (Allocation Failure) 13M->9M(15M) 23.071ms
[351.336s][info][gc] GC(4987) Pause Young (Allocation Failure) 13M->13M(15M) 0.039ms
[351.359s][info][gc] GC(4988) Pause Full (Allocation Failure) 13M->9M(15M) 23.199ms
[351.364s][info][gc] GC(4989) Pause Young (Allocation Failure) 14M->14M(15M) 0.036ms
[351.387s][info][gc] GC(4990) Pause Full (Allocation Failure) 14M->9M(15M) 23.076ms
[351.392s][info][gc] GC(4991) Pause Young (Allocation Failure) 13M->13M(15M) 0.036ms
[351.415s][info][gc] GC(4992) Pause Full (Allocation Failure) 13M->9M(15M) 23.035ms
[351.421s][info][gc] GC(4993) Pause Young (Allocation Failure) 13M->13M(15M) 0.036ms
[351.444s][info][gc] GC(4994) Pause Full (Allocation Failure) 13M->9M(15M) 22.947ms
[351.449s][info][gc] GC(4995) Pause Young (Allocation Failure) 14M->14M(15M) 0.036ms
[351.472s][info][gc] GC(4996) Pause Full (Allocation Failure) 14M->9M(15M) 23.144ms
[351.477s][info][gc] GC(4997) Pause Young (Allocation Failure) 13M->13M(15M) 0.035ms
[351.501s][info][gc] GC(4998) Pause Full (Allocation Failure) 13M->9M(15M) 23.236ms
[351.506s][info][gc] GC(4999) Pause Young (Allocation Failure) 14M->14M(15M) 0.036ms
[351.529s][info][gc] GC(5000) Pause Full (Allocation Failure) 14M->9M(15M) 23.034ms
[351.534s][info][gc] GC(5001) Pause Young (Allocation Failure) 13M->13M(15M) 0.036ms
[351.557s][info][gc] GC(5002) Pause Full (Allocation Failure) 13M->9M(15M) 23.325ms
[351.562s][info][gc] GC(5003) Pause Young (Allocation Failure) 14M->14M(15M) 0.037ms
[351.586s][info][gc] GC(5004) Pause Full (Allocation Failure) 14M->9M(15M) 23.081ms
[351.591s][info][gc] GC(5005) Pause Young (Allocation Failure) 14M->14M(15M) 0.039ms
[351.614s][info][gc] GC(5006) Pause Full (Allocation Failure) 14M->9M(15M) 22.966ms
[351.619s][info][gc] GC(5007) Pause Young (Allocation Failure) 14M->14M(15M) 0.036ms
[351.642s][info][gc] GC(5008) Pause Full (Allocation Failure) 14M->9M(15M) 23.424ms
[351.648s][info][gc] GC(5009) Pause Young (Allocation Failure) 13M->13M(15M) 0.036ms
[351.671s][info][gc] GC(5010) Pause Full (Allocation Failure) 13M->9M(15M) 23.133ms
[351.676s][info][gc] GC(5011) Pause Young (Allocation Failure) 14M->14M(15M) 0.036ms
[351.699s][info][gc] GC(5012) Pause Full (Allocation Failure) 14M->9M(15M) 23.084ms
[351.704s][info][gc] GC(5013) Pause Young (Allocation Failure) 14M->14M(15M) 0.035ms
[351.727s][info][gc] GC(5014) Pause Full (Allocation Failure) 14M->9M(15M) 23.085ms
[351.733s][info][gc] GC(5015) Pause Young (Allocation Failure) 14M->14M(15M) 0.036ms
[351.756s][info][gc] GC(5016) Pause Full (Allocation Failure) 14M->9M(15M) 23.147ms
[351.761s][info][gc] GC(5017) Pause Young (Allocation Failure) 13M->13M(15M) 0.036ms
[351.784s][info][gc] GC(5018) Pause Full (Allocation Failure) 13M->9M(15M) 23.207ms
[351.789s][info][gc] GC(5019) Pause Young (Allocation Failure) 14M->14M(15M) 0.037ms
[351.813s][info][gc] GC(5020) Pause Full (Allocation Failure) 14M->9M(15M) 23.221ms
[351.818s][info][gc] GC(5021) Pause Young (Allocation Failure) 14M->14M(15M) 0.036ms
[351.841s][info][gc] GC(5022) Pause Full (Allocation Failure) 14M->9M(15M) 23.262ms
[351.846s][info][gc] GC(5023) Pause Young (Allocation Failure) 14M->14M(15M) 0.036ms
[351.869s][info][gc] GC(5024) Pause Full (Allocation Failure) 14M->9M(15M) 23.120ms
[351.875s][info][gc] GC(5025) Pause Young (Allocation Failure) 13M->13M(15M) 0.037ms
[351.898s][info][gc] GC(5026) Pause Full (Allocation Failure) 13M->9M(15M) 23.135ms
[351.903s][info][gc] GC(5027) Pause Young (Allocation Failure) 14M->14M(15M) 0.036ms
[351.926s][info][gc] GC(5028) Pause Full (Allocation Failure) 14M->9M(15M) 23.075ms
[351.931s][info][gc] GC(5029) Pause Young (Allocation Failure) 14M->14M(15M) 0.036ms
[351.954s][info][gc] GC(5030) Pause Full (Allocation Failure) 14M->9M(15M) 23.082ms
[351.960s][info][gc] GC(5031) Pause Young (Allocation Failure) 14M->14M(15M) 0.036ms
[351.983s][info][gc] GC(5032) Pause Full (Allocation Failure) 14M->9M(15M) 23.404ms
[351.988s][info][gc] GC(5033) Pause Young (Allocation Failure) 13M->13M(15M) 0.036ms
[352.012s][info][gc] GC(5034) Pause Full (Allocation Failure) 13M->9M(15M) 23.096ms
[352.017s][info][gc] GC(5035) Pause Young (Allocation Failure) 14M->14M(15M) 0.036ms
[352.040s][info][gc] GC(5036) Pause Full (Allocation Failure) 14M->9M(15M) 23.165ms
[352.045s][info][gc] GC(5037) Pause Young (Allocation Failure) 14M->14M(15M) 0.037ms
[352.068s][info][gc] GC(5038) Pause Full (Allocation Failure) 14M->9M(15M) 23.139ms
[352.074s][info][gc] GC(5039) Pause Young (Allocation Failure) 14M->14M(15M) 0.037ms
[352.097s][info][gc] GC(5040) Pause Full (Allocation Failure) 14M->9M(15M) 23.104ms
[352.102s][info][gc] GC(5041) Pause Young (Allocation Failure) 13M->13M(15M) 0.036ms
[352.125s][info][gc] GC(5042) Pause Full (Allocation Failure) 13M->9M(15M) 23.480ms
[352.131s][info][gc] GC(5043) Pause Young (Allocation Failure) 14M->14M(15M) 0.037ms
[352.154s][info][gc] GC(5044) Pause Full (Allocation Failure) 14M->9M(15M) 23.305ms
[352.159s][info][gc] GC(5045) Pause Young (Allocation Failure) 14M->14M(15M) 0.047ms
[352.184s][info][gc] GC(5046) Pause Full (Allocation Failure) 14M->9M(15M) 24.320ms
[352.189s][info][gc] GC(5047) Pause Young (Allocation Failure) 14M->14M(15M) 0.040ms
[352.212s][info][gc] GC(5048) Pause Full (Allocation Failure) 14M->9M(15M) 23.441ms
[352.218s][info][gc] GC(5049) Pause Young (Allocation Failure) 13M->13M(15M) 0.036ms
[352.241s][info][gc] GC(5050) Pause Full (Allocation Failure) 13M->9M(15M) 23.224ms
[352.246s][info][gc] GC(5051) Pause Young (Allocation Failure) 14M->14M(15M) 0.037ms
[352.269s][info][gc] GC(5052) Pause Full (Allocation Failure) 14M->9M(15M) 23.199ms
[352.275s][info][gc] GC(5053) Pause Young (Allocation Failure) 14M->14M(15M) 0.036ms
[352.298s][info][gc] GC(5054) Pause Full (Allocation Failure) 14M->9M(15M) 23.804ms
[352.304s][info][gc] GC(5055) Pause Young (Allocation Failure) 14M->14M(15M) 0.042ms
[352.327s][info][gc] GC(5056) Pause Full (Allocation Failure) 14M->9M(15M) 23.092ms
[352.332s][info][gc] GC(5057) Pause Young (Allocation Failure) 13M->13M(15M) 0.036ms
[352.355s][info][gc] GC(5058) Pause Full (Allocation Failure) 13M->9M(15M) 23.133ms
[352.361s][info][gc] GC(5059) Pause Young (Allocation Failure) 14M->14M(15M) 0.039ms
[352.384s][info][gc] GC(5060) Pause Full (Allocation Failure) 14M->9M(15M) 23.648ms
[352.389s][info][gc] GC(5061) Pause Young (Allocation Failure) 14M->14M(15M) 0.037ms
[352.413s][info][gc] GC(5062) Pause Full (Allocation Failure) 14M->9M(15M) 23.246ms
[352.418s][info][gc] GC(5063) Pause Young (Allocation Failure) 14M->14M(15M) 0.036ms
[352.441s][info][gc] GC(5064) Pause Full (Allocation Failure) 14M->9M(15M) 23.232ms
[352.446s][info][gc] GC(5065) Pause Young (Allocation Failure) 13M->13M(15M) 0.036ms
[352.470s][info][gc] GC(5066) Pause Full (Allocation Failure) 13M->9M(15M) 23.303ms
[352.475s][info][gc] GC(5067) Pause Young (Allocation Failure) 14M->14M(15M) 0.035ms
[352.498s][info][gc] GC(5068) Pause Full (Allocation Failure) 14M->9M(15M) 23.387ms
[352.503s][info][gc] GC(5069) Pause Young (Allocation Failure) 14M->14M(15M) 0.036ms
[352.527s][info][gc] GC(5070) Pause Full (Allocation Failure) 14M->9M(15M) 23.391ms
[352.532s][info][gc] GC(5071) Pause Young (Allocation Failure) 14M->14M(15M) 0.037ms
[352.555s][info][gc] GC(5072) Pause Full (Allocation Failure) 14M->9M(15M) 23.249ms
[352.561s][info][gc] GC(5073) Pause Young (Allocation Failure) 13M->13M(15M) 0.036ms
[352.584s][info][gc] GC(5074) Pause Full (Allocation Failure) 13M->9M(15M) 23.228ms
[352.589s][info][gc] GC(5075) Pause Young (Allocation Failure) 14M->14M(15M) 0.037ms
[352.612s][info][gc] GC(5076) Pause Full (Allocation Failure) 14M->9M(15M) 23.168ms
[352.617s][info][gc] GC(5077) Pause Young (Allocation Failure) 14M->14M(15M) 0.036ms
[352.640s][info][gc] GC(5078) Pause Full (Allocation Failure) 14M->9M(15M) 23.139ms
[352.646s][info][gc] GC(5079) Pause Young (Allocation Failure) 14M->14M(15M) 0.035ms
[352.669s][info][gc] GC(5080) Pause Full (Allocation Failure) 14M->9M(15M) 23.502ms
[352.674s][info][gc] GC(5081) Pause Young (Allocation Failure) 13M->13M(15M) 0.035ms
[352.698s][info][gc] GC(5082) Pause Full (Allocation Failure) 13M->9M(15M) 23.273ms
[352.703s][info][gc] GC(5083) Pause Young (Allocation Failure) 14M->14M(15M) 0.036ms
[352.726s][info][gc] GC(5084) Pause Full (Allocation Failure) 14M->9M(15M) 23.117ms
[352.731s][info][gc] GC(5085) Pause Young (Allocation Failure) 14M->14M(15M) 0.035ms
[352.755s][info][gc] GC(5086) Pause Full (Allocation Failure) 14M->9M(15M) 23.348ms
[352.760s][info][gc] GC(5087) Pause Young (Allocation Failure) 14M->14M(15M) 0.036ms
[352.783s][info][gc] GC(5088) Pause Full (Allocation Failure) 14M->9M(15M) 23.202ms
[352.788s][info][gc] GC(5089) Pause Young (Allocation Failure) 13M->13M(15M) 0.036ms
[352.811s][info][gc] GC(5090) Pause Full (Allocation Failure) 13M->9M(15M) 23.229ms
[352.816s][info][gc] GC(5091) Pause Young (Allocation Failure) 14M->14M(15M) 0.035ms
[352.840s][info][gc] GC(5092) Pause Full (Allocation Failure) 14M->9M(15M) 23.172ms
[352.845s][info][gc] GC(5093) Pause Young (Allocation Failure) 14M->14M(15M) 0.037ms
[352.868s][info][gc] GC(5094) Pause Full (Allocation Failure) 14M->9M(15M) 23.246ms
[352.873s][info][gc] GC(5095) Pause Young (Allocation Failure) 14M->14M(15M) 0.036ms
[352.897s][info][gc] GC(5096) Pause Full (Allocation Failure) 14M->9M(15M) 23.239ms
[352.902s][info][gc] GC(5097) Pause Young (Allocation Failure) 13M->13M(15M) 0.036ms
[352.925s][info][gc] GC(5098) Pause Full (Allocation Failure) 13M->9M(15M) 23.294ms
[352.930s][info][gc] GC(5099) Pause Young (Allocation Failure) 14M->14M(15M) 0.036ms
[352.954s][info][gc] GC(5100) Pause Full (Allocation Failure) 14M->9M(15M) 23.264ms
[352.959s][info][gc] GC(5101) Pause Young (Allocation Failure) 14M->14M(15M) 0.036ms
[352.982s][info][gc] GC(5102) Pause Full (Allocation Failure) 14M->9M(15M) 23.239ms
[352.987s][info][gc] GC(5103) Pause Young (Allocation Failure) 14M->14M(15M) 0.037ms
[353.011s][info][gc] GC(5104) Pause Full (Allocation Failure) 14M->9M(15M) 23.294ms
[353.016s][info][gc] GC(5105) Pause Young (Allocation Failure) 13M->13M(15M) 0.037ms
[353.039s][info][gc] GC(5106) Pause Full (Allocation Failure) 13M->9M(15M) 23.477ms
[353.045s][info][gc] GC(5107) Pause Young (Allocation Failure) 14M->14M(15M) 0.036ms
[353.068s][info][gc] GC(5108) Pause Full (Allocation Failure) 14M->9M(15M) 23.575ms
[353.073s][info][gc] GC(5109) Pause Young (Allocation Failure) 14M->14M(15M) 0.036ms
[353.097s][info][gc] GC(5110) Pause Full (Allocation Failure) 14M->9M(15M) 23.401ms
[353.102s][info][gc] GC(5111) Pause Young (Allocation Failure) 14M->14M(15M) 0.036ms
[353.125s][info][gc] GC(5112) Pause Full (Allocation Failure) 14M->9M(15M) 23.198ms
[353.130s][info][gc] GC(5113) Pause Young (Allocation Failure) 13M->13M(15M) 0.037ms
[353.154s][info][gc] GC(5114) Pause Full (Allocation Failure) 13M->9M(15M) 23.258ms
[353.159s][info][gc] GC(5115) Pause Young (Allocation Failure) 14M->14M(15M) 0.048ms
[353.184s][info][gc] GC(5116) Pause Full (Allocation Failure) 14M->9M(15M) 24.517ms
[353.189s][info][gc] GC(5117) Pause Young (Allocation Failure) 14M->14M(15M) 0.038ms
[353.212s][info][gc] GC(5118) Pause Full (Allocation Failure) 14M->9M(15M) 23.434ms
[353.218s][info][gc] GC(5119) Pause Young (Allocation Failure) 14M->14M(15M) 0.035ms
[353.241s][info][gc] GC(5120) Pause Full (Allocation Failure) 14M->9M(15M) 23.331ms
[353.246s][info][gc] GC(5121) Pause Young (Allocation Failure) 13M->13M(15M) 0.035ms
[353.269s][info][gc] GC(5122) Pause Full (Allocation Failure) 13M->9M(15M) 23.218ms
[353.275s][info][gc] GC(5123) Pause Young (Allocation Failure) 14M->14M(15M) 0.039ms
[353.299s][info][gc] GC(5124) Pause Full (Allocation Failure) 14M->9M(15M) 24.348ms
[353.305s][info][gc] GC(5125) Pause Young (Allocation Failure) 14M->14M(15M) 0.045ms
[353.329s][info][gc] GC(5126) Pause Full (Allocation Failure) 14M->9M(15M) 24.032ms
[353.334s][info][gc] GC(5127) Pause Young (Allocation Failure) 14M->14M(15M) 0.039ms
[353.357s][info][gc] GC(5128) Pause Full (Allocation Failure) 14M->9M(15M) 23.332ms
[353.362s][info][gc] GC(5129) Pause Young (Allocation Failure) 13M->13M(15M) 0.036ms
[353.386s][info][gc] GC(5130) Pause Full (Allocation Failure) 13M->9M(15M) 23.280ms
[353.391s][info][gc] GC(5131) Pause Young (Allocation Failure) 14M->14M(15M) 0.036ms
[353.414s][info][gc] GC(5132) Pause Full (Allocation Failure) 14M->9M(15M) 23.323ms
[353.420s][info][gc] GC(5133) Pause Young (Allocation Failure) 14M->14M(15M) 0.037ms
[353.443s][info][gc] GC(5134) Pause Full (Allocation Failure) 14M->9M(15M) 23.268ms
[353.448s][info][gc] GC(5135) Pause Young (Allocation Failure) 14M->14M(15M) 0.036ms
[353.472s][info][gc] GC(5136) Pause Full (Allocation Failure) 14M->9M(15M) 23.440ms
[353.477s][info][gc] GC(5137) Pause Young (Allocation Failure) 13M->13M(15M) 0.040ms
[353.501s][info][gc] GC(5138) Pause Full (Allocation Failure) 13M->9M(15M) 23.808ms
[353.506s][info][gc] GC(5139) Pause Young (Allocation Failure) 14M->14M(15M) 0.037ms
[353.529s][info][gc] GC(5140) Pause Full (Allocation Failure) 14M->9M(15M) 23.386ms
[353.535s][info][gc] GC(5141) Pause Young (Allocation Failure) 14M->14M(15M) 0.037ms
[353.558s][info][gc] GC(5142) Pause Full (Allocation Failure) 14M->9M(15M) 23.306ms
[353.563s][info][gc] GC(5143) Pause Young (Allocation Failure) 14M->14M(15M) 0.037ms
[353.587s][info][gc] GC(5144) Pause Full (Allocation Failure) 14M->9M(15M) 23.294ms
[353.592s][info][gc] GC(5145) Pause Young (Allocation Failure) 13M->13M(15M) 0.035ms
[353.615s][info][gc] GC(5146) Pause Full (Allocation Failure) 13M->9M(15M) 23.404ms
[353.620s][info][gc] GC(5147) Pause Young (Allocation Failure) 14M->14M(15M) 0.037ms
[353.644s][info][gc] GC(5148) Pause Full (Allocation Failure) 14M->9M(15M) 23.462ms
[353.649s][info][gc] GC(5149) Pause Young (Allocation Failure) 14M->14M(15M) 0.036ms
[353.673s][info][gc] GC(5150) Pause Full (Allocation Failure) 14M->9M(15M) 23.449ms
[353.678s][info][gc] GC(5151) Pause Young (Allocation Failure) 14M->14M(15M) 0.035ms
[353.701s][info][gc] GC(5152) Pause Full (Allocation Failure) 14M->9M(15M) 23.257ms
[353.706s][info][gc] GC(5153) Pause Young (Allocation Failure) 13M->13M(15M) 0.038ms
[353.730s][info][gc] GC(5154) Pause Full (Allocation Failure) 13M->9M(15M) 23.800ms
[353.735s][info][gc] GC(5155) Pause Young (Allocation Failure) 14M->14M(15M) 0.037ms
[353.759s][info][gc] GC(5156) Pause Full (Allocation Failure) 14M->9M(15M) 23.340ms
[353.764s][info][gc] GC(5157) Pause Young (Allocation Failure) 14M->14M(15M) 0.036ms
[353.787s][info][gc] GC(5158) Pause Full (Allocation Failure) 14M->9M(15M) 23.301ms
[353.793s][info][gc] GC(5159) Pause Young (Allocation Failure) 14M->14M(15M) 0.036ms
[353.816s][info][gc] GC(5160) Pause Full (Allocation Failure) 14M->9M(15M) 23.431ms
[353.821s][info][gc] GC(5161) Pause Young (Allocation Failure) 13M->13M(15M) 0.036ms
[353.845s][info][gc] GC(5162) Pause Full (Allocation Failure) 13M->9M(15M) 23.369ms
[353.850s][info][gc] GC(5163) Pause Young (Allocation Failure) 14M->14M(15M) 0.037ms
[353.873s][info][gc] GC(5164) Pause Full (Allocation Failure) 14M->9M(15M) 23.330ms
[353.878s][info][gc] GC(5165) Pause Young (Allocation Failure) 14M->14M(15M) 0.037ms
[353.902s][info][gc] GC(5166) Pause Full (Allocation Failure) 14M->9M(15M) 23.280ms
[353.907s][info][gc] GC(5167) Pause Young (Allocation Failure) 14M->14M(15M) 0.036ms
[353.930s][info][gc] GC(5168) Pause Full (Allocation Failure) 14M->9M(15M) 23.565ms
[353.936s][info][gc] GC(5169) Pause Young (Allocation Failure) 13M->13M(15M) 0.036ms
[353.959s][info][gc] GC(5170) Pause Full (Allocation Failure) 13M->9M(15M) 23.285ms
[353.964s][info][gc] GC(5171) Pause Young (Allocation Failure) 14M->14M(15M) 0.037ms
[353.988s][info][gc] GC(5172) Pause Full (Allocation Failure) 14M->9M(15M) 23.391ms
[353.993s][info][gc] GC(5173) Pause Young (Allocation Failure) 14M->14M(15M) 0.038ms
[354.016s][info][gc] GC(5174) Pause Full (Allocation Failure) 14M->9M(15M) 23.436ms
[354.022s][info][gc] GC(5175) Pause Young (Allocation Failure) 14M->14M(15M) 0.036ms
[354.045s][info][gc] GC(5176) Pause Full (Allocation Failure) 14M->9M(15M) 23.451ms
[354.050s][info][gc] GC(5177) Pause Young (Allocation Failure) 13M->13M(15M) 0.036ms
[354.074s][info][gc] GC(5178) Pause Full (Allocation Failure) 13M->9M(15M) 23.371ms
[354.079s][info][gc] GC(5179) Pause Young (Allocation Failure) 14M->14M(15M) 0.036ms
[354.102s][info][gc] GC(5180) Pause Full (Allocation Failure) 14M->9M(15M) 23.255ms
[354.107s][info][gc] GC(5181) Pause Young (Allocation Failure) 14M->14M(15M) 0.039ms
[354.131s][info][gc] GC(5182) Pause Full (Allocation Failure) 14M->9M(15M) 23.845ms
[354.136s][info][gc] GC(5183) Pause Young (Allocation Failure) 14M->14M(15M) 0.038ms
[354.160s][info][gc] GC(5184) Pause Full (Allocation Failure) 14M->9M(15M) 23.550ms
[354.165s][info][gc] GC(5185) Pause Young (Allocation Failure) 13M->13M(15M) 0.047ms
[354.190s][info][gc] GC(5186) Pause Full (Allocation Failure) 13M->9M(15M) 24.487ms
[354.195s][info][gc] GC(5187) Pause Young (Allocation Failure) 14M->14M(15M) 0.039ms
[354.219s][info][gc] GC(5188) Pause Full (Allocation Failure) 14M->9M(15M) 23.459ms
[354.224s][info][gc] GC(5189) Pause Young (Allocation Failure) 14M->14M(15M) 0.035ms
[354.247s][info][gc] GC(5190) Pause Full (Allocation Failure) 14M->9M(15M) 23.479ms
[354.253s][info][gc] GC(5191) Pause Young (Allocation Failure) 14M->14M(15M) 0.036ms
[354.276s][info][gc] GC(5192) Pause Full (Allocation Failure) 14M->9M(15M) 23.525ms
[354.281s][info][gc] GC(5193) Pause Young (Allocation Failure) 13M->13M(15M) 0.041ms
[354.306s][info][gc] GC(5194) Pause Full (Allocation Failure) 13M->9M(15M) 24.101ms
[354.312s][info][gc] GC(5195) Pause Young (Allocation Failure) 14M->14M(15M) 0.041ms
[354.335s][info][gc] GC(5196) Pause Full (Allocation Failure) 14M->9M(15M) 23.391ms
[354.340s][info][gc] GC(5197) Pause Young (Allocation Failure) 14M->14M(15M) 0.036ms
[354.364s][info][gc] GC(5198) Pause Full (Allocation Failure) 14M->9M(15M) 23.588ms
[354.369s][info][gc] GC(5199) Pause Young (Allocation Failure) 14M->14M(15M) 0.036ms
[354.393s][info][gc] GC(5200) Pause Full (Allocation Failure) 14M->9M(15M) 23.417ms
[354.398s][info][gc] GC(5201) Pause Young (Allocation Failure) 13M->13M(15M) 0.036ms
[354.421s][info][gc] GC(5202) Pause Full (Allocation Failure) 13M->9M(15M) 23.477ms
[354.426s][info][gc] GC(5203) Pause Young (Allocation Failure) 14M->14M(15M) 0.037ms
[354.450s][info][gc] GC(5204) Pause Full (Allocation Failure) 14M->9M(15M) 23.387ms
[354.455s][info][gc] GC(5205) Pause Young (Allocation Failure) 14M->14M(15M) 0.036ms
[354.479s][info][gc] GC(5206) Pause Full (Allocation Failure) 14M->9M(15M) 23.448ms
[354.484s][info][gc] GC(5207) Pause Young (Allocation Failure) 14M->14M(15M) 0.036ms
[354.507s][info][gc] GC(5208) Pause Full (Allocation Failure) 14M->9M(15M) 23.438ms
[354.512s][info][gc] GC(5209) Pause Young (Allocation Failure) 13M->13M(15M) 0.036ms
[354.536s][info][gc] GC(5210) Pause Full (Allocation Failure) 13M->9M(15M) 23.442ms
[354.541s][info][gc] GC(5211) Pause Young (Allocation Failure) 14M->14M(15M) 0.035ms
[354.565s][info][gc] GC(5212) Pause Full (Allocation Failure) 14M->9M(15M) 23.428ms
[354.570s][info][gc] GC(5213) Pause Young (Allocation Failure) 14M->14M(15M) 0.038ms
[354.593s][info][gc] GC(5214) Pause Full (Allocation Failure) 14M->9M(15M) 23.403ms
[354.599s][info][gc] GC(5215) Pause Young (Allocation Failure) 14M->14M(15M) 0.039ms
[354.622s][info][gc] GC(5216) Pause Full (Allocation Failure) 14M->9M(15M) 23.403ms
[354.627s][info][gc] GC(5217) Pause Young (Allocation Failure) 13M->13M(15M) 0.036ms
[354.651s][info][gc] GC(5218) Pause Full (Allocation Failure) 13M->9M(15M) 23.422ms
[354.656s][info][gc] GC(5219) Pause Young (Allocation Failure) 14M->14M(15M) 0.036ms
[354.680s][info][gc] GC(5220) Pause Full (Allocation Failure) 14M->9M(15M) 23.689ms
[354.685s][info][gc] GC(5221) Pause Young (Allocation Failure) 14M->14M(15M) 0.035ms
[354.708s][info][gc] GC(5222) Pause Full (Allocation Failure) 14M->9M(15M) 23.434ms
[354.713s][info][gc] GC(5223) Pause Young (Allocation Failure) 14M->14M(15M) 0.040ms
[354.737s][info][gc] GC(5224) Pause Full (Allocation Failure) 14M->9M(15M) 23.860ms
[354.743s][info][gc] GC(5225) Pause Young (Allocation Failure) 13M->13M(15M) 0.039ms
[354.766s][info][gc] GC(5226) Pause Full (Allocation Failure) 13M->9M(15M) 23.488ms
[354.771s][info][gc] GC(5227) Pause Young (Allocation Failure) 14M->14M(15M) 0.035ms
[354.795s][info][gc] GC(5228) Pause Full (Allocation Failure) 14M->9M(15M) 23.771ms
[354.800s][info][gc] GC(5229) Pause Young (Allocation Failure) 14M->14M(15M) 0.036ms
[354.824s][info][gc] GC(5230) Pause Full (Allocation Failure) 14M->9M(15M) 23.688ms
[354.829s][info][gc] GC(5231) Pause Young (Allocation Failure) 14M->14M(15M) 0.036ms
[354.853s][info][gc] GC(5232) Pause Full (Allocation Failure) 14M->9M(15M) 23.513ms
[354.858s][info][gc] GC(5233) Pause Young (Allocation Failure) 13M->13M(15M) 0.036ms
[354.881s][info][gc] GC(5234) Pause Full (Allocation Failure) 13M->9M(15M) 23.408ms
[354.886s][info][gc] GC(5235) Pause Young (Allocation Failure) 14M->14M(15M) 0.038ms
[354.910s][info][gc] GC(5236) Pause Full (Allocation Failure) 14M->9M(15M) 23.468ms
[354.915s][info][gc] GC(5237) Pause Young (Allocation Failure) 14M->14M(15M) 0.035ms
[354.939s][info][gc] GC(5238) Pause Full (Allocation Failure) 14M->9M(15M) 23.626ms
[354.944s][info][gc] GC(5239) Pause Young (Allocation Failure) 14M->14M(15M) 0.036ms
[354.968s][info][gc] GC(5240) Pause Full (Allocation Failure) 14M->9M(15M) 23.565ms
[354.973s][info][gc] GC(5241) Pause Young (Allocation Failure) 13M->13M(15M) 0.036ms
[354.996s][info][gc] GC(5242) Pause Full (Allocation Failure) 13M->9M(15M) 23.375ms
[355.002s][info][gc] GC(5243) Pause Young (Allocation Failure) 14M->14M(15M) 0.042ms
[355.026s][info][gc] GC(5244) Pause Full (Allocation Failure) 14M->9M(15M) 23.880ms
[355.031s][info][gc] GC(5245) Pause Young (Allocation Failure) 14M->14M(15M) 0.038ms
[355.055s][info][gc] GC(5246) Pause Full (Allocation Failure) 14M->9M(15M) 23.443ms
[355.060s][info][gc] GC(5247) Pause Young (Allocation Failure) 14M->14M(15M) 0.036ms
[355.083s][info][gc] GC(5248) Pause Full (Allocation Failure) 14M->9M(15M) 23.796ms
[355.089s][info][gc] GC(5249) Pause Young (Allocation Failure) 13M->13M(15M) 0.036ms
[355.112s][info][gc] GC(5250) Pause Full (Allocation Failure) 13M->9M(15M) 23.511ms
[355.117s][info][gc] GC(5251) Pause Young (Allocation Failure) 14M->14M(15M) 0.036ms
[355.141s][info][gc] GC(5252) Pause Full (Allocation Failure) 14M->9M(15M) 23.643ms
[355.146s][info][gc] GC(5253) Pause Young (Allocation Failure) 14M->14M(15M) 0.069ms
[355.170s][info][gc] GC(5254) Pause Full (Allocation Failure) 14M->9M(15M) 24.047ms
[355.176s][info][gc] GC(5255) Pause Young (Allocation Failure) 14M->14M(15M) 0.049ms
[355.201s][info][gc] GC(5256) Pause Full (Allocation Failure) 14M->9M(15M) 24.802ms
[355.206s][info][gc] GC(5257) Pause Young (Allocation Failure) 13M->13M(15M) 0.038ms
[355.230s][info][gc] GC(5258) Pause Full (Allocation Failure) 13M->9M(15M) 23.849ms
[355.235s][info][gc] GC(5259) Pause Young (Allocation Failure) 14M->14M(15M) 0.037ms
[355.259s][info][gc] GC(5260) Pause Full (Allocation Failure) 14M->9M(15M) 23.543ms
[355.264s][info][gc] GC(5261) Pause Young (Allocation Failure) 14M->14M(15M) 0.036ms
[355.288s][info][gc] GC(5262) Pause Full (Allocation Failure) 14M->9M(15M) 24.112ms
[355.293s][info][gc] GC(5263) Pause Young (Allocation Failure) 14M->14M(15M) 0.040ms
[355.317s][info][gc] GC(5264) Pause Full (Allocation Failure) 14M->9M(15M) 23.847ms
[355.323s][info][gc] GC(5265) Pause Young (Allocation Failure) 13M->13M(15M) 0.042ms
[355.346s][info][gc] GC(5266) Pause Full (Allocation Failure) 13M->9M(15M) 23.567ms
[355.351s][info][gc] GC(5267) Pause Young (Allocation Failure) 14M->14M(15M) 0.036ms
[355.375s][info][gc] GC(5268) Pause Full (Allocation Failure) 14M->9M(15M) 23.459ms
[355.380s][info][gc] GC(5269) Pause Young (Allocation Failure) 14M->14M(15M) 0.036ms
[355.404s][info][gc] GC(5270) Pause Full (Allocation Failure) 14M->9M(15M) 23.458ms
[355.409s][info][gc] GC(5271) Pause Young (Allocation Failure) 14M->14M(15M) 0.036ms
[355.432s][info][gc] GC(5272) Pause Full (Allocation Failure) 14M->9M(15M) 23.565ms
[355.438s][info][gc] GC(5273) Pause Young (Allocation Failure) 13M->13M(15M) 0.035ms
[355.461s][info][gc] GC(5274) Pause Full (Allocation Failure) 13M->9M(15M) 23.634ms
[355.466s][info][gc] GC(5275) Pause Young (Allocation Failure) 14M->14M(15M) 0.035ms
[355.491s][info][gc] GC(5276) Pause Full (Allocation Failure) 14M->9M(15M) 24.203ms
[355.496s][info][gc] GC(5277) Pause Young (Allocation Failure) 14M->14M(15M) 0.036ms
[355.519s][info][gc] GC(5278) Pause Full (Allocation Failure) 14M->9M(15M) 23.545ms
[355.525s][info][gc] GC(5279) Pause Young (Allocation Failure) 14M->14M(15M) 0.038ms
[355.548s][info][gc] GC(5280) Pause Full (Allocation Failure) 14M->9M(15M) 23.500ms
[355.553s][info][gc] GC(5281) Pause Young (Allocation Failure) 13M->13M(15M) 0.036ms
[355.577s][info][gc] GC(5282) Pause Full (Allocation Failure) 13M->9M(15M) 23.466ms
[355.582s][info][gc] GC(5283) Pause Young (Allocation Failure) 14M->14M(15M) 0.036ms
[355.606s][info][gc] GC(5284) Pause Full (Allocation Failure) 14M->9M(15M) 23.569ms
[355.611s][info][gc] GC(5285) Pause Young (Allocation Failure) 14M->14M(15M) 0.036ms
[355.634s][info][gc] GC(5286) Pause Full (Allocation Failure) 14M->9M(15M) 23.546ms
[355.640s][info][gc] GC(5287) Pause Young (Allocation Failure) 14M->14M(15M) 0.036ms
[355.663s][info][gc] GC(5288) Pause Full (Allocation Failure) 14M->9M(15M) 23.477ms
[355.668s][info][gc] GC(5289) Pause Young (Allocation Failure) 13M->13M(15M) 0.037ms
[355.692s][info][gc] GC(5290) Pause Full (Allocation Failure) 13M->9M(15M) 23.648ms
[355.697s][info][gc] GC(5291) Pause Young (Allocation Failure) 14M->14M(15M) 0.036ms
[355.721s][info][gc] GC(5292) Pause Full (Allocation Failure) 14M->9M(15M) 23.596ms
[355.726s][info][gc] GC(5293) Pause Young (Allocation Failure) 14M->14M(15M) 0.036ms
[355.750s][info][gc] GC(5294) Pause Full (Allocation Failure) 14M->9M(15M) 23.530ms
[355.755s][info][gc] GC(5295) Pause Young (Allocation Failure) 14M->14M(15M) 0.036ms
[355.778s][info][gc] GC(5296) Pause Full (Allocation Failure) 14M->9M(15M) 23.520ms
[355.784s][info][gc] GC(5297) Pause Young (Allocation Failure) 13M->13M(15M) 0.035ms
[355.807s][info][gc] GC(5298) Pause Full (Allocation Failure) 13M->9M(15M) 23.573ms
[355.812s][info][gc] GC(5299) Pause Young (Allocation Failure) 14M->14M(15M) 0.035ms
[355.836s][info][gc] GC(5300) Pause Full (Allocation Failure) 14M->9M(15M) 23.495ms
[355.841s][info][gc] GC(5301) Pause Young (Allocation Failure) 14M->14M(15M) 0.036ms
[355.865s][info][gc] GC(5302) Pause Full (Allocation Failure) 14M->10M(15M) 23.844ms
[355.870s][info][gc] GC(5303) Pause Young (Allocation Failure) 14M->14M(15M) 0.036ms
[355.894s][info][gc] GC(5304) Pause Full (Allocation Failure) 14M->9M(15M) 23.664ms
[355.899s][info][gc] GC(5305) Pause Young (Allocation Failure) 13M->13M(15M) 0.036ms
[355.922s][info][gc] GC(5306) Pause Full (Allocation Failure) 13M->9M(15M) 23.568ms
[355.928s][info][gc] GC(5307) Pause Young (Allocation Failure) 14M->14M(15M) 0.035ms
[355.952s][info][gc] GC(5308) Pause Full (Allocation Failure) 14M->10M(15M) 23.822ms
[355.957s][info][gc] GC(5309) Pause Young (Allocation Failure) 14M->14M(15M) 0.036ms
[355.981s][info][gc] GC(5310) Pause Full (Allocation Failure) 14M->9M(15M) 23.740ms
[355.986s][info][gc] GC(5311) Pause Young (Allocation Failure) 14M->14M(15M) 0.036ms
[356.009s][info][gc] GC(5312) Pause Full (Allocation Failure) 14M->9M(15M) 23.715ms
[356.015s][info][gc] GC(5313) Pause Young (Allocation Failure) 13M->13M(15M) 0.036ms
[356.038s][info][gc] GC(5314) Pause Full (Allocation Failure) 13M->9M(15M) 23.626ms
[356.044s][info][gc] GC(5315) Pause Young (Allocation Failure) 14M->14M(15M) 0.036ms
[356.067s][info][gc] GC(5316) Pause Full (Allocation Failure) 14M->9M(15M) 23.529ms
[356.072s][info][gc] GC(5317) Pause Young (Allocation Failure) 14M->14M(15M) 0.036ms
[356.096s][info][gc] GC(5318) Pause Full (Allocation Failure) 14M->9M(15M) 23.665ms
[356.101s][info][gc] GC(5319) Pause Young (Allocation Failure) 14M->14M(15M) 0.040ms
[356.125s][info][gc] GC(5320) Pause Full (Allocation Failure) 14M->9M(15M) 24.037ms
[356.130s][info][gc] GC(5321) Pause Young (Allocation Failure) 13M->13M(15M) 0.038ms
[356.154s][info][gc] GC(5322) Pause Full (Allocation Failure) 13M->9M(15M) 23.706ms
[356.160s][info][gc] GC(5323) Pause Young (Allocation Failure) 14M->14M(15M) 0.048ms
[356.185s][info][gc] GC(5324) Pause Full (Allocation Failure) 14M->9M(15M) 25.307ms
[356.190s][info][gc] GC(5325) Pause Young (Allocation Failure) 14M->14M(15M) 0.064ms
[356.216s][info][gc] GC(5326) Pause Full (Allocation Failure) 14M->10M(15M) 25.330ms
[356.221s][info][gc] GC(5327) Pause Young (Allocation Failure) 14M->14M(15M) 0.044ms
[356.245s][info][gc] GC(5328) Pause Full (Allocation Failure) 14M->9M(15M) 24.117ms
[356.250s][info][gc] GC(5329) Pause Young (Allocation Failure) 13M->13M(15M) 0.036ms
[356.274s][info][gc] GC(5330) Pause Full (Allocation Failure) 13M->9M(15M) 23.608ms
[356.279s][info][gc] GC(5331) Pause Young (Allocation Failure) 14M->14M(15M) 0.039ms
[356.304s][info][gc] GC(5332) Pause Full (Allocation Failure) 14M->10M(15M) 24.598ms
[356.310s][info][gc] GC(5333) Pause Young (Allocation Failure) 14M->14M(15M) 0.043ms
[356.333s][info][gc] GC(5334) Pause Full (Allocation Failure) 14M->9M(15M) 23.647ms
[356.339s][info][gc] GC(5335) Pause Young (Allocation Failure) 14M->14M(15M) 0.035ms
[356.362s][info][gc] GC(5336) Pause Full (Allocation Failure) 14M->9M(15M) 23.647ms
[356.367s][info][gc] GC(5337) Pause Young (Allocation Failure) 13M->13M(15M) 0.035ms
[356.391s][info][gc] GC(5338) Pause Full (Allocation Failure) 13M->9M(15M) 23.641ms
[356.396s][info][gc] GC(5339) Pause Young (Allocation Failure) 14M->14M(15M) 0.037ms
[356.420s][info][gc] GC(5340) Pause Full (Allocation Failure) 14M->10M(15M) 23.715ms
[356.425s][info][gc] GC(5341) Pause Young (Allocation Failure) 14M->14M(15M) 0.037ms
[356.449s][info][gc] GC(5342) Pause Full (Allocation Failure) 14M->9M(15M) 23.781ms
[356.454s][info][gc] GC(5343) Pause Young (Allocation Failure) 14M->14M(15M) 0.036ms
[356.478s][info][gc] GC(5344) Pause Full (Allocation Failure) 14M->9M(15M) 23.920ms
[356.483s][info][gc] GC(5345) Pause Young (Allocation Failure) 13M->13M(15M) 0.038ms
[356.507s][info][gc] GC(5346) Pause Full (Allocation Failure) 13M->9M(15M) 23.619ms
[356.512s][info][gc] GC(5347) Pause Young (Allocation Failure) 14M->14M(15M) 0.036ms
[356.536s][info][gc] GC(5348) Pause Full (Allocation Failure) 14M->9M(15M) 23.685ms
[356.541s][info][gc] GC(5349) Pause Young (Allocation Failure) 14M->14M(15M) 0.036ms
[356.565s][info][gc] GC(5350) Pause Full (Allocation Failure) 14M->10M(15M) 23.721ms
[356.570s][info][gc] GC(5351) Pause Young (Allocation Failure) 14M->14M(15M) 0.036ms
[356.594s][info][gc] GC(5352) Pause Full (Allocation Failure) 14M->9M(15M) 23.824ms
[356.599s][info][gc] GC(5353) Pause Young (Allocation Failure) 13M->13M(15M) 0.036ms
[356.623s][info][gc] GC(5354) Pause Full (Allocation Failure) 13M->9M(15M) 23.588ms
[356.628s][info][gc] GC(5355) Pause Young (Allocation Failure) 14M->14M(15M) 0.035ms
[356.652s][info][gc] GC(5356) Pause Full (Allocation Failure) 14M->10M(15M) 23.775ms
[356.657s][info][gc] GC(5357) Pause Young (Allocation Failure) 14M->14M(15M) 0.036ms
[356.681s][info][gc] GC(5358) Pause Full (Allocation Failure) 14M->9M(15M) 23.709ms
[356.686s][info][gc] GC(5359) Pause Young (Allocation Failure) 14M->14M(15M) 0.035ms
[356.710s][info][gc] GC(5360) Pause Full (Allocation Failure) 14M->9M(15M) 23.685ms
[356.715s][info][gc] GC(5361) Pause Young (Allocation Failure) 13M->13M(15M) 0.035ms
[356.739s][info][gc] GC(5362) Pause Full (Allocation Failure) 13M->10M(15M) 23.804ms
[356.744s][info][gc] GC(5363) Pause Young (Allocation Failure) 14M->14M(15M) 0.036ms
[356.767s][info][gc] GC(5364) Pause Full (Allocation Failure) 14M->9M(15M) 23.662ms
[356.773s][info][gc] GC(5365) Pause Young (Allocation Failure) 14M->14M(15M) 0.036ms
[356.796s][info][gc] GC(5366) Pause Full (Allocation Failure) 14M->9M(15M) 23.599ms
[356.801s][info][gc] GC(5367) Pause Young (Allocation Failure) 14M->14M(15M) 0.063ms
[356.825s][info][gc] GC(5368) Pause Full (Allocation Failure) 14M->9M(15M) 23.547ms
[356.830s][info][gc] GC(5369) Pause Young (Allocation Failure) 13M->13M(15M) 0.036ms
[356.854s][info][gc] GC(5370) Pause Full (Allocation Failure) 13M->9M(15M) 23.626ms
[356.859s][info][gc] GC(5371) Pause Young (Allocation Failure) 14M->14M(15M) 0.036ms
[356.883s][info][gc] GC(5372) Pause Full (Allocation Failure) 14M->9M(15M) 23.804ms
[356.888s][info][gc] GC(5373) Pause Young (Allocation Failure) 14M->14M(15M) 0.037ms
[356.912s][info][gc] GC(5374) Pause Full (Allocation Failure) 14M->10M(15M) 23.644ms
[356.917s][info][gc] GC(5375) Pause Young (Allocation Failure) 14M->14M(15M) 0.040ms
[356.941s][info][gc] GC(5376) Pause Full (Allocation Failure) 14M->9M(15M) 24.234ms
[356.946s][info][gc] GC(5377) Pause Young (Allocation Failure) 13M->13M(15M) 0.038ms
[356.970s][info][gc] GC(5378) Pause Full (Allocation Failure) 13M->9M(15M) 23.682ms
[356.975s][info][gc] GC(5379) Pause Young (Allocation Failure) 14M->14M(15M) 0.036ms
[356.999s][info][gc] GC(5380) Pause Full (Allocation Failure) 14M->10M(15M) 23.765ms
[357.004s][info][gc] GC(5381) Pause Young (Allocation Failure) 14M->14M(15M) 0.036ms
[357.028s][info][gc] GC(5382) Pause Full (Allocation Failure) 14M->9M(15M) 23.798ms
[357.033s][info][gc] GC(5383) Pause Young (Allocation Failure) 14M->14M(15M) 0.036ms
[357.057s][info][gc] GC(5384) Pause Full (Allocation Failure) 14M->9M(15M) 23.570ms
[357.062s][info][gc] GC(5385) Pause Young (Allocation Failure) 13M->13M(15M) 0.039ms
[357.086s][info][gc] GC(5386) Pause Full (Allocation Failure) 13M->9M(15M) 24.121ms
[357.092s][info][gc] GC(5387) Pause Young (Allocation Failure) 14M->14M(15M) 0.040ms
[357.115s][info][gc] GC(5388) Pause Full (Allocation Failure) 14M->9M(15M) 23.687ms
[357.121s][info][gc] GC(5389) Pause Young (Allocation Failure) 14M->14M(15M) 0.036ms
[357.144s][info][gc] GC(5390) Pause Full (Allocation Failure) 14M->9M(15M) 23.689ms
[357.150s][info][gc] GC(5391) Pause Young (Allocation Failure) 14M->14M(15M) 0.054ms
[357.175s][info][gc] GC(5392) Pause Full (Allocation Failure) 14M->9M(15M) 25.317ms
[357.180s][info][gc] GC(5393) Pause Young (Allocation Failure) 13M->13M(15M) 0.036ms
[357.204s][info][gc] GC(5394) Pause Full (Allocation Failure) 13M->9M(15M) 23.952ms
[357.209s][info][gc] GC(5395) Pause Young (Allocation Failure) 14M->14M(15M) 0.037ms
[357.233s][info][gc] GC(5396) Pause Full (Allocation Failure) 14M->9M(15M) 23.752ms
[357.238s][info][gc] GC(5397) Pause Young (Allocation Failure) 14M->14M(15M) 0.036ms
[357.262s][info][gc] GC(5398) Pause Full (Allocation Failure) 14M->10M(15M) 23.868ms
[357.267s][info][gc] GC(5399) Pause Young (Allocation Failure) 14M->14M(15M) 0.036ms
[357.292s][info][gc] GC(5400) Pause Full (Allocation Failure) 14M->9M(15M) 24.108ms
[357.297s][info][gc] GC(5401) Pause Young (Allocation Failure) 13M->13M(15M) 0.036ms
[357.321s][info][gc] GC(5402) Pause Full (Allocation Failure) 13M->9M(15M) 23.915ms
[357.326s][info][gc] GC(5403) Pause Young (Allocation Failure) 14M->14M(15M) 0.045ms
[357.350s][info][gc] GC(5404) Pause Full (Allocation Failure) 14M->9M(15M) 24.114ms
[357.356s][info][gc] GC(5405) Pause Young (Allocation Failure) 14M->14M(15M) 0.039ms
[357.379s][info][gc] GC(5406) Pause Full (Allocation Failure) 14M->10M(15M) 23.842ms
[357.385s][info][gc] GC(5407) Pause Young (Allocation Failure) 14M->14M(15M) 0.036ms
[357.408s][info][gc] GC(5408) Pause Full (Allocation Failure) 14M->9M(15M) 23.642ms
[357.414s][info][gc] GC(5409) Pause Young (Allocation Failure) 13M->13M(15M) 0.037ms
[357.437s][info][gc] GC(5410) Pause Full (Allocation Failure) 13M->10M(15M) 23.749ms
[357.443s][info][gc] GC(5411) Pause Young (Allocation Failure) 14M->14M(15M) 0.035ms
[357.466s][info][gc] GC(5412) Pause Full (Allocation Failure) 14M->10M(15M) 23.768ms
[357.472s][info][gc] GC(5413) Pause Young (Allocation Failure) 14M->14M(15M) 0.041ms
[357.496s][info][gc] GC(5414) Pause Full (Allocation Failure) 14M->9M(15M) 23.788ms
[357.501s][info][gc] GC(5415) Pause Young (Allocation Failure) 14M->14M(15M) 0.037ms
[357.525s][info][gc] GC(5416) Pause Full (Allocation Failure) 14M->9M(15M) 23.739ms
[357.530s][info][gc] GC(5417) Pause Young (Allocation Failure) 13M->13M(15M) 0.036ms
[357.554s][info][gc] GC(5418) Pause Full (Allocation Failure) 13M->10M(15M) 24.532ms
[357.560s][info][gc] GC(5419) Pause Young (Allocation Failure) 14M->14M(15M) 0.042ms
[357.586s][info][gc] GC(5420) Pause Full (Allocation Failure) 14M->10M(15M) 26.059ms
[357.591s][info][gc] GC(5421) Pause Young (Allocation Failure) 14M->14M(15M) 0.041ms
[357.615s][info][gc] GC(5422) Pause Full (Allocation Failure) 14M->10M(15M) 23.923ms
[357.621s][info][gc] GC(5423) Pause Young (Allocation Failure) 14M->14M(15M) 0.036ms
[357.644s][info][gc] GC(5424) Pause Full (Allocation Failure) 14M->9M(15M) 23.863ms
[357.650s][info][gc] GC(5425) Pause Young (Allocation Failure) 13M->13M(15M) 0.036ms
[357.674s][info][gc] GC(5426) Pause Full (Allocation Failure) 13M->10M(15M) 23.818ms
[357.679s][info][gc] GC(5427) Pause Young (Allocation Failure) 14M->14M(15M) 0.036ms
[357.703s][info][gc] GC(5428) Pause Full (Allocation Failure) 14M->9M(15M) 23.933ms
[357.708s][info][gc] GC(5429) Pause Young (Allocation Failure) 14M->14M(15M) 0.036ms
[357.732s][info][gc] GC(5430) Pause Full (Allocation Failure) 14M->10M(15M) 23.783ms
[357.737s][info][gc] GC(5431) Pause Young (Allocation Failure) 14M->14M(15M) 0.037ms
[357.761s][info][gc] GC(5432) Pause Full (Allocation Failure) 14M->9M(15M) 23.949ms
[357.766s][info][gc] GC(5433) Pause Young (Allocation Failure) 13M->13M(15M) 0.037ms
[357.791s][info][gc] GC(5434) Pause Full (Allocation Failure) 13M->9M(15M) 24.172ms
[357.796s][info][gc] GC(5435) Pause Young (Allocation Failure) 14M->14M(15M) 0.036ms
[357.820s][info][gc] GC(5436) Pause Full (Allocation Failure) 14M->10M(15M) 23.782ms
[357.825s][info][gc] GC(5437) Pause Young (Allocation Failure) 14M->14M(15M) 0.038ms
[357.849s][info][gc] GC(5438) Pause Full (Allocation Failure) 14M->10M(15M) 23.851ms
[357.854s][info][gc] GC(5439) Pause Young (Allocation Failure) 14M->14M(15M) 0.036ms
[357.878s][info][gc] GC(5440) Pause Full (Allocation Failure) 14M->9M(15M) 23.878ms
[357.883s][info][gc] GC(5441) Pause Young (Allocation Failure) 13M->13M(15M) 0.036ms
[357.907s][info][gc] GC(5442) Pause Full (Allocation Failure) 13M->10M(15M) 23.747ms
[357.912s][info][gc] GC(5443) Pause Young (Allocation Failure) 14M->14M(15M) 0.037ms
[357.936s][info][gc] GC(5444) Pause Full (Allocation Failure) 14M->10M(15M) 23.700ms
[357.941s][info][gc] GC(5445) Pause Young (Allocation Failure) 14M->14M(15M) 0.045ms
[357.965s][info][gc] GC(5446) Pause Full (Allocation Failure) 14M->10M(15M) 24.080ms
[357.970s][info][gc] GC(5447) Pause Young (Allocation Failure) 14M->14M(15M) 0.037ms
[357.994s][info][gc] GC(5448) Pause Full (Allocation Failure) 14M->9M(15M) 23.884ms
[358.000s][info][gc] GC(5449) Pause Young (Allocation Failure) 13M->13M(15M) 0.046ms
[358.023s][info][gc] GC(5450) Pause Full (Allocation Failure) 13M->10M(15M) 23.725ms
[358.029s][info][gc] GC(5451) Pause Young (Allocation Failure) 14M->14M(15M) 0.035ms
[358.052s][info][gc] GC(5452) Pause Full (Allocation Failure) 14M->10M(15M) 23.604ms
[358.058s][info][gc] GC(5453) Pause Young (Allocation Failure) 14M->14M(15M) 0.039ms
[358.081s][info][gc] GC(5454) Pause Full (Allocation Failure) 14M->10M(15M) 23.756ms
[358.086s][info][gc] GC(5455) Pause Young (Allocation Failure) 14M->14M(15M) 0.037ms
[358.110s][info][gc] GC(5456) Pause Full (Allocation Failure) 14M->9M(15M) 23.883ms
[358.116s][info][gc] GC(5457) Pause Young (Allocation Failure) 13M->13M(15M) 0.036ms
[358.139s][info][gc] GC(5458) Pause Full (Allocation Failure) 13M->10M(15M) 23.793ms
[358.145s][info][gc] GC(5459) Pause Young (Allocation Failure) 14M->14M(15M) 0.036ms
[358.169s][info][gc] GC(5460) Pause Full (Allocation Failure) 14M->10M(15M) 23.981ms
[358.174s][info][gc] GC(5461) Pause Young (Allocation Failure) 14M->14M(15M) 0.047ms
[358.200s][info][gc] GC(5462) Pause Full (Allocation Failure) 14M->10M(15M) 25.413ms
[358.205s][info][gc] GC(5463) Pause Young (Allocation Failure) 14M->14M(15M) 0.039ms
[358.229s][info][gc] GC(5464) Pause Full (Allocation Failure) 14M->9M(15M) 23.978ms
[358.234s][info][gc] GC(5465) Pause Young (Allocation Failure) 13M->13M(15M) 0.036ms
[358.258s][info][gc] GC(5466) Pause Full (Allocation Failure) 13M->10M(15M) 23.910ms
[358.263s][info][gc] GC(5467) Pause Young (Allocation Failure) 14M->14M(15M) 0.036ms
[358.288s][info][gc] GC(5468) Pause Full (Allocation Failure) 14M->10M(15M) 24.442ms
[358.293s][info][gc] GC(5469) Pause Young (Allocation Failure) 14M->14M(15M) 0.040ms
[358.317s][info][gc] GC(5470) Pause Full (Allocation Failure) 14M->10M(15M) 24.132ms
[358.323s][info][gc] GC(5471) Pause Young (Allocation Failure) 14M->14M(15M) 0.045ms
[358.347s][info][gc] GC(5472) Pause Full (Allocation Failure) 14M->9M(15M) 24.208ms
[358.352s][info][gc] GC(5473) Pause Young (Allocation Failure) 13M->13M(15M) 0.038ms
[358.376s][info][gc] GC(5474) Pause Full (Allocation Failure) 13M->10M(15M) 23.860ms
[358.381s][info][gc] GC(5475) Pause Young (Allocation Failure) 14M->14M(15M) 0.036ms
[358.405s][info][gc] GC(5476) Pause Full (Allocation Failure) 14M->10M(15M) 23.828ms
[358.410s][info][gc] GC(5477) Pause Young (Allocation Failure) 14M->14M(15M) 0.036ms
[358.434s][info][gc] GC(5478) Pause Full (Allocation Failure) 14M->10M(15M) 23.759ms
[358.439s][info][gc] GC(5479) Pause Young (Allocation Failure) 14M->14M(15M) 0.037ms
[358.463s][info][gc] GC(5480) Pause Full (Allocation Failure) 14M->9M(15M) 23.918ms
[358.468s][info][gc] GC(5481) Pause Young (Allocation Failure) 13M->13M(15M) 0.037ms
[358.492s][info][gc] GC(5482) Pause Full (Allocation Failure) 13M->10M(15M) 23.870ms
[358.497s][info][gc] GC(5483) Pause Young (Allocation Failure) 14M->14M(15M) 0.035ms
[358.521s][info][gc] GC(5484) Pause Full (Allocation Failure) 14M->10M(15M) 23.873ms
[358.527s][info][gc] GC(5485) Pause Young (Allocation Failure) 14M->14M(15M) 0.036ms
[358.550s][info][gc] GC(5486) Pause Full (Allocation Failure) 14M->10M(15M) 23.835ms
[358.556s][info][gc] GC(5487) Pause Young (Allocation Failure) 14M->14M(15M) 0.036ms
[358.580s][info][gc] GC(5488) Pause Full (Allocation Failure) 14M->9M(15M) 23.879ms
[358.585s][info][gc] GC(5489) Pause Young (Allocation Failure) 13M->13M(15M) 0.036ms
[358.609s][info][gc] GC(5490) Pause Full (Allocation Failure) 13M->10M(15M) 23.776ms
[358.614s][info][gc] GC(5491) Pause Young (Allocation Failure) 14M->14M(15M) 0.037ms
[358.638s][info][gc] GC(5492) Pause Full (Allocation Failure) 14M->10M(15M) 24.184ms
[358.643s][info][gc] GC(5493) Pause Young (Allocation Failure) 14M->14M(15M) 0.036ms
[358.667s][info][gc] GC(5494) Pause Full (Allocation Failure) 14M->10M(15M) 23.987ms
[358.672s][info][gc] GC(5495) Pause Young (Allocation Failure) 14M->14M(15M) 0.036ms
[358.696s][info][gc] GC(5496) Pause Full (Allocation Failure) 14M->9M(15M) 23.895ms
[358.701s][info][gc] GC(5497) Pause Young (Allocation Failure) 13M->13M(15M) 0.035ms
[358.726s][info][gc] GC(5498) Pause Full (Allocation Failure) 13M->10M(15M) 24.037ms
[358.731s][info][gc] GC(5499) Pause Young (Allocation Failure) 14M->14M(15M) 0.037ms
[358.755s][info][gc] GC(5500) Pause Full (Allocation Failure) 14M->10M(15M) 23.995ms
[358.760s][info][gc] GC(5501) Pause Young (Allocation Failure) 14M->14M(15M) 0.036ms
[358.784s][info][gc] GC(5502) Pause Full (Allocation Failure) 14M->10M(15M) 23.854ms
[358.789s][info][gc] GC(5503) Pause Young (Allocation Failure) 14M->14M(15M) 0.037ms
[358.813s][info][gc] GC(5504) Pause Full (Allocation Failure) 14M->9M(15M) 24.044ms
[358.818s][info][gc] GC(5505) Pause Young (Allocation Failure) 13M->13M(15M) 0.037ms
[358.842s][info][gc] GC(5506) Pause Full (Allocation Failure) 13M->10M(15M) 23.849ms
[358.847s][info][gc] GC(5507) Pause Young (Allocation Failure) 14M->14M(15M) 0.035ms
[358.871s][info][gc] GC(5508) Pause Full (Allocation Failure) 14M->10M(15M) 23.892ms
[358.876s][info][gc] GC(5509) Pause Young (Allocation Failure) 14M->14M(15M) 0.036ms
[358.900s][info][gc] GC(5510) Pause Full (Allocation Failure) 14M->10M(15M) 23.939ms
[358.906s][info][gc] GC(5511) Pause Young (Allocation Failure) 14M->14M(15M) 0.036ms
[358.930s][info][gc] GC(5512) Pause Full (Allocation Failure) 14M->9M(15M) 24.093ms
[358.935s][info][gc] GC(5513) Pause Young (Allocation Failure) 13M->13M(15M) 0.036ms
[358.959s][info][gc] GC(5514) Pause Full (Allocation Failure) 13M->10M(15M) 23.793ms
[358.964s][info][gc] GC(5515) Pause Young (Allocation Failure) 14M->14M(15M) 0.036ms
[358.988s][info][gc] GC(5516) Pause Full (Allocation Failure) 14M->10M(15M) 24.054ms
[358.993s][info][gc] GC(5517) Pause Young (Allocation Failure) 14M->14M(15M) 0.036ms
[359.017s][info][gc] GC(5518) Pause Full (Allocation Failure) 14M->10M(15M) 23.934ms
[359.022s][info][gc] GC(5519) Pause Young (Allocation Failure) 14M->14M(15M) 0.036ms
[359.046s][info][gc] GC(5520) Pause Full (Allocation Failure) 14M->9M(15M) 23.857ms
[359.051s][info][gc] GC(5521) Pause Young (Allocation Failure) 13M->13M(15M) 0.036ms
[359.075s][info][gc] GC(5522) Pause Full (Allocation Failure) 13M->10M(15M) 23.898ms
[359.081s][info][gc] GC(5523) Pause Young (Allocation Failure) 14M->14M(15M) 0.036ms
[359.105s][info][gc] GC(5524) Pause Full (Allocation Failure) 14M->10M(15M) 24.109ms
[359.110s][info][gc] GC(5525) Pause Young (Allocation Failure) 14M->14M(15M) 0.038ms
[359.134s][info][gc] GC(5526) Pause Full (Allocation Failure) 14M->10M(15M) 23.846ms
[359.139s][info][gc] GC(5527) Pause Young (Allocation Failure) 14M->14M(15M) 0.037ms
[359.163s][info][gc] GC(5528) Pause Full (Allocation Failure) 14M->9M(15M) 24.277ms
[359.169s][info][gc] GC(5529) Pause Young (Allocation Failure) 13M->13M(15M) 0.047ms
[359.194s][info][gc] GC(5530) Pause Full (Allocation Failure) 13M->10M(15M) 25.219ms
[359.199s][info][gc] GC(5531) Pause Young (Allocation Failure) 14M->14M(15M) 0.038ms
[359.223s][info][gc] GC(5532) Pause Full (Allocation Failure) 14M->10M(15M) 24.109ms
[359.229s][info][gc] GC(5533) Pause Young (Allocation Failure) 14M->14M(15M) 0.036ms
[359.253s][info][gc] GC(5534) Pause Full (Allocation Failure) 14M->10M(15M) 23.968ms
[359.258s][info][gc] GC(5535) Pause Young (Allocation Failure) 14M->14M(15M) 0.036ms
[359.282s][info][gc] GC(5536) Pause Full (Allocation Failure) 14M->9M(15M) 24.288ms
[359.287s][info][gc] GC(5537) Pause Young (Allocation Failure) 13M->13M(15M) 0.041ms
[359.312s][info][gc] GC(5538) Pause Full (Allocation Failure) 13M->10M(15M) 24.535ms
[359.317s][info][gc] GC(5539) Pause Young (Allocation Failure) 14M->14M(15M) 0.044ms
[359.342s][info][gc] GC(5540) Pause Full (Allocation Failure) 14M->10M(15M) 24.140ms
[359.347s][info][gc] GC(5541) Pause Young (Allocation Failure) 14M->14M(15M) 0.058ms
[359.371s][info][gc] GC(5542) Pause Full (Allocation Failure) 14M->10M(15M) 24.461ms
[359.377s][info][gc] GC(5543) Pause Young (Allocation Failure) 14M->14M(15M) 0.038ms
[359.400s][info][gc] GC(5544) Pause Full (Allocation Failure) 14M->9M(15M) 23.925ms
[359.406s][info][gc] GC(5545) Pause Young (Allocation Failure) 13M->13M(15M) 0.037ms
[359.429s][info][gc] GC(5546) Pause Full (Allocation Failure) 13M->10M(15M) 23.830ms
[359.435s][info][gc] GC(5547) Pause Young (Allocation Failure) 14M->14M(15M) 0.038ms
[359.459s][info][gc] GC(5548) Pause Full (Allocation Failure) 14M->10M(15M) 23.991ms
[359.464s][info][gc] GC(5549) Pause Young (Allocation Failure) 14M->14M(15M) 0.037ms
[359.488s][info][gc] GC(5550) Pause Full (Allocation Failure) 14M->10M(15M) 24.189ms
[359.493s][info][gc] GC(5551) Pause Young (Allocation Failure) 14M->14M(15M) 0.036ms
[359.517s][info][gc] GC(5552) Pause Full (Allocation Failure) 14M->9M(15M) 23.911ms
[359.523s][info][gc] GC(5553) Pause Young (Allocation Failure) 13M->13M(15M) 0.039ms
[359.547s][info][gc] GC(5554) Pause Full (Allocation Failure) 13M->10M(15M) 24.409ms
[359.553s][info][gc] GC(5555) Pause Young (Allocation Failure) 14M->14M(15M) 0.040ms
[359.577s][info][gc] GC(5556) Pause Full (Allocation Failure) 14M->10M(15M) 24.390ms
[359.582s][info][gc] GC(5557) Pause Young (Allocation Failure) 14M->14M(15M) 0.039ms
[359.606s][info][gc] GC(5558) Pause Full (Allocation Failure) 14M->10M(15M) 23.908ms
[359.612s][info][gc] GC(5559) Pause Young (Allocation Failure) 14M->14M(15M) 0.036ms
[359.636s][info][gc] GC(5560) Pause Full (Allocation Failure) 14M->9M(15M) 23.964ms
[359.641s][info][gc] GC(5561) Pause Young (Allocation Failure) 14M->14M(15M) 0.036ms
[359.665s][info][gc] GC(5562) Pause Full (Allocation Failure) 14M->10M(15M) 24.185ms
[359.670s][info][gc] GC(5563) Pause Young (Allocation Failure) 14M->14M(15M) 0.037ms
[359.694s][info][gc] GC(5564) Pause Full (Allocation Failure) 14M->10M(15M) 24.007ms
[359.699s][info][gc] GC(5565) Pause Young (Allocation Failure) 14M->14M(15M) 0.036ms
[359.723s][info][gc] GC(5566) Pause Full (Allocation Failure) 14M->10M(15M) 24.054ms
[359.729s][info][gc] GC(5567) Pause Young (Allocation Failure) 14M->14M(15M) 0.037ms
[359.753s][info][gc] GC(5568) Pause Full (Allocation Failure) 14M->9M(15M) 24.045ms
[359.758s][info][gc] GC(5569) Pause Young (Allocation Failure) 13M->13M(15M) 0.036ms
[359.782s][info][gc] GC(5570) Pause Full (Allocation Failure) 13M->10M(15M) 23.883ms
[359.787s][info][gc] GC(5571) Pause Young (Allocation Failure) 14M->14M(15M) 0.036ms
[359.811s][info][gc] GC(5572) Pause Full (Allocation Failure) 14M->10M(15M) 23.989ms
[359.816s][info][gc] GC(5573) Pause Young (Allocation Failure) 14M->14M(15M) 0.036ms
[359.840s][info][gc] GC(5574) Pause Full (Allocation Failure) 14M->10M(15M) 23.895ms
[359.845s][info][gc] GC(5575) Pause Young (Allocation Failure) 14M->14M(15M) 0.035ms
[359.869s][info][gc] GC(5576) Pause Full (Allocation Failure) 14M->9M(15M) 23.953ms
[359.875s][info][gc] GC(5577) Pause Young (Allocation Failure) 13M->13M(15M) 0.036ms
[359.899s][info][gc] GC(5578) Pause Full (Allocation Failure) 13M->10M(15M) 24.157ms
[359.904s][info][gc] GC(5579) Pause Young (Allocation Failure) 14M->14M(15M) 0.036ms
[359.928s][info][gc] GC(5580) Pause Full (Allocation Failure) 14M->10M(15M) 24.016ms
[359.933s][info][gc] GC(5581) Pause Young (Allocation Failure) 14M->14M(15M) 0.036ms
[359.957s][info][gc] GC(5582) Pause Full (Allocation Failure) 14M->10M(15M) 24.095ms
[359.963s][info][gc] GC(5583) Pause Young (Allocation Failure) 14M->14M(15M) 0.035ms
[359.987s][info][gc] GC(5584) Pause Full (Allocation Failure) 14M->9M(15M) 23.968ms
[359.992s][info][gc] GC(5585) Pause Young (Allocation Failure) 13M->13M(15M) 0.035ms
[360.016s][info][gc] GC(5586) Pause Full (Allocation Failure) 13M->10M(15M) 24.116ms
[360.021s][info][gc] GC(5587) Pause Young (Allocation Failure) 14M->14M(15M) 0.037ms
[360.045s][info][gc] GC(5588) Pause Full (Allocation Failure) 14M->10M(15M) 24.052ms
[360.051s][info][gc] GC(5589) Pause Young (Allocation Failure) 14M->14M(15M) 0.036ms
[360.075s][info][gc] GC(5590) Pause Full (Allocation Failure) 14M->10M(15M) 24.035ms
[360.080s][info][gc] GC(5591) Pause Young (Allocation Failure) 14M->14M(15M) 0.036ms
[360.104s][info][gc] GC(5592) Pause Full (Allocation Failure) 14M->9M(15M) 23.955ms
[360.109s][info][gc] GC(5593) Pause Young (Allocation Failure) 13M->13M(15M) 0.063ms
[360.133s][info][gc] GC(5594) Pause Full (Allocation Failure) 13M->10M(15M) 24.304ms
[360.139s][info][gc] GC(5595) Pause Young (Allocation Failure) 14M->14M(15M) 0.036ms
[360.163s][info][gc] GC(5596) Pause Full (Allocation Failure) 14M->10M(15M) 24.259ms
[360.168s][info][gc] GC(5597) Pause Young (Allocation Failure) 14M->14M(15M) 0.048ms
[360.194s][info][gc] GC(5598) Pause Full (Allocation Failure) 14M->10M(15M) 25.234ms
[360.199s][info][gc] GC(5599) Pause Young (Allocation Failure) 14M->14M(15M) 0.038ms
[360.223s][info][gc] GC(5600) Pause Full (Allocation Failure) 14M->9M(15M) 24.167ms
[360.228s][info][gc] GC(5601) Pause Young (Allocation Failure) 13M->13M(15M) 0.036ms
[360.252s][info][gc] GC(5602) Pause Full (Allocation Failure) 13M->10M(15M) 24.158ms
[360.258s][info][gc] GC(5603) Pause Young (Allocation Failure) 14M->14M(15M) 0.036ms
[360.282s][info][gc] GC(5604) Pause Full (Allocation Failure) 14M->10M(15M) 24.068ms
[360.287s][info][gc] GC(5605) Pause Young (Allocation Failure) 14M->14M(15M) 0.043ms
[360.311s][info][gc] GC(5606) Pause Full (Allocation Failure) 14M->10M(15M) 24.300ms
[360.317s][info][gc] GC(5607) Pause Young (Allocation Failure) 14M->14M(15M) 0.045ms
[360.341s][info][gc] GC(5608) Pause Full (Allocation Failure) 14M->9M(15M) 24.521ms
[360.346s][info][gc] GC(5609) Pause Young (Allocation Failure) 13M->13M(15M) 0.037ms
[360.371s][info][gc] GC(5610) Pause Full (Allocation Failure) 13M->10M(15M) 24.010ms
[360.376s][info][gc] GC(5611) Pause Young (Allocation Failure) 14M->14M(15M) 0.039ms
[360.400s][info][gc] GC(5612) Pause Full (Allocation Failure) 14M->10M(15M) 24.510ms
[360.406s][info][gc] GC(5613) Pause Young (Allocation Failure) 14M->14M(15M) 0.038ms
[360.430s][info][gc] GC(5614) Pause Full (Allocation Failure) 14M->10M(15M) 24.008ms
[360.435s][info][gc] GC(5615) Pause Young (Allocation Failure) 14M->14M(15M) 0.036ms
[360.459s][info][gc] GC(5616) Pause Full (Allocation Failure) 14M->9M(15M) 24.205ms
[360.464s][info][gc] GC(5617) Pause Young (Allocation Failure) 14M->14M(15M) 0.037ms
[360.488s][info][gc] GC(5618) Pause Full (Allocation Failure) 14M->10M(15M) 24.055ms
[360.494s][info][gc] GC(5619) Pause Young (Allocation Failure) 14M->14M(15M) 0.036ms
[360.518s][info][gc] GC(5620) Pause Full (Allocation Failure) 14M->10M(15M) 23.947ms
[360.523s][info][gc] GC(5621) Pause Young (Allocation Failure) 14M->14M(15M) 0.035ms
[360.547s][info][gc] GC(5622) Pause Full (Allocation Failure) 14M->10M(15M) 23.951ms
[360.552s][info][gc] GC(5623) Pause Young (Allocation Failure) 14M->14M(15M) 0.036ms
[360.576s][info][gc] GC(5624) Pause Full (Allocation Failure) 14M->9M(15M) 24.282ms
[360.581s][info][gc] GC(5625) Pause Young (Allocation Failure) 13M->13M(15M) 0.036ms
[360.606s][info][gc] GC(5626) Pause Full (Allocation Failure) 13M->10M(15M) 24.129ms
[360.611s][info][gc] GC(5627) Pause Young (Allocation Failure) 14M->14M(15M) 0.035ms
[360.635s][info][gc] GC(5628) Pause Full (Allocation Failure) 14M->10M(15M) 24.132ms
[360.640s][info][gc] GC(5629) Pause Young (Allocation Failure) 14M->14M(15M) 0.036ms
[360.664s][info][gc] GC(5630) Pause Full (Allocation Failure) 14M->10M(15M) 24.102ms
[360.670s][info][gc] GC(5631) Pause Young (Allocation Failure) 14M->14M(15M) 0.041ms
[360.694s][info][gc] GC(5632) Pause Full (Allocation Failure) 14M->9M(15M) 24.546ms
[360.699s][info][gc] GC(5633) Pause Young (Allocation Failure) 13M->13M(15M) 0.038ms
[360.724s][info][gc] GC(5634) Pause Full (Allocation Failure) 13M->10M(15M) 24.105ms
[360.729s][info][gc] GC(5635) Pause Young (Allocation Failure) 14M->14M(15M) 0.036ms
[360.753s][info][gc] GC(5636) Pause Full (Allocation Failure) 14M->10M(15M) 24.320ms
[360.758s][info][gc] GC(5637) Pause Young (Allocation Failure) 14M->14M(15M) 0.036ms
[360.782s][info][gc] GC(5638) Pause Full (Allocation Failure) 14M->10M(15M) 24.175ms
[360.788s][info][gc] GC(5639) Pause Young (Allocation Failure) 14M->14M(15M) 0.035ms
[360.812s][info][gc] GC(5640) Pause Full (Allocation Failure) 14M->9M(15M) 24.544ms
[360.817s][info][gc] GC(5641) Pause Young (Allocation Failure) 14M->14M(15M) 0.036ms
[360.842s][info][gc] GC(5642) Pause Full (Allocation Failure) 14M->10M(15M) 24.238ms
[360.847s][info][gc] GC(5643) Pause Young (Allocation Failure) 14M->14M(15M) 0.050ms
[360.871s][info][gc] GC(5644) Pause Full (Allocation Failure) 14M->10M(15M) 24.505ms
[360.877s][info][gc] GC(5645) Pause Young (Allocation Failure) 14M->14M(15M) 0.039ms
[360.901s][info][gc] GC(5646) Pause Full (Allocation Failure) 14M->10M(15M) 24.124ms
[360.906s][info][gc] GC(5647) Pause Young (Allocation Failure) 14M->14M(15M) 0.036ms
[360.930s][info][gc] GC(5648) Pause Full (Allocation Failure) 14M->9M(15M) 24.102ms
[360.935s][info][gc] GC(5649) Pause Young (Allocation Failure) 13M->13M(15M) 0.036ms
[360.959s][info][gc] GC(5650) Pause Full (Allocation Failure) 13M->10M(15M) 23.981ms
[360.964s][info][gc] GC(5651) Pause Young (Allocation Failure) 14M->14M(15M) 0.036ms
[360.990s][info][gc] GC(5652) Pause Full (Allocation Failure) 14M->10M(15M) 25.566ms
[360.995s][info][gc] GC(5653) Pause Young (Allocation Failure) 14M->14M(15M) 0.048ms
[361.022s][info][gc] GC(5654) Pause Full (Allocation Failure) 14M->10M(15M) 25.984ms
[361.027s][info][gc] GC(5655) Pause Young (Allocation Failure) 14M->14M(15M) 0.045ms
[361.052s][info][gc] GC(5656) Pause Full (Allocation Failure) 14M->9M(15M) 25.337ms
[361.058s][info][gc] GC(5657) Pause Young (Allocation Failure) 13M->13M(15M) 0.046ms
[361.082s][info][gc] GC(5658) Pause Full (Allocation Failure) 13M->10M(15M) 24.291ms
[361.087s][info][gc] GC(5659) Pause Young (Allocation Failure) 14M->14M(15M) 0.037ms
[361.111s][info][gc] GC(5660) Pause Full (Allocation Failure) 14M->10M(15M) 24.029ms
[361.117s][info][gc] GC(5661) Pause Young (Allocation Failure) 14M->14M(15M) 0.037ms
[361.141s][info][gc] GC(5662) Pause Full (Allocation Failure) 14M->10M(15M) 24.118ms
[361.146s][info][gc] GC(5663) Pause Young (Allocation Failure) 14M->14M(15M) 0.036ms
[361.170s][info][gc] GC(5664) Pause Full (Allocation Failure) 14M->9M(15M) 24.239ms
[361.176s][info][gc] GC(5665) Pause Young (Allocation Failure) 13M->13M(15M) 0.047ms
[361.201s][info][gc] GC(5666) Pause Full (Allocation Failure) 13M->10M(15M) 25.123ms
[361.206s][info][gc] GC(5667) Pause Young (Allocation Failure) 14M->14M(15M) 0.046ms
[361.230s][info][gc] GC(5668) Pause Full (Allocation Failure) 14M->10M(15M) 24.305ms
[361.235s][info][gc] GC(5669) Pause Young (Allocation Failure) 14M->14M(15M) 0.036ms
[361.260s][info][gc] GC(5670) Pause Full (Allocation Failure) 14M->10M(15M) 24.193ms
[361.265s][info][gc] GC(5671) Pause Young (Allocation Failure) 14M->14M(15M) 0.036ms
[361.289s][info][gc] GC(5672) Pause Full (Allocation Failure) 14M->9M(15M) 24.481ms
[361.295s][info][gc] GC(5673) Pause Young (Allocation Failure) 14M->14M(15M) 0.041ms
[361.320s][info][gc] GC(5674) Pause Full (Allocation Failure) 14M->10M(15M) 24.910ms
[361.325s][info][gc] GC(5675) Pause Young (Allocation Failure) 14M->14M(15M) 0.045ms
[361.350s][info][gc] GC(5676) Pause Full (Allocation Failure) 14M->10M(15M) 24.644ms
[361.355s][info][gc] GC(5677) Pause Young (Allocation Failure) 14M->14M(15M) 0.038ms
[361.379s][info][gc] GC(5678) Pause Full (Allocation Failure) 14M->10M(15M) 24.069ms
[361.384s][info][gc] GC(5679) Pause Young (Allocation Failure) 14M->14M(15M) 0.036ms
[361.408s][info][gc] GC(5680) Pause Full (Allocation Failure) 14M->9M(15M) 24.093ms
[361.414s][info][gc] GC(5681) Pause Young (Allocation Failure) 14M->14M(15M) 0.035ms
[361.438s][info][gc] GC(5682) Pause Full (Allocation Failure) 14M->10M(15M) 24.077ms
[361.443s][info][gc] GC(5683) Pause Young (Allocation Failure) 14M->14M(15M) 0.036ms
[361.467s][info][gc] GC(5684) Pause Full (Allocation Failure) 14M->10M(15M) 24.290ms
[361.472s][info][gc] GC(5685) Pause Young (Allocation Failure) 14M->14M(15M) 0.036ms
[361.496s][info][gc] GC(5686) Pause Full (Allocation Failure) 14M->10M(15M) 24.135ms
[361.502s][info][gc] GC(5687) Pause Young (Allocation Failure) 14M->14M(15M) 0.036ms
[361.526s][info][gc] GC(5688) Pause Full (Allocation Failure) 14M->9M(15M) 24.169ms
[361.531s][info][gc] GC(5689) Pause Young (Allocation Failure) 14M->14M(15M) 0.035ms
[361.555s][info][gc] GC(5690) Pause Full (Allocation Failure) 14M->10M(15M) 24.151ms
[361.560s][info][gc] GC(5691) Pause Young (Allocation Failure) 14M->14M(15M) 0.037ms
[361.585s][info][gc] GC(5692) Pause Full (Allocation Failure) 14M->10M(15M) 24.148ms
[361.590s][info][gc] GC(5693) Pause Young (Allocation Failure) 14M->14M(15M) 0.036ms
[361.614s][info][gc] GC(5694) Pause Full (Allocation Failure) 14M->10M(15M) 24.423ms
[361.620s][info][gc] GC(5695) Pause Young (Allocation Failure) 14M->14M(15M) 0.035ms
[361.644s][info][gc] GC(5696) Pause Full (Allocation Failure) 14M->9M(15M) 24.162ms
[361.649s][info][gc] GC(5697) Pause Young (Allocation Failure) 14M->14M(15M) 0.036ms
[361.673s][info][gc] GC(5698) Pause Full (Allocation Failure) 14M->10M(15M) 24.084ms
[361.678s][info][gc] GC(5699) Pause Young (Allocation Failure) 14M->14M(15M) 0.036ms
[361.702s][info][gc] GC(5700) Pause Full (Allocation Failure) 14M->10M(15M) 24.157ms
[361.708s][info][gc] GC(5701) Pause Young (Allocation Failure) 14M->14M(15M) 0.037ms
[361.732s][info][gc] GC(5702) Pause Full (Allocation Failure) 14M->10M(15M) 24.203ms
[361.737s][info][gc] GC(5703) Pause Young (Allocation Failure) 14M->14M(15M) 0.036ms
[361.761s][info][gc] GC(5704) Pause Full (Allocation Failure) 14M->9M(15M) 24.190ms
[361.766s][info][gc] GC(5705) Pause Young (Allocation Failure) 14M->14M(15M) 0.035ms
[361.791s][info][gc] GC(5706) Pause Full (Allocation Failure) 14M->10M(15M) 24.316ms
[361.796s][info][gc] GC(5707) Pause Young (Allocation Failure) 14M->14M(15M) 0.036ms
[361.820s][info][gc] GC(5708) Pause Full (Allocation Failure) 14M->10M(15M) 24.345ms
[361.826s][info][gc] GC(5709) Pause Young (Allocation Failure) 14M->14M(15M) 0.035ms
[361.850s][info][gc] GC(5710) Pause Full (Allocation Failure) 14M->10M(15M) 24.204ms
[361.855s][info][gc] GC(5711) Pause Young (Allocation Failure) 14M->14M(15M) 0.036ms
[361.879s][info][gc] GC(5712) Pause Full (Allocation Failure) 14M->9M(15M) 24.122ms
[361.884s][info][gc] GC(5713) Pause Young (Allocation Failure) 14M->14M(15M) 0.037ms
[361.909s][info][gc] GC(5714) Pause Full (Allocation Failure) 14M->10M(15M) 24.163ms
[361.914s][info][gc] GC(5715) Pause Young (Allocation Failure) 14M->14M(15M) 0.036ms
[361.938s][info][gc] GC(5716) Pause Full (Allocation Failure) 14M->10M(15M) 24.199ms
[361.943s][info][gc] GC(5717) Pause Young (Allocation Failure) 14M->14M(15M) 0.036ms
[361.967s][info][gc] GC(5718) Pause Full (Allocation Failure) 14M->10M(15M) 24.246ms
[361.973s][info][gc] GC(5719) Pause Young (Allocation Failure) 14M->14M(15M) 0.036ms
[361.997s][info][gc] GC(5720) Pause Full (Allocation Failure) 14M->9M(15M) 24.430ms
[362.002s][info][gc] GC(5721) Pause Young (Allocation Failure) 14M->14M(15M) 0.036ms
[362.026s][info][gc] GC(5722) Pause Full (Allocation Failure) 14M->10M(15M) 24.230ms
[362.032s][info][gc] GC(5723) Pause Young (Allocation Failure) 14M->14M(15M) 0.036ms
[362.056s][info][gc] GC(5724) Pause Full (Allocation Failure) 14M->10M(15M) 24.619ms
[362.062s][info][gc] GC(5725) Pause Young (Allocation Failure) 14M->14M(15M) 0.038ms
[362.086s][info][gc] GC(5726) Pause Full (Allocation Failure) 14M->10M(15M) 24.794ms
[362.092s][info][gc] GC(5727) Pause Young (Allocation Failure) 14M->14M(15M) 0.039ms
[362.116s][info][gc] GC(5728) Pause Full (Allocation Failure) 14M->9M(15M) 24.269ms
[362.121s][info][gc] GC(5729) Pause Young (Allocation Failure) 14M->14M(15M) 0.036ms
[362.146s][info][gc] GC(5730) Pause Full (Allocation Failure) 14M->10M(15M) 24.284ms
[362.151s][info][gc] GC(5731) Pause Young (Allocation Failure) 14M->14M(15M) 0.045ms
[362.177s][info][gc] GC(5732) Pause Full (Allocation Failure) 14M->10M(15M) 25.604ms
[362.182s][info][gc] GC(5733) Pause Young (Allocation Failure) 14M->14M(15M) 0.043ms
[362.207s][info][gc] GC(5734) Pause Full (Allocation Failure) 14M->10M(15M) 24.569ms
[362.212s][info][gc] GC(5735) Pause Young (Allocation Failure) 14M->14M(15M) 0.044ms
[362.237s][info][gc] GC(5736) Pause Full (Allocation Failure) 14M->9M(15M) 24.709ms
[362.242s][info][gc] GC(5737) Pause Young (Allocation Failure) 14M->14M(15M) 0.040ms
[362.266s][info][gc] GC(5738) Pause Full (Allocation Failure) 14M->10M(15M) 24.333ms
[362.272s][info][gc] GC(5739) Pause Young (Allocation Failure) 14M->14M(15M) 0.039ms
[362.296s][info][gc] GC(5740) Pause Full (Allocation Failure) 14M->10M(15M) 24.798ms
[362.302s][info][gc] GC(5741) Pause Young (Allocation Failure) 14M->14M(15M) 0.044ms
[362.327s][info][gc] GC(5742) Pause Full (Allocation Failure) 14M->10M(15M) 25.052ms
[362.332s][info][gc] GC(5743) Pause Young (Allocation Failure) 14M->14M(15M) 0.044ms
[362.356s][info][gc] GC(5744) Pause Full (Allocation Failure) 14M->9M(15M) 24.269ms
[362.361s][info][gc] GC(5745) Pause Young (Allocation Failure) 14M->14M(15M) 0.036ms
[362.386s][info][gc] GC(5746) Pause Full (Allocation Failure) 14M->10M(15M) 24.349ms
[362.391s][info][gc] GC(5747) Pause Young (Allocation Failure) 14M->14M(15M) 0.063ms
[362.415s][info][gc] GC(5748) Pause Full (Allocation Failure) 14M->10M(15M) 24.302ms
[362.420s][info][gc] GC(5749) Pause Young (Allocation Failure) 14M->14M(15M) 0.036ms
[362.445s][info][gc] GC(5750) Pause Full (Allocation Failure) 14M->10M(15M) 24.233ms
[362.450s][info][gc] GC(5751) Pause Young (Allocation Failure) 14M->14M(15M) 0.035ms
[362.474s][info][gc] GC(5752) Pause Full (Allocation Failure) 14M->9M(15M) 24.426ms
[362.480s][info][gc] GC(5753) Pause Young (Allocation Failure) 14M->14M(15M) 0.036ms
[362.504s][info][gc] GC(5754) Pause Full (Allocation Failure) 14M->10M(15M) 24.348ms
[362.509s][info][gc] GC(5755) Pause Young (Allocation Failure) 14M->14M(15M) 0.035ms
[362.533s][info][gc] GC(5756) Pause Full (Allocation Failure) 14M->10M(15M) 24.190ms
[362.539s][info][gc] GC(5757) Pause Young (Allocation Failure) 14M->14M(15M) 0.036ms
[362.563s][info][gc] GC(5758) Pause Full (Allocation Failure) 14M->10M(15M) 24.275ms
[362.568s][info][gc] GC(5759) Pause Young (Allocation Failure) 14M->14M(15M) 0.036ms
[362.592s][info][gc] GC(5760) Pause Full (Allocation Failure) 14M->9M(15M) 24.278ms
[362.598s][info][gc] GC(5761) Pause Young (Allocation Failure) 14M->14M(15M) 0.036ms
[362.622s][info][gc] GC(5762) Pause Full (Allocation Failure) 14M->10M(15M) 24.210ms
[362.627s][info][gc] GC(5763) Pause Young (Allocation Failure) 14M->14M(15M) 0.036ms
[362.651s][info][gc] GC(5764) Pause Full (Allocation Failure) 14M->10M(15M) 24.213ms
[362.656s][info][gc] GC(5765) Pause Young (Allocation Failure) 14M->14M(15M) 0.036ms
[362.681s][info][gc] GC(5766) Pause Full (Allocation Failure) 14M->10M(15M) 24.331ms
[362.686s][info][gc] GC(5767) Pause Young (Allocation Failure) 14M->14M(15M) 0.036ms
[362.710s][info][gc] GC(5768) Pause Full (Allocation Failure) 14M->9M(15M) 24.262ms
[362.715s][info][gc] GC(5769) Pause Young (Allocation Failure) 14M->14M(15M) 0.040ms
[362.740s][info][gc] GC(5770) Pause Full (Allocation Failure) 14M->10M(15M) 24.765ms
[362.746s][info][gc] GC(5771) Pause Young (Allocation Failure) 14M->14M(15M) 0.040ms
[362.770s][info][gc] GC(5772) Pause Full (Allocation Failure) 14M->10M(15M) 24.302ms
[362.775s][info][gc] GC(5773) Pause Young (Allocation Failure) 14M->14M(15M) 0.036ms
[362.799s][info][gc] GC(5774) Pause Full (Allocation Failure) 14M->10M(15M) 24.240ms
[362.804s][info][gc] GC(5775) Pause Young (Allocation Failure) 14M->14M(15M) 0.036ms
[362.829s][info][gc] GC(5776) Pause Full (Allocation Failure) 14M->9M(15M) 24.193ms
[362.834s][info][gc] GC(5777) Pause Young (Allocation Failure) 14M->14M(15M) 0.036ms
[362.858s][info][gc] GC(5778) Pause Full (Allocation Failure) 14M->10M(15M) 24.337ms
[362.863s][info][gc] GC(5779) Pause Young (Allocation Failure) 14M->14M(15M) 0.036ms
[362.888s][info][gc] GC(5780) Pause Full (Allocation Failure) 14M->10M(15M) 24.310ms
[362.893s][info][gc] GC(5781) Pause Young (Allocation Failure) 14M->14M(15M) 0.036ms
[362.917s][info][gc] GC(5782) Pause Full (Allocation Failure) 14M->10M(15M) 24.270ms
[362.923s][info][gc] GC(5783) Pause Young (Allocation Failure) 14M->14M(15M) 0.036ms
[362.947s][info][gc] GC(5784) Pause Full (Allocation Failure) 14M->9M(15M) 24.299ms
[362.952s][info][gc] GC(5785) Pause Young (Allocation Failure) 14M->14M(15M) 0.036ms
[362.976s][info][gc] GC(5786) Pause Full (Allocation Failure) 14M->10M(15M) 24.282ms
[362.981s][info][gc] GC(5787) Pause Young (Allocation Failure) 14M->14M(15M) 0.035ms
[363.006s][info][gc] GC(5788) Pause Full (Allocation Failure) 14M->10M(15M) 24.529ms
[363.011s][info][gc] GC(5789) Pause Young (Allocation Failure) 14M->14M(15M) 0.036ms
[363.036s][info][gc] GC(5790) Pause Full (Allocation Failure) 14M->10M(15M) 24.691ms
[363.041s][info][gc] GC(5791) Pause Young (Allocation Failure) 14M->14M(15M) 0.036ms
[363.066s][info][gc] GC(5792) Pause Full (Allocation Failure) 14M->9M(15M) 24.461ms
[363.071s][info][gc] GC(5793) Pause Young (Allocation Failure) 14M->14M(15M) 0.035ms
[363.095s][info][gc] GC(5794) Pause Full (Allocation Failure) 14M->10M(15M) 24.242ms
[363.100s][info][gc] GC(5795) Pause Young (Allocation Failure) 14M->14M(15M) 0.036ms
[363.125s][info][gc] GC(5796) Pause Full (Allocation Failure) 14M->10M(15M) 24.330ms
[363.130s][info][gc] GC(5797) Pause Young (Allocation Failure) 14M->14M(15M) 0.038ms
[363.154s][info][gc] GC(5798) Pause Full (Allocation Failure) 14M->10M(15M) 24.381ms
[363.160s][info][gc] GC(5799) Pause Young (Allocation Failure) 14M->14M(15M) 0.045ms
[363.185s][info][gc] GC(5800) Pause Full (Allocation Failure) 14M->9M(15M) 25.131ms
[363.190s][info][gc] GC(5801) Pause Young (Allocation Failure) 14M->14M(15M) 0.038ms
[363.215s][info][gc] GC(5802) Pause Full (Allocation Failure) 14M->10M(15M) 24.732ms
[363.220s][info][gc] GC(5803) Pause Young (Allocation Failure) 14M->14M(15M) 0.036ms
[363.245s][info][gc] GC(5804) Pause Full (Allocation Failure) 14M->10M(15M) 24.450ms
[363.250s][info][gc] GC(5805) Pause Young (Allocation Failure) 14M->14M(15M) 0.036ms
[363.274s][info][gc] GC(5806) Pause Full (Allocation Failure) 14M->10M(15M) 24.410ms
[363.279s][info][gc] GC(5807) Pause Young (Allocation Failure) 14M->14M(15M) 0.036ms
[363.304s][info][gc] GC(5808) Pause Full (Allocation Failure) 14M->9M(15M) 25.099ms
[363.310s][info][gc] GC(5809) Pause Young (Allocation Failure) 14M->14M(15M) 0.043ms
[363.334s][info][gc] GC(5810) Pause Full (Allocation Failure) 14M->10M(15M) 24.260ms
[363.339s][info][gc] GC(5811) Pause Young (Allocation Failure) 14M->14M(15M) 0.036ms
[363.364s][info][gc] GC(5812) Pause Full (Allocation Failure) 14M->10M(15M) 24.521ms
[363.369s][info][gc] GC(5813) Pause Young (Allocation Failure) 14M->14M(15M) 0.037ms
[363.393s][info][gc] GC(5814) Pause Full (Allocation Failure) 14M->10M(15M) 24.232ms
[363.399s][info][gc] GC(5815) Pause Young (Allocation Failure) 14M->14M(15M) 0.036ms
[363.423s][info][gc] GC(5816) Pause Full (Allocation Failure) 14M->9M(15M) 24.796ms
[363.429s][info][gc] GC(5817) Pause Young (Allocation Failure) 14M->14M(15M) 0.039ms
[363.454s][info][gc] GC(5818) Pause Full (Allocation Failure) 14M->10M(15M) 24.723ms
[363.459s][info][gc] GC(5819) Pause Young (Allocation Failure) 14M->14M(15M) 0.036ms
[363.483s][info][gc] GC(5820) Pause Full (Allocation Failure) 14M->10M(15M) 24.578ms
[363.488s][info][gc] GC(5821) Pause Young (Allocation Failure) 14M->14M(15M) 0.036ms
[363.513s][info][gc] GC(5822) Pause Full (Allocation Failure) 14M->10M(15M) 24.409ms
[363.518s][info][gc] GC(5823) Pause Young (Allocation Failure) 14M->14M(15M) 0.036ms
[363.543s][info][gc] GC(5824) Pause Full (Allocation Failure) 14M->9M(15M) 24.415ms
[363.548s][info][gc] GC(5825) Pause Young (Allocation Failure) 14M->14M(15M) 0.036ms
[363.572s][info][gc] GC(5826) Pause Full (Allocation Failure) 14M->10M(15M) 24.354ms
[363.577s][info][gc] GC(5827) Pause Young (Allocation Failure) 14M->14M(15M) 0.037ms
[363.602s][info][gc] GC(5828) Pause Full (Allocation Failure) 14M->10M(15M) 24.338ms
[363.607s][info][gc] GC(5829) Pause Young (Allocation Failure) 14M->14M(15M) 0.037ms
[363.632s][info][gc] GC(5830) Pause Full (Allocation Failure) 14M->10M(15M) 24.431ms
[363.637s][info][gc] GC(5831) Pause Young (Allocation Failure) 14M->14M(15M) 0.036ms
[363.661s][info][gc] GC(5832) Pause Full (Allocation Failure) 14M->9M(15M) 24.349ms
[363.666s][info][gc] GC(5833) Pause Young (Allocation Failure) 14M->14M(15M) 0.034ms
[363.691s][info][gc] GC(5834) Pause Full (Allocation Failure) 14M->10M(15M) 24.322ms
[363.696s][info][gc] GC(5835) Pause Young (Allocation Failure) 14M->14M(15M) 0.036ms
[363.720s][info][gc] GC(5836) Pause Full (Allocation Failure) 14M->10M(15M) 24.346ms
[363.725s][info][gc] GC(5837) Pause Young (Allocation Failure) 14M->14M(15M) 0.035ms
[363.750s][info][gc] GC(5838) Pause Full (Allocation Failure) 14M->10M(15M) 24.573ms
[363.755s][info][gc] GC(5839) Pause Young (Allocation Failure) 14M->14M(15M) 0.036ms
[363.779s][info][gc] GC(5840) Pause Full (Allocation Failure) 14M->9M(15M) 24.298ms
[363.785s][info][gc] GC(5841) Pause Young (Allocation Failure) 14M->14M(15M) 0.040ms
[363.809s][info][gc] GC(5842) Pause Full (Allocation Failure) 14M->10M(15M) 24.473ms
[363.814s][info][gc] GC(5843) Pause Young (Allocation Failure) 14M->14M(15M) 0.035ms
[363.839s][info][gc] GC(5844) Pause Full (Allocation Failure) 14M->10M(15M) 24.491ms
[363.844s][info][gc] GC(5845) Pause Young (Allocation Failure) 14M->14M(15M) 0.036ms
[363.869s][info][gc] GC(5846) Pause Full (Allocation Failure) 14M->10M(15M) 24.367ms
[363.874s][info][gc] GC(5847) Pause Young (Allocation Failure) 14M->14M(15M) 0.036ms
[363.898s][info][gc] GC(5848) Pause Full (Allocation Failure) 14M->9M(15M) 24.658ms
[363.904s][info][gc] GC(5849) Pause Young (Allocation Failure) 14M->14M(15M) 0.036ms
[363.928s][info][gc] GC(5850) Pause Full (Allocation Failure) 14M->10M(15M) 24.438ms
[363.933s][info][gc] GC(5851) Pause Young (Allocation Failure) 14M->14M(15M) 0.035ms
[363.958s][info][gc] GC(5852) Pause Full (Allocation Failure) 14M->10M(15M) 24.400ms
[363.963s][info][gc] GC(5853) Pause Young (Allocation Failure) 14M->14M(15M) 0.035ms
[363.988s][info][gc] GC(5854) Pause Full (Allocation Failure) 14M->10M(15M) 24.630ms
[363.993s][info][gc] GC(5855) Pause Young (Allocation Failure) 14M->14M(15M) 0.037ms
[364.017s][info][gc] GC(5856) Pause Full (Allocation Failure) 14M->9M(15M) 24.439ms
[364.022s][info][gc] GC(5857) Pause Young (Allocation Failure) 14M->14M(15M) 0.036ms
[364.047s][info][gc] GC(5858) Pause Full (Allocation Failure) 14M->10M(15M) 24.422ms
[364.052s][info][gc] GC(5859) Pause Young (Allocation Failure) 14M->14M(15M) 0.037ms
[364.077s][info][gc] GC(5860) Pause Full (Allocation Failure) 14M->10M(15M) 24.612ms
[364.082s][info][gc] GC(5861) Pause Young (Allocation Failure) 14M->14M(15M) 0.036ms
[364.106s][info][gc] GC(5862) Pause Full (Allocation Failure) 14M->10M(15M) 24.435ms
[364.112s][info][gc] GC(5863) Pause Young (Allocation Failure) 14M->14M(15M) 0.036ms
[364.136s][info][gc] GC(5864) Pause Full (Allocation Failure) 14M->9M(15M) 24.538ms
[364.141s][info][gc] GC(5865) Pause Young (Allocation Failure) 14M->14M(15M) 0.036ms
[364.166s][info][gc] GC(5866) Pause Full (Allocation Failure) 14M->10M(15M) 24.717ms
[364.172s][info][gc] GC(5867) Pause Young (Allocation Failure) 14M->14M(15M) 0.045ms
[364.197s][info][gc] GC(5868) Pause Full (Allocation Failure) 14M->10M(15M) 25.345ms
[364.202s][info][gc] GC(5869) Pause Young (Allocation Failure) 14M->14M(15M) 0.036ms
[364.227s][info][gc] GC(5870) Pause Full (Allocation Failure) 14M->10M(15M) 24.571ms
[364.232s][info][gc] GC(5871) Pause Young (Allocation Failure) 14M->14M(15M) 0.036ms
[364.257s][info][gc] GC(5872) Pause Full (Allocation Failure) 14M->9M(15M) 24.625ms
[364.262s][info][gc] GC(5873) Pause Young (Allocation Failure) 14M->14M(15M) 0.040ms
[364.288s][info][gc] GC(5874) Pause Full (Allocation Failure) 14M->10M(15M) 25.421ms
[364.293s][info][gc] GC(5875) Pause Young (Allocation Failure) 14M->14M(15M) 0.037ms
[364.317s][info][gc] GC(5876) Pause Full (Allocation Failure) 14M->10M(15M) 24.569ms
[364.323s][info][gc] GC(5877) Pause Young (Allocation Failure) 14M->14M(15M) 0.044ms
[364.347s][info][gc] GC(5878) Pause Full (Allocation Failure) 14M->10M(15M) 24.385ms
[364.352s][info][gc] GC(5879) Pause Young (Allocation Failure) 14M->14M(15M) 0.036ms
[364.378s][info][gc] GC(5880) Pause Full (Allocation Failure) 14M->9M(15M) 25.254ms
[364.383s][info][gc] GC(5881) Pause Young (Allocation Failure) 14M->14M(15M) 0.042ms
[364.409s][info][gc] GC(5882) Pause Full (Allocation Failure) 14M->10M(15M) 25.732ms
[364.415s][info][gc] GC(5883) Pause Young (Allocation Failure) 14M->14M(15M) 0.044ms
[364.440s][info][gc] GC(5884) Pause Full (Allocation Failure) 14M->10M(15M) 25.597ms
[364.446s][info][gc] GC(5885) Pause Young (Allocation Failure) 14M->14M(15M) 0.042ms
[364.471s][info][gc] GC(5886) Pause Full (Allocation Failure) 14M->10M(15M) 25.323ms
[364.476s][info][gc] GC(5887) Pause Young (Allocation Failure) 14M->14M(15M) 0.037ms
[364.501s][info][gc] GC(5888) Pause Full (Allocation Failure) 14M->9M(15M) 24.893ms
[364.507s][info][gc] GC(5889) Pause Young (Allocation Failure) 14M->14M(15M) 0.037ms
[364.531s][info][gc] GC(5890) Pause Full (Allocation Failure) 14M->10M(15M) 24.699ms
[364.537s][info][gc] GC(5891) Pause Young (Allocation Failure) 14M->14M(15M) 0.038ms
[364.561s][info][gc] GC(5892) Pause Full (Allocation Failure) 14M->10M(15M) 24.498ms
[364.566s][info][gc] GC(5893) Pause Young (Allocation Failure) 14M->14M(15M) 0.035ms
[364.591s][info][gc] GC(5894) Pause Full (Allocation Failure) 14M->10M(15M) 24.496ms
[364.596s][info][gc] GC(5895) Pause Young (Allocation Failure) 14M->14M(15M) 0.036ms
[364.621s][info][gc] GC(5896) Pause Full (Allocation Failure) 14M->9M(15M) 24.572ms
[364.626s][info][gc] GC(5897) Pause Young (Allocation Failure) 14M->14M(15M) 0.036ms
[364.650s][info][gc] GC(5898) Pause Full (Allocation Failure) 14M->10M(15M) 24.513ms
[364.656s][info][gc] GC(5899) Pause Young (Allocation Failure) 14M->14M(15M) 0.036ms
[364.681s][info][gc] GC(5900) Pause Full (Allocation Failure) 14M->10M(15M) 25.843ms
[364.687s][info][gc] GC(5901) Pause Young (Allocation Failure) 14M->14M(15M) 0.049ms
[364.713s][info][gc] GC(5902) Pause Full (Allocation Failure) 14M->10M(15M) 26.189ms
[364.718s][info][gc] GC(5903) Pause Young (Allocation Failure) 14M->14M(15M) 0.061ms
[364.745s][info][gc] GC(5904) Pause Full (Allocation Failure) 14M->9M(15M) 26.059ms
[364.750s][info][gc] GC(5905) Pause Young (Allocation Failure) 14M->14M(15M) 0.045ms
[364.776s][info][gc] GC(5906) Pause Full (Allocation Failure) 14M->10M(15M) 25.827ms
[364.782s][info][gc] GC(5907) Pause Young (Allocation Failure) 14M->14M(15M) 0.042ms
[364.808s][info][gc] GC(5908) Pause Full (Allocation Failure) 14M->10M(15M) 26.047ms
[364.813s][info][gc] GC(5909) Pause Young (Allocation Failure) 14M->14M(15M) 0.043ms
[364.839s][info][gc] GC(5910) Pause Full (Allocation Failure) 14M->10M(15M) 25.854ms
[364.845s][info][gc] GC(5911) Pause Young (Allocation Failure) 14M->14M(15M) 0.041ms
[364.870s][info][gc] GC(5912) Pause Full (Allocation Failure) 14M->9M(15M) 25.424ms
[364.876s][info][gc] GC(5913) Pause Young (Allocation Failure) 14M->14M(15M) 0.042ms
[364.901s][info][gc] GC(5914) Pause Full (Allocation Failure) 14M->10M(15M) 25.404ms
[364.907s][info][gc] GC(5915) Pause Young (Allocation Failure) 14M->14M(15M) 0.038ms
[364.931s][info][gc] GC(5916) Pause Full (Allocation Failure) 14M->10M(15M) 24.813ms
[364.937s][info][gc] GC(5917) Pause Young (Allocation Failure) 14M->14M(15M) 0.036ms
[364.962s][info][gc] GC(5918) Pause Full (Allocation Failure) 14M->10M(15M) 25.010ms
[364.967s][info][gc] GC(5919) Pause Young (Allocation Failure) 14M->14M(15M) 0.046ms
[364.994s][info][gc] GC(5920) Pause Full (Allocation Failure) 14M->9M(15M) 26.875ms
[365.000s][info][gc] GC(5921) Pause Young (Allocation Failure) 14M->14M(15M) 0.043ms
[365.027s][info][gc] GC(5922) Pause Full (Allocation Failure) 14M->10M(15M) 26.806ms
[365.032s][info][gc] GC(5923) Pause Young (Allocation Failure) 14M->14M(15M) 0.039ms
[365.059s][info][gc] GC(5924) Pause Full (Allocation Failure) 14M->10M(15M) 26.705ms
[365.064s][info][gc] GC(5925) Pause Young (Allocation Failure) 14M->14M(15M) 0.043ms
[365.092s][info][gc] GC(5926) Pause Full (Allocation Failure) 14M->10M(15M) 27.319ms
[365.097s][info][gc] GC(5927) Pause Young (Allocation Failure) 14M->14M(15M) 0.045ms
[365.124s][info][gc] GC(5928) Pause Full (Allocation Failure) 14M->9M(15M) 27.044ms
[365.130s][info][gc] GC(5929) Pause Young (Allocation Failure) 14M->14M(15M) 0.048ms
[365.157s][info][gc] GC(5930) Pause Full (Allocation Failure) 14M->10M(15M) 27.088ms
[365.164s][info][gc] GC(5931) Pause Young (Allocation Failure) 14M->14M(15M) 0.052ms
[365.190s][info][gc] GC(5932) Pause Full (Allocation Failure) 14M->10M(15M) 26.372ms
[365.196s][info][gc] GC(5933) Pause Young (Allocation Failure) 14M->14M(15M) 0.039ms
[365.222s][info][gc] GC(5934) Pause Full (Allocation Failure) 14M->10M(15M) 25.832ms
[365.227s][info][gc] GC(5935) Pause Young (Allocation Failure) 14M->14M(15M) 0.041ms
[365.253s][info][gc] GC(5936) Pause Full (Allocation Failure) 14M->9M(15M) 25.334ms
[365.258s][info][gc] GC(5937) Pause Young (Allocation Failure) 14M->14M(15M) 0.040ms
[365.284s][info][gc] GC(5938) Pause Full (Allocation Failure) 14M->10M(15M) 25.504ms
[365.290s][info][gc] GC(5939) Pause Young (Allocation Failure) 14M->14M(15M) 0.048ms
[365.315s][info][gc] GC(5940) Pause Full (Allocation Failure) 14M->10M(15M) 25.320ms
[365.321s][info][gc] GC(5941) Pause Young (Allocation Failure) 14M->14M(15M) 0.045ms
[365.346s][info][gc] GC(5942) Pause Full (Allocation Failure) 14M->10M(15M) 25.064ms
[365.351s][info][gc] GC(5943) Pause Young (Allocation Failure) 14M->14M(15M) 0.036ms
[365.376s][info][gc] GC(5944) Pause Full (Allocation Failure) 14M->9M(15M) 25.270ms
[365.381s][info][gc] GC(5945) Pause Young (Allocation Failure) 14M->14M(15M) 0.036ms
[365.407s][info][gc] GC(5946) Pause Full (Allocation Failure) 14M->10M(15M) 25.293ms
[365.412s][info][gc] GC(5947) Pause Young (Allocation Failure) 14M->14M(15M) 0.039ms
[365.437s][info][gc] GC(5948) Pause Full (Allocation Failure) 14M->10M(15M) 24.944ms
[365.442s][info][gc] GC(5949) Pause Young (Allocation Failure) 14M->14M(15M) 0.037ms
[365.467s][info][gc] GC(5950) Pause Full (Allocation Failure) 14M->10M(15M) 24.838ms
[365.472s][info][gc] GC(5951) Pause Young (Allocation Failure) 14M->14M(15M) 0.065ms
[365.497s][info][gc] GC(5952) Pause Full (Allocation Failure) 14M->9M(15M) 24.990ms
[365.503s][info][gc] GC(5953) Pause Young (Allocation Failure) 14M->14M(15M) 0.036ms
[365.527s][info][gc] GC(5954) Pause Full (Allocation Failure) 14M->10M(15M) 24.668ms
[365.533s][info][gc] GC(5955) Pause Young (Allocation Failure) 14M->14M(15M) 0.035ms
[365.557s][info][gc] GC(5956) Pause Full (Allocation Failure) 14M->10M(15M) 24.613ms
[365.562s][info][gc] GC(5957) Pause Young (Allocation Failure) 14M->14M(15M) 0.036ms
[365.587s][info][gc] GC(5958) Pause Full (Allocation Failure) 14M->10M(15M) 24.490ms
[365.592s][info][gc] GC(5959) Pause Young (Allocation Failure) 14M->14M(15M) 0.036ms
[365.617s][info][gc] GC(5960) Pause Full (Allocation Failure) 14M->9M(15M) 24.495ms
[365.622s][info][gc] GC(5961) Pause Young (Allocation Failure) 14M->14M(15M) 0.035ms
[365.647s][info][gc] GC(5962) Pause Full (Allocation Failure) 14M->10M(15M) 24.692ms
[365.652s][info][gc] GC(5963) Pause Young (Allocation Failure) 14M->14M(15M) 0.036ms
[365.676s][info][gc] GC(5964) Pause Full (Allocation Failure) 14M->10M(15M) 24.485ms
[365.682s][info][gc] GC(5965) Pause Young (Allocation Failure) 14M->14M(15M) 0.036ms
[365.706s][info][gc] GC(5966) Pause Full (Allocation Failure) 14M->10M(15M) 24.646ms
[365.711s][info][gc] GC(5967) Pause Young (Allocation Failure) 14M->14M(15M) 0.037ms
[365.736s][info][gc] GC(5968) Pause Full (Allocation Failure) 14M->9M(15M) 24.695ms
[365.741s][info][gc] GC(5969) Pause Young (Allocation Failure) 14M->14M(15M) 0.036ms
[365.766s][info][gc] GC(5970) Pause Full (Allocation Failure) 14M->10M(15M) 24.793ms
[365.771s][info][gc] GC(5971) Pause Young (Allocation Failure) 14M->14M(15M) 0.036ms
[365.796s][info][gc] GC(5972) Pause Full (Allocation Failure) 14M->10M(15M) 24.800ms
[365.801s][info][gc] GC(5973) Pause Young (Allocation Failure) 14M->14M(15M) 0.036ms
[365.826s][info][gc] GC(5974) Pause Full (Allocation Failure) 14M->10M(15M) 24.553ms
[365.831s][info][gc] GC(5975) Pause Young (Allocation Failure) 14M->14M(15M) 0.035ms
[365.856s][info][gc] GC(5976) Pause Full (Allocation Failure) 14M->9M(15M) 24.625ms
[365.861s][info][gc] GC(5977) Pause Young (Allocation Failure) 14M->14M(15M) 0.037ms
[365.886s][info][gc] GC(5978) Pause Full (Allocation Failure) 14M->10M(15M) 24.602ms
[365.891s][info][gc] GC(5979) Pause Young (Allocation Failure) 14M->14M(15M) 0.035ms
[365.915s][info][gc] GC(5980) Pause Full (Allocation Failure) 14M->10M(15M) 24.681ms
[365.921s][info][gc] GC(5981) Pause Young (Allocation Failure) 14M->14M(15M) 0.035ms
[365.946s][info][gc] GC(5982) Pause Full (Allocation Failure) 14M->10M(15M) 25.685ms
[365.952s][info][gc] GC(5983) Pause Young (Allocation Failure) 14M->14M(15M) 0.035ms
[365.977s][info][gc] GC(5984) Pause Full (Allocation Failure) 14M->9M(15M) 25.088ms
[365.982s][info][gc] GC(5985) Pause Young (Allocation Failure) 14M->14M(15M) 0.035ms
[366.007s][info][gc] GC(5986) Pause Full (Allocation Failure) 14M->10M(15M) 24.636ms
[366.012s][info][gc] GC(5987) Pause Young (Allocation Failure) 14M->14M(15M) 0.036ms
[366.036s][info][gc] GC(5988) Pause Full (Allocation Failure) 14M->10M(15M) 24.719ms
[366.042s][info][gc] GC(5989) Pause Young (Allocation Failure) 14M->14M(15M) 0.036ms
[366.066s][info][gc] GC(5990) Pause Full (Allocation Failure) 14M->10M(15M) 24.763ms
[366.072s][info][gc] GC(5991) Pause Young (Allocation Failure) 14M->14M(15M) 0.042ms
[366.097s][info][gc] GC(5992) Pause Full (Allocation Failure) 14M->9M(15M) 25.137ms
[366.102s][info][gc] GC(5993) Pause Young (Allocation Failure) 14M->14M(15M) 0.038ms
[366.127s][info][gc] GC(5994) Pause Full (Allocation Failure) 14M->10M(15M) 24.696ms
[366.132s][info][gc] GC(5995) Pause Young (Allocation Failure) 14M->14M(15M) 0.038ms
[366.157s][info][gc] GC(5996) Pause Full (Allocation Failure) 14M->10M(15M) 24.853ms
[366.162s][info][gc] GC(5997) Pause Young (Allocation Failure) 14M->14M(15M) 0.047ms
[366.188s][info][gc] GC(5998) Pause Full (Allocation Failure) 14M->10M(15M) 25.881ms
[366.194s][info][gc] GC(5999) Pause Young (Allocation Failure) 14M->14M(15M) 0.041ms
[366.218s][info][gc] GC(6000) Pause Full (Allocation Failure) 14M->10M(15M) 24.812ms
[366.224s][info][gc] GC(6001) Pause Young (Allocation Failure) 14M->14M(15M) 0.037ms
[366.248s][info][gc] GC(6002) Pause Full (Allocation Failure) 14M->10M(15M) 24.740ms
[366.254s][info][gc] GC(6003) Pause Young (Allocation Failure) 14M->14M(15M) 0.036ms
[366.278s][info][gc] GC(6004) Pause Full (Allocation Failure) 14M->10M(15M) 24.598ms
[366.284s][info][gc] GC(6005) Pause Young (Allocation Failure) 14M->14M(15M) 0.043ms
[366.309s][info][gc] GC(6006) Pause Full (Allocation Failure) 14M->10M(15M) 25.696ms
[366.315s][info][gc] GC(6007) Pause Young (Allocation Failure) 14M->14M(15M) 0.062ms
[366.340s][info][gc] GC(6008) Pause Full (Allocation Failure) 14M->9M(15M) 25.313ms
[366.345s][info][gc] GC(6009) Pause Young (Allocation Failure) 14M->14M(15M) 0.037ms
[366.370s][info][gc] GC(6010) Pause Full (Allocation Failure) 14M->10M(15M) 24.699ms
[366.375s][info][gc] GC(6011) Pause Young (Allocation Failure) 14M->14M(15M) 0.036ms
[366.400s][info][gc] GC(6012) Pause Full (Allocation Failure) 14M->10M(15M) 24.575ms
[366.405s][info][gc] GC(6013) Pause Young (Allocation Failure) 14M->14M(15M) 0.047ms
[366.430s][info][gc] GC(6014) Pause Full (Allocation Failure) 14M->10M(15M) 25.134ms
[366.435s][info][gc] GC(6015) Pause Young (Allocation Failure) 14M->14M(15M) 0.037ms
[366.460s][info][gc] GC(6016) Pause Full (Allocation Failure) 14M->9M(15M) 24.605ms
[366.465s][info][gc] GC(6017) Pause Young (Allocation Failure) 14M->14M(15M) 0.040ms
[366.491s][info][gc] GC(6018) Pause Full (Allocation Failure) 14M->10M(15M) 25.187ms
[366.496s][info][gc] GC(6019) Pause Young (Allocation Failure) 14M->14M(15M) 0.037ms
[366.521s][info][gc] GC(6020) Pause Full (Allocation Failure) 14M->10M(15M) 24.740ms
[366.526s][info][gc] GC(6021) Pause Young (Allocation Failure) 14M->14M(15M) 0.036ms
[366.550s][info][gc] GC(6022) Pause Full (Allocation Failure) 14M->10M(15M) 24.598ms
[366.556s][info][gc] GC(6023) Pause Young (Allocation Failure) 14M->14M(15M) 0.038ms
[366.580s][info][gc] GC(6024) Pause Full (Allocation Failure) 14M->9M(15M) 24.641ms
[366.585s][info][gc] GC(6025) Pause Young (Allocation Failure) 14M->14M(15M) 0.036ms
[366.610s][info][gc] GC(6026) Pause Full (Allocation Failure) 14M->10M(15M) 24.772ms
[366.615s][info][gc] GC(6027) Pause Young (Allocation Failure) 14M->14M(15M) 0.035ms
[366.640s][info][gc] GC(6028) Pause Full (Allocation Failure) 14M->10M(15M) 24.669ms
[366.645s][info][gc] GC(6029) Pause Young (Allocation Failure) 14M->14M(15M) 0.036ms
[366.670s][info][gc] GC(6030) Pause Full (Allocation Failure) 14M->10M(15M) 24.722ms
[366.675s][info][gc] GC(6031) Pause Young (Allocation Failure) 14M->14M(15M) 0.036ms
[366.700s][info][gc] GC(6032) Pause Full (Allocation Failure) 14M->9M(15M) 24.722ms
[366.705s][info][gc] GC(6033) Pause Young (Allocation Failure) 14M->14M(15M) 0.036ms
[366.730s][info][gc] GC(6034) Pause Full (Allocation Failure) 14M->10M(15M) 24.691ms
[366.735s][info][gc] GC(6035) Pause Young (Allocation Failure) 14M->14M(15M) 0.035ms
[366.760s][info][gc] GC(6036) Pause Full (Allocation Failure) 14M->10M(15M) 24.954ms
[366.765s][info][gc] GC(6037) Pause Young (Allocation Failure) 14M->14M(15M) 0.036ms
[366.791s][info][gc] GC(6038) Pause Full (Allocation Failure) 14M->10M(15M) 25.253ms
[366.796s][info][gc] GC(6039) Pause Young (Allocation Failure) 14M->14M(15M) 0.042ms
[366.822s][info][gc] GC(6040) Pause Full (Allocation Failure) 14M->9M(15M) 26.106ms
[366.827s][info][gc] GC(6041) Pause Young (Allocation Failure) 14M->14M(15M) 0.052ms
[366.853s][info][gc] GC(6042) Pause Full (Allocation Failure) 14M->10M(15M) 25.986ms
[366.859s][info][gc] GC(6043) Pause Young (Allocation Failure) 14M->14M(15M) 0.042ms
[366.884s][info][gc] GC(6044) Pause Full (Allocation Failure) 14M->10M(15M) 25.619ms
[366.889s][info][gc] GC(6045) Pause Young (Allocation Failure) 14M->14M(15M) 0.038ms
[366.914s][info][gc] GC(6046) Pause Full (Allocation Failure) 14M->10M(15M) 24.834ms
[366.919s][info][gc] GC(6047) Pause Young (Allocation Failure) 14M->14M(15M) 0.035ms
[366.944s][info][gc] GC(6048) Pause Full (Allocation Failure) 14M->9M(15M) 24.756ms
[366.949s][info][gc] GC(6049) Pause Young (Allocation Failure) 14M->14M(15M) 0.037ms
[366.974s][info][gc] GC(6050) Pause Full (Allocation Failure) 14M->10M(15M) 24.981ms
[366.980s][info][gc] GC(6051) Pause Young (Allocation Failure) 14M->14M(15M) 0.040ms
[367.005s][info][gc] GC(6052) Pause Full (Allocation Failure) 14M->10M(15M) 25.192ms
[367.010s][info][gc] GC(6053) Pause Young (Allocation Failure) 14M->14M(15M) 0.037ms
[367.035s][info][gc] GC(6054) Pause Full (Allocation Failure) 14M->10M(15M) 24.866ms
[367.040s][info][gc] GC(6055) Pause Young (Allocation Failure) 14M->14M(15M) 0.048ms
[367.065s][info][gc] GC(6056) Pause Full (Allocation Failure) 14M->9M(15M) 24.782ms
[367.070s][info][gc] GC(6057) Pause Young (Allocation Failure) 14M->14M(15M) 0.036ms
[367.095s][info][gc] GC(6058) Pause Full (Allocation Failure) 14M->10M(15M) 24.703ms
[367.100s][info][gc] GC(6059) Pause Young (Allocation Failure) 14M->14M(15M) 0.036ms
[367.125s][info][gc] GC(6060) Pause Full (Allocation Failure) 14M->10M(15M) 24.642ms
[367.130s][info][gc] GC(6061) Pause Young (Allocation Failure) 14M->14M(15M) 0.035ms
[367.155s][info][gc] GC(6062) Pause Full (Allocation Failure) 14M->10M(15M) 24.899ms
[367.160s][info][gc] GC(6063) Pause Young (Allocation Failure) 14M->14M(15M) 0.056ms
[367.187s][info][gc] GC(6064) Pause Full (Allocation Failure) 14M->9M(15M) 26.398ms
[367.192s][info][gc] GC(6065) Pause Young (Allocation Failure) 14M->14M(15M) 0.040ms
[367.217s][info][gc] GC(6066) Pause Full (Allocation Failure) 14M->10M(15M) 24.810ms
[367.222s][info][gc] GC(6067) Pause Young (Allocation Failure) 14M->14M(15M) 0.036ms
[367.247s][info][gc] GC(6068) Pause Full (Allocation Failure) 14M->10M(15M) 24.918ms
[367.253s][info][gc] GC(6069) Pause Young (Allocation Failure) 14M->14M(15M) 0.035ms
[367.277s][info][gc] GC(6070) Pause Full (Allocation Failure) 14M->10M(15M) 24.785ms
[367.283s][info][gc] GC(6071) Pause Young (Allocation Failure) 14M->14M(15M) 0.042ms
[367.308s][info][gc] GC(6072) Pause Full (Allocation Failure) 14M->9M(15M) 25.448ms
[367.314s][info][gc] GC(6073) Pause Young (Allocation Failure) 14M->14M(15M) 0.044ms
[367.338s][info][gc] GC(6074) Pause Full (Allocation Failure) 14M->10M(15M) 24.695ms
[367.344s][info][gc] GC(6075) Pause Young (Allocation Failure) 14M->14M(15M) 0.035ms
[367.368s][info][gc] GC(6076) Pause Full (Allocation Failure) 14M->10M(15M) 24.716ms
[367.373s][info][gc] GC(6077) Pause Young (Allocation Failure) 14M->14M(15M) 0.036ms
[367.398s][info][gc] GC(6078) Pause Full (Allocation Failure) 14M->10M(15M) 24.741ms
[367.403s][info][gc] GC(6079) Pause Young (Allocation Failure) 14M->14M(15M) 0.036ms
[367.428s][info][gc] GC(6080) Pause Full (Allocation Failure) 14M->9M(15M) 24.724ms
[367.433s][info][gc] GC(6081) Pause Young (Allocation Failure) 14M->14M(15M) 0.035ms
[367.458s][info][gc] GC(6082) Pause Full (Allocation Failure) 14M->10M(15M) 24.850ms
[367.463s][info][gc] GC(6083) Pause Young (Allocation Failure) 14M->14M(15M) 0.036ms
[367.489s][info][gc] GC(6084) Pause Full (Allocation Failure) 14M->10M(15M) 25.112ms
[367.494s][info][gc] GC(6085) Pause Young (Allocation Failure) 14M->14M(15M) 0.034ms
[367.518s][info][gc] GC(6086) Pause Full (Allocation Failure) 14M->10M(15M) 24.777ms
[367.524s][info][gc] GC(6087) Pause Young (Allocation Failure) 14M->14M(15M) 0.035ms
[367.549s][info][gc] GC(6088) Pause Full (Allocation Failure) 14M->10M(15M) 24.792ms
[367.554s][info][gc] GC(6089) Pause Young (Allocation Failure) 14M->14M(15M) 0.037ms
[367.579s][info][gc] GC(6090) Pause Full (Allocation Failure) 14M->10M(15M) 24.812ms
[367.584s][info][gc] GC(6091) Pause Young (Allocation Failure) 14M->14M(15M) 0.036ms
[367.609s][info][gc] GC(6092) Pause Full (Allocation Failure) 14M->10M(15M) 24.806ms
[367.614s][info][gc] GC(6093) Pause Young (Allocation Failure) 14M->14M(15M) 0.035ms
[367.639s][info][gc] GC(6094) Pause Full (Allocation Failure) 14M->10M(15M) 24.778ms
[367.644s][info][gc] GC(6095) Pause Young (Allocation Failure) 14M->14M(15M) 0.035ms
[367.669s][info][gc] GC(6096) Pause Full (Allocation Failure) 14M->9M(15M) 24.762ms
[367.674s][info][gc] GC(6097) Pause Young (Allocation Failure) 14M->14M(15M) 0.035ms
[367.699s][info][gc] GC(6098) Pause Full (Allocation Failure) 14M->10M(15M) 24.808ms
[367.704s][info][gc] GC(6099) Pause Young (Allocation Failure) 14M->14M(15M) 0.035ms
[367.728s][info][gc] GC(6100) Pause Full (Allocation Failure) 14M->10M(15M) 24.716ms
[367.734s][info][gc] GC(6101) Pause Young (Allocation Failure) 14M->14M(15M) 0.035ms
[367.759s][info][gc] GC(6102) Pause Full (Allocation Failure) 14M->10M(15M) 24.917ms
[367.764s][info][gc] GC(6103) Pause Young (Allocation Failure) 14M->14M(15M) 0.035ms
[367.789s][info][gc] GC(6104) Pause Full (Allocation Failure) 14M->10M(15M) 24.766ms
[367.794s][info][gc] GC(6105) Pause Young (Allocation Failure) 14M->14M(15M) 0.036ms
[367.819s][info][gc] GC(6106) Pause Full (Allocation Failure) 14M->10M(15M) 24.805ms
[367.824s][info][gc] GC(6107) Pause Young (Allocation Failure) 14M->14M(15M) 0.035ms
[367.849s][info][gc] GC(6108) Pause Full (Allocation Failure) 14M->10M(15M) 24.834ms
[367.854s][info][gc] GC(6109) Pause Young (Allocation Failure) 14M->14M(15M) 0.035ms
[367.879s][info][gc] GC(6110) Pause Full (Allocation Failure) 14M->10M(15M) 24.843ms
[367.884s][info][gc] GC(6111) Pause Young (Allocation Failure) 14M->14M(15M) 0.037ms
[367.909s][info][gc] GC(6112) Pause Full (Allocation Failure) 14M->9M(15M) 24.886ms
[367.914s][info][gc] GC(6113) Pause Young (Allocation Failure) 14M->14M(15M) 0.035ms
[367.939s][info][gc] GC(6114) Pause Full (Allocation Failure) 14M->10M(15M) 24.906ms
[367.944s][info][gc] GC(6115) Pause Young (Allocation Failure) 14M->14M(15M) 0.036ms
[367.969s][info][gc] GC(6116) Pause Full (Allocation Failure) 14M->10M(15M) 25.028ms
[367.974s][info][gc] GC(6117) Pause Young (Allocation Failure) 14M->14M(15M) 0.036ms
[367.999s][info][gc] GC(6118) Pause Full (Allocation Failure) 14M->10M(15M) 24.815ms
[368.004s][info][gc] GC(6119) Pause Young (Allocation Failure) 14M->14M(15M) 0.036ms
[368.029s][info][gc] GC(6120) Pause Full (Allocation Failure) 14M->10M(15M) 24.910ms
[368.035s][info][gc] GC(6121) Pause Young (Allocation Failure) 14M->14M(15M) 0.036ms
[368.060s][info][gc] GC(6122) Pause Full (Allocation Failure) 14M->10M(15M) 25.784ms
[368.066s][info][gc] GC(6123) Pause Young (Allocation Failure) 14M->14M(15M) 0.036ms
[368.091s][info][gc] GC(6124) Pause Full (Allocation Failure) 14M->10M(15M) 25.064ms
[368.096s][info][gc] GC(6125) Pause Young (Allocation Failure) 14M->14M(15M) 0.035ms
[368.121s][info][gc] GC(6126) Pause Full (Allocation Failure) 14M->10M(15M) 24.781ms
[368.126s][info][gc] GC(6127) Pause Young (Allocation Failure) 14M->14M(15M) 0.036ms
[368.151s][info][gc] GC(6128) Pause Full (Allocation Failure) 14M->10M(15M) 24.896ms
[368.156s][info][gc] GC(6129) Pause Young (Allocation Failure) 14M->14M(15M) 0.046ms
[368.182s][info][gc] GC(6130) Pause Full (Allocation Failure) 14M->10M(15M) 25.677ms
[368.187s][info][gc] GC(6131) Pause Young (Allocation Failure) 14M->14M(15M) 0.035ms
[368.212s][info][gc] GC(6132) Pause Full (Allocation Failure) 14M->10M(15M) 25.023ms
[368.217s][info][gc] GC(6133) Pause Young (Allocation Failure) 14M->14M(15M) 0.035ms
[368.242s][info][gc] GC(6134) Pause Full (Allocation Failure) 14M->10M(15M) 24.747ms
[368.247s][info][gc] GC(6135) Pause Young (Allocation Failure) 14M->14M(15M) 0.036ms
[368.272s][info][gc] GC(6136) Pause Full (Allocation Failure) 14M->10M(15M) 24.856ms
[368.277s][info][gc] GC(6137) Pause Young (Allocation Failure) 14M->14M(15M) 0.037ms
[368.303s][info][gc] GC(6138) Pause Full (Allocation Failure) 14M->10M(15M) 25.475ms
[368.308s][info][gc] GC(6139) Pause Young (Allocation Failure) 14M->14M(15M) 0.045ms
[368.334s][info][gc] GC(6140) Pause Full (Allocation Failure) 14M->10M(15M) 25.284ms
[368.339s][info][gc] GC(6141) Pause Young (Allocation Failure) 14M->14M(15M) 0.036ms
[368.364s][info][gc] GC(6142) Pause Full (Allocation Failure) 14M->10M(15M) 25.012ms
[368.369s][info][gc] GC(6143) Pause Young (Allocation Failure) 14M->14M(15M) 0.036ms
[368.394s][info][gc] GC(6144) Pause Full (Allocation Failure) 14M->10M(15M) 24.827ms
[368.399s][info][gc] GC(6145) Pause Young (Allocation Failure) 14M->14M(15M) 0.051ms
[368.425s][info][gc] GC(6146) Pause Full (Allocation Failure) 14M->10M(15M) 25.259ms
[368.430s][info][gc] GC(6147) Pause Young (Allocation Failure) 14M->14M(15M) 0.037ms
[368.455s][info][gc] GC(6148) Pause Full (Allocation Failure) 14M->10M(15M) 24.747ms
[368.460s][info][gc] GC(6149) Pause Young (Allocation Failure) 14M->14M(15M) 0.036ms
[368.485s][info][gc] GC(6150) Pause Full (Allocation Failure) 14M->10M(15M) 25.153ms
[368.490s][info][gc] GC(6151) Pause Young (Allocation Failure) 14M->14M(15M) 0.053ms
[368.515s][info][gc] GC(6152) Pause Full (Allocation Failure) 14M->10M(15M) 24.872ms
[368.520s][info][gc] GC(6153) Pause Young (Allocation Failure) 14M->14M(15M) 0.036ms
[368.546s][info][gc] GC(6154) Pause Full (Allocation Failure) 14M->10M(15M) 25.033ms
[368.551s][info][gc] GC(6155) Pause Young (Allocation Failure) 14M->14M(15M) 0.035ms
[368.576s][info][gc] GC(6156) Pause Full (Allocation Failure) 14M->10M(15M) 24.921ms
[368.581s][info][gc] GC(6157) Pause Young (Allocation Failure) 14M->14M(15M) 0.036ms
[368.606s][info][gc] GC(6158) Pause Full (Allocation Failure) 14M->10M(15M) 24.882ms
[368.611s][info][gc] GC(6159) Pause Young (Allocation Failure) 14M->14M(15M) 0.036ms
[368.636s][info][gc] GC(6160) Pause Full (Allocation Failure) 14M->10M(15M) 25.137ms
[368.641s][info][gc] GC(6161) Pause Young (Allocation Failure) 14M->14M(15M) 0.036ms
[368.666s][info][gc] GC(6162) Pause Full (Allocation Failure) 14M->10M(15M) 24.853ms
[368.671s][info][gc] GC(6163) Pause Young (Allocation Failure) 14M->14M(15M) 0.035ms
[368.696s][info][gc] GC(6164) Pause Full (Allocation Failure) 14M->10M(15M) 24.809ms
[368.701s][info][gc] GC(6165) Pause Young (Allocation Failure) 14M->14M(15M) 0.036ms
[368.726s][info][gc] GC(6166) Pause Full (Allocation Failure) 14M->10M(15M) 24.765ms
[368.732s][info][gc] GC(6167) Pause Young (Allocation Failure) 14M->14M(15M) 0.036ms
[368.756s][info][gc] GC(6168) Pause Full (Allocation Failure) 14M->10M(15M) 24.893ms
[368.762s][info][gc] GC(6169) Pause Young (Allocation Failure) 14M->14M(15M) 0.036ms
[368.787s][info][gc] GC(6170) Pause Full (Allocation Failure) 14M->10M(15M) 25.051ms
[368.792s][info][gc] GC(6171) Pause Young (Allocation Failure) 14M->14M(15M) 0.035ms
[368.817s][info][gc] GC(6172) Pause Full (Allocation Failure) 14M->10M(15M) 24.901ms
[368.822s][info][gc] GC(6173) Pause Young (Allocation Failure) 14M->14M(15M) 0.035ms
[368.847s][info][gc] GC(6174) Pause Full (Allocation Failure) 14M->10M(15M) 24.905ms
[368.852s][info][gc] GC(6175) Pause Young (Allocation Failure) 14M->14M(15M) 0.038ms
[368.877s][info][gc] GC(6176) Pause Full (Allocation Failure) 14M->10M(15M) 25.109ms
[368.882s][info][gc] GC(6177) Pause Young (Allocation Failure) 14M->14M(15M) 0.037ms
[368.907s][info][gc] GC(6178) Pause Full (Allocation Failure) 14M->10M(15M) 24.899ms
[368.913s][info][gc] GC(6179) Pause Young (Allocation Failure) 14M->14M(15M) 0.037ms
[368.938s][info][gc] GC(6180) Pause Full (Allocation Failure) 14M->10M(15M) 24.913ms
[368.943s][info][gc] GC(6181) Pause Young (Allocation Failure) 14M->14M(15M) 0.035ms
[368.968s][info][gc] GC(6182) Pause Full (Allocation Failure) 14M->10M(15M) 24.871ms
[368.973s][info][gc] GC(6183) Pause Young (Allocation Failure) 14M->14M(15M) 0.037ms
[368.998s][info][gc] GC(6184) Pause Full (Allocation Failure) 14M->10M(15M) 25.187ms
[369.004s][info][gc] GC(6185) Pause Young (Allocation Failure) 14M->14M(15M) 0.037ms
[369.028s][info][gc] GC(6186) Pause Full (Allocation Failure) 14M->10M(15M) 24.916ms
[369.034s][info][gc] GC(6187) Pause Young (Allocation Failure) 14M->14M(15M) 0.035ms
[369.059s][info][gc] GC(6188) Pause Full (Allocation Failure) 14M->10M(15M) 24.923ms
[369.064s][info][gc] GC(6189) Pause Young (Allocation Failure) 14M->14M(15M) 0.036ms
[369.089s][info][gc] GC(6190) Pause Full (Allocation Failure) 14M->10M(15M) 25.043ms
[369.094s][info][gc] GC(6191) Pause Young (Allocation Failure) 14M->14M(15M) 0.037ms
[369.119s][info][gc] GC(6192) Pause Full (Allocation Failure) 14M->10M(15M) 25.006ms
[369.124s][info][gc] GC(6193) Pause Young (Allocation Failure) 14M->14M(15M) 0.036ms
[369.149s][info][gc] GC(6194) Pause Full (Allocation Failure) 14M->10M(15M) 25.039ms
[369.155s][info][gc] GC(6195) Pause Young (Allocation Failure) 14M->14M(15M) 0.044ms
[369.181s][info][gc] GC(6196) Pause Full (Allocation Failure) 14M->10M(15M) 26.203ms
[369.186s][info][gc] GC(6197) Pause Young (Allocation Failure) 14M->14M(15M) 0.035ms
[369.211s][info][gc] GC(6198) Pause Full (Allocation Failure) 14M->10M(15M) 25.232ms
[369.217s][info][gc] GC(6199) Pause Young (Allocation Failure) 14M->14M(15M) 0.035ms
[369.242s][info][gc] GC(6200) Pause Full (Allocation Failure) 14M->10M(15M) 24.926ms
[369.247s][info][gc] GC(6201) Pause Young (Allocation Failure) 14M->14M(15M) 0.036ms
[369.272s][info][gc] GC(6202) Pause Full (Allocation Failure) 14M->10M(15M) 25.009ms
[369.277s][info][gc] GC(6203) Pause Young (Allocation Failure) 14M->14M(15M) 0.037ms
[369.302s][info][gc] GC(6204) Pause Full (Allocation Failure) 14M->10M(15M) 25.409ms
[369.308s][info][gc] GC(6205) Pause Young (Allocation Failure) 14M->14M(15M) 0.042ms
[369.333s][info][gc] GC(6206) Pause Full (Allocation Failure) 14M->10M(15M) 24.723ms
[369.338s][info][gc] GC(6207) Pause Young (Allocation Failure) 14M->14M(15M) 0.043ms
[369.364s][info][gc] GC(6208) Pause Full (Allocation Failure) 14M->10M(15M) 25.451ms
[369.369s][info][gc] GC(6209) Pause Young (Allocation Failure) 14M->14M(15M) 0.038ms
[369.394s][info][gc] GC(6210) Pause Full (Allocation Failure) 14M->10M(15M) 25.138ms
[369.399s][info][gc] GC(6211) Pause Young (Allocation Failure) 14M->14M(15M) 0.036ms
[369.424s][info][gc] GC(6212) Pause Full (Allocation Failure) 14M->10M(15M) 25.049ms
[369.429s][info][gc] GC(6213) Pause Young (Allocation Failure) 14M->14M(15M) 0.036ms
[369.454s][info][gc] GC(6214) Pause Full (Allocation Failure) 14M->10M(15M) 24.903ms
[369.460s][info][gc] GC(6215) Pause Young (Allocation Failure) 14M->14M(15M) 0.035ms
[369.485s][info][gc] GC(6216) Pause Full (Allocation Failure) 14M->10M(15M) 25.408ms
[369.490s][info][gc] GC(6217) Pause Young (Allocation Failure) 14M->14M(15M) 0.036ms
[369.515s][info][gc] GC(6218) Pause Full (Allocation Failure) 14M->10M(15M) 25.073ms
[369.520s][info][gc] GC(6219) Pause Young (Allocation Failure) 14M->14M(15M) 0.036ms
[369.545s][info][gc] GC(6220) Pause Full (Allocation Failure) 14M->10M(15M) 24.908ms
[369.551s][info][gc] GC(6221) Pause Young (Allocation Failure) 14M->14M(15M) 0.036ms
[369.575s][info][gc] GC(6222) Pause Full (Allocation Failure) 14M->10M(15M) 24.849ms
[369.581s][info][gc] GC(6223) Pause Young (Allocation Failure) 14M->14M(15M) 0.036ms
[369.606s][info][gc] GC(6224) Pause Full (Allocation Failure) 14M->10M(15M) 24.960ms
[369.611s][info][gc] GC(6225) Pause Young (Allocation Failure) 14M->14M(15M) 0.038ms
[369.636s][info][gc] GC(6226) Pause Full (Allocation Failure) 14M->10M(15M) 25.188ms
[369.642s][info][gc] GC(6227) Pause Young (Allocation Failure) 14M->14M(15M) 0.042ms
[369.667s][info][gc] GC(6228) Pause Full (Allocation Failure) 14M->10M(15M) 25.561ms
[369.672s][info][gc] GC(6229) Pause Young (Allocation Failure) 14M->14M(15M) 0.036ms
[369.697s][info][gc] GC(6230) Pause Full (Allocation Failure) 14M->10M(15M) 24.902ms
[369.702s][info][gc] GC(6231) Pause Young (Allocation Failure) 14M->14M(15M) 0.036ms
[369.728s][info][gc] GC(6232) Pause Full (Allocation Failure) 14M->10M(15M) 25.124ms
[369.733s][info][gc] GC(6233) Pause Young (Allocation Failure) 14M->14M(15M) 0.035ms
[369.758s][info][gc] GC(6234) Pause Full (Allocation Failure) 14M->10M(15M) 25.179ms
[369.763s][info][gc] GC(6235) Pause Young (Allocation Failure) 14M->14M(15M) 0.036ms
[369.789s][info][gc] GC(6236) Pause Full (Allocation Failure) 14M->10M(15M) 25.349ms
[369.794s][info][gc] GC(6237) Pause Young (Allocation Failure) 14M->14M(15M) 0.036ms
[369.819s][info][gc] GC(6238) Pause Full (Allocation Failure) 14M->10M(15M) 25.090ms
[369.824s][info][gc] GC(6239) Pause Young (Allocation Failure) 14M->14M(15M) 0.041ms
[369.850s][info][gc] GC(6240) Pause Full (Allocation Failure) 14M->10M(15M) 25.491ms
[369.855s][info][gc] GC(6241) Pause Young (Allocation Failure) 14M->14M(15M) 0.037ms
[369.880s][info][gc] GC(6242) Pause Full (Allocation Failure) 14M->10M(15M) 24.963ms
[369.885s][info][gc] GC(6243) Pause Young (Allocation Failure) 14M->14M(15M) 0.038ms
[369.911s][info][gc] GC(6244) Pause Full (Allocation Failure) 14M->10M(15M) 25.561ms
[369.916s][info][gc] GC(6245) Pause Young (Allocation Failure) 14M->14M(15M) 0.038ms
[369.941s][info][gc] GC(6246) Pause Full (Allocation Failure) 14M->10M(15M) 25.061ms
[369.946s][info][gc] GC(6247) Pause Young (Allocation Failure) 14M->14M(15M) 0.036ms
[369.971s][info][gc] GC(6248) Pause Full (Allocation Failure) 14M->10M(15M) 25.100ms
[369.976s][info][gc] GC(6249) Pause Young (Allocation Failure) 14M->14M(15M) 0.036ms
[370.003s][info][gc] GC(6250) Pause Full (Allocation Failure) 14M->10M(15M) 26.126ms
[370.009s][info][gc] GC(6251) Pause Young (Allocation Failure) 14M->14M(15M) 0.047ms
[370.036s][info][gc] GC(6252) Pause Full (Allocation Failure) 14M->10M(15M) 26.939ms
[370.041s][info][gc] GC(6253) Pause Young (Allocation Failure) 14M->14M(15M) 0.048ms
[370.068s][info][gc] GC(6254) Pause Full (Allocation Failure) 14M->10M(15M) 27.177ms
[370.074s][info][gc] GC(6255) Pause Young (Allocation Failure) 14M->14M(15M) 0.052ms
[370.102s][info][gc] GC(6256) Pause Full (Allocation Failure) 14M->10M(15M) 27.593ms
[370.108s][info][gc] GC(6257) Pause Young (Allocation Failure) 14M->14M(15M) 0.050ms
[370.135s][info][gc] GC(6258) Pause Full (Allocation Failure) 14M->10M(15M) 27.336ms
[370.141s][info][gc] GC(6259) Pause Young (Allocation Failure) 14M->14M(15M) 0.049ms
[370.168s][info][gc] GC(6260) Pause Full (Allocation Failure) 14M->10M(15M) 27.189ms
[370.174s][info][gc] GC(6261) Pause Young (Allocation Failure) 14M->14M(15M) 0.054ms
[370.204s][info][gc] GC(6262) Pause Full (Allocation Failure) 14M->10M(15M) 29.788ms
[370.210s][info][gc] GC(6263) Pause Young (Allocation Failure) 14M->14M(15M) 0.065ms
[370.239s][info][gc] GC(6264) Pause Full (Allocation Failure) 14M->10M(15M) 28.649ms
[370.245s][info][gc] GC(6265) Pause Young (Allocation Failure) 14M->14M(15M) 0.046ms
[370.273s][info][gc] GC(6266) Pause Full (Allocation Failure) 14M->10M(15M) 28.083ms
[370.279s][info][gc] GC(6267) Pause Young (Allocation Failure) 14M->14M(15M) 0.045ms
[370.307s][info][gc] GC(6268) Pause Full (Allocation Failure) 14M->10M(15M) 28.043ms
[370.313s][info][gc] GC(6269) Pause Young (Allocation Failure) 14M->14M(15M) 0.049ms
[370.339s][info][gc] GC(6270) Pause Full (Allocation Failure) 14M->10M(15M) 26.281ms
[370.345s][info][gc] GC(6271) Pause Young (Allocation Failure) 14M->14M(15M) 0.038ms
[370.370s][info][gc] GC(6272) Pause Full (Allocation Failure) 14M->10M(15M) 25.112ms
[370.376s][info][gc] GC(6273) Pause Young (Allocation Failure) 14M->14M(15M) 0.039ms
[370.401s][info][gc] GC(6274) Pause Full (Allocation Failure) 14M->10M(15M) 25.507ms
[370.407s][info][gc] GC(6275) Pause Young (Allocation Failure) 14M->14M(15M) 0.040ms
[370.432s][info][gc] GC(6276) Pause Full (Allocation Failure) 14M->10M(15M) 25.518ms
[370.438s][info][gc] GC(6277) Pause Young (Allocation Failure) 14M->14M(15M) 0.036ms
[370.463s][info][gc] GC(6278) Pause Full (Allocation Failure) 14M->10M(15M) 25.289ms
[370.469s][info][gc] GC(6279) Pause Young (Allocation Failure) 14M->14M(15M) 0.037ms
[370.494s][info][gc] GC(6280) Pause Full (Allocation Failure) 14M->10M(15M) 25.408ms
[370.499s][info][gc] GC(6281) Pause Young (Allocation Failure) 14M->14M(15M) 0.037ms
[370.524s][info][gc] GC(6282) Pause Full (Allocation Failure) 14M->10M(15M) 25.049ms
[370.529s][info][gc] GC(6283) Pause Young (Allocation Failure) 14M->14M(15M) 0.036ms
[370.555s][info][gc] GC(6284) Pause Full (Allocation Failure) 14M->10M(15M) 25.176ms
[370.560s][info][gc] GC(6285) Pause Young (Allocation Failure) 14M->14M(15M) 0.035ms
[370.585s][info][gc] GC(6286) Pause Full (Allocation Failure) 14M->10M(15M) 25.063ms
[370.590s][info][gc] GC(6287) Pause Young (Allocation Failure) 14M->14M(15M) 0.035ms
[370.615s][info][gc] GC(6288) Pause Full (Allocation Failure) 14M->10M(15M) 25.251ms
[370.621s][info][gc] GC(6289) Pause Young (Allocation Failure) 14M->14M(15M) 0.037ms
[370.646s][info][gc] GC(6290) Pause Full (Allocation Failure) 14M->10M(15M) 25.288ms
[370.651s][info][gc] GC(6291) Pause Young (Allocation Failure) 14M->14M(15M) 0.036ms
[370.676s][info][gc] GC(6292) Pause Full (Allocation Failure) 14M->10M(15M) 25.058ms
[370.682s][info][gc] GC(6293) Pause Young (Allocation Failure) 14M->14M(15M) 0.041ms
[370.707s][info][gc] GC(6294) Pause Full (Allocation Failure) 14M->10M(15M) 25.550ms
[370.712s][info][gc] GC(6295) Pause Young (Allocation Failure) 14M->14M(15M) 0.038ms
[370.738s][info][gc] GC(6296) Pause Full (Allocation Failure) 14M->10M(15M) 25.044ms
[370.743s][info][gc] GC(6297) Pause Young (Allocation Failure) 14M->14M(15M) 0.037ms
[370.768s][info][gc] GC(6298) Pause Full (Allocation Failure) 14M->10M(15M) 25.072ms
[370.773s][info][gc] GC(6299) Pause Young (Allocation Failure) 14M->14M(15M) 0.036ms
[370.798s][info][gc] GC(6300) Pause Full (Allocation Failure) 14M->10M(15M) 25.363ms
[370.804s][info][gc] GC(6301) Pause Young (Allocation Failure) 14M->14M(15M) 0.036ms
[370.829s][info][gc] GC(6302) Pause Full (Allocation Failure) 14M->10M(15M) 25.019ms
[370.834s][info][gc] GC(6303) Pause Young (Allocation Failure) 14M->14M(15M) 0.036ms
[370.859s][info][gc] GC(6304) Pause Full (Allocation Failure) 14M->10M(15M) 24.995ms
[370.864s][info][gc] GC(6305) Pause Young (Allocation Failure) 14M->14M(15M) 0.036ms
[370.889s][info][gc] GC(6306) Pause Full (Allocation Failure) 14M->10M(15M) 25.151ms
[370.894s][info][gc] GC(6307) Pause Young (Allocation Failure) 14M->14M(15M) 0.035ms
[370.920s][info][gc] GC(6308) Pause Full (Allocation Failure) 14M->10M(15M) 25.221ms
[370.925s][info][gc] GC(6309) Pause Young (Allocation Failure) 14M->14M(15M) 0.038ms
[370.950s][info][gc] GC(6310) Pause Full (Allocation Failure) 14M->10M(15M) 25.165ms
[370.955s][info][gc] GC(6311) Pause Young (Allocation Failure) 14M->14M(15M) 0.036ms
[370.980s][info][gc] GC(6312) Pause Full (Allocation Failure) 14M->10M(15M) 25.184ms
[370.986s][info][gc] GC(6313) Pause Young (Allocation Failure) 14M->14M(15M) 0.039ms
[371.012s][info][gc] GC(6314) Pause Full (Allocation Failure) 14M->10M(15M) 25.814ms
[371.017s][info][gc] GC(6315) Pause Young (Allocation Failure) 14M->14M(15M) 0.037ms
[371.042s][info][gc] GC(6316) Pause Full (Allocation Failure) 14M->10M(15M) 25.198ms
[371.047s][info][gc] GC(6317) Pause Young (Allocation Failure) 14M->14M(15M) 0.036ms
[371.072s][info][gc] GC(6318) Pause Full (Allocation Failure) 14M->10M(15M) 25.070ms
[371.077s][info][gc] GC(6319) Pause Young (Allocation Failure) 14M->14M(15M) 0.036ms
[371.103s][info][gc] GC(6320) Pause Full (Allocation Failure) 14M->10M(15M) 25.201ms
[371.108s][info][gc] GC(6321) Pause Young (Allocation Failure) 14M->14M(15M) 0.036ms
[371.133s][info][gc] GC(6322) Pause Full (Allocation Failure) 14M->10M(15M) 24.991ms
[371.138s][info][gc] GC(6323) Pause Young (Allocation Failure) 14M->14M(15M) 0.035ms
[371.163s][info][gc] GC(6324) Pause Full (Allocation Failure) 14M->10M(15M) 25.220ms
[371.169s][info][gc] GC(6325) Pause Young (Allocation Failure) 14M->14M(15M) 0.047ms
[371.195s][info][gc] GC(6326) Pause Full (Allocation Failure) 14M->10M(15M) 26.383ms
[371.200s][info][gc] GC(6327) Pause Young (Allocation Failure) 14M->14M(15M) 0.036ms
[371.226s][info][gc] GC(6328) Pause Full (Allocation Failure) 14M->10M(15M) 25.464ms
[371.231s][info][gc] GC(6329) Pause Young (Allocation Failure) 14M->14M(15M) 0.036ms
[371.256s][info][gc] GC(6330) Pause Full (Allocation Failure) 14M->10M(15M) 25.200ms
[371.261s][info][gc] GC(6331) Pause Young (Allocation Failure) 14M->14M(15M) 0.035ms
[371.287s][info][gc] GC(6332) Pause Full (Allocation Failure) 14M->10M(15M) 25.585ms
[371.292s][info][gc] GC(6333) Pause Young (Allocation Failure) 14M->14M(15M) 0.038ms
[371.318s][info][gc] GC(6334) Pause Full (Allocation Failure) 14M->10M(15M) 25.572ms
[371.351s][info][gc] GC(6335) Pause Full (Allocation Failure) 15M->10M(15M) 25.750ms
[371.356s][info][gc] GC(6336) Pause Young (Allocation Failure) 14M->14M(15M) 0.036ms
[371.381s][info][gc] GC(6337) Pause Full (Allocation Failure) 14M->10M(15M) 25.105ms
[371.387s][info][gc] GC(6338) Pause Young (Allocation Failure) 14M->14M(15M) 0.036ms
[371.412s][info][gc] GC(6339) Pause Full (Allocation Failure) 14M->10M(15M) 25.162ms
[371.444s][info][gc] GC(6340) Pause Full (Allocation Failure) 15M->10M(15M) 25.622ms
[371.478s][info][gc] GC(6341) Pause Full (Allocation Failure) 15M->10M(15M) 25.938ms
[371.483s][info][gc] GC(6342) Pause Young (Allocation Failure) 14M->14M(15M) 0.037ms
[371.508s][info][gc] GC(6343) Pause Full (Allocation Failure) 14M->10M(15M) 25.344ms
[371.513s][info][gc] GC(6344) Pause Young (Allocation Failure) 14M->14M(15M) 0.034ms
[371.539s][info][gc] GC(6345) Pause Full (Allocation Failure) 14M->10M(15M) 25.177ms
[371.544s][info][gc] GC(6346) Pause Young (Allocation Failure) 14M->14M(15M) 0.036ms
[371.569s][info][gc] GC(6347) Pause Full (Allocation Failure) 14M->10M(15M) 25.231ms
[371.574s][info][gc] GC(6348) Pause Young (Allocation Failure) 14M->14M(15M) 0.042ms
[371.600s][info][gc] GC(6349) Pause Full (Allocation Failure) 14M->10M(15M) 25.721ms
[371.605s][info][gc] GC(6350) Pause Young (Allocation Failure) 14M->14M(15M) 0.037ms
[371.631s][info][gc] GC(6351) Pause Full (Allocation Failure) 14M->10M(15M) 25.246ms
[371.663s][info][gc] GC(6352) Pause Full (Allocation Failure) 15M->10M(15M) 25.710ms
[371.696s][info][gc] GC(6353) Pause Full (Allocation Failure) 15M->10M(15M) 25.456ms
[371.729s][info][gc] GC(6354) Pause Full (Allocation Failure) 15M->10M(15M) 25.573ms
[371.734s][info][gc] GC(6355) Pause Young (Allocation Failure) 14M->14M(15M) 0.040ms
[371.760s][info][gc] GC(6356) Pause Full (Allocation Failure) 14M->10M(15M) 25.628ms
[371.794s][info][gc] GC(6357) Pause Full (Allocation Failure) 15M->10M(15M) 26.553ms
[371.826s][info][gc] GC(6358) Pause Full (Allocation Failure) 15M->10M(15M) 25.603ms
[371.859s][info][gc] GC(6359) Pause Full (Allocation Failure) 15M->10M(15M) 25.611ms
[371.864s][info][gc] GC(6360) Pause Young (Allocation Failure) 14M->14M(15M) 0.036ms
[371.890s][info][gc] GC(6361) Pause Full (Allocation Failure) 14M->10M(15M) 25.202ms
[371.895s][info][gc] GC(6362) Pause Young (Allocation Failure) 14M->14M(15M) 0.035ms
[371.920s][info][gc] GC(6363) Pause Full (Allocation Failure) 14M->10M(15M) 25.136ms
[371.953s][info][gc] GC(6364) Pause Full (Allocation Failure) 15M->10M(15M) 26.125ms
[371.986s][info][gc] GC(6365) Pause Full (Allocation Failure) 15M->10M(15M) 25.700ms
[371.991s][info][gc] GC(6366) Pause Young (Allocation Failure) 14M->14M(15M) 0.037ms
[372.016s][info][gc] GC(6367) Pause Full (Allocation Failure) 14M->10M(15M) 25.183ms
[372.021s][info][gc] GC(6368) Pause Young (Allocation Failure) 14M->14M(15M) 0.036ms
[372.047s][info][gc] GC(6369) Pause Full (Allocation Failure) 14M->10M(15M) 25.134ms
[372.080s][info][gc] GC(6370) Pause Full (Allocation Failure) 15M->10M(15M) 25.886ms
[372.112s][info][gc] GC(6371) Pause Full (Allocation Failure) 15M->10M(15M) 25.542ms
[372.118s][info][gc] GC(6372) Pause Young (Allocation Failure) 14M->14M(15M) 0.039ms
[372.143s][info][gc] GC(6373) Pause Full (Allocation Failure) 14M->10M(15M) 25.688ms
[372.149s][info][gc] GC(6374) Pause Young (Allocation Failure) 14M->14M(15M) 0.037ms
[372.174s][info][gc] GC(6375) Pause Full (Allocation Failure) 14M->10M(15M) 25.403ms
[372.208s][info][gc] GC(6376) Pause Full (Allocation Failure) 15M->10M(15M) 26.776ms
[372.241s][info][gc] GC(6377) Pause Full (Allocation Failure) 15M->10M(15M) 26.182ms
[372.247s][info][gc] GC(6378) Pause Young (Allocation Failure) 14M->14M(15M) 0.039ms
[372.272s][info][gc] GC(6379) Pause Full (Allocation Failure) 14M->10M(15M) 25.343ms
[372.278s][info][gc] GC(6380) Pause Young (Allocation Failure) 14M->14M(15M) 0.037ms
[372.303s][info][gc] GC(6381) Pause Full (Allocation Failure) 14M->10M(15M) 25.735ms
[372.339s][info][gc] GC(6382) Pause Full (Allocation Failure) 15M->10M(15M) 27.528ms
[372.372s][info][gc] GC(6383) Pause Full (Allocation Failure) 15M->10M(15M) 26.005ms
[372.378s][info][gc] GC(6384) Pause Young (Allocation Failure) 14M->14M(15M) 0.039ms
[372.403s][info][gc] GC(6385) Pause Full (Allocation Failure) 14M->10M(15M) 25.373ms
[372.438s][info][gc] GC(6386) Pause Full (Allocation Failure) 15M->11M(15M) 27.381ms
[372.473s][info][gc] GC(6387) Pause Full (Allocation Failure) 15M->10M(15M) 27.347ms
[372.507s][info][gc] GC(6388) Pause Full (Allocation Failure) 15M->10M(15M) 26.979ms
[372.512s][info][gc] GC(6389) Pause Young (Allocation Failure) 14M->14M(15M) 0.040ms
[372.539s][info][gc] GC(6390) Pause Full (Allocation Failure) 14M->10M(15M) 26.581ms
[372.574s][info][gc] GC(6391) Pause Full (Allocation Failure) 15M->10M(15M) 27.384ms
[372.608s][info][gc] GC(6392) Pause Full (Allocation Failure) 15M->10M(15M) 27.186ms
[372.642s][info][gc] GC(6393) Pause Full (Allocation Failure) 15M->10M(15M) 27.117ms
[372.648s][info][gc] GC(6394) Pause Young (Allocation Failure) 14M->14M(15M) 0.042ms
[372.675s][info][gc] GC(6395) Pause Full (Allocation Failure) 14M->10M(15M) 27.133ms
[372.710s][info][gc] GC(6396) Pause Full (Allocation Failure) 15M->10M(15M) 27.260ms
[372.744s][info][gc] GC(6397) Pause Full (Allocation Failure) 15M->10M(15M) 27.312ms
[372.780s][info][gc] GC(6398) Pause Full (Allocation Failure) 15M->10M(15M) 28.417ms
[372.785s][info][gc] GC(6399) Pause Young (Allocation Failure) 14M->14M(15M) 0.062ms
[372.813s][info][gc] GC(6400) Pause Full (Allocation Failure) 14M->10M(15M) 27.128ms
[372.848s][info][gc] GC(6401) Pause Full (Allocation Failure) 15M->10M(15M) 27.227ms
[372.883s][info][gc] GC(6402) Pause Full (Allocation Failure) 15M->10M(15M) 27.534ms
[372.917s][info][gc] GC(6403) Pause Full (Allocation Failure) 15M->10M(15M) 26.962ms
[372.923s][info][gc] GC(6404) Pause Young (Allocation Failure) 14M->14M(15M) 0.055ms
[372.952s][info][gc] GC(6405) Pause Full (Allocation Failure) 14M->10M(15M) 28.861ms
[372.987s][info][gc] GC(6406) Pause Full (Allocation Failure) 15M->11M(15M) 27.184ms
[373.022s][info][gc] GC(6407) Pause Full (Allocation Failure) 15M->10M(15M) 26.828ms
[373.057s][info][gc] GC(6408) Pause Full (Allocation Failure) 15M->10M(15M) 27.877ms
[373.062s][info][gc] GC(6409) Pause Young (Allocation Failure) 14M->14M(15M) 0.038ms
[373.088s][info][gc] GC(6410) Pause Full (Allocation Failure) 14M->10M(15M) 26.178ms
[373.123s][info][gc] GC(6411) Pause Full (Allocation Failure) 15M->11M(15M) 27.264ms
[373.157s][info][gc] GC(6412) Pause Full (Allocation Failure) 15M->10M(15M) 26.876ms
[373.192s][info][gc] GC(6413) Pause Full (Allocation Failure) 15M->10M(15M) 27.088ms
[373.197s][info][gc] GC(6414) Pause Young (Allocation Failure) 14M->14M(15M) 0.038ms
[373.223s][info][gc] GC(6415) Pause Full (Allocation Failure) 14M->10M(15M) 25.744ms
[373.256s][info][gc] GC(6416) Pause Full (Allocation Failure) 15M->11M(15M) 25.973ms
[373.289s][info][gc] GC(6417) Pause Full (Allocation Failure) 15M->10M(15M) 25.680ms
[373.322s][info][gc] GC(6418) Pause Full (Allocation Failure) 15M->10M(15M) 26.480ms
[373.327s][info][gc] GC(6419) Pause Young (Allocation Failure) 14M->14M(15M) 0.045ms
[373.353s][info][gc] GC(6420) Pause Full (Allocation Failure) 14M->10M(15M) 25.270ms
[373.358s][info][gc] GC(6421) Pause Young (Allocation Failure) 14M->14M(15M) 0.039ms
[373.384s][info][gc] GC(6422) Pause Full (Allocation Failure) 14M->10M(15M) 25.516ms
[373.416s][info][gc] GC(6423) Pause Full (Allocation Failure) 15M->10M(15M) 25.732ms
[373.449s][info][gc] GC(6424) Pause Full (Allocation Failure) 15M->10M(15M) 25.668ms
[373.454s][info][gc] GC(6425) Pause Young (Allocation Failure) 14M->14M(15M) 0.039ms
[373.480s][info][gc] GC(6426) Pause Full (Allocation Failure) 14M->10M(15M) 25.900ms
[373.514s][info][gc] GC(6427) Pause Full (Allocation Failure) 15M->10M(15M) 26.167ms
[373.549s][info][gc] GC(6428) Pause Full (Allocation Failure) 15M->10M(15M) 27.954ms
[373.588s][info][gc] GC(6429) Pause Full (Allocation Failure) 15M->10M(15M) 29.755ms
[373.594s][info][gc] GC(6430) Pause Young (Allocation Failure) 14M->14M(15M) 0.048ms
[373.622s][info][gc] GC(6431) Pause Full (Allocation Failure) 14M->10M(15M) 27.899ms
[373.658s][info][gc] GC(6432) Pause Full (Allocation Failure) 15M->10M(15M) 29.291ms
[373.692s][info][gc] GC(6433) Pause Full (Allocation Failure) 15M->10M(15M) 26.781ms
[373.726s][info][gc] GC(6434) Pause Full (Allocation Failure) 15M->10M(15M) 26.589ms
[373.731s][info][gc] GC(6435) Pause Young (Allocation Failure) 14M->14M(15M) 0.048ms
[373.758s][info][gc] GC(6436) Pause Full (Allocation Failure) 14M->10M(15M) 26.197ms
[373.792s][info][gc] GC(6437) Pause Full (Allocation Failure) 15M->11M(15M) 26.805ms
[373.825s][info][gc] GC(6438) Pause Full (Allocation Failure) 15M->10M(15M) 26.123ms
[373.859s][info][gc] GC(6439) Pause Full (Allocation Failure) 15M->10M(15M) 26.305ms
[373.864s][info][gc] GC(6440) Pause Young (Allocation Failure) 14M->14M(15M) 0.048ms
[373.890s][info][gc] GC(6441) Pause Full (Allocation Failure) 14M->10M(15M) 25.852ms
[373.924s][info][gc] GC(6442) Pause Full (Allocation Failure) 15M->11M(15M) 26.529ms
[373.956s][info][gc] GC(6443) Pause Full (Allocation Failure) 15M->10M(15M) 26.114ms
[373.990s][info][gc] GC(6444) Pause Full (Allocation Failure) 15M->10M(15M) 26.295ms
[373.995s][info][gc] GC(6445) Pause Young (Allocation Failure) 14M->14M(15M) 0.035ms
[374.021s][info][gc] GC(6446) Pause Full (Allocation Failure) 14M->10M(15M) 25.435ms
[374.054s][info][gc] GC(6447) Pause Full (Allocation Failure) 15M->11M(15M) 25.877ms
[374.086s][info][gc] GC(6448) Pause Full (Allocation Failure) 15M->10M(15M) 25.724ms
[374.119s][info][gc] GC(6449) Pause Full (Allocation Failure) 15M->10M(15M) 25.798ms
[374.124s][info][gc] GC(6450) Pause Young (Allocation Failure) 14M->14M(15M) 0.036ms
[374.150s][info][gc] GC(6451) Pause Full (Allocation Failure) 14M->10M(15M) 25.405ms
[374.184s][info][gc] GC(6452) Pause Full (Allocation Failure) 15M->11M(15M) 26.883ms
[374.217s][info][gc] GC(6453) Pause Full (Allocation Failure) 15M->10M(15M) 25.798ms
[374.250s][info][gc] GC(6454) Pause Full (Allocation Failure) 15M->10M(15M) 26.165ms
[374.255s][info][gc] GC(6455) Pause Young (Allocation Failure) 14M->14M(15M) 0.039ms
[374.281s][info][gc] GC(6456) Pause Full (Allocation Failure) 14M->10M(15M) 25.986ms
[374.317s][info][gc] GC(6457) Pause Full (Allocation Failure) 15M->11M(15M) 27.649ms
[374.352s][info][gc] GC(6458) Pause Full (Allocation Failure) 15M->10M(15M) 26.682ms
[374.387s][info][gc] GC(6459) Pause Full (Allocation Failure) 15M->10M(15M) 27.011ms
[374.392s][info][gc] GC(6460) Pause Young (Allocation Failure) 14M->14M(15M) 0.044ms
[374.419s][info][gc] GC(6461) Pause Full (Allocation Failure) 14M->10M(15M) 26.807ms
[374.455s][info][gc] GC(6462) Pause Full (Allocation Failure) 15M->11M(15M) 27.718ms
[374.490s][info][gc] GC(6463) Pause Full (Allocation Failure) 15M->10M(15M) 27.272ms
[374.525s][info][gc] GC(6464) Pause Full (Allocation Failure) 15M->10M(15M) 27.791ms
[374.531s][info][gc] GC(6465) Pause Young (Allocation Failure) 14M->14M(15M) 0.043ms
[374.558s][info][gc] GC(6466) Pause Full (Allocation Failure) 14M->10M(15M) 27.358ms
[374.593s][info][gc] GC(6467) Pause Full (Allocation Failure) 15M->11M(15M) 27.519ms
[374.627s][info][gc] GC(6468) Pause Full (Allocation Failure) 15M->10M(15M) 27.257ms
[374.662s][info][gc] GC(6469) Pause Full (Allocation Failure) 15M->10M(15M) 27.572ms
[374.667s][info][gc] GC(6470) Pause Young (Allocation Failure) 14M->14M(15M) 0.041ms
[374.695s][info][gc] GC(6471) Pause Full (Allocation Failure) 14M->10M(15M) 27.586ms
[374.730s][info][gc] GC(6472) Pause Full (Allocation Failure) 15M->11M(15M) 27.337ms
[374.764s][info][gc] GC(6473) Pause Full (Allocation Failure) 15M->10M(15M) 26.934ms
[374.798s][info][gc] GC(6474) Pause Full (Allocation Failure) 15M->10M(15M) 27.261ms
[374.804s][info][gc] GC(6475) Pause Young (Allocation Failure) 14M->14M(15M) 0.037ms
[374.831s][info][gc] GC(6476) Pause Full (Allocation Failure) 14M->10M(15M) 27.332ms
[374.866s][info][gc] GC(6477) Pause Full (Allocation Failure) 15M->11M(15M) 27.522ms
[374.900s][info][gc] GC(6478) Pause Full (Allocation Failure) 15M->10M(15M) 27.255ms
[374.936s][info][gc] GC(6479) Pause Full (Allocation Failure) 15M->10M(15M) 27.549ms
[374.942s][info][gc] GC(6480) Pause Young (Allocation Failure) 14M->14M(15M) 0.047ms
[374.968s][info][gc] GC(6481) Pause Full (Allocation Failure) 14M->10M(15M) 26.687ms
[375.003s][info][gc] GC(6482) Pause Full (Allocation Failure) 15M->11M(15M) 27.014ms
[375.038s][info][gc] GC(6483) Pause Full (Allocation Failure) 15M->10M(15M) 27.118ms
[375.073s][info][gc] GC(6484) Pause Full (Allocation Failure) 15M->10M(15M) 27.387ms
[375.078s][info][gc] GC(6485) Pause Young (Allocation Failure) 14M->14M(15M) 0.039ms
[375.104s][info][gc] GC(6486) Pause Full (Allocation Failure) 14M->10M(15M) 26.278ms
[375.138s][info][gc] GC(6487) Pause Full (Allocation Failure) 15M->11M(15M) 26.364ms
[375.172s][info][gc] GC(6488) Pause Full (Allocation Failure) 15M->10M(15M) 26.700ms
[375.206s][info][gc] GC(6489) Pause Full (Allocation Failure) 15M->10M(15M) 26.734ms
[375.211s][info][gc] GC(6490) Pause Young (Allocation Failure) 14M->14M(15M) 0.039ms
[375.237s][info][gc] GC(6491) Pause Full (Allocation Failure) 14M->10M(15M) 26.050ms
[375.270s][info][gc] GC(6492) Pause Full (Allocation Failure) 15M->10M(15M) 25.922ms
[375.303s][info][gc] GC(6493) Pause Full (Allocation Failure) 15M->10M(15M) 25.866ms
[375.336s][info][gc] GC(6494) Pause Full (Allocation Failure) 15M->10M(15M) 26.463ms
[375.342s][info][gc] GC(6495) Pause Young (Allocation Failure) 14M->14M(15M) 0.044ms
[375.368s][info][gc] GC(6496) Pause Full (Allocation Failure) 14M->10M(15M) 25.658ms
[375.401s][info][gc] GC(6497) Pause Full (Allocation Failure) 15M->11M(15M) 25.895ms
[375.434s][info][gc] GC(6498) Pause Full (Allocation Failure) 15M->10M(15M) 26.162ms
[375.467s][info][gc] GC(6499) Pause Full (Allocation Failure) 15M->10M(15M) 25.986ms
[375.472s][info][gc] GC(6500) Pause Young (Allocation Failure) 14M->14M(15M) 0.037ms
[375.498s][info][gc] GC(6501) Pause Full (Allocation Failure) 14M->10M(15M) 25.597ms
[375.531s][info][gc] GC(6502) Pause Full (Allocation Failure) 15M->11M(15M) 26.329ms
[375.564s][info][gc] GC(6503) Pause Full (Allocation Failure) 15M->10M(15M) 26.077ms
[375.597s][info][gc] GC(6504) Pause Full (Allocation Failure) 15M->10M(15M) 25.959ms
[375.603s][info][gc] GC(6505) Pause Young (Allocation Failure) 14M->14M(15M) 0.039ms
[375.628s][info][gc] GC(6506) Pause Full (Allocation Failure) 14M->10M(15M) 25.604ms
[375.661s][info][gc] GC(6507) Pause Full (Allocation Failure) 15M->11M(15M) 25.996ms
[375.694s][info][gc] GC(6508) Pause Full (Allocation Failure) 15M->10M(15M) 25.785ms
[375.727s][info][gc] GC(6509) Pause Full (Allocation Failure) 15M->10M(15M) 25.864ms
[375.732s][info][gc] GC(6510) Pause Young (Allocation Failure) 14M->14M(15M) 0.036ms
[375.758s][info][gc] GC(6511) Pause Full (Allocation Failure) 14M->10M(15M) 25.702ms
[375.791s][info][gc] GC(6512) Pause Full (Allocation Failure) 15M->11M(15M) 26.094ms
[375.824s][info][gc] GC(6513) Pause Full (Allocation Failure) 15M->11M(15M) 26.268ms
[375.857s][info][gc] GC(6514) Pause Full (Allocation Failure) 15M->10M(15M) 26.033ms
[375.862s][info][gc] GC(6515) Pause Young (Allocation Failure) 14M->14M(15M) 0.035ms
[375.888s][info][gc] GC(6516) Pause Full (Allocation Failure) 14M->10M(15M) 25.614ms
[375.921s][info][gc] GC(6517) Pause Full (Allocation Failure) 15M->11M(15M) 26.172ms
[375.953s][info][gc] GC(6518) Pause Full (Allocation Failure) 15M->10M(15M) 26.006ms
[375.987s][info][gc] GC(6519) Pause Full (Allocation Failure) 15M->10M(15M) 26.242ms
[375.992s][info][gc] GC(6520) Pause Young (Allocation Failure) 14M->14M(15M) 0.036ms
[376.018s][info][gc] GC(6521) Pause Full (Allocation Failure) 14M->10M(15M) 25.628ms
[376.050s][info][gc] GC(6522) Pause Full (Allocation Failure) 15M->11M(15M) 25.875ms
[376.083s][info][gc] GC(6523) Pause Full (Allocation Failure) 15M->10M(15M) 26.007ms
[376.116s][info][gc] GC(6524) Pause Full (Allocation Failure) 15M->10M(15M) 25.892ms
[376.121s][info][gc] GC(6525) Pause Young (Allocation Failure) 14M->14M(15M) 0.036ms
[376.147s][info][gc] GC(6526) Pause Full (Allocation Failure) 14M->10M(15M) 25.738ms
[376.181s][info][gc] GC(6527) Pause Full (Allocation Failure) 15M->10M(15M) 26.497ms
[376.216s][info][gc] GC(6528) Pause Full (Allocation Failure) 15M->10M(15M) 26.593ms
[376.249s][info][gc] GC(6529) Pause Full (Allocation Failure) 15M->10M(15M) 25.807ms
[376.254s][info][gc] GC(6530) Pause Young (Allocation Failure) 14M->14M(15M) 0.036ms
[376.280s][info][gc] GC(6531) Pause Full (Allocation Failure) 14M->10M(15M) 25.719ms
[376.313s][info][gc] GC(6532) Pause Full (Allocation Failure) 15M->11M(15M) 26.272ms
[376.347s][info][gc] GC(6533) Pause Full (Allocation Failure) 15M->10M(15M) 25.905ms
[376.380s][info][gc] GC(6534) Pause Full (Allocation Failure) 15M->10M(15M) 26.083ms
[376.385s][info][gc] GC(6535) Pause Young (Allocation Failure) 14M->14M(15M) 0.036ms
[376.411s][info][gc] GC(6536) Pause Full (Allocation Failure) 14M->10M(15M) 25.652ms
[376.444s][info][gc] GC(6537) Pause Full (Allocation Failure) 15M->11M(15M) 25.945ms
[376.477s][info][gc] GC(6538) Pause Full (Allocation Failure) 15M->10M(15M) 25.950ms
[376.509s][info][gc] GC(6539) Pause Full (Allocation Failure) 15M->10M(15M) 26.002ms
[376.515s][info][gc] GC(6540) Pause Young (Allocation Failure) 14M->14M(15M) 0.036ms
[376.541s][info][gc] GC(6541) Pause Full (Allocation Failure) 14M->10M(15M) 25.736ms
[376.574s][info][gc] GC(6542) Pause Full (Allocation Failure) 15M->11M(15M) 26.487ms
[376.608s][info][gc] GC(6543) Pause Full (Allocation Failure) 15M->10M(15M) 26.665ms
[376.640s][info][gc] GC(6544) Pause Full (Allocation Failure) 15M->10M(15M) 25.790ms
[376.646s][info][gc] GC(6545) Pause Young (Allocation Failure) 14M->14M(15M) 0.037ms
[376.672s][info][gc] GC(6546) Pause Full (Allocation Failure) 14M->10M(15M) 25.718ms
[376.704s][info][gc] GC(6547) Pause Full (Allocation Failure) 15M->11M(15M) 25.959ms
[376.738s][info][gc] GC(6548) Pause Full (Allocation Failure) 15M->11M(15M) 26.345ms
[376.771s][info][gc] GC(6549) Pause Full (Allocation Failure) 15M->10M(15M) 25.904ms
[376.776s][info][gc] GC(6550) Pause Young (Allocation Failure) 14M->14M(15M) 0.036ms
[376.802s][info][gc] GC(6551) Pause Full (Allocation Failure) 14M->10M(15M) 25.825ms
[376.835s][info][gc] GC(6552) Pause Full (Allocation Failure) 15M->11M(15M) 26.191ms
[376.868s][info][gc] GC(6553) Pause Full (Allocation Failure) 15M->11M(15M) 25.994ms
[376.902s][info][gc] GC(6554) Pause Full (Allocation Failure) 15M->10M(15M) 26.693ms
[376.907s][info][gc] GC(6555) Pause Young (Allocation Failure) 14M->14M(15M) 0.042ms
[376.933s][info][gc] GC(6556) Pause Full (Allocation Failure) 14M->10M(15M) 26.308ms
[376.967s][info][gc] GC(6557) Pause Full (Allocation Failure) 15M->11M(15M) 26.100ms
[377.000s][info][gc] GC(6558) Pause Full (Allocation Failure) 15M->10M(15M) 25.922ms
[377.033s][info][gc] GC(6559) Pause Full (Allocation Failure) 15M->10M(15M) 26.424ms
[377.038s][info][gc] GC(6560) Pause Young (Allocation Failure) 14M->14M(15M) 0.036ms
[377.064s][info][gc] GC(6561) Pause Full (Allocation Failure) 14M->10M(15M) 25.776ms
[377.097s][info][gc] GC(6562) Pause Full (Allocation Failure) 15M->11M(15M) 26.013ms
[377.130s][info][gc] GC(6563) Pause Full (Allocation Failure) 15M->11M(15M) 25.837ms
[377.162s][info][gc] GC(6564) Pause Full (Allocation Failure) 15M->10M(15M) 25.889ms
[377.168s][info][gc] GC(6565) Pause Young (Allocation Failure) 14M->14M(15M) 0.048ms
[377.195s][info][gc] GC(6566) Pause Full (Allocation Failure) 14M->10M(15M) 27.103ms
[377.228s][info][gc] GC(6567) Pause Full (Allocation Failure) 15M->11M(15M) 26.082ms
[377.261s][info][gc] GC(6568) Pause Full (Allocation Failure) 15M->10M(15M) 25.902ms
[377.294s][info][gc] GC(6569) Pause Full (Allocation Failure) 15M->10M(15M) 26.139ms
[377.299s][info][gc] GC(6570) Pause Young (Allocation Failure) 14M->14M(15M) 0.040ms
[377.326s][info][gc] GC(6571) Pause Full (Allocation Failure) 14M->11M(15M) 26.957ms
[377.361s][info][gc] GC(6572) Pause Full (Allocation Failure) 15M->10M(15M) 26.574ms
[377.394s][info][gc] GC(6573) Pause Full (Allocation Failure) 15M->11M(15M) 26.011ms
[377.427s][info][gc] GC(6574) Pause Full (Allocation Failure) 15M->10M(15M) 26.065ms
[377.432s][info][gc] GC(6575) Pause Young (Allocation Failure) 14M->14M(15M) 0.036ms
[377.458s][info][gc] GC(6576) Pause Full (Allocation Failure) 14M->10M(15M) 25.680ms
[377.491s][info][gc] GC(6577) Pause Full (Allocation Failure) 15M->11M(15M) 26.204ms
[377.524s][info][gc] GC(6578) Pause Full (Allocation Failure) 15M->11M(15M) 25.879ms
[377.556s][info][gc] GC(6579) Pause Full (Allocation Failure) 15M->10M(15M) 25.797ms
[377.562s][info][gc] GC(6580) Pause Young (Allocation Failure) 14M->14M(15M) 0.036ms
[377.588s][info][gc] GC(6581) Pause Full (Allocation Failure) 14M->10M(15M) 25.747ms
[377.621s][info][gc] GC(6582) Pause Full (Allocation Failure) 15M->11M(15M) 26.010ms
[377.653s][info][gc] GC(6583) Pause Full (Allocation Failure) 15M->10M(15M) 25.833ms
[377.686s][info][gc] GC(6584) Pause Full (Allocation Failure) 15M->10M(15M) 25.892ms
[377.691s][info][gc] GC(6585) Pause Young (Allocation Failure) 14M->14M(15M) 0.036ms
[377.717s][info][gc] GC(6586) Pause Full (Allocation Failure) 14M->10M(15M) 25.804ms
[377.750s][info][gc] GC(6587) Pause Full (Allocation Failure) 15M->11M(15M) 26.038ms
[377.783s][info][gc] GC(6588) Pause Full (Allocation Failure) 15M->10M(15M) 25.818ms
[377.815s][info][gc] GC(6589) Pause Full (Allocation Failure) 15M->10M(15M) 25.845ms
[377.821s][info][gc] GC(6590) Pause Young (Allocation Failure) 14M->14M(15M) 0.038ms
[377.847s][info][gc] GC(6591) Pause Full (Allocation Failure) 14M->10M(15M) 25.809ms
[377.880s][info][gc] GC(6592) Pause Full (Allocation Failure) 15M->11M(15M) 26.573ms
[377.913s][info][gc] GC(6593) Pause Full (Allocation Failure) 15M->11M(15M) 25.944ms
[377.946s][info][gc] GC(6594) Pause Full (Allocation Failure) 15M->10M(15M) 26.304ms
[377.951s][info][gc] GC(6595) Pause Young (Allocation Failure) 14M->14M(15M) 0.037ms
[377.977s][info][gc] GC(6596) Pause Full (Allocation Failure) 14M->10M(15M) 25.948ms
[378.011s][info][gc] GC(6597) Pause Full (Allocation Failure) 15M->11M(15M) 26.561ms
[378.044s][info][gc] GC(6598) Pause Full (Allocation Failure) 15M->11M(15M) 26.294ms
[378.077s][info][gc] GC(6599) Pause Full (Allocation Failure) 15M->10M(15M) 26.023ms
[378.083s][info][gc] GC(6600) Pause Young (Allocation Failure) 14M->14M(15M) 0.036ms
[378.109s][info][gc] GC(6601) Pause Full (Allocation Failure) 14M->10M(15M) 25.765ms
[378.142s][info][gc] GC(6602) Pause Full (Allocation Failure) 15M->11M(15M) 26.059ms
[378.174s][info][gc] GC(6603) Pause Full (Allocation Failure) 15M->11M(15M) 26.063ms
[378.209s][info][gc] GC(6604) Pause Full (Allocation Failure) 15M->10M(15M) 27.721ms
[378.215s][info][gc] GC(6605) Pause Young (Allocation Failure) 14M->14M(15M) 0.039ms
[378.241s][info][gc] GC(6606) Pause Full (Allocation Failure) 14M->10M(15M) 26.704ms
[378.274s][info][gc] GC(6607) Pause Full (Allocation Failure) 15M->11M(15M) 25.909ms
[378.307s][info][gc] GC(6608) Pause Full (Allocation Failure) 15M->11M(15M) 26.055ms
[378.341s][info][gc] GC(6609) Pause Full (Allocation Failure) 15M->10M(15M) 26.993ms
[378.346s][info][gc] GC(6610) Pause Young (Allocation Failure) 14M->14M(15M) 0.043ms
[378.372s][info][gc] GC(6611) Pause Full (Allocation Failure) 14M->10M(15M) 25.909ms
[378.406s][info][gc] GC(6612) Pause Full (Allocation Failure) 15M->11M(15M) 26.320ms
[378.439s][info][gc] GC(6613) Pause Full (Allocation Failure) 15M->11M(15M) 26.140ms
[378.471s][info][gc] GC(6614) Pause Full (Allocation Failure) 15M->10M(15M) 25.992ms
[378.477s][info][gc] GC(6615) Pause Young (Allocation Failure) 14M->14M(15M) 0.036ms
[378.503s][info][gc] GC(6616) Pause Full (Allocation Failure) 14M->10M(15M) 25.839ms
[378.536s][info][gc] GC(6617) Pause Full (Allocation Failure) 15M->11M(15M) 26.133ms
[378.569s][info][gc] GC(6618) Pause Full (Allocation Failure) 15M->10M(15M) 26.552ms
[378.602s][info][gc] GC(6619) Pause Full (Allocation Failure) 15M->10M(15M) 25.986ms
[378.607s][info][gc] GC(6620) Pause Young (Allocation Failure) 14M->14M(15M) 0.036ms
[378.633s][info][gc] GC(6621) Pause Full (Allocation Failure) 14M->11M(15M) 25.843ms
[378.665s][info][gc] GC(6622) Pause Full (Allocation Failure) 15M->11M(15M) 26.003ms
[378.698s][info][gc] GC(6623) Pause Full (Allocation Failure) 15M->11M(15M) 25.999ms
[378.731s][info][gc] GC(6624) Pause Full (Allocation Failure) 15M->10M(15M) 26.133ms
[378.736s][info][gc] GC(6625) Pause Young (Allocation Failure) 14M->14M(15M) 0.035ms
[378.762s][info][gc] GC(6626) Pause Full (Allocation Failure) 14M->10M(15M) 25.877ms
[378.795s][info][gc] GC(6627) Pause Full (Allocation Failure) 15M->11M(15M) 26.279ms
[378.828s][info][gc] GC(6628) Pause Full (Allocation Failure) 15M->10M(15M) 26.269ms
[378.862s][info][gc] GC(6629) Pause Full (Allocation Failure) 15M->10M(15M) 26.217ms
[378.867s][info][gc] GC(6630) Pause Young (Allocation Failure) 14M->14M(15M) 0.036ms
[378.893s][info][gc] GC(6631) Pause Full (Allocation Failure) 14M->10M(15M) 25.856ms
[378.926s][info][gc] GC(6632) Pause Full (Allocation Failure) 15M->11M(15M) 26.136ms
[378.959s][info][gc] GC(6633) Pause Full (Allocation Failure) 15M->11M(15M) 26.204ms
[378.992s][info][gc] GC(6634) Pause Full (Allocation Failure) 15M->10M(15M) 26.170ms
[378.997s][info][gc] GC(6635) Pause Young (Allocation Failure) 14M->14M(15M) 0.042ms
[379.022s][info][gc] GC(6636) Pause Full (Allocation Failure) 14M->10M(15M) 25.564ms
[379.056s][info][gc] GC(6637) Pause Full (Allocation Failure) 15M->11M(15M) 26.529ms
[379.089s][info][gc] GC(6638) Pause Full (Allocation Failure) 15M->11M(15M) 26.313ms
[379.123s][info][gc] GC(6639) Pause Full (Allocation Failure) 15M->10M(15M) 27.591ms
[379.157s][info][gc] GC(6640) Pause Full (Allocation Failure) 15M->11M(15M) 27.099ms
[379.192s][info][gc] GC(6641) Pause Full (Allocation Failure) 15M->11M(15M) 27.443ms
[379.225s][info][gc] GC(6642) Pause Full (Allocation Failure) 15M->11M(15M) 26.258ms
[379.258s][info][gc] GC(6643) Pause Full (Allocation Failure) 15M->10M(15M) 26.298ms
[379.292s][info][gc] GC(6644) Pause Full (Allocation Failure) 15M->11M(15M) 26.707ms
[379.325s][info][gc] GC(6645) Pause Full (Allocation Failure) 15M->11M(15M) 27.044ms
[379.362s][info][gc] GC(6646) Pause Full (Allocation Failure) 15M->11M(15M) 29.287ms
[379.397s][info][gc] GC(6647) Pause Full (Allocation Failure) 15M->10M(15M) 28.326ms
[379.432s][info][gc] GC(6648) Pause Full (Allocation Failure) 15M->11M(15M) 27.301ms
[379.465s][info][gc] GC(6649) Pause Full (Allocation Failure) 15M->11M(15M) 26.387ms
[379.498s][info][gc] GC(6650) Pause Full (Allocation Failure) 15M->11M(15M) 26.660ms
[379.531s][info][gc] GC(6651) Pause Full (Allocation Failure) 15M->10M(15M) 26.357ms
[379.536s][info][gc] GC(6652) Pause Young (Allocation Failure) 14M->14M(15M) 0.037ms
[379.563s][info][gc] GC(6653) Pause Full (Allocation Failure) 14M->11M(15M) 26.777ms
[379.596s][info][gc] GC(6654) Pause Full (Allocation Failure) 15M->11M(15M) 26.701ms
[379.630s][info][gc] GC(6655) Pause Full (Allocation Failure) 15M->11M(15M) 26.562ms
[379.663s][info][gc] GC(6656) Pause Full (Allocation Failure) 15M->10M(15M) 26.637ms
[379.697s][info][gc] GC(6657) Pause Full (Allocation Failure) 15M->11M(15M) 27.487ms
[379.731s][info][gc] GC(6658) Pause Full (Allocation Failure) 15M->11M(15M) 26.348ms
[379.764s][info][gc] GC(6659) Pause Full (Allocation Failure) 15M->11M(15M) 26.725ms
[379.798s][info][gc] GC(6660) Pause Full (Allocation Failure) 15M->10M(15M) 27.017ms
[379.803s][info][gc] GC(6661) Pause Young (Allocation Failure) 14M->14M(15M) 0.038ms
[379.830s][info][gc] GC(6662) Pause Full (Allocation Failure) 14M->11M(15M) 26.718ms
[379.864s][info][gc] GC(6663) Pause Full (Allocation Failure) 15M->11M(15M) 27.079ms
[379.897s][info][gc] GC(6664) Pause Full (Allocation Failure) 15M->11M(15M) 26.460ms
[379.930s][info][gc] GC(6665) Pause Full (Allocation Failure) 15M->10M(15M) 26.648ms
[379.964s][info][gc] GC(6666) Pause Full (Allocation Failure) 15M->11M(15M) 27.135ms
[379.997s][info][gc] GC(6667) Pause Full (Allocation Failure) 15M->11M(15M) 26.418ms
[380.031s][info][gc] GC(6668) Pause Full (Allocation Failure) 15M->11M(15M) 26.522ms
[380.064s][info][gc] GC(6669) Pause Full (Allocation Failure) 15M->10M(15M) 26.537ms
[380.098s][info][gc] GC(6670) Pause Full (Allocation Failure) 15M->11M(15M) 27.025ms
[380.131s][info][gc] GC(6671) Pause Full (Allocation Failure) 15M->11M(15M) 26.322ms
[380.164s][info][gc] GC(6672) Pause Full (Allocation Failure) 15M->11M(15M) 26.715ms
[380.198s][info][gc] GC(6673) Pause Full (Allocation Failure) 15M->10M(15M) 26.962ms
[380.204s][info][gc] GC(6674) Pause Young (Allocation Failure) 14M->14M(15M) 0.040ms
[380.230s][info][gc] GC(6675) Pause Full (Allocation Failure) 14M->11M(15M) 26.534ms
[380.263s][info][gc] GC(6676) Pause Full (Allocation Failure) 15M->11M(15M) 26.002ms
[380.296s][info][gc] GC(6677) Pause Full (Allocation Failure) 15M->11M(15M) 26.348ms
[380.329s][info][gc] GC(6678) Pause Full (Allocation Failure) 15M->10M(15M) 26.728ms
[380.363s][info][gc] GC(6679) Pause Full (Allocation Failure) 15M->11M(15M) 26.752ms
[380.396s][info][gc] GC(6680) Pause Full (Allocation Failure) 15M->11M(15M) 25.750ms
[380.429s][info][gc] GC(6681) Pause Full (Allocation Failure) 15M->11M(15M) 25.995ms
[380.461s][info][gc] GC(6682) Pause Full (Allocation Failure) 15M->10M(15M) 25.914ms
[380.495s][info][gc] GC(6683) Pause Full (Allocation Failure) 15M->11M(15M) 26.718ms
[380.529s][info][gc] GC(6684) Pause Full (Allocation Failure) 15M->11M(15M) 26.251ms
[380.562s][info][gc] GC(6685) Pause Full (Allocation Failure) 15M->11M(15M) 26.703ms
[380.595s][info][gc] GC(6686) Pause Full (Allocation Failure) 15M->10M(15M) 26.363ms
[380.629s][info][gc] GC(6687) Pause Full (Allocation Failure) 15M->11M(15M) 27.289ms
[380.662s][info][gc] GC(6688) Pause Full (Allocation Failure) 15M->11M(15M) 26.329ms
[380.695s][info][gc] GC(6689) Pause Full (Allocation Failure) 15M->11M(15M) 26.799ms
[380.728s][info][gc] GC(6690) Pause Full (Allocation Failure) 15M->10M(15M) 26.388ms
[380.762s][info][gc] GC(6691) Pause Full (Allocation Failure) 15M->11M(15M) 27.310ms
[380.795s][info][gc] GC(6692) Pause Full (Allocation Failure) 15M->11M(15M) 26.185ms
[380.828s][info][gc] GC(6693) Pause Full (Allocation Failure) 15M->11M(15M) 26.620ms
[380.862s][info][gc] GC(6694) Pause Full (Allocation Failure) 15M->10M(15M) 27.038ms
[380.897s][info][gc] GC(6695) Pause Full (Allocation Failure) 15M->11M(15M) 27.330ms
[380.929s][info][gc] GC(6696) Pause Full (Allocation Failure) 15M->11M(15M) 26.363ms
[380.964s][info][gc] GC(6697) Pause Full (Allocation Failure) 15M->11M(15M) 28.051ms
[381.000s][info][gc] GC(6698) Pause Full (Allocation Failure) 15M->10M(15M) 28.231ms
[381.035s][info][gc] GC(6699) Pause Full (Allocation Failure) 15M->11M(15M) 27.851ms
[381.070s][info][gc] GC(6700) Pause Full (Allocation Failure) 15M->11M(15M) 27.279ms
[381.105s][info][gc] GC(6701) Pause Full (Allocation Failure) 15M->11M(15M) 27.671ms
[381.141s][info][gc] GC(6702) Pause Full (Allocation Failure) 15M->10M(15M) 29.840ms
[381.177s][info][gc] GC(6703) Pause Full (Allocation Failure) 15M->11M(15M) 28.423ms
[381.212s][info][gc] GC(6704) Pause Full (Allocation Failure) 15M->11M(15M) 27.680ms
[381.246s][info][gc] GC(6705) Pause Full (Allocation Failure) 15M->11M(15M) 28.005ms
[381.281s][info][gc] GC(6706) Pause Full (Allocation Failure) 15M->10M(15M) 27.711ms
[381.316s][info][gc] GC(6707) Pause Full (Allocation Failure) 15M->11M(15M) 27.626ms
[381.350s][info][gc] GC(6708) Pause Full (Allocation Failure) 15M->11M(15M) 26.926ms
[381.383s][info][gc] GC(6709) Pause Full (Allocation Failure) 15M->11M(15M) 26.561ms
[381.417s][info][gc] GC(6710) Pause Full (Allocation Failure) 15M->10M(15M) 26.642ms
[381.452s][info][gc] GC(6711) Pause Full (Allocation Failure) 15M->11M(15M) 27.107ms
[381.485s][info][gc] GC(6712) Pause Full (Allocation Failure) 15M->11M(15M) 27.278ms
[381.520s][info][gc] GC(6713) Pause Full (Allocation Failure) 15M->11M(15M) 27.542ms
[381.554s][info][gc] GC(6714) Pause Full (Allocation Failure) 15M->10M(15M) 27.097ms
[381.589s][info][gc] GC(6715) Pause Full (Allocation Failure) 15M->11M(15M) 27.179ms
[381.622s][info][gc] GC(6716) Pause Full (Allocation Failure) 15M->11M(15M) 26.661ms
[381.655s][info][gc] GC(6717) Pause Full (Allocation Failure) 15M->11M(15M) 26.197ms
[381.687s][info][gc] GC(6718) Pause Full (Allocation Failure) 15M->10M(15M) 25.846ms
[381.721s][info][gc] GC(6719) Pause Full (Allocation Failure) 15M->11M(15M) 26.559ms
[381.754s][info][gc] GC(6720) Pause Full (Allocation Failure) 15M->11M(15M) 26.819ms
[381.787s][info][gc] GC(6721) Pause Full (Allocation Failure) 15M->11M(15M) 26.735ms
[381.821s][info][gc] GC(6722) Pause Full (Allocation Failure) 15M->10M(15M) 27.122ms
[381.857s][info][gc] GC(6723) Pause Full (Allocation Failure) 15M->11M(15M) 27.962ms
[381.890s][info][gc] GC(6724) Pause Full (Allocation Failure) 15M->11M(15M) 27.042ms
[381.924s][info][gc] GC(6725) Pause Full (Allocation Failure) 15M->11M(15M) 27.201ms
[381.959s][info][gc] GC(6726) Pause Full (Allocation Failure) 15M->10M(15M) 27.909ms
[381.994s][info][gc] GC(6727) Pause Full (Allocation Failure) 15M->11M(15M) 28.095ms
[382.028s][info][gc] GC(6728) Pause Full (Allocation Failure) 15M->11M(15M) 27.355ms
[382.063s][info][gc] GC(6729) Pause Full (Allocation Failure) 15M->11M(15M) 27.742ms
[382.098s][info][gc] GC(6730) Pause Full (Allocation Failure) 15M->10M(15M) 28.002ms
[382.133s][info][gc] GC(6731) Pause Full (Allocation Failure) 15M->11M(15M) 28.147ms
[382.167s][info][gc] GC(6732) Pause Full (Allocation Failure) 15M->11M(15M) 27.121ms
[382.204s][info][gc] GC(6733) Pause Full (Allocation Failure) 15M->11M(15M) 29.429ms
[382.239s][info][gc] GC(6734) Pause Full (Allocation Failure) 15M->10M(15M) 27.811ms
[382.275s][info][gc] GC(6735) Pause Full (Allocation Failure) 15M->11M(15M) 28.548ms
[382.309s][info][gc] GC(6736) Pause Full (Allocation Failure) 15M->11M(15M) 27.417ms
[382.344s][info][gc] GC(6737) Pause Full (Allocation Failure) 15M->11M(15M) 27.826ms
[382.379s][info][gc] GC(6738) Pause Full (Allocation Failure) 15M->10M(15M) 27.574ms
[382.416s][info][gc] GC(6739) Pause Full (Allocation Failure) 15M->11M(15M) 29.254ms
[382.451s][info][gc] GC(6740) Pause Full (Allocation Failure) 15M->11M(15M) 27.956ms
[382.489s][info][gc] GC(6741) Pause Full (Allocation Failure) 15M->11M(15M) 30.022ms
[382.524s][info][gc] GC(6742) Pause Full (Allocation Failure) 15M->10M(15M) 28.286ms
[382.560s][info][gc] GC(6743) Pause Full (Allocation Failure) 15M->11M(15M) 28.802ms
[382.594s][info][gc] GC(6744) Pause Full (Allocation Failure) 15M->11M(15M) 27.026ms
[382.628s][info][gc] GC(6745) Pause Full (Allocation Failure) 15M->11M(15M) 26.811ms
[382.661s][info][gc] GC(6746) Pause Full (Allocation Failure) 15M->10M(15M) 26.590ms
[382.696s][info][gc] GC(6747) Pause Full (Allocation Failure) 15M->11M(15M) 26.961ms
[382.728s][info][gc] GC(6748) Pause Full (Allocation Failure) 15M->11M(15M) 25.888ms
[382.761s][info][gc] GC(6749) Pause Full (Allocation Failure) 15M->11M(15M) 26.171ms
[382.794s][info][gc] GC(6750) Pause Full (Allocation Failure) 15M->10M(15M) 26.099ms
[382.827s][info][gc] GC(6751) Pause Full (Allocation Failure) 15M->11M(15M) 26.600ms
[382.860s][info][gc] GC(6752) Pause Full (Allocation Failure) 15M->11M(15M) 26.057ms
[382.893s][info][gc] GC(6753) Pause Full (Allocation Failure) 15M->11M(15M) 26.065ms
[382.925s][info][gc] GC(6754) Pause Full (Allocation Failure) 15M->10M(15M) 25.980ms
[382.959s][info][gc] GC(6755) Pause Full (Allocation Failure) 15M->11M(15M) 26.822ms
[382.992s][info][gc] GC(6756) Pause Full (Allocation Failure) 15M->11M(15M) 26.249ms
[383.025s][info][gc] GC(6757) Pause Full (Allocation Failure) 15M->11M(15M) 26.597ms
[383.058s][info][gc] GC(6758) Pause Full (Allocation Failure) 15M->10M(15M) 26.490ms
[383.092s][info][gc] GC(6759) Pause Full (Allocation Failure) 15M->11M(15M) 27.063ms
[383.125s][info][gc] GC(6760) Pause Full (Allocation Failure) 15M->11M(15M) 26.207ms
[383.158s][info][gc] GC(6761) Pause Full (Allocation Failure) 15M->11M(15M) 26.542ms
[383.193s][info][gc] GC(6762) Pause Full (Allocation Failure) 15M->10M(15M) 27.675ms
[383.227s][info][gc] GC(6763) Pause Full (Allocation Failure) 15M->11M(15M) 27.459ms
[383.259s][info][gc] GC(6764) Pause Full (Allocation Failure) 15M->11M(15M) 25.992ms
[383.293s][info][gc] GC(6765) Pause Full (Allocation Failure) 15M->11M(15M) 27.121ms
[383.328s][info][gc] GC(6766) Pause Full (Allocation Failure) 15M->10M(15M) 27.800ms
[383.363s][info][gc] GC(6767) Pause Full (Allocation Failure) 15M->11M(15M) 27.434ms
[383.397s][info][gc] GC(6768) Pause Full (Allocation Failure) 15M->11M(15M) 27.030ms
[383.430s][info][gc] GC(6769) Pause Full (Allocation Failure) 15M->11M(15M) 26.836ms
[383.463s][info][gc] GC(6770) Pause Full (Allocation Failure) 15M->10M(15M) 26.677ms
[383.498s][info][gc] GC(6771) Pause Full (Allocation Failure) 15M->11M(15M) 27.505ms
[383.531s][info][gc] GC(6772) Pause Full (Allocation Failure) 15M->11M(15M) 26.674ms
[383.565s][info][gc] GC(6773) Pause Full (Allocation Failure) 15M->11M(15M) 27.428ms
[383.600s][info][gc] GC(6774) Pause Full (Allocation Failure) 15M->10M(15M) 27.456ms
[383.634s][info][gc] GC(6775) Pause Full (Allocation Failure) 15M->11M(15M) 27.727ms
[383.667s][info][gc] GC(6776) Pause Full (Allocation Failure) 15M->11M(15M) 26.635ms
[383.701s][info][gc] GC(6777) Pause Full (Allocation Failure) 15M->11M(15M) 26.981ms
[383.734s][info][gc] GC(6778) Pause Full (Allocation Failure) 15M->10M(15M) 26.600ms
[383.768s][info][gc] GC(6779) Pause Full (Allocation Failure) 15M->11M(15M) 27.228ms
[383.801s][info][gc] GC(6780) Pause Full (Allocation Failure) 15M->11M(15M) 26.291ms
[383.835s][info][gc] GC(6781) Pause Full (Allocation Failure) 15M->11M(15M) 26.934ms
[383.868s][info][gc] GC(6782) Pause Full (Allocation Failure) 15M->10M(15M) 27.024ms
[383.903s][info][gc] GC(6783) Pause Full (Allocation Failure) 15M->11M(15M) 27.539ms
[383.936s][info][gc] GC(6784) Pause Full (Allocation Failure) 15M->11M(15M) 26.577ms
[383.969s][info][gc] GC(6785) Pause Full (Allocation Failure) 15M->11M(15M) 27.035ms
[384.002s][info][gc] GC(6786) Pause Full (Allocation Failure) 15M->10M(15M) 26.701ms
[384.037s][info][gc] GC(6787) Pause Full (Allocation Failure) 15M->11M(15M) 27.307ms
[384.070s][info][gc] GC(6788) Pause Full (Allocation Failure) 15M->11M(15M) 26.523ms
[384.103s][info][gc] GC(6789) Pause Full (Allocation Failure) 15M->11M(15M) 26.842ms
[384.136s][info][gc] GC(6790) Pause Full (Allocation Failure) 15M->10M(15M) 26.507ms
[384.172s][info][gc] GC(6791) Pause Full (Allocation Failure) 15M->11M(15M) 27.976ms
[384.207s][info][gc] GC(6792) Pause Full (Allocation Failure) 15M->11M(15M) 28.227ms
[384.241s][info][gc] GC(6793) Pause Full (Allocation Failure) 15M->11M(15M) 27.409ms
[384.275s][info][gc] GC(6794) Pause Full (Allocation Failure) 15M->10M(15M) 26.744ms
[384.309s][info][gc] GC(6795) Pause Full (Allocation Failure) 15M->11M(15M) 27.400ms
[384.343s][info][gc] GC(6796) Pause Full (Allocation Failure) 15M->11M(15M) 26.902ms
[384.377s][info][gc] GC(6797) Pause Full (Allocation Failure) 15M->11M(15M) 27.337ms
[384.411s][info][gc] GC(6798) Pause Full (Allocation Failure) 15M->10M(15M) 27.223ms
[384.445s][info][gc] GC(6799) Pause Full (Allocation Failure) 15M->11M(15M) 27.406ms
[384.477s][info][gc] GC(6800) Pause Full (Allocation Failure) 15M->11M(15M) 26.466ms
[384.511s][info][gc] GC(6801) Pause Full (Allocation Failure) 15M->11M(15M) 26.998ms
[384.544s][info][gc] GC(6802) Pause Full (Allocation Failure) 15M->10M(15M) 26.715ms
[384.578s][info][gc] GC(6803) Pause Full (Allocation Failure) 15M->11M(15M) 27.338ms
[384.611s][info][gc] GC(6804) Pause Full (Allocation Failure) 15M->11M(15M) 26.515ms
[384.645s][info][gc] GC(6805) Pause Full (Allocation Failure) 15M->11M(15M) 26.796ms
[384.678s][info][gc] GC(6806) Pause Full (Allocation Failure) 15M->10M(15M) 26.673ms
[384.712s][info][gc] GC(6807) Pause Full (Allocation Failure) 15M->11M(15M) 27.336ms
[384.746s][info][gc] GC(6808) Pause Full (Allocation Failure) 15M->11M(15M) 27.063ms
[384.780s][info][gc] GC(6809) Pause Full (Allocation Failure) 15M->11M(15M) 27.280ms
[384.813s][info][gc] GC(6810) Pause Full (Allocation Failure) 15M->10M(15M) 26.914ms
[384.849s][info][gc] GC(6811) Pause Full (Allocation Failure) 15M->11M(15M) 27.702ms
[384.882s][info][gc] GC(6812) Pause Full (Allocation Failure) 15M->11M(15M) 27.033ms
[384.918s][info][gc] GC(6813) Pause Full (Allocation Failure) 15M->11M(15M) 28.397ms
[384.954s][info][gc] GC(6814) Pause Full (Allocation Failure) 15M->10M(15M) 28.657ms
[384.990s][info][gc] GC(6815) Pause Full (Allocation Failure) 15M->11M(15M) 29.206ms
[385.025s][info][gc] GC(6816) Pause Full (Allocation Failure) 15M->11M(15M) 28.005ms
[385.060s][info][gc] GC(6817) Pause Full (Allocation Failure) 15M->11M(15M) 28.108ms
[385.095s][info][gc] GC(6818) Pause Full (Allocation Failure) 15M->10M(15M) 28.141ms
[385.132s][info][gc] GC(6819) Pause Full (Allocation Failure) 15M->11M(15M) 30.198ms
[385.169s][info][gc] GC(6820) Pause Full (Allocation Failure) 15M->11M(15M) 28.786ms
[385.205s][info][gc] GC(6821) Pause Full (Allocation Failure) 15M->11M(15M) 28.771ms
[385.241s][info][gc] GC(6822) Pause Full (Allocation Failure) 15M->10M(15M) 28.451ms
[385.277s][info][gc] GC(6823) Pause Full (Allocation Failure) 15M->11M(15M) 28.806ms
[385.312s][info][gc] GC(6824) Pause Full (Allocation Failure) 15M->11M(15M) 27.982ms
[385.347s][info][gc] GC(6825) Pause Full (Allocation Failure) 15M->11M(15M) 28.477ms
[385.383s][info][gc] GC(6826) Pause Full (Allocation Failure) 15M->10M(15M) 28.723ms
[385.420s][info][gc] GC(6827) Pause Full (Allocation Failure) 15M->11M(15M) 29.151ms
[385.455s][info][gc] GC(6828) Pause Full (Allocation Failure) 15M->11M(15M) 28.148ms
[385.492s][info][gc] GC(6829) Pause Full (Allocation Failure) 15M->11M(15M) 29.589ms
[385.528s][info][gc] GC(6830) Pause Full (Allocation Failure) 15M->10M(15M) 28.741ms
[385.564s][info][gc] GC(6831) Pause Full (Allocation Failure) 15M->11M(15M) 28.183ms
[385.598s][info][gc] GC(6832) Pause Full (Allocation Failure) 15M->11M(15M) 27.277ms
[385.633s][info][gc] GC(6833) Pause Full (Allocation Failure) 15M->11M(15M) 27.841ms
[385.667s][info][gc] GC(6834) Pause Full (Allocation Failure) 15M->10M(15M) 27.325ms
[385.703s][info][gc] GC(6835) Pause Full (Allocation Failure) 15M->11M(15M) 28.322ms
[385.737s][info][gc] GC(6836) Pause Full (Allocation Failure) 15M->11M(15M) 27.575ms
[385.771s][info][gc] GC(6837) Pause Full (Allocation Failure) 15M->11M(15M) 27.790ms
[385.806s][info][gc] GC(6838) Pause Full (Allocation Failure) 15M->10M(15M) 27.681ms
[385.841s][info][gc] GC(6839) Pause Full (Allocation Failure) 15M->11M(15M) 28.559ms
[385.875s][info][gc] GC(6840) Pause Full (Allocation Failure) 15M->11M(15M) 26.993ms
[385.908s][info][gc] GC(6841) Pause Full (Allocation Failure) 15M->11M(15M) 26.672ms
[385.942s][info][gc] GC(6842) Pause Full (Allocation Failure) 15M->10M(15M) 27.882ms
[385.978s][info][gc] GC(6843) Pause Full (Allocation Failure) 15M->11M(15M) 28.393ms
[386.012s][info][gc] GC(6844) Pause Full (Allocation Failure) 15M->11M(15M) 27.185ms
[386.046s][info][gc] GC(6845) Pause Full (Allocation Failure) 15M->11M(15M) 27.581ms
[386.081s][info][gc] GC(6846) Pause Full (Allocation Failure) 15M->10M(15M) 28.063ms
[386.116s][info][gc] GC(6847) Pause Full (Allocation Failure) 15M->11M(15M) 28.319ms
[386.151s][info][gc] GC(6848) Pause Full (Allocation Failure) 15M->11M(15M) 27.814ms
[386.186s][info][gc] GC(6849) Pause Full (Allocation Failure) 15M->11M(15M) 28.296ms
[386.222s][info][gc] GC(6850) Pause Full (Allocation Failure) 15M->10M(15M) 27.925ms
[386.258s][info][gc] GC(6851) Pause Full (Allocation Failure) 15M->11M(15M) 28.615ms
[386.292s][info][gc] GC(6852) Pause Full (Allocation Failure) 15M->11M(15M) 28.000ms
[386.327s][info][gc] GC(6853) Pause Full (Allocation Failure) 15M->11M(15M) 28.402ms
[386.361s][info][gc] GC(6854) Pause Full (Allocation Failure) 15M->10M(15M) 27.057ms
[386.395s][info][gc] GC(6855) Pause Full (Allocation Failure) 15M->11M(15M) 27.132ms
[386.428s][info][gc] GC(6856) Pause Full (Allocation Failure) 15M->11M(15M) 26.103ms
[386.460s][info][gc] GC(6857) Pause Full (Allocation Failure) 15M->11M(15M) 26.387ms
[386.493s][info][gc] GC(6858) Pause Full (Allocation Failure) 15M->10M(15M) 26.222ms
[386.529s][info][gc] GC(6859) Pause Full (Allocation Failure) 15M->11M(15M) 28.345ms
[386.563s][info][gc] GC(6860) Pause Full (Allocation Failure) 15M->11M(15M) 27.429ms
[386.597s][info][gc] GC(6861) Pause Full (Allocation Failure) 15M->11M(15M) 27.752ms
[386.631s][info][gc] GC(6862) Pause Full (Allocation Failure) 15M->10M(15M) 26.981ms
[386.666s][info][gc] GC(6863) Pause Full (Allocation Failure) 15M->11M(15M) 27.778ms
[386.700s][info][gc] GC(6864) Pause Full (Allocation Failure) 15M->11M(15M) 27.524ms
[386.735s][info][gc] GC(6865) Pause Full (Allocation Failure) 15M->11M(15M) 28.040ms
[386.769s][info][gc] GC(6866) Pause Full (Allocation Failure) 15M->10M(15M) 27.738ms
[386.804s][info][gc] GC(6867) Pause Full (Allocation Failure) 15M->11M(15M) 27.588ms
[386.838s][info][gc] GC(6868) Pause Full (Allocation Failure) 15M->11M(15M) 27.189ms
[386.871s][info][gc] GC(6869) Pause Full (Allocation Failure) 15M->11M(15M) 26.337ms
[386.903s][info][gc] GC(6870) Pause Full (Allocation Failure) 15M->10M(15M) 26.296ms
[386.938s][info][gc] GC(6871) Pause Full (Allocation Failure) 15M->11M(15M) 27.555ms
[386.971s][info][gc] GC(6872) Pause Full (Allocation Failure) 15M->11M(15M) 26.753ms
[387.004s][info][gc] GC(6873) Pause Full (Allocation Failure) 15M->11M(15M) 26.315ms
[387.039s][info][gc] GC(6874) Pause Full (Allocation Failure) 15M->10M(15M) 28.636ms
[387.074s][info][gc] GC(6875) Pause Full (Allocation Failure) 15M->11M(15M) 27.374ms
[387.108s][info][gc] GC(6876) Pause Full (Allocation Failure) 15M->11M(15M) 27.798ms
[387.143s][info][gc] GC(6877) Pause Full (Allocation Failure) 15M->11M(15M) 28.090ms
[387.178s][info][gc] GC(6878) Pause Full (Allocation Failure) 15M->11M(15M) 27.968ms
[387.213s][info][gc] GC(6879) Pause Full (Allocation Failure) 15M->11M(15M) 28.301ms
[387.248s][info][gc] GC(6880) Pause Full (Allocation Failure) 15M->11M(15M) 28.095ms
[387.283s][info][gc] GC(6881) Pause Full (Allocation Failure) 15M->11M(15M) 27.786ms
[387.317s][info][gc] GC(6882) Pause Full (Allocation Failure) 15M->10M(15M) 27.643ms
[387.355s][info][gc] GC(6883) Pause Full (Allocation Failure) 15M->11M(15M) 29.264ms
[387.389s][info][gc] GC(6884) Pause Full (Allocation Failure) 15M->11M(15M) 28.313ms
[387.424s][info][gc] GC(6885) Pause Full (Allocation Failure) 15M->11M(15M) 28.147ms
[387.458s][info][gc] GC(6886) Pause Full (Allocation Failure) 15M->10M(15M) 27.975ms
[387.494s][info][gc] GC(6887) Pause Full (Allocation Failure) 15M->11M(15M) 28.049ms
[387.528s][info][gc] GC(6888) Pause Full (Allocation Failure) 15M->11M(15M) 27.386ms
[387.562s][info][gc] GC(6889) Pause Full (Allocation Failure) 15M->11M(15M) 27.503ms
[387.596s][info][gc] GC(6890) Pause Full (Allocation Failure) 15M->10M(15M) 27.211ms
[387.631s][info][gc] GC(6891) Pause Full (Allocation Failure) 15M->11M(15M) 27.356ms
[387.663s][info][gc] GC(6892) Pause Full (Allocation Failure) 15M->11M(15M) 26.289ms
[387.697s][info][gc] GC(6893) Pause Full (Allocation Failure) 15M->11M(15M) 26.687ms
[387.730s][info][gc] GC(6894) Pause Full (Allocation Failure) 15M->10M(15M) 26.603ms
[387.764s][info][gc] GC(6895) Pause Full (Allocation Failure) 15M->11M(15M) 27.233ms
[387.796s][info][gc] GC(6896) Pause Full (Allocation Failure) 15M->11M(15M) 26.153ms
[387.829s][info][gc] GC(6897) Pause Full (Allocation Failure) 15M->11M(15M) 26.618ms
[387.863s][info][gc] GC(6898) Pause Full (Allocation Failure) 15M->11M(15M) 26.778ms
[387.898s][info][gc] GC(6899) Pause Full (Allocation Failure) 15M->11M(15M) 28.421ms
[387.931s][info][gc] GC(6900) Pause Full (Allocation Failure) 15M->11M(15M) 26.979ms
[387.965s][info][gc] GC(6901) Pause Full (Allocation Failure) 15M->11M(15M) 26.959ms
[387.998s][info][gc] GC(6902) Pause Full (Allocation Failure) 15M->10M(15M) 27.332ms
[388.033s][info][gc] GC(6903) Pause Full (Allocation Failure) 15M->11M(15M) 27.561ms
[388.066s][info][gc] GC(6904) Pause Full (Allocation Failure) 15M->11M(15M) 26.457ms
[388.099s][info][gc] GC(6905) Pause Full (Allocation Failure) 15M->11M(15M) 26.447ms
[388.133s][info][gc] GC(6906) Pause Full (Allocation Failure) 15M->10M(15M) 26.729ms
[388.168s][info][gc] GC(6907) Pause Full (Allocation Failure) 15M->11M(15M) 27.391ms
[388.200s][info][gc] GC(6908) Pause Full (Allocation Failure) 15M->11M(15M) 26.069ms
[388.233s][info][gc] GC(6909) Pause Full (Allocation Failure) 15M->11M(15M) 26.384ms
[388.266s][info][gc] GC(6910) Pause Full (Allocation Failure) 15M->11M(15M) 26.472ms
[388.299s][info][gc] GC(6911) Pause Full (Allocation Failure) 15M->11M(15M) 26.787ms
[388.332s][info][gc] GC(6912) Pause Full (Allocation Failure) 15M->11M(15M) 26.264ms
[388.365s][info][gc] GC(6913) Pause Full (Allocation Failure) 15M->11M(15M) 26.784ms
[388.398s][info][gc] GC(6914) Pause Full (Allocation Failure) 15M->10M(15M) 26.825ms
[388.433s][info][gc] GC(6915) Pause Full (Allocation Failure) 15M->11M(15M) 27.087ms
[388.466s][info][gc] GC(6916) Pause Full (Allocation Failure) 15M->11M(15M) 26.317ms
[388.500s][info][gc] GC(6917) Pause Full (Allocation Failure) 15M->11M(15M) 28.087ms
[388.534s][info][gc] GC(6918) Pause Full (Allocation Failure) 15M->11M(15M) 26.818ms
[388.572s][info][gc] GC(6919) Pause Full (Allocation Failure) 15M->11M(15M) 32.366ms
[388.611s][info][gc] GC(6920) Pause Full (Allocation Failure) 15M->11M(15M) 29.638ms
[388.644s][info][gc] GC(6921) Pause Full (Allocation Failure) 15M->11M(15M) 27.239ms
[388.678s][info][gc] GC(6922) Pause Full (Allocation Failure) 15M->10M(15M) 26.981ms
[388.712s][info][gc] GC(6923) Pause Full (Allocation Failure) 15M->11M(15M) 27.515ms
[388.745s][info][gc] GC(6924) Pause Full (Allocation Failure) 15M->11M(15M) 26.599ms
[388.778s][info][gc] GC(6925) Pause Full (Allocation Failure) 15M->11M(15M) 26.474ms
[388.811s][info][gc] GC(6926) Pause Full (Allocation Failure) 15M->11M(15M) 26.526ms
[388.844s][info][gc] GC(6927) Pause Full (Allocation Failure) 15M->11M(15M) 26.772ms
[388.876s][info][gc] GC(6928) Pause Full (Allocation Failure) 15M->11M(15M) 26.113ms
[388.909s][info][gc] GC(6929) Pause Full (Allocation Failure) 15M->11M(15M) 26.624ms
[388.942s][info][gc] GC(6930) Pause Full (Allocation Failure) 15M->10M(15M) 26.315ms
[388.976s][info][gc] GC(6931) Pause Full (Allocation Failure) 15M->11M(15M) 27.101ms
[389.008s][info][gc] GC(6932) Pause Full (Allocation Failure) 15M->11M(15M) 26.142ms
[389.041s][info][gc] GC(6933) Pause Full (Allocation Failure) 15M->11M(15M) 26.449ms
[389.074s][info][gc] GC(6934) Pause Full (Allocation Failure) 15M->11M(15M) 26.637ms
[389.108s][info][gc] GC(6935) Pause Full (Allocation Failure) 15M->11M(15M) 26.876ms
[389.140s][info][gc] GC(6936) Pause Full (Allocation Failure) 15M->11M(15M) 26.607ms
[389.173s][info][gc] GC(6937) Pause Full (Allocation Failure) 15M->11M(15M) 26.607ms
[389.206s][info][gc] GC(6938) Pause Full (Allocation Failure) 15M->10M(15M) 26.393ms
[389.239s][info][gc] GC(6939) Pause Full (Allocation Failure) 15M->11M(15M) 26.897ms
[389.272s][info][gc] GC(6940) Pause Full (Allocation Failure) 15M->11M(15M) 26.200ms
[389.305s][info][gc] GC(6941) Pause Full (Allocation Failure) 15M->11M(15M) 27.209ms
[389.338s][info][gc] GC(6942) Pause Full (Allocation Failure) 15M->10M(15M) 26.629ms
[389.372s][info][gc] GC(6943) Pause Full (Allocation Failure) 15M->11M(15M) 27.032ms
[389.405s][info][gc] GC(6944) Pause Full (Allocation Failure) 15M->11M(15M) 26.552ms
[389.439s][info][gc] GC(6945) Pause Full (Allocation Failure) 15M->11M(15M) 27.072ms
[389.472s][info][gc] GC(6946) Pause Full (Allocation Failure) 15M->10M(15M) 26.616ms
[389.506s][info][gc] GC(6947) Pause Full (Allocation Failure) 15M->11M(15M) 27.305ms
[389.539s][info][gc] GC(6948) Pause Full (Allocation Failure) 15M->11M(15M) 27.174ms
[389.574s][info][gc] GC(6949) Pause Full (Allocation Failure) 15M->11M(15M) 28.024ms
[389.608s][info][gc] GC(6950) Pause Full (Allocation Failure) 15M->10M(15M) 27.762ms
[389.644s][info][gc] GC(6951) Pause Full (Allocation Failure) 15M->11M(15M) 28.356ms
[389.678s][info][gc] GC(6952) Pause Full (Allocation Failure) 15M->11M(15M) 27.448ms
[389.712s][info][gc] GC(6953) Pause Full (Allocation Failure) 15M->11M(15M) 27.717ms
[389.746s][info][gc] GC(6954) Pause Full (Allocation Failure) 15M->10M(15M) 27.113ms
[389.781s][info][gc] GC(6955) Pause Full (Allocation Failure) 15M->11M(15M) 28.094ms
[389.815s][info][gc] GC(6956) Pause Full (Allocation Failure) 15M->11M(15M) 27.221ms
[389.849s][info][gc] GC(6957) Pause Full (Allocation Failure) 15M->11M(15M) 27.614ms
[389.884s][info][gc] GC(6958) Pause Full (Allocation Failure) 15M->10M(15M) 27.797ms
[389.920s][info][gc] GC(6959) Pause Full (Allocation Failure) 15M->11M(15M) 28.637ms
[389.954s][info][gc] GC(6960) Pause Full (Allocation Failure) 15M->11M(15M) 27.579ms
[389.988s][info][gc] GC(6961) Pause Full (Allocation Failure) 15M->11M(15M) 27.949ms
[390.022s][info][gc] GC(6962) Pause Full (Allocation Failure) 15M->10M(15M) 27.761ms
[390.057s][info][gc] GC(6963) Pause Full (Allocation Failure) 15M->11M(15M) 27.454ms
[390.089s][info][gc] GC(6964) Pause Full (Allocation Failure) 15M->11M(15M) 26.316ms
[390.123s][info][gc] GC(6965) Pause Full (Allocation Failure) 15M->11M(15M) 26.850ms
[390.160s][info][gc] GC(6966) Pause Full (Allocation Failure) 15M->10M(15M) 31.416ms
[390.197s][info][gc] GC(6967) Pause Full (Allocation Failure) 15M->11M(15M) 28.752ms
[390.235s][info][gc] GC(6968) Pause Full (Allocation Failure) 15M->11M(15M) 31.950ms
[390.270s][info][gc] GC(6969) Pause Full (Allocation Failure) 15M->11M(15M) 28.338ms
[390.304s][info][gc] GC(6970) Pause Full (Allocation Failure) 15M->10M(15M) 27.663ms
[390.339s][info][gc] GC(6971) Pause Full (Allocation Failure) 15M->11M(15M) 27.707ms
[390.374s][info][gc] GC(6972) Pause Full (Allocation Failure) 15M->11M(15M) 29.425ms
[390.409s][info][gc] GC(6973) Pause Full (Allocation Failure) 15M->11M(15M) 27.526ms
[390.445s][info][gc] GC(6974) Pause Full (Allocation Failure) 15M->11M(15M) 29.595ms
[390.481s][info][gc] GC(6975) Pause Full (Allocation Failure) 15M->11M(15M) 28.640ms
[390.515s][info][gc] GC(6976) Pause Full (Allocation Failure) 15M->11M(15M) 27.565ms
[390.553s][info][gc] GC(6977) Pause Full (Allocation Failure) 15M->11M(15M) 30.924ms
[390.591s][info][gc] GC(6978) Pause Full (Allocation Failure) 15M->11M(15M) 31.502ms
[390.634s][info][gc] GC(6979) Pause Full (Allocation Failure) 15M->11M(15M) 31.127ms
[390.671s][info][gc] GC(6980) Pause Full (Allocation Failure) 15M->11M(15M) 29.517ms
[390.706s][info][gc] GC(6981) Pause Full (Allocation Failure) 15M->11M(15M) 28.741ms
[390.753s][info][gc] GC(6982) Pause Full (Allocation Failure) 15M->11M(15M) 39.539ms
[390.806s][info][gc] GC(6983) Pause Full (Allocation Failure) 15M->11M(15M) 33.464ms
[390.851s][info][gc] GC(6984) Pause Full (Allocation Failure) 15M->11M(15M) 32.504ms
[390.938s][info][gc] GC(6985) Pause Full (Allocation Failure) 15M->11M(15M) 31.084ms
[390.979s][info][gc] GC(6986) Pause Full (Allocation Failure) 15M->11M(15M) 29.918ms
[391.019s][info][gc] GC(6987) Pause Full (Allocation Failure) 15M->11M(15M) 30.039ms
[391.055s][info][gc] GC(6988) Pause Full (Allocation Failure) 15M->11M(15M) 28.419ms
[391.091s][info][gc] GC(6989) Pause Full (Allocation Failure) 15M->11M(15M) 29.122ms
[391.129s][info][gc] GC(6990) Pause Full (Allocation Failure) 15M->11M(15M) 28.887ms
[391.234s][info][gc] GC(6991) Pause Full (Allocation Failure) 15M->11M(15M) 96.792ms
[391.274s][info][gc] GC(6992) Pause Full (Allocation Failure) 15M->11M(15M) 31.190ms
[391.313s][info][gc] GC(6993) Pause Full (Allocation Failure) 15M->11M(15M) 30.804ms
[391.353s][info][gc] GC(6994) Pause Full (Allocation Failure) 15M->11M(15M) 33.100ms
[391.393s][info][gc] GC(6995) Pause Full (Allocation Failure) 15M->11M(15M) 30.293ms
[391.434s][info][gc] GC(6996) Pause Full (Allocation Failure) 15M->11M(15M) 31.802ms
[391.475s][info][gc] GC(6997) Pause Full (Allocation Failure) 15M->11M(15M) 30.655ms
[391.515s][info][gc] GC(6998) Pause Full (Allocation Failure) 15M->11M(15M) 29.373ms
[391.551s][info][gc] GC(6999) Pause Full (Allocation Failure) 15M->11M(15M) 28.408ms
[391.585s][info][gc] GC(7000) Pause Full (Allocation Failure) 15M->11M(15M) 27.462ms
[391.618s][info][gc] GC(7001) Pause Full (Allocation Failure) 15M->11M(15M) 26.854ms
[391.651s][info][gc] GC(7002) Pause Full (Allocation Failure) 15M->11M(15M) 26.707ms
[391.688s][info][gc] GC(7003) Pause Full (Allocation Failure) 15M->11M(15M) 29.621ms
[391.721s][info][gc] GC(7004) Pause Full (Allocation Failure) 15M->11M(15M) 27.726ms
[391.757s][info][gc] GC(7005) Pause Full (Allocation Failure) 15M->11M(15M) 28.663ms
[391.790s][info][gc] GC(7006) Pause Full (Allocation Failure) 15M->11M(15M) 27.226ms
[391.824s][info][gc] GC(7007) Pause Full (Allocation Failure) 15M->11M(15M) 27.334ms
[391.857s][info][gc] GC(7008) Pause Full (Allocation Failure) 15M->11M(15M) 26.839ms
[391.892s][info][gc] GC(7009) Pause Full (Allocation Failure) 15M->11M(15M) 28.813ms
[391.930s][info][gc] GC(7010) Pause Full (Allocation Failure) 15M->11M(15M) 29.283ms
[391.966s][info][gc] GC(7011) Pause Full (Allocation Failure) 15M->11M(15M) 29.327ms
[392.004s][info][gc] GC(7012) Pause Full (Allocation Failure) 15M->11M(15M) 29.317ms
[392.042s][info][gc] GC(7013) Pause Full (Allocation Failure) 15M->11M(15M) 30.521ms
[392.077s][info][gc] GC(7014) Pause Full (Allocation Failure) 15M->11M(15M) 28.034ms
[392.112s][info][gc] GC(7015) Pause Full (Allocation Failure) 15M->11M(15M) 27.936ms
[392.144s][info][gc] GC(7016) Pause Full (Allocation Failure) 15M->11M(15M) 26.705ms
[392.177s][info][gc] GC(7017) Pause Full (Allocation Failure) 15M->11M(15M) 26.769ms
[392.210s][info][gc] GC(7018) Pause Full (Allocation Failure) 15M->10M(15M) 26.733ms
[392.244s][info][gc] GC(7019) Pause Full (Allocation Failure) 15M->11M(15M) 27.585ms
[392.277s][info][gc] GC(7020) Pause Full (Allocation Failure) 15M->11M(15M) 26.557ms
[392.310s][info][gc] GC(7021) Pause Full (Allocation Failure) 15M->11M(15M) 26.902ms
[392.343s][info][gc] GC(7022) Pause Full (Allocation Failure) 15M->10M(15M) 26.926ms
[392.378s][info][gc] GC(7023) Pause Full (Allocation Failure) 15M->11M(15M) 27.905ms
[392.410s][info][gc] GC(7024) Pause Full (Allocation Failure) 15M->11M(15M) 26.514ms
[392.444s][info][gc] GC(7025) Pause Full (Allocation Failure) 15M->11M(15M) 26.699ms
[392.477s][info][gc] GC(7026) Pause Full (Allocation Failure) 15M->11M(15M) 26.827ms
[392.511s][info][gc] GC(7027) Pause Full (Allocation Failure) 15M->11M(15M) 27.131ms
[392.544s][info][gc] GC(7028) Pause Full (Allocation Failure) 15M->11M(15M) 26.960ms
[392.578s][info][gc] GC(7029) Pause Full (Allocation Failure) 15M->11M(15M) 26.771ms
[392.611s][info][gc] GC(7030) Pause Full (Allocation Failure) 15M->10M(15M) 27.201ms
[392.646s][info][gc] GC(7031) Pause Full (Allocation Failure) 15M->11M(15M) 27.252ms
[392.678s][info][gc] GC(7032) Pause Full (Allocation Failure) 15M->11M(15M) 26.381ms
[392.712s][info][gc] GC(7033) Pause Full (Allocation Failure) 15M->11M(15M) 27.413ms
[392.746s][info][gc] GC(7034) Pause Full (Allocation Failure) 15M->11M(15M) 27.194ms
[392.780s][info][gc] GC(7035) Pause Full (Allocation Failure) 15M->11M(15M) 27.075ms
[392.813s][info][gc] GC(7036) Pause Full (Allocation Failure) 15M->11M(15M) 26.641ms
[392.846s][info][gc] GC(7037) Pause Full (Allocation Failure) 15M->11M(15M) 26.853ms
[392.878s][info][gc] GC(7038) Pause Full (Allocation Failure) 15M->10M(15M) 26.433ms
[392.912s][info][gc] GC(7039) Pause Full (Allocation Failure) 15M->11M(15M) 27.143ms
[392.944s][info][gc] GC(7040) Pause Full (Allocation Failure) 15M->11M(15M) 26.246ms
[392.977s][info][gc] GC(7041) Pause Full (Allocation Failure) 15M->11M(15M) 26.630ms
[393.010s][info][gc] GC(7042) Pause Full (Allocation Failure) 15M->11M(15M) 26.577ms
[393.044s][info][gc] GC(7043) Pause Full (Allocation Failure) 15M->11M(15M) 26.989ms
[393.076s][info][gc] GC(7044) Pause Full (Allocation Failure) 15M->11M(15M) 26.461ms
[393.109s][info][gc] GC(7045) Pause Full (Allocation Failure) 15M->11M(15M) 26.813ms
[393.142s][info][gc] GC(7046) Pause Full (Allocation Failure) 15M->11M(15M) 26.695ms
[393.177s][info][gc] GC(7047) Pause Full (Allocation Failure) 15M->11M(15M) 27.568ms
[393.209s][info][gc] GC(7048) Pause Full (Allocation Failure) 15M->11M(15M) 26.446ms
[393.243s][info][gc] GC(7049) Pause Full (Allocation Failure) 15M->11M(15M) 27.230ms
[393.276s][info][gc] GC(7050) Pause Full (Allocation Failure) 15M->11M(15M) 27.210ms
[393.312s][info][gc] GC(7051) Pause Full (Allocation Failure) 15M->11M(15M) 28.325ms
[393.345s][info][gc] GC(7052) Pause Full (Allocation Failure) 15M->11M(15M) 26.960ms
[393.378s][info][gc] GC(7053) Pause Full (Allocation Failure) 15M->11M(15M) 27.105ms
[393.411s][info][gc] GC(7054) Pause Full (Allocation Failure) 15M->11M(15M) 26.919ms
[393.446s][info][gc] GC(7055) Pause Full (Allocation Failure) 15M->11M(15M) 27.421ms
[393.479s][info][gc] GC(7056) Pause Full (Allocation Failure) 15M->11M(15M) 27.246ms
[393.513s][info][gc] GC(7057) Pause Full (Allocation Failure) 15M->11M(15M) 27.485ms
[393.546s][info][gc] GC(7058) Pause Full (Allocation Failure) 15M->11M(15M) 27.168ms
[393.581s][info][gc] GC(7059) Pause Full (Allocation Failure) 15M->11M(15M) 28.142ms
[393.614s][info][gc] GC(7060) Pause Full (Allocation Failure) 15M->11M(15M) 26.790ms
[393.647s][info][gc] GC(7061) Pause Full (Allocation Failure) 15M->11M(15M) 27.058ms
[393.680s][info][gc] GC(7062) Pause Full (Allocation Failure) 15M->11M(15M) 27.045ms
[393.715s][info][gc] GC(7063) Pause Full (Allocation Failure) 15M->11M(15M) 27.666ms
[393.748s][info][gc] GC(7064) Pause Full (Allocation Failure) 15M->11M(15M) 26.800ms
[393.781s][info][gc] GC(7065) Pause Full (Allocation Failure) 15M->11M(15M) 27.328ms
[393.815s][info][gc] GC(7066) Pause Full (Allocation Failure) 15M->11M(15M) 27.481ms
[393.850s][info][gc] GC(7067) Pause Full (Allocation Failure) 15M->11M(15M) 27.977ms
[393.883s][info][gc] GC(7068) Pause Full (Allocation Failure) 15M->11M(15M) 26.745ms
[393.916s][info][gc] GC(7069) Pause Full (Allocation Failure) 15M->11M(15M) 26.983ms
[393.949s][info][gc] GC(7070) Pause Full (Allocation Failure) 15M->11M(15M) 26.798ms
[393.984s][info][gc] GC(7071) Pause Full (Allocation Failure) 15M->11M(15M) 27.675ms
[394.017s][info][gc] GC(7072) Pause Full (Allocation Failure) 15M->11M(15M) 27.091ms
[394.050s][info][gc] GC(7073) Pause Full (Allocation Failure) 15M->11M(15M) 26.902ms
[394.083s][info][gc] GC(7074) Pause Full (Allocation Failure) 15M->11M(15M) 26.795ms
[394.117s][info][gc] GC(7075) Pause Full (Allocation Failure) 15M->11M(15M) 27.456ms
[394.150s][info][gc] GC(7076) Pause Full (Allocation Failure) 15M->11M(15M) 26.710ms
[394.183s][info][gc] GC(7077) Pause Full (Allocation Failure) 15M->11M(15M) 27.128ms
[394.218s][info][gc] GC(7078) Pause Full (Allocation Failure) 15M->11M(15M) 27.799ms
[394.253s][info][gc] GC(7079) Pause Full (Allocation Failure) 15M->11M(15M) 27.897ms
[394.288s][info][gc] GC(7080) Pause Full (Allocation Failure) 15M->11M(15M) 28.882ms
[394.322s][info][gc] GC(7081) Pause Full (Allocation Failure) 15M->11M(15M) 27.210ms
[394.356s][info][gc] GC(7082) Pause Full (Allocation Failure) 15M->11M(15M) 27.011ms
[394.390s][info][gc] GC(7083) Pause Full (Allocation Failure) 15M->11M(15M) 27.786ms
[394.423s][info][gc] GC(7084) Pause Full (Allocation Failure) 15M->11M(15M) 27.046ms
[394.457s][info][gc] GC(7085) Pause Full (Allocation Failure) 15M->11M(15M) 26.586ms
[394.490s][info][gc] GC(7086) Pause Full (Allocation Failure) 15M->11M(15M) 26.689ms
[394.525s][info][gc] GC(7087) Pause Full (Allocation Failure) 15M->11M(15M) 27.958ms
[394.559s][info][gc] GC(7088) Pause Full (Allocation Failure) 15M->11M(15M) 27.928ms
[394.594s][info][gc] GC(7089) Pause Full (Allocation Failure) 15M->11M(15M) 28.141ms
[394.628s][info][gc] GC(7090) Pause Full (Allocation Failure) 15M->11M(15M) 28.213ms
[394.666s][info][gc] GC(7091) Pause Full (Allocation Failure) 15M->11M(15M) 29.892ms
[394.702s][info][gc] GC(7092) Pause Full (Allocation Failure) 15M->11M(15M) 28.412ms
[394.737s][info][gc] GC(7093) Pause Full (Allocation Failure) 15M->11M(15M) 28.792ms
[394.773s][info][gc] GC(7094) Pause Full (Allocation Failure) 15M->11M(15M) 29.485ms
[394.811s][info][gc] GC(7095) Pause Full (Allocation Failure) 15M->11M(15M) 29.944ms
[394.846s][info][gc] GC(7096) Pause Full (Allocation Failure) 15M->11M(15M) 28.795ms
[394.881s][info][gc] GC(7097) Pause Full (Allocation Failure) 15M->11M(15M) 28.359ms
[394.917s][info][gc] GC(7098) Pause Full (Allocation Failure) 15M->11M(15M) 29.123ms
[394.954s][info][gc] GC(7099) Pause Full (Allocation Failure) 15M->11M(15M) 29.230ms
[394.989s][info][gc] GC(7100) Pause Full (Allocation Failure) 15M->11M(15M) 28.336ms
[395.024s][info][gc] GC(7101) Pause Full (Allocation Failure) 15M->11M(15M) 28.404ms
[395.059s][info][gc] GC(7102) Pause Full (Allocation Failure) 15M->11M(15M) 28.308ms
[395.095s][info][gc] GC(7103) Pause Full (Allocation Failure) 15M->11M(15M) 28.930ms
[395.130s][info][gc] GC(7104) Pause Full (Allocation Failure) 15M->11M(15M) 27.977ms
[395.165s][info][gc] GC(7105) Pause Full (Allocation Failure) 15M->11M(15M) 28.299ms
[395.199s][info][gc] GC(7106) Pause Full (Allocation Failure) 15M->11M(15M) 27.401ms
[395.234s][info][gc] GC(7107) Pause Full (Allocation Failure) 15M->11M(15M) 27.537ms
[395.267s][info][gc] GC(7108) Pause Full (Allocation Failure) 15M->11M(15M) 27.197ms
[395.302s][info][gc] GC(7109) Pause Full (Allocation Failure) 15M->11M(15M) 28.299ms
[395.336s][info][gc] GC(7110) Pause Full (Allocation Failure) 15M->11M(15M) 27.516ms
[395.372s][info][gc] GC(7111) Pause Full (Allocation Failure) 15M->11M(15M) 28.720ms
[395.405s][info][gc] GC(7112) Pause Full (Allocation Failure) 15M->11M(15M) 26.890ms
[395.439s][info][gc] GC(7113) Pause Full (Allocation Failure) 15M->11M(15M) 27.428ms
[395.472s][info][gc] GC(7114) Pause Full (Allocation Failure) 15M->11M(15M) 26.964ms
[395.506s][info][gc] GC(7115) Pause Full (Allocation Failure) 15M->11M(15M) 27.241ms
[395.539s][info][gc] GC(7116) Pause Full (Allocation Failure) 15M->11M(15M) 26.999ms
[395.573s][info][gc] GC(7117) Pause Full (Allocation Failure) 15M->11M(15M) 28.061ms
[395.607s][info][gc] GC(7118) Pause Full (Allocation Failure) 15M->11M(15M) 27.887ms
[395.643s][info][gc] GC(7119) Pause Full (Allocation Failure) 15M->11M(15M) 28.582ms
[395.677s][info][gc] GC(7120) Pause Full (Allocation Failure) 15M->11M(15M) 27.671ms
[395.712s][info][gc] GC(7121) Pause Full (Allocation Failure) 15M->11M(15M) 28.536ms
[395.747s][info][gc] GC(7122) Pause Full (Allocation Failure) 15M->11M(15M) 28.544ms
[395.783s][info][gc] GC(7123) Pause Full (Allocation Failure) 15M->11M(15M) 28.871ms
[395.818s][info][gc] GC(7124) Pause Full (Allocation Failure) 15M->11M(15M) 29.239ms
[395.853s][info][gc] GC(7125) Pause Full (Allocation Failure) 15M->11M(15M) 28.302ms
[395.888s][info][gc] GC(7126) Pause Full (Allocation Failure) 15M->11M(15M) 28.509ms
[395.924s][info][gc] GC(7127) Pause Full (Allocation Failure) 15M->11M(15M) 28.783ms
[395.958s][info][gc] GC(7128) Pause Full (Allocation Failure) 15M->11M(15M) 28.125ms
[395.993s][info][gc] GC(7129) Pause Full (Allocation Failure) 15M->11M(15M) 28.365ms
[396.028s][info][gc] GC(7130) Pause Full (Allocation Failure) 15M->11M(15M) 28.472ms
[396.065s][info][gc] GC(7131) Pause Full (Allocation Failure) 15M->11M(15M) 29.126ms
[396.099s][info][gc] GC(7132) Pause Full (Allocation Failure) 15M->11M(15M) 28.016ms
[396.134s][info][gc] GC(7133) Pause Full (Allocation Failure) 15M->11M(15M) 28.198ms
[396.169s][info][gc] GC(7134) Pause Full (Allocation Failure) 15M->11M(15M) 28.003ms
[396.205s][info][gc] GC(7135) Pause Full (Allocation Failure) 15M->11M(15M) 28.822ms
[396.240s][info][gc] GC(7136) Pause Full (Allocation Failure) 15M->11M(15M) 28.293ms
[396.275s][info][gc] GC(7137) Pause Full (Allocation Failure) 15M->11M(15M) 29.291ms
[396.309s][info][gc] GC(7138) Pause Full (Allocation Failure) 15M->11M(15M) 28.189ms
[396.345s][info][gc] GC(7139) Pause Full (Allocation Failure) 15M->12M(15M) 28.195ms
[396.377s][info][gc] GC(7140) Pause Full (Allocation Failure) 15M->11M(15M) 26.666ms
[396.411s][info][gc] GC(7141) Pause Full (Allocation Failure) 15M->11M(15M) 27.385ms
[396.444s][info][gc] GC(7142) Pause Full (Allocation Failure) 15M->11M(15M) 26.651ms
[396.480s][info][gc] GC(7143) Pause Full (Allocation Failure) 15M->11M(15M) 28.440ms
[396.513s][info][gc] GC(7144) Pause Full (Allocation Failure) 15M->11M(15M) 27.708ms
[396.548s][info][gc] GC(7145) Pause Full (Allocation Failure) 15M->11M(15M) 27.793ms
[396.582s][info][gc] GC(7146) Pause Full (Allocation Failure) 15M->11M(15M) 27.535ms
[396.618s][info][gc] GC(7147) Pause Full (Allocation Failure) 15M->11M(15M) 29.443ms
[396.652s][info][gc] GC(7148) Pause Full (Allocation Failure) 15M->11M(15M) 27.941ms
[396.687s][info][gc] GC(7149) Pause Full (Allocation Failure) 15M->11M(15M) 27.710ms
[396.720s][info][gc] GC(7150) Pause Full (Allocation Failure) 15M->11M(15M) 27.393ms
[396.756s][info][gc] GC(7151) Pause Full (Allocation Failure) 15M->11M(15M) 27.858ms
[396.789s][info][gc] GC(7152) Pause Full (Allocation Failure) 15M->11M(15M) 26.758ms
[396.824s][info][gc] GC(7153) Pause Full (Allocation Failure) 15M->11M(15M) 28.840ms
[396.859s][info][gc] GC(7154) Pause Full (Allocation Failure) 15M->11M(15M) 28.666ms
[396.894s][info][gc] GC(7155) Pause Full (Allocation Failure) 15M->11M(15M) 27.847ms
[396.926s][info][gc] GC(7156) Pause Full (Allocation Failure) 15M->11M(15M) 27.025ms
[396.962s][info][gc] GC(7157) Pause Full (Allocation Failure) 15M->11M(15M) 29.228ms
[396.998s][info][gc] GC(7158) Pause Full (Allocation Failure) 15M->11M(15M) 29.352ms
[397.037s][info][gc] GC(7159) Pause Full (Allocation Failure) 15M->12M(15M) 29.730ms
[397.073s][info][gc] GC(7160) Pause Full (Allocation Failure) 15M->11M(15M) 29.560ms
[397.110s][info][gc] GC(7161) Pause Full (Allocation Failure) 15M->11M(15M) 29.722ms
[397.146s][info][gc] GC(7162) Pause Full (Allocation Failure) 15M->11M(15M) 29.166ms
[397.184s][info][gc] GC(7163) Pause Full (Allocation Failure) 15M->12M(15M) 30.406ms
[397.217s][info][gc] GC(7164) Pause Full (Allocation Failure) 15M->11M(15M) 27.657ms
[397.253s][info][gc] GC(7165) Pause Full (Allocation Failure) 15M->11M(15M) 28.671ms
[397.288s][info][gc] GC(7166) Pause Full (Allocation Failure) 15M->11M(15M) 28.710ms
[397.324s][info][gc] GC(7167) Pause Full (Allocation Failure) 15M->11M(15M) 29.108ms
[397.359s][info][gc] GC(7168) Pause Full (Allocation Failure) 15M->11M(15M) 28.915ms
[397.395s][info][gc] GC(7169) Pause Full (Allocation Failure) 15M->11M(15M) 28.847ms
[397.430s][info][gc] GC(7170) Pause Full (Allocation Failure) 15M->11M(15M) 28.528ms
[397.467s][info][gc] GC(7171) Pause Full (Allocation Failure) 15M->11M(15M) 29.299ms
[397.503s][info][gc] GC(7172) Pause Full (Allocation Failure) 15M->11M(15M) 29.575ms
[397.540s][info][gc] GC(7173) Pause Full (Allocation Failure) 15M->11M(15M) 29.939ms
[397.577s][info][gc] GC(7174) Pause Full (Allocation Failure) 15M->11M(15M) 29.738ms
[397.613s][info][gc] GC(7175) Pause Full (Allocation Failure) 15M->11M(15M) 28.699ms
[397.647s][info][gc] GC(7176) Pause Full (Allocation Failure) 15M->11M(15M) 27.727ms
[397.682s][info][gc] GC(7177) Pause Full (Allocation Failure) 15M->11M(15M) 28.239ms
[397.717s][info][gc] GC(7178) Pause Full (Allocation Failure) 15M->11M(15M) 28.391ms
[397.754s][info][gc] GC(7179) Pause Full (Allocation Failure) 15M->11M(15M) 29.913ms
[397.790s][info][gc] GC(7180) Pause Full (Allocation Failure) 15M->11M(15M) 28.538ms
[397.825s][info][gc] GC(7181) Pause Full (Allocation Failure) 15M->11M(15M) 29.036ms
[397.861s][info][gc] GC(7182) Pause Full (Allocation Failure) 15M->11M(15M) 28.475ms
[397.897s][info][gc] GC(7183) Pause Full (Allocation Failure) 15M->11M(15M) 28.369ms
[397.931s][info][gc] GC(7184) Pause Full (Allocation Failure) 15M->11M(15M) 28.189ms
[397.965s][info][gc] GC(7185) Pause Full (Allocation Failure) 15M->11M(15M) 27.642ms
[397.998s][info][gc] GC(7186) Pause Full (Allocation Failure) 15M->11M(15M) 26.658ms
[398.033s][info][gc] GC(7187) Pause Full (Allocation Failure) 15M->12M(15M) 27.560ms
[398.065s][info][gc] GC(7188) Pause Full (Allocation Failure) 15M->11M(15M) 26.423ms
[398.098s][info][gc] GC(7189) Pause Full (Allocation Failure) 15M->11M(15M) 26.976ms
[398.130s][info][gc] GC(7190) Pause Full (Allocation Failure) 15M->11M(15M) 26.666ms
[398.167s][info][gc] GC(7191) Pause Full (Allocation Failure) 15M->12M(15M) 30.030ms
[398.201s][info][gc] GC(7192) Pause Full (Allocation Failure) 15M->11M(15M) 28.460ms
[398.237s][info][gc] GC(7193) Pause Full (Allocation Failure) 15M->11M(15M) 29.099ms
[398.274s][info][gc] GC(7194) Pause Full (Allocation Failure) 15M->11M(15M) 28.791ms
[398.309s][info][gc] GC(7195) Pause Full (Allocation Failure) 15M->12M(15M) 28.243ms
[398.342s][info][gc] GC(7196) Pause Full (Allocation Failure) 15M->11M(15M) 26.934ms
[398.380s][info][gc] GC(7197) Pause Full (Allocation Failure) 15M->11M(15M) 31.199ms
[398.415s][info][gc] GC(7198) Pause Full (Allocation Failure) 15M->11M(15M) 28.664ms
[398.455s][info][gc] GC(7199) Pause Full (Allocation Failure) 15M->12M(15M) 31.114ms
[398.488s][info][gc] GC(7200) Pause Full (Allocation Failure) 15M->11M(15M) 27.707ms
[398.522s][info][gc] GC(7201) Pause Full (Allocation Failure) 15M->11M(15M) 27.695ms
[398.557s][info][gc] GC(7202) Pause Full (Allocation Failure) 15M->11M(15M) 28.274ms
[398.594s][info][gc] GC(7203) Pause Full (Allocation Failure) 15M->11M(15M) 30.357ms
[398.630s][info][gc] GC(7204) Pause Full (Allocation Failure) 15M->11M(15M) 29.498ms
[398.667s][info][gc] GC(7205) Pause Full (Allocation Failure) 15M->11M(15M) 29.042ms
[398.703s][info][gc] GC(7206) Pause Full (Allocation Failure) 15M->11M(15M) 30.051ms
[398.749s][info][gc] GC(7207) Pause Full (Allocation Failure) 15M->11M(15M) 35.008ms
[398.811s][info][gc] GC(7208) Pause Full (Allocation Failure) 15M->11M(15M) 30.921ms
[398.866s][info][gc] GC(7209) Pause Full (Allocation Failure) 15M->11M(15M) 44.760ms
[398.917s][info][gc] GC(7210) Pause Full (Allocation Failure) 15M->11M(15M) 32.502ms
[398.963s][info][gc] GC(7211) Pause Full (Allocation Failure) 15M->12M(15M) 31.631ms
[398.999s][info][gc] GC(7212) Pause Full (Allocation Failure) 15M->11M(15M) 28.855ms
[399.035s][info][gc] GC(7213) Pause Full (Allocation Failure) 15M->11M(15M) 28.806ms
[399.069s][info][gc] GC(7214) Pause Full (Allocation Failure) 15M->11M(15M) 28.293ms
[399.106s][info][gc] GC(7215) Pause Full (Allocation Failure) 15M->12M(15M) 29.543ms
[399.141s][info][gc] GC(7216) Pause Full (Allocation Failure) 15M->11M(15M) 28.508ms
[399.177s][info][gc] GC(7217) Pause Full (Allocation Failure) 15M->11M(15M) 28.707ms
[399.211s][info][gc] GC(7218) Pause Full (Allocation Failure) 15M->11M(15M) 28.554ms
[399.247s][info][gc] GC(7219) Pause Full (Allocation Failure) 15M->12M(15M) 29.176ms
[399.281s][info][gc] GC(7220) Pause Full (Allocation Failure) 15M->11M(15M) 27.606ms
[399.315s][info][gc] GC(7221) Pause Full (Allocation Failure) 15M->11M(15M) 28.171ms
[399.350s][info][gc] GC(7222) Pause Full (Allocation Failure) 15M->11M(15M) 28.032ms
[399.386s][info][gc] GC(7223) Pause Full (Allocation Failure) 15M->11M(15M) 29.142ms
[399.421s][info][gc] GC(7224) Pause Full (Allocation Failure) 15M->11M(15M) 28.041ms
[399.455s][info][gc] GC(7225) Pause Full (Allocation Failure) 15M->11M(15M) 27.689ms
[399.489s][info][gc] GC(7226) Pause Full (Allocation Failure) 15M->11M(15M) 28.098ms
[399.525s][info][gc] GC(7227) Pause Full (Allocation Failure) 15M->12M(15M) 28.792ms
[399.559s][info][gc] GC(7228) Pause Full (Allocation Failure) 15M->11M(15M) 28.322ms
[399.593s][info][gc] GC(7229) Pause Full (Allocation Failure) 15M->11M(15M) 27.447ms
[399.626s][info][gc] GC(7230) Pause Full (Allocation Failure) 15M->11M(15M) 27.127ms
[399.661s][info][gc] GC(7231) Pause Full (Allocation Failure) 15M->11M(15M) 28.490ms
[399.695s][info][gc] GC(7232) Pause Full (Allocation Failure) 15M->11M(15M) 28.230ms
[399.731s][info][gc] GC(7233) Pause Full (Allocation Failure) 15M->11M(15M) 28.732ms
[399.764s][info][gc] GC(7234) Pause Full (Allocation Failure) 15M->11M(15M) 26.953ms
[399.798s][info][gc] GC(7235) Pause Full (Allocation Failure) 15M->12M(15M) 27.558ms
[399.830s][info][gc] GC(7236) Pause Full (Allocation Failure) 15M->11M(15M) 26.517ms
[399.864s][info][gc] GC(7237) Pause Full (Allocation Failure) 15M->11M(15M) 27.433ms
[399.897s][info][gc] GC(7238) Pause Full (Allocation Failure) 15M->11M(15M) 27.233ms
[399.932s][info][gc] GC(7239) Pause Full (Allocation Failure) 15M->12M(15M) 27.863ms
[399.966s][info][gc] GC(7240) Pause Full (Allocation Failure) 15M->11M(15M) 27.328ms
[399.999s][info][gc] GC(7241) Pause Full (Allocation Failure) 15M->11M(15M) 27.306ms
[400.032s][info][gc] GC(7242) Pause Full (Allocation Failure) 15M->11M(15M) 26.831ms
[400.066s][info][gc] GC(7243) Pause Full (Allocation Failure) 15M->12M(15M) 27.798ms
[400.100s][info][gc] GC(7244) Pause Full (Allocation Failure) 15M->11M(15M) 27.982ms
[400.135s][info][gc] GC(7245) Pause Full (Allocation Failure) 15M->11M(15M) 28.389ms
[400.170s][info][gc] GC(7246) Pause Full (Allocation Failure) 15M->11M(15M) 29.226ms
[400.206s][info][gc] GC(7247) Pause Full (Allocation Failure) 15M->12M(15M) 28.798ms
[400.240s][info][gc] GC(7248) Pause Full (Allocation Failure) 15M->11M(15M) 27.359ms
[400.274s][info][gc] GC(7249) Pause Full (Allocation Failure) 15M->11M(15M) 27.436ms
[400.306s][info][gc] GC(7250) Pause Full (Allocation Failure) 15M->11M(15M) 26.800ms
[400.342s][info][gc] GC(7251) Pause Full (Allocation Failure) 15M->12M(15M) 28.821ms
[400.376s][info][gc] GC(7252) Pause Full (Allocation Failure) 15M->11M(15M) 28.270ms
[400.411s][info][gc] GC(7253) Pause Full (Allocation Failure) 15M->11M(15M) 29.002ms
[400.446s][info][gc] GC(7254) Pause Full (Allocation Failure) 15M->11M(15M) 27.771ms
[400.481s][info][gc] GC(7255) Pause Full (Allocation Failure) 15M->12M(15M) 28.691ms
[400.515s][info][gc] GC(7256) Pause Full (Allocation Failure) 15M->11M(15M) 27.648ms
[400.550s][info][gc] GC(7257) Pause Full (Allocation Failure) 15M->11M(15M) 28.741ms
[400.585s][info][gc] GC(7258) Pause Full (Allocation Failure) 15M->11M(15M) 28.681ms
[400.621s][info][gc] GC(7259) Pause Full (Allocation Failure) 15M->12M(15M) 28.555ms
[400.656s][info][gc] GC(7260) Pause Full (Allocation Failure) 15M->11M(15M) 28.764ms
[400.690s][info][gc] GC(7261) Pause Full (Allocation Failure) 15M->11M(15M) 28.109ms
[400.724s][info][gc] GC(7262) Pause Full (Allocation Failure) 15M->11M(15M) 27.904ms
[400.758s][info][gc] GC(7263) Pause Full (Allocation Failure) 15M->12M(15M) 27.582ms
[400.791s][info][gc] GC(7264) Pause Full (Allocation Failure) 15M->11M(15M) 26.956ms
[400.825s][info][gc] GC(7265) Pause Full (Allocation Failure) 15M->11M(15M) 27.425ms
[400.859s][info][gc] GC(7266) Pause Full (Allocation Failure) 15M->11M(15M) 27.575ms
[400.894s][info][gc] GC(7267) Pause Full (Allocation Failure) 15M->12M(15M) 27.979ms
[400.927s][info][gc] GC(7268) Pause Full (Allocation Failure) 15M->11M(15M) 27.235ms
[400.960s][info][gc] GC(7269) Pause Full (Allocation Failure) 15M->11M(15M) 26.884ms
[400.993s][info][gc] GC(7270) Pause Full (Allocation Failure) 15M->11M(15M) 27.355ms
[401.030s][info][gc] GC(7271) Pause Full (Allocation Failure) 15M->12M(15M) 29.120ms
[401.064s][info][gc] GC(7272) Pause Full (Allocation Failure) 15M->11M(15M) 28.174ms
[401.099s][info][gc] GC(7273) Pause Full (Allocation Failure) 15M->11M(15M) 28.938ms
[401.134s][info][gc] GC(7274) Pause Full (Allocation Failure) 15M->11M(15M) 27.862ms
[401.169s][info][gc] GC(7275) Pause Full (Allocation Failure) 15M->12M(15M) 28.054ms
[401.201s][info][gc] GC(7276) Pause Full (Allocation Failure) 15M->11M(15M) 26.581ms
[401.234s][info][gc] GC(7277) Pause Full (Allocation Failure) 15M->11M(15M) 27.413ms
[401.268s][info][gc] GC(7278) Pause Full (Allocation Failure) 15M->11M(15M) 27.156ms
[401.301s][info][gc] GC(7279) Pause Full (Allocation Failure) 15M->11M(15M) 27.197ms
[401.335s][info][gc] GC(7280) Pause Full (Allocation Failure) 15M->11M(15M) 27.472ms
[401.369s][info][gc] GC(7281) Pause Full (Allocation Failure) 15M->11M(15M) 28.115ms
[401.404s][info][gc] GC(7282) Pause Full (Allocation Failure) 15M->11M(15M) 28.663ms
[401.440s][info][gc] GC(7283) Pause Full (Allocation Failure) 15M->11M(15M) 28.885ms
[401.474s][info][gc] GC(7284) Pause Full (Allocation Failure) 15M->11M(15M) 28.072ms
[401.508s][info][gc] GC(7285) Pause Full (Allocation Failure) 15M->11M(15M) 27.852ms
[401.543s][info][gc] GC(7286) Pause Full (Allocation Failure) 15M->11M(15M) 29.108ms
[401.580s][info][gc] GC(7287) Pause Full (Allocation Failure) 15M->11M(15M) 29.107ms
[401.615s][info][gc] GC(7288) Pause Full (Allocation Failure) 15M->11M(15M) 28.244ms
[401.651s][info][gc] GC(7289) Pause Full (Allocation Failure) 15M->11M(15M) 29.245ms
[401.687s][info][gc] GC(7290) Pause Full (Allocation Failure) 15M->11M(15M) 29.620ms
[401.725s][info][gc] GC(7291) Pause Full (Allocation Failure) 15M->11M(15M) 30.331ms
[401.762s][info][gc] GC(7292) Pause Full (Allocation Failure) 15M->11M(15M) 30.255ms
[401.799s][info][gc] GC(7293) Pause Full (Allocation Failure) 15M->11M(15M) 30.350ms
[401.836s][info][gc] GC(7294) Pause Full (Allocation Failure) 15M->11M(15M) 29.347ms
[401.874s][info][gc] GC(7295) Pause Full (Allocation Failure) 15M->12M(15M) 30.644ms
[401.909s][info][gc] GC(7296) Pause Full (Allocation Failure) 15M->11M(15M) 28.847ms
[401.944s][info][gc] GC(7297) Pause Full (Allocation Failure) 15M->11M(15M) 28.522ms
[401.978s][info][gc] GC(7298) Pause Full (Allocation Failure) 15M->11M(15M) 27.856ms
[402.012s][info][gc] GC(7299) Pause Full (Allocation Failure) 15M->12M(15M) 27.811ms
[402.045s][info][gc] GC(7300) Pause Full (Allocation Failure) 15M->11M(15M) 27.170ms
[402.080s][info][gc] GC(7301) Pause Full (Allocation Failure) 15M->11M(15M) 28.816ms
[402.115s][info][gc] GC(7302) Pause Full (Allocation Failure) 15M->11M(15M) 29.070ms
[402.151s][info][gc] GC(7303) Pause Full (Allocation Failure) 15M->11M(15M) 29.086ms
[402.185s][info][gc] GC(7304) Pause Full (Allocation Failure) 15M->11M(15M) 28.313ms
[402.220s][info][gc] GC(7305) Pause Full (Allocation Failure) 15M->11M(15M) 27.970ms
[402.252s][info][gc] GC(7306) Pause Full (Allocation Failure) 15M->11M(15M) 26.948ms
[402.286s][info][gc] GC(7307) Pause Full (Allocation Failure) 15M->12M(15M) 27.528ms
[402.319s][info][gc] GC(7308) Pause Full (Allocation Failure) 15M->11M(15M) 26.758ms
[402.352s][info][gc] GC(7309) Pause Full (Allocation Failure) 15M->11M(15M) 27.276ms
[402.388s][info][gc] GC(7310) Pause Full (Allocation Failure) 15M->11M(15M) 29.687ms
[402.426s][info][gc] GC(7311) Pause Full (Allocation Failure) 15M->11M(15M) 30.601ms
[402.462s][info][gc] GC(7312) Pause Full (Allocation Failure) 15M->11M(15M) 29.930ms
[402.500s][info][gc] GC(7313) Pause Full (Allocation Failure) 15M->11M(15M) 30.319ms
[402.538s][info][gc] GC(7314) Pause Full (Allocation Failure) 15M->11M(15M) 31.106ms
[402.575s][info][gc] GC(7315) Pause Full (Allocation Failure) 15M->12M(15M) 30.408ms
[402.613s][info][gc] GC(7316) Pause Full (Allocation Failure) 15M->11M(15M) 29.318ms
[402.650s][info][gc] GC(7317) Pause Full (Allocation Failure) 15M->11M(15M) 29.968ms
[402.686s][info][gc] GC(7318) Pause Full (Allocation Failure) 15M->11M(15M) 29.159ms
[402.724s][info][gc] GC(7319) Pause Full (Allocation Failure) 15M->12M(15M) 30.018ms
[402.760s][info][gc] GC(7320) Pause Full (Allocation Failure) 15M->11M(15M) 29.581ms
[402.796s][info][gc] GC(7321) Pause Full (Allocation Failure) 15M->11M(15M) 29.719ms
[402.833s][info][gc] GC(7322) Pause Full (Allocation Failure) 15M->11M(15M) 30.335ms
[402.870s][info][gc] GC(7323) Pause Full (Allocation Failure) 15M->11M(15M) 30.339ms
[402.907s][info][gc] GC(7324) Pause Full (Allocation Failure) 15M->11M(15M) 29.627ms
[402.943s][info][gc] GC(7325) Pause Full (Allocation Failure) 15M->11M(15M) 29.236ms
[402.978s][info][gc] GC(7326) Pause Full (Allocation Failure) 15M->11M(15M) 29.024ms
[403.014s][info][gc] GC(7327) Pause Full (Allocation Failure) 15M->12M(15M) 29.185ms
[403.049s][info][gc] GC(7328) Pause Full (Allocation Failure) 15M->11M(15M) 28.793ms
[403.084s][info][gc] GC(7329) Pause Full (Allocation Failure) 15M->11M(15M) 28.800ms
[403.119s][info][gc] GC(7330) Pause Full (Allocation Failure) 15M->11M(15M) 28.841ms
[403.155s][info][gc] GC(7331) Pause Full (Allocation Failure) 15M->11M(15M) 29.164ms
[403.190s][info][gc] GC(7332) Pause Full (Allocation Failure) 15M->11M(15M) 29.120ms
[403.225s][info][gc] GC(7333) Pause Full (Allocation Failure) 15M->11M(15M) 28.892ms
[403.259s][info][gc] GC(7334) Pause Full (Allocation Failure) 15M->11M(15M) 28.484ms
[403.296s][info][gc] GC(7335) Pause Full (Allocation Failure) 15M->12M(15M) 29.167ms
[403.330s][info][gc] GC(7336) Pause Full (Allocation Failure) 15M->11M(15M) 28.059ms
[403.365s][info][gc] GC(7337) Pause Full (Allocation Failure) 15M->11M(15M) 28.766ms
[403.402s][info][gc] GC(7338) Pause Full (Allocation Failure) 15M->11M(15M) 28.809ms
[403.437s][info][gc] GC(7339) Pause Full (Allocation Failure) 15M->12M(15M) 28.102ms
[403.470s][info][gc] GC(7340) Pause Full (Allocation Failure) 15M->11M(15M) 27.239ms
[403.505s][info][gc] GC(7341) Pause Full (Allocation Failure) 15M->11M(15M) 28.205ms
[403.541s][info][gc] GC(7342) Pause Full (Allocation Failure) 15M->11M(15M) 29.632ms
[403.578s][info][gc] GC(7343) Pause Full (Allocation Failure) 15M->12M(15M) 29.771ms
[403.613s][info][gc] GC(7344) Pause Full (Allocation Failure) 15M->11M(15M) 28.719ms
[403.649s][info][gc] GC(7345) Pause Full (Allocation Failure) 15M->11M(15M) 29.101ms
[403.684s][info][gc] GC(7346) Pause Full (Allocation Failure) 15M->11M(15M) 28.930ms
[403.720s][info][gc] GC(7347) Pause Full (Allocation Failure) 15M->12M(15M) 29.442ms
[403.754s][info][gc] GC(7348) Pause Full (Allocation Failure) 15M->11M(15M) 28.148ms
[403.789s][info][gc] GC(7349) Pause Full (Allocation Failure) 15M->11M(15M) 28.412ms
[403.824s][info][gc] GC(7350) Pause Full (Allocation Failure) 15M->11M(15M) 29.036ms
[403.860s][info][gc] GC(7351) Pause Full (Allocation Failure) 15M->12M(15M) 28.788ms
[403.893s][info][gc] GC(7352) Pause Full (Allocation Failure) 15M->11M(15M) 26.959ms
[403.927s][info][gc] GC(7353) Pause Full (Allocation Failure) 15M->11M(15M) 27.606ms
[403.961s][info][gc] GC(7354) Pause Full (Allocation Failure) 15M->11M(15M) 28.612ms
[403.997s][info][gc] GC(7355) Pause Full (Allocation Failure) 15M->12M(15M) 29.138ms
[404.033s][info][gc] GC(7356) Pause Full (Allocation Failure) 15M->11M(15M) 28.623ms
[404.067s][info][gc] GC(7357) Pause Full (Allocation Failure) 15M->11M(15M) 28.559ms
[404.102s][info][gc] GC(7358) Pause Full (Allocation Failure) 15M->11M(15M) 28.814ms
[404.137s][info][gc] GC(7359) Pause Full (Allocation Failure) 15M->12M(15M) 27.676ms
[404.170s][info][gc] GC(7360) Pause Full (Allocation Failure) 15M->11M(15M) 27.068ms
[404.203s][info][gc] GC(7361) Pause Full (Allocation Failure) 15M->11M(15M) 27.002ms
[404.236s][info][gc] GC(7362) Pause Full (Allocation Failure) 15M->11M(15M) 27.079ms
[404.270s][info][gc] GC(7363) Pause Full (Allocation Failure) 15M->12M(15M) 27.569ms
[404.303s][info][gc] GC(7364) Pause Full (Allocation Failure) 15M->11M(15M) 27.208ms
[404.336s][info][gc] GC(7365) Pause Full (Allocation Failure) 15M->11M(15M) 27.597ms
[404.371s][info][gc] GC(7366) Pause Full (Allocation Failure) 15M->11M(15M) 28.743ms
[404.407s][info][gc] GC(7367) Pause Full (Allocation Failure) 15M->12M(15M) 28.828ms
[404.442s][info][gc] GC(7368) Pause Full (Allocation Failure) 15M->11M(15M) 29.159ms
[404.476s][info][gc] GC(7369) Pause Full (Allocation Failure) 15M->11M(15M) 28.428ms
[404.510s][info][gc] GC(7370) Pause Full (Allocation Failure) 15M->11M(15M) 27.304ms
[404.545s][info][gc] GC(7371) Pause Full (Allocation Failure) 15M->12M(15M) 28.668ms
[404.579s][info][gc] GC(7372) Pause Full (Allocation Failure) 15M->11M(15M) 27.739ms
[404.614s][info][gc] GC(7373) Pause Full (Allocation Failure) 15M->11M(15M) 28.869ms
[404.650s][info][gc] GC(7374) Pause Full (Allocation Failure) 15M->11M(15M) 28.618ms
[404.685s][info][gc] GC(7375) Pause Full (Allocation Failure) 15M->12M(15M) 28.491ms
[404.719s][info][gc] GC(7376) Pause Full (Allocation Failure) 15M->11M(15M) 28.347ms
[404.754s][info][gc] GC(7377) Pause Full (Allocation Failure) 15M->12M(15M) 28.128ms
[404.787s][info][gc] GC(7378) Pause Full (Allocation Failure) 15M->11M(15M) 27.214ms
[404.822s][info][gc] GC(7379) Pause Full (Allocation Failure) 15M->12M(15M) 27.888ms
[404.855s][info][gc] GC(7380) Pause Full (Allocation Failure) 15M->11M(15M) 27.336ms
[404.889s][info][gc] GC(7381) Pause Full (Allocation Failure) 15M->11M(15M) 27.648ms
[404.922s][info][gc] GC(7382) Pause Full (Allocation Failure) 15M->11M(15M) 27.159ms
[404.958s][info][gc] GC(7383) Pause Full (Allocation Failure) 15M->12M(15M) 28.946ms
[404.993s][info][gc] GC(7384) Pause Full (Allocation Failure) 15M->11M(15M) 29.191ms
[405.028s][info][gc] GC(7385) Pause Full (Allocation Failure) 15M->11M(15M) 28.816ms
[405.062s][info][gc] GC(7386) Pause Full (Allocation Failure) 15M->11M(15M) 28.120ms
[405.097s][info][gc] GC(7387) Pause Full (Allocation Failure) 15M->12M(15M) 28.268ms
[405.131s][info][gc] GC(7388) Pause Full (Allocation Failure) 15M->11M(15M) 27.623ms
[405.164s][info][gc] GC(7389) Pause Full (Allocation Failure) 15M->11M(15M) 27.285ms
[405.197s][info][gc] GC(7390) Pause Full (Allocation Failure) 15M->11M(15M) 27.047ms
[405.232s][info][gc] GC(7391) Pause Full (Allocation Failure) 15M->12M(15M) 27.470ms
[405.266s][info][gc] GC(7392) Pause Full (Allocation Failure) 15M->11M(15M) 27.677ms
[405.299s][info][gc] GC(7393) Pause Full (Allocation Failure) 15M->11M(15M) 27.010ms
[405.332s][info][gc] GC(7394) Pause Full (Allocation Failure) 15M->11M(15M) 26.942ms
[405.367s][info][gc] GC(7395) Pause Full (Allocation Failure) 15M->12M(15M) 27.964ms
[405.400s][info][gc] GC(7396) Pause Full (Allocation Failure) 15M->11M(15M) 27.585ms
[405.433s][info][gc] GC(7397) Pause Full (Allocation Failure) 15M->11M(15M) 27.525ms
[405.468s][info][gc] GC(7398) Pause Full (Allocation Failure) 15M->11M(15M) 28.443ms
[405.503s][info][gc] GC(7399) Pause Full (Allocation Failure) 15M->12M(15M) 28.562ms
[405.536s][info][gc] GC(7400) Pause Full (Allocation Failure) 15M->11M(15M) 27.729ms
[405.572s][info][gc] GC(7401) Pause Full (Allocation Failure) 15M->11M(15M) 29.135ms
[405.606s][info][gc] GC(7402) Pause Full (Allocation Failure) 15M->11M(15M) 28.852ms
[405.641s][info][gc] GC(7403) Pause Full (Allocation Failure) 15M->12M(15M) 28.272ms
[405.675s][info][gc] GC(7404) Pause Full (Allocation Failure) 15M->11M(15M) 28.075ms
[405.710s][info][gc] GC(7405) Pause Full (Allocation Failure) 15M->11M(15M) 28.300ms
[405.744s][info][gc] GC(7406) Pause Full (Allocation Failure) 15M->11M(15M) 28.826ms
[405.780s][info][gc] GC(7407) Pause Full (Allocation Failure) 15M->12M(15M) 28.560ms
[405.813s][info][gc] GC(7408) Pause Full (Allocation Failure) 15M->11M(15M) 27.370ms
[405.847s][info][gc] GC(7409) Pause Full (Allocation Failure) 15M->12M(15M) 27.484ms
[405.880s][info][gc] GC(7410) Pause Full (Allocation Failure) 15M->11M(15M) 27.369ms
[405.915s][info][gc] GC(7411) Pause Full (Allocation Failure) 15M->12M(15M) 28.258ms
[405.947s][info][gc] GC(7412) Pause Full (Allocation Failure) 15M->11M(15M) 26.801ms
[405.982s][info][gc] GC(7413) Pause Full (Allocation Failure) 15M->11M(15M) 28.216ms
[406.018s][info][gc] GC(7414) Pause Full (Allocation Failure) 15M->11M(15M) 29.865ms
[406.060s][info][gc] GC(7415) Pause Full (Allocation Failure) 15M->12M(15M) 33.497ms
[406.099s][info][gc] GC(7416) Pause Full (Allocation Failure) 15M->11M(15M) 32.446ms
[406.140s][info][gc] GC(7417) Pause Full (Allocation Failure) 15M->12M(15M) 32.938ms
[406.180s][info][gc] GC(7418) Pause Full (Allocation Failure) 15M->11M(15M) 31.771ms
[406.222s][info][gc] GC(7419) Pause Full (Allocation Failure) 15M->12M(15M) 32.959ms
[406.266s][info][gc] GC(7420) Pause Full (Allocation Failure) 15M->11M(15M) 32.297ms
[406.305s][info][gc] GC(7421) Pause Full (Allocation Failure) 15M->11M(15M) 31.775ms
[406.340s][info][gc] GC(7422) Pause Full (Allocation Failure) 15M->11M(15M) 29.282ms
[406.376s][info][gc] GC(7423) Pause Full (Allocation Failure) 15M->12M(15M) 29.230ms
[406.410s][info][gc] GC(7424) Pause Full (Allocation Failure) 15M->11M(15M) 27.816ms
[406.444s][info][gc] GC(7425) Pause Full (Allocation Failure) 15M->12M(15M) 28.079ms
[406.477s][info][gc] GC(7426) Pause Full (Allocation Failure) 15M->11M(15M) 27.601ms
[406.512s][info][gc] GC(7427) Pause Full (Allocation Failure) 15M->12M(15M) 27.981ms
[406.545s][info][gc] GC(7428) Pause Full (Allocation Failure) 15M->11M(15M) 27.718ms
[406.626s][info][gc] GC(7429) Pause Full (Allocation Failure) 15M->11M(15M) 68.251ms
[406.669s][info][gc] GC(7430) Pause Full (Allocation Failure) 15M->11M(15M) 29.965ms
[406.724s][info][gc] GC(7431) Pause Full (Allocation Failure) 15M->12M(15M) 47.336ms
[406.762s][info][gc] GC(7432) Pause Full (Allocation Failure) 15M->11M(15M) 30.140ms
[406.797s][info][gc] GC(7433) Pause Full (Allocation Failure) 15M->12M(15M) 28.765ms
[406.831s][info][gc] GC(7434) Pause Full (Allocation Failure) 15M->11M(15M) 28.341ms
[406.866s][info][gc] GC(7435) Pause Full (Allocation Failure) 15M->12M(15M) 28.254ms
[406.899s][info][gc] GC(7436) Pause Full (Allocation Failure) 15M->11M(15M) 27.569ms
[406.934s][info][gc] GC(7437) Pause Full (Allocation Failure) 15M->12M(15M) 27.926ms
[406.967s][info][gc] GC(7438) Pause Full (Allocation Failure) 15M->11M(15M) 27.416ms
[407.002s][info][gc] GC(7439) Pause Full (Allocation Failure) 15M->12M(15M) 28.288ms
[407.035s][info][gc] GC(7440) Pause Full (Allocation Failure) 15M->11M(15M) 27.866ms
[407.068s][info][gc] GC(7441) Pause Full (Allocation Failure) 15M->11M(15M) 27.343ms
[407.102s][info][gc] GC(7442) Pause Full (Allocation Failure) 15M->11M(15M) 28.197ms
[407.137s][info][gc] GC(7443) Pause Full (Allocation Failure) 15M->12M(15M) 28.000ms
[407.169s][info][gc] GC(7444) Pause Full (Allocation Failure) 15M->11M(15M) 27.232ms
[407.203s][info][gc] GC(7445) Pause Full (Allocation Failure) 15M->12M(15M) 27.474ms
[407.236s][info][gc] GC(7446) Pause Full (Allocation Failure) 15M->11M(15M) 27.133ms
[407.270s][info][gc] GC(7447) Pause Full (Allocation Failure) 15M->12M(15M) 28.365ms
[407.303s][info][gc] GC(7448) Pause Full (Allocation Failure) 15M->11M(15M) 27.386ms
[407.337s][info][gc] GC(7449) Pause Full (Allocation Failure) 15M->11M(15M) 28.234ms
[407.374s][info][gc] GC(7450) Pause Full (Allocation Failure) 15M->11M(15M) 29.383ms
[407.412s][info][gc] GC(7451) Pause Full (Allocation Failure) 15M->12M(15M) 30.361ms
[407.447s][info][gc] GC(7452) Pause Full (Allocation Failure) 15M->11M(15M) 29.030ms
[407.483s][info][gc] GC(7453) Pause Full (Allocation Failure) 15M->12M(15M) 29.694ms
[407.518s][info][gc] GC(7454) Pause Full (Allocation Failure) 15M->11M(15M) 28.725ms
[407.554s][info][gc] GC(7455) Pause Full (Allocation Failure) 15M->12M(15M) 29.108ms
[407.588s][info][gc] GC(7456) Pause Full (Allocation Failure) 15M->11M(15M) 27.971ms
[407.623s][info][gc] GC(7457) Pause Full (Allocation Failure) 15M->11M(15M) 29.039ms
[407.657s][info][gc] GC(7458) Pause Full (Allocation Failure) 15M->11M(15M) 28.834ms
[407.693s][info][gc] GC(7459) Pause Full (Allocation Failure) 15M->12M(15M) 28.964ms
[407.728s][info][gc] GC(7460) Pause Full (Allocation Failure) 15M->11M(15M) 28.829ms
[407.763s][info][gc] GC(7461) Pause Full (Allocation Failure) 15M->11M(15M) 28.837ms
[407.799s][info][gc] GC(7462) Pause Full (Allocation Failure) 15M->11M(15M) 29.145ms
[407.835s][info][gc] GC(7463) Pause Full (Allocation Failure) 15M->12M(15M) 29.255ms
[407.870s][info][gc] GC(7464) Pause Full (Allocation Failure) 15M->11M(15M) 28.737ms
[407.905s][info][gc] GC(7465) Pause Full (Allocation Failure) 15M->11M(15M) 28.962ms
[407.939s][info][gc] GC(7466) Pause Full (Allocation Failure) 15M->11M(15M) 28.567ms
[407.976s][info][gc] GC(7467) Pause Full (Allocation Failure) 15M->12M(15M) 29.310ms
[408.011s][info][gc] GC(7468) Pause Full (Allocation Failure) 15M->11M(15M) 29.442ms
[408.046s][info][gc] GC(7469) Pause Full (Allocation Failure) 15M->11M(15M) 28.849ms
[408.080s][info][gc] GC(7470) Pause Full (Allocation Failure) 15M->11M(15M) 27.827ms
[408.115s][info][gc] GC(7471) Pause Full (Allocation Failure) 15M->12M(15M) 27.879ms
[408.148s][info][gc] GC(7472) Pause Full (Allocation Failure) 15M->11M(15M) 27.090ms
[408.182s][info][gc] GC(7473) Pause Full (Allocation Failure) 15M->12M(15M) 27.794ms
[408.217s][info][gc] GC(7474) Pause Full (Allocation Failure) 15M->11M(15M) 28.779ms
[408.252s][info][gc] GC(7475) Pause Full (Allocation Failure) 15M->12M(15M) 29.262ms
[408.288s][info][gc] GC(7476) Pause Full (Allocation Failure) 15M->11M(15M) 28.884ms
[408.323s][info][gc] GC(7477) Pause Full (Allocation Failure) 15M->11M(15M) 28.784ms
[408.357s][info][gc] GC(7478) Pause Full (Allocation Failure) 15M->11M(15M) 28.686ms
[408.391s][info][gc] GC(7479) Pause Full (Allocation Failure) 15M->12M(15M) 27.811ms
[408.425s][info][gc] GC(7480) Pause Full (Allocation Failure) 15M->11M(15M) 27.897ms
[408.461s][info][gc] GC(7481) Pause Full (Allocation Failure) 15M->11M(15M) 28.930ms
[408.495s][info][gc] GC(7482) Pause Full (Allocation Failure) 15M->11M(15M) 27.955ms
[408.529s][info][gc] GC(7483) Pause Full (Allocation Failure) 15M->12M(15M) 27.947ms
[408.563s][info][gc] GC(7484) Pause Full (Allocation Failure) 15M->11M(15M) 27.551ms
[408.596s][info][gc] GC(7485) Pause Full (Allocation Failure) 15M->11M(15M) 27.424ms
[408.630s][info][gc] GC(7486) Pause Full (Allocation Failure) 15M->11M(15M) 27.837ms
[408.664s][info][gc] GC(7487) Pause Full (Allocation Failure) 15M->12M(15M) 27.775ms
[408.697s][info][gc] GC(7488) Pause Full (Allocation Failure) 15M->11M(15M) 27.073ms
[408.731s][info][gc] GC(7489) Pause Full (Allocation Failure) 15M->12M(15M) 28.309ms
[408.765s][info][gc] GC(7490) Pause Full (Allocation Failure) 15M->11M(15M) 28.550ms
[408.802s][info][gc] GC(7491) Pause Full (Allocation Failure) 15M->12M(15M) 29.495ms
[408.837s][info][gc] GC(7492) Pause Full (Allocation Failure) 15M->11M(15M) 28.670ms
[408.872s][info][gc] GC(7493) Pause Full (Allocation Failure) 15M->12M(15M) 29.397ms
[408.908s][info][gc] GC(7494) Pause Full (Allocation Failure) 15M->11M(15M) 29.529ms
[408.945s][info][gc] GC(7495) Pause Full (Allocation Failure) 15M->12M(15M) 29.967ms
[408.979s][info][gc] GC(7496) Pause Full (Allocation Failure) 15M->11M(15M) 28.430ms
[409.015s][info][gc] GC(7497) Pause Full (Allocation Failure) 15M->11M(15M) 29.502ms
[409.050s][info][gc] GC(7498) Pause Full (Allocation Failure) 15M->11M(15M) 28.597ms
[409.086s][info][gc] GC(7499) Pause Full (Allocation Failure) 15M->12M(15M) 28.796ms
[409.120s][info][gc] GC(7500) Pause Full (Allocation Failure) 15M->11M(15M) 28.638ms
[409.155s][info][gc] GC(7501) Pause Full (Allocation Failure) 15M->12M(15M) 28.850ms
[409.188s][info][gc] GC(7502) Pause Full (Allocation Failure) 15M->11M(15M) 27.836ms
[409.231s][info][gc] GC(7503) Pause Full (Allocation Failure) 15M->12M(15M) 36.215ms
[409.267s][info][gc] GC(7504) Pause Full (Allocation Failure) 15M->11M(15M) 29.013ms
[409.304s][info][gc] GC(7505) Pause Full (Allocation Failure) 15M->12M(15M) 29.718ms
[409.337s][info][gc] GC(7506) Pause Full (Allocation Failure) 15M->11M(15M) 27.854ms
[409.373s][info][gc] GC(7507) Pause Full (Allocation Failure) 15M->12M(15M) 29.938ms
[409.409s][info][gc] GC(7508) Pause Full (Allocation Failure) 15M->11M(15M) 29.552ms
[409.444s][info][gc] GC(7509) Pause Full (Allocation Failure) 15M->12M(15M) 29.158ms
[409.479s][info][gc] GC(7510) Pause Full (Allocation Failure) 15M->11M(15M) 29.045ms
[409.515s][info][gc] GC(7511) Pause Full (Allocation Failure) 15M->12M(15M) 29.302ms
[409.553s][info][gc] GC(7512) Pause Full (Allocation Failure) 15M->11M(15M) 31.202ms
[409.590s][info][gc] GC(7513) Pause Full (Allocation Failure) 15M->11M(15M) 30.458ms
[409.628s][info][gc] GC(7514) Pause Full (Allocation Failure) 15M->11M(15M) 30.494ms
[409.665s][info][gc] GC(7515) Pause Full (Allocation Failure) 15M->12M(15M) 29.999ms
[409.699s][info][gc] GC(7516) Pause Full (Allocation Failure) 15M->11M(15M) 28.738ms
[409.733s][info][gc] GC(7517) Pause Full (Allocation Failure) 15M->12M(15M) 28.348ms
[409.767s][info][gc] GC(7518) Pause Full (Allocation Failure) 15M->11M(15M) 27.494ms
[409.802s][info][gc] GC(7519) Pause Full (Allocation Failure) 15M->12M(15M) 28.735ms
[409.836s][info][gc] GC(7520) Pause Full (Allocation Failure) 15M->11M(15M) 27.763ms
[409.870s][info][gc] GC(7521) Pause Full (Allocation Failure) 15M->11M(15M) 27.680ms
[409.903s][info][gc] GC(7522) Pause Full (Allocation Failure) 15M->11M(15M) 27.817ms
[409.940s][info][gc] GC(7523) Pause Full (Allocation Failure) 15M->12M(15M) 29.645ms
[409.976s][info][gc] GC(7524) Pause Full (Allocation Failure) 15M->11M(15M) 30.006ms
[410.014s][info][gc] GC(7525) Pause Full (Allocation Failure) 15M->12M(15M) 31.427ms
[410.052s][info][gc] GC(7526) Pause Full (Allocation Failure) 15M->11M(15M) 31.184ms
[410.092s][info][gc] GC(7527) Pause Full (Allocation Failure) 15M->12M(15M) 32.892ms
[410.129s][info][gc] GC(7528) Pause Full (Allocation Failure) 15M->11M(15M) 30.931ms
[410.167s][info][gc] GC(7529) Pause Full (Allocation Failure) 15M->12M(15M) 31.433ms
[410.207s][info][gc] GC(7530) Pause Full (Allocation Failure) 15M->11M(15M) 31.996ms
[410.244s][info][gc] GC(7531) Pause Full (Allocation Failure) 15M->12M(15M) 31.186ms
[410.280s][info][gc] GC(7532) Pause Full (Allocation Failure) 15M->11M(15M) 29.290ms
[410.315s][info][gc] GC(7533) Pause Full (Allocation Failure) 15M->12M(15M) 29.179ms
[410.351s][info][gc] GC(7534) Pause Full (Allocation Failure) 15M->11M(15M) 29.111ms
[410.386s][info][gc] GC(7535) Pause Full (Allocation Failure) 15M->12M(15M) 28.994ms
[410.424s][info][gc] GC(7536) Pause Full (Allocation Failure) 15M->11M(15M) 31.030ms
[410.459s][info][gc] GC(7537) Pause Full (Allocation Failure) 15M->12M(15M) 29.532ms
[410.496s][info][gc] GC(7538) Pause Full (Allocation Failure) 15M->11M(15M) 29.833ms
[410.533s][info][gc] GC(7539) Pause Full (Allocation Failure) 15M->12M(15M) 29.995ms
[410.570s][info][gc] GC(7540) Pause Full (Allocation Failure) 15M->11M(15M) 30.430ms
[410.608s][info][gc] GC(7541) Pause Full (Allocation Failure) 15M->12M(15M) 31.437ms
[410.643s][info][gc] GC(7542) Pause Full (Allocation Failure) 15M->11M(15M) 30.159ms
[410.683s][info][gc] GC(7543) Pause Full (Allocation Failure) 15M->12M(15M) 32.038ms
[410.717s][info][gc] GC(7544) Pause Full (Allocation Failure) 15M->11M(15M) 28.641ms
[410.751s][info][gc] GC(7545) Pause Full (Allocation Failure) 15M->12M(15M) 27.471ms
[410.784s][info][gc] GC(7546) Pause Full (Allocation Failure) 15M->11M(15M) 27.786ms
[410.819s][info][gc] GC(7547) Pause Full (Allocation Failure) 15M->12M(15M) 27.814ms
[410.851s][info][gc] GC(7548) Pause Full (Allocation Failure) 15M->11M(15M) 27.180ms
[410.885s][info][gc] GC(7549) Pause Full (Allocation Failure) 15M->12M(15M) 27.408ms
[410.918s][info][gc] GC(7550) Pause Full (Allocation Failure) 15M->11M(15M) 27.437ms
[410.953s][info][gc] GC(7551) Pause Full (Allocation Failure) 15M->12M(15M) 28.466ms
[410.986s][info][gc] GC(7552) Pause Full (Allocation Failure) 15M->11M(15M) 27.576ms
[411.019s][info][gc] GC(7553) Pause Full (Allocation Failure) 15M->12M(15M) 27.647ms
[411.053s][info][gc] GC(7554) Pause Full (Allocation Failure) 15M->11M(15M) 28.375ms
[411.088s][info][gc] GC(7555) Pause Full (Allocation Failure) 15M->12M(15M) 28.272ms
[411.121s][info][gc] GC(7556) Pause Full (Allocation Failure) 15M->11M(15M) 27.405ms
[411.154s][info][gc] GC(7557) Pause Full (Allocation Failure) 15M->12M(15M) 27.761ms
[411.188s][info][gc] GC(7558) Pause Full (Allocation Failure) 15M->11M(15M) 27.774ms
[411.223s][info][gc] GC(7559) Pause Full (Allocation Failure) 15M->12M(15M) 28.130ms
[411.257s][info][gc] GC(7560) Pause Full (Allocation Failure) 15M->11M(15M) 28.477ms
[411.293s][info][gc] GC(7561) Pause Full (Allocation Failure) 15M->12M(15M) 30.720ms
[411.331s][info][gc] GC(7562) Pause Full (Allocation Failure) 15M->11M(15M) 30.596ms
[411.368s][info][gc] GC(7563) Pause Full (Allocation Failure) 15M->12M(15M) 30.540ms
[411.404s][info][gc] GC(7564) Pause Full (Allocation Failure) 15M->11M(15M) 30.009ms
[411.442s][info][gc] GC(7565) Pause Full (Allocation Failure) 15M->12M(15M) 30.905ms
[411.478s][info][gc] GC(7566) Pause Full (Allocation Failure) 15M->11M(15M) 30.433ms
[411.514s][info][gc] GC(7567) Pause Full (Allocation Failure) 15M->12M(15M) 29.010ms
[411.547s][info][gc] GC(7568) Pause Full (Allocation Failure) 15M->11M(15M) 27.160ms
[411.580s][info][gc] GC(7569) Pause Full (Allocation Failure) 15M->12M(15M) 27.524ms
[411.613s][info][gc] GC(7570) Pause Full (Allocation Failure) 15M->11M(15M) 27.154ms
[411.647s][info][gc] GC(7571) Pause Full (Allocation Failure) 15M->12M(15M) 28.012ms
[411.681s][info][gc] GC(7572) Pause Full (Allocation Failure) 15M->11M(15M) 28.028ms
[411.715s][info][gc] GC(7573) Pause Full (Allocation Failure) 15M->12M(15M) 28.076ms
[411.748s][info][gc] GC(7574) Pause Full (Allocation Failure) 15M->11M(15M) 27.747ms
[411.783s][info][gc] GC(7575) Pause Full (Allocation Failure) 15M->12M(15M) 28.186ms
[411.818s][info][gc] GC(7576) Pause Full (Allocation Failure) 15M->11M(15M) 29.618ms
[411.855s][info][gc] GC(7577) Pause Full (Allocation Failure) 15M->12M(15M) 30.941ms
[411.892s][info][gc] GC(7578) Pause Full (Allocation Failure) 15M->11M(15M) 30.929ms
[411.930s][info][gc] GC(7579) Pause Full (Allocation Failure) 15M->12M(15M) 31.102ms
[411.966s][info][gc] GC(7580) Pause Full (Allocation Failure) 15M->11M(15M) 29.713ms
[412.003s][info][gc] GC(7581) Pause Full (Allocation Failure) 15M->12M(15M) 30.953ms
[412.039s][info][gc] GC(7582) Pause Full (Allocation Failure) 15M->11M(15M) 29.896ms
[412.073s][info][gc] GC(7583) Pause Full (Allocation Failure) 15M->12M(15M) 28.451ms
[412.106s][info][gc] GC(7584) Pause Full (Allocation Failure) 15M->11M(15M) 27.129ms
[412.140s][info][gc] GC(7585) Pause Full (Allocation Failure) 15M->12M(15M) 28.133ms
[412.173s][info][gc] GC(7586) Pause Full (Allocation Failure) 15M->11M(15M) 27.247ms
[412.208s][info][gc] GC(7587) Pause Full (Allocation Failure) 15M->12M(15M) 28.032ms
[412.241s][info][gc] GC(7588) Pause Full (Allocation Failure) 15M->11M(15M) 27.899ms
[412.275s][info][gc] GC(7589) Pause Full (Allocation Failure) 15M->12M(15M) 28.290ms
[412.308s][info][gc] GC(7590) Pause Full (Allocation Failure) 15M->11M(15M) 27.637ms
[412.345s][info][gc] GC(7591) Pause Full (Allocation Failure) 15M->12M(15M) 30.625ms
[412.382s][info][gc] GC(7592) Pause Full (Allocation Failure) 15M->11M(15M) 30.223ms
[412.421s][info][gc] GC(7593) Pause Full (Allocation Failure) 15M->12M(15M) 31.784ms
[412.457s][info][gc] GC(7594) Pause Full (Allocation Failure) 15M->11M(15M) 30.434ms
[412.494s][info][gc] GC(7595) Pause Full (Allocation Failure) 15M->12M(15M) 30.676ms
[412.530s][info][gc] GC(7596) Pause Full (Allocation Failure) 15M->11M(15M) 29.917ms
[412.566s][info][gc] GC(7597) Pause Full (Allocation Failure) 15M->12M(15M) 29.632ms
[412.603s][info][gc] GC(7598) Pause Full (Allocation Failure) 15M->11M(15M) 30.211ms
[412.640s][info][gc] GC(7599) Pause Full (Allocation Failure) 15M->12M(15M) 30.883ms
[412.673s][info][gc] GC(7600) Pause Full (Allocation Failure) 15M->11M(15M) 27.996ms
[412.708s][info][gc] GC(7601) Pause Full (Allocation Failure) 15M->12M(15M) 28.128ms
[412.741s][info][gc] GC(7602) Pause Full (Allocation Failure) 15M->11M(15M) 27.407ms
[412.775s][info][gc] GC(7603) Pause Full (Allocation Failure) 15M->12M(15M) 27.888ms
[412.810s][info][gc] GC(7604) Pause Full (Allocation Failure) 15M->11M(15M) 29.845ms
[412.846s][info][gc] GC(7605) Pause Full (Allocation Failure) 15M->12M(15M) 29.983ms
[412.882s][info][gc] GC(7606) Pause Full (Allocation Failure) 15M->11M(15M) 29.779ms
[412.920s][info][gc] GC(7607) Pause Full (Allocation Failure) 15M->12M(15M) 30.925ms
[412.956s][info][gc] GC(7608) Pause Full (Allocation Failure) 15M->11M(15M) 30.499ms
[412.993s][info][gc] GC(7609) Pause Full (Allocation Failure) 15M->12M(15M) 30.663ms
[413.029s][info][gc] GC(7610) Pause Full (Allocation Failure) 15M->11M(15M) 29.825ms
[413.066s][info][gc] GC(7611) Pause Full (Allocation Failure) 15M->12M(15M) 29.418ms
[413.100s][info][gc] GC(7612) Pause Full (Allocation Failure) 15M->11M(15M) 28.157ms
[413.134s][info][gc] GC(7613) Pause Full (Allocation Failure) 15M->12M(15M) 28.017ms
[413.168s][info][gc] GC(7614) Pause Full (Allocation Failure) 15M->11M(15M) 28.192ms
[413.203s][info][gc] GC(7615) Pause Full (Allocation Failure) 15M->12M(15M) 28.887ms
[413.237s][info][gc] GC(7616) Pause Full (Allocation Failure) 15M->11M(15M) 27.813ms
[413.271s][info][gc] GC(7617) Pause Full (Allocation Failure) 15M->12M(15M) 28.346ms
[413.306s][info][gc] GC(7618) Pause Full (Allocation Failure) 15M->11M(15M) 28.240ms
[413.340s][info][gc] GC(7619) Pause Full (Allocation Failure) 15M->12M(15M) 28.173ms
[413.374s][info][gc] GC(7620) Pause Full (Allocation Failure) 15M->12M(15M) 28.052ms
[413.408s][info][gc] GC(7621) Pause Full (Allocation Failure) 15M->12M(15M) 27.870ms
[413.442s][info][gc] GC(7622) Pause Full (Allocation Failure) 15M->11M(15M) 27.762ms
[413.476s][info][gc] GC(7623) Pause Full (Allocation Failure) 15M->12M(15M) 28.498ms
[413.509s][info][gc] GC(7624) Pause Full (Allocation Failure) 15M->11M(15M) 27.186ms
[413.542s][info][gc] GC(7625) Pause Full (Allocation Failure) 15M->12M(15M) 27.682ms
[413.575s][info][gc] GC(7626) Pause Full (Allocation Failure) 15M->11M(15M) 27.216ms
[413.610s][info][gc] GC(7627) Pause Full (Allocation Failure) 15M->12M(15M) 28.074ms
[413.643s][info][gc] GC(7628) Pause Full (Allocation Failure) 15M->12M(15M) 27.298ms
[413.676s][info][gc] GC(7629) Pause Full (Allocation Failure) 15M->12M(15M) 27.529ms
[413.709s][info][gc] GC(7630) Pause Full (Allocation Failure) 15M->11M(15M) 27.875ms
[413.744s][info][gc] GC(7631) Pause Full (Allocation Failure) 15M->12M(15M) 28.028ms
[413.776s][info][gc] GC(7632) Pause Full (Allocation Failure) 15M->11M(15M) 27.178ms
[413.810s][info][gc] GC(7633) Pause Full (Allocation Failure) 15M->12M(15M) 27.739ms
[413.843s][info][gc] GC(7634) Pause Full (Allocation Failure) 15M->11M(15M) 27.404ms
[413.877s][info][gc] GC(7635) Pause Full (Allocation Failure) 15M->12M(15M) 28.484ms
[413.911s][info][gc] GC(7636) Pause Full (Allocation Failure) 15M->12M(15M) 27.919ms
[413.945s][info][gc] GC(7637) Pause Full (Allocation Failure) 15M->12M(15M) 27.952ms
[413.978s][info][gc] GC(7638) Pause Full (Allocation Failure) 15M->11M(15M) 28.003ms
[414.013s][info][gc] GC(7639) Pause Full (Allocation Failure) 15M->12M(15M) 28.586ms
[414.046s][info][gc] GC(7640) Pause Full (Allocation Failure) 15M->12M(15M) 27.699ms
[414.080s][info][gc] GC(7641) Pause Full (Allocation Failure) 15M->12M(15M) 27.933ms
[414.114s][info][gc] GC(7642) Pause Full (Allocation Failure) 15M->11M(15M) 27.860ms
[414.148s][info][gc] GC(7643) Pause Full (Allocation Failure) 15M->12M(15M) 28.509ms
[414.181s][info][gc] GC(7644) Pause Full (Allocation Failure) 15M->12M(15M) 27.696ms
[414.215s][info][gc] GC(7645) Pause Full (Allocation Failure) 15M->12M(15M) 27.898ms
[414.249s][info][gc] GC(7646) Pause Full (Allocation Failure) 15M->11M(15M) 28.454ms
[414.284s][info][gc] GC(7647) Pause Full (Allocation Failure) 15M->12M(15M) 28.257ms
[414.317s][info][gc] GC(7648) Pause Full (Allocation Failure) 15M->11M(15M) 27.537ms
[414.350s][info][gc] GC(7649) Pause Full (Allocation Failure) 15M->12M(15M) 28.063ms
[414.384s][info][gc] GC(7650) Pause Full (Allocation Failure) 15M->11M(15M) 27.927ms
[414.420s][info][gc] GC(7651) Pause Full (Allocation Failure) 15M->12M(15M) 29.227ms
[414.453s][info][gc] GC(7652) Pause Full (Allocation Failure) 15M->11M(15M) 28.370ms
[414.487s][info][gc] GC(7653) Pause Full (Allocation Failure) 15M->12M(15M) 28.266ms
[414.521s][info][gc] GC(7654) Pause Full (Allocation Failure) 15M->11M(15M) 28.028ms
[414.557s][info][gc] GC(7655) Pause Full (Allocation Failure) 15M->12M(15M) 28.773ms
[414.590s][info][gc] GC(7656) Pause Full (Allocation Failure) 15M->12M(15M) 27.910ms
[414.624s][info][gc] GC(7657) Pause Full (Allocation Failure) 15M->12M(15M) 27.963ms
[414.658s][info][gc] GC(7658) Pause Full (Allocation Failure) 15M->11M(15M) 28.062ms
[414.693s][info][gc] GC(7659) Pause Full (Allocation Failure) 15M->12M(15M) 28.642ms
[414.726s][info][gc] GC(7660) Pause Full (Allocation Failure) 15M->12M(15M) 27.922ms
[414.760s][info][gc] GC(7661) Pause Full (Allocation Failure) 15M->12M(15M) 28.237ms
[414.794s][info][gc] GC(7662) Pause Full (Allocation Failure) 15M->11M(15M) 28.372ms
[414.829s][info][gc] GC(7663) Pause Full (Allocation Failure) 15M->12M(15M) 28.614ms
[414.863s][info][gc] GC(7664) Pause Full (Allocation Failure) 15M->11M(15M) 28.106ms
[414.897s][info][gc] GC(7665) Pause Full (Allocation Failure) 15M->12M(15M) 28.199ms
[414.931s][info][gc] GC(7666) Pause Full (Allocation Failure) 15M->11M(15M) 28.512ms
[414.966s][info][gc] GC(7667) Pause Full (Allocation Failure) 15M->12M(15M) 28.981ms
[415.000s][info][gc] GC(7668) Pause Full (Allocation Failure) 15M->11M(15M) 28.075ms
[415.034s][info][gc] GC(7669) Pause Full (Allocation Failure) 15M->12M(15M) 28.079ms
[415.068s][info][gc] GC(7670) Pause Full (Allocation Failure) 15M->11M(15M) 28.047ms
[415.102s][info][gc] GC(7671) Pause Full (Allocation Failure) 15M->12M(15M) 28.566ms
[415.136s][info][gc] GC(7672) Pause Full (Allocation Failure) 15M->12M(15M) 28.471ms
[415.170s][info][gc] GC(7673) Pause Full (Allocation Failure) 15M->12M(15M) 28.064ms
[415.204s][info][gc] GC(7674) Pause Full (Allocation Failure) 15M->11M(15M) 27.992ms
[415.239s][info][gc] GC(7675) Pause Full (Allocation Failure) 15M->12M(15M) 28.652ms
[415.272s][info][gc] GC(7676) Pause Full (Allocation Failure) 15M->12M(15M) 28.021ms
[415.306s][info][gc] GC(7677) Pause Full (Allocation Failure) 15M->12M(15M) 28.097ms
[415.341s][info][gc] GC(7678) Pause Full (Allocation Failure) 15M->11M(15M) 29.107ms
[415.377s][info][gc] GC(7679) Pause Full (Allocation Failure) 15M->12M(15M) 29.960ms
[415.411s][info][gc] GC(7680) Pause Full (Allocation Failure) 15M->11M(15M) 28.515ms
[415.446s][info][gc] GC(7681) Pause Full (Allocation Failure) 15M->12M(15M) 29.171ms
[415.481s][info][gc] GC(7682) Pause Full (Allocation Failure) 15M->11M(15M) 28.747ms
[415.516s][info][gc] GC(7683) Pause Full (Allocation Failure) 15M->12M(15M) 28.693ms
[415.548s][info][gc] GC(7684) Pause Full (Allocation Failure) 15M->11M(15M) 27.350ms
[415.582s][info][gc] GC(7685) Pause Full (Allocation Failure) 15M->12M(15M) 27.539ms
[415.615s][info][gc] GC(7686) Pause Full (Allocation Failure) 15M->11M(15M) 27.661ms
[415.649s][info][gc] GC(7687) Pause Full (Allocation Failure) 15M->12M(15M) 28.175ms
[415.682s][info][gc] GC(7688) Pause Full (Allocation Failure) 15M->11M(15M) 27.505ms
[415.716s][info][gc] GC(7689) Pause Full (Allocation Failure) 15M->12M(15M) 27.807ms
[415.750s][info][gc] GC(7690) Pause Full (Allocation Failure) 15M->11M(15M) 28.011ms
[415.784s][info][gc] GC(7691) Pause Full (Allocation Failure) 15M->12M(15M) 28.299ms
[415.817s][info][gc] GC(7692) Pause Full (Allocation Failure) 15M->11M(15M) 28.167ms
[415.853s][info][gc] GC(7693) Pause Full (Allocation Failure) 15M->12M(15M) 29.356ms
[415.887s][info][gc] GC(7694) Pause Full (Allocation Failure) 15M->11M(15M) 29.008ms
[415.923s][info][gc] GC(7695) Pause Full (Allocation Failure) 15M->12M(15M) 29.853ms
[415.958s][info][gc] GC(7696) Pause Full (Allocation Failure) 15M->12M(15M) 28.800ms
[415.992s][info][gc] GC(7697) Pause Full (Allocation Failure) 15M->12M(15M) 28.715ms
[416.027s][info][gc] GC(7698) Pause Full (Allocation Failure) 15M->11M(15M) 28.439ms
[416.062s][info][gc] GC(7699) Pause Full (Allocation Failure) 15M->12M(15M) 28.711ms
[416.095s][info][gc] GC(7700) Pause Full (Allocation Failure) 15M->12M(15M) 27.645ms
[416.128s][info][gc] GC(7701) Pause Full (Allocation Failure) 15M->12M(15M) 27.556ms
[416.162s][info][gc] GC(7702) Pause Full (Allocation Failure) 15M->11M(15M) 28.013ms
[416.196s][info][gc] GC(7703) Pause Full (Allocation Failure) 15M->12M(15M) 28.212ms
[416.229s][info][gc] GC(7704) Pause Full (Allocation Failure) 15M->12M(15M) 27.658ms
[416.264s][info][gc] GC(7705) Pause Full (Allocation Failure) 15M->12M(15M) 29.331ms
[416.299s][info][gc] GC(7706) Pause Full (Allocation Failure) 15M->11M(15M) 28.713ms
[416.334s][info][gc] GC(7707) Pause Full (Allocation Failure) 15M->12M(15M) 29.038ms
[416.367s][info][gc] GC(7708) Pause Full (Allocation Failure) 15M->12M(15M) 28.082ms
[416.402s][info][gc] GC(7709) Pause Full (Allocation Failure) 15M->12M(15M) 28.616ms
[416.435s][info][gc] GC(7710) Pause Full (Allocation Failure) 15M->11M(15M) 27.984ms
[416.470s][info][gc] GC(7711) Pause Full (Allocation Failure) 15M->12M(15M) 28.571ms
[416.503s][info][gc] GC(7712) Pause Full (Allocation Failure) 15M->12M(15M) 28.063ms
[416.536s][info][gc] GC(7713) Pause Full (Allocation Failure) 15M->12M(15M) 27.701ms
[416.570s][info][gc] GC(7714) Pause Full (Allocation Failure) 15M->11M(15M) 27.960ms
[416.604s][info][gc] GC(7715) Pause Full (Allocation Failure) 15M->12M(15M) 27.922ms
[416.639s][info][gc] GC(7716) Pause Full (Allocation Failure) 15M->11M(15M) 29.034ms
[416.673s][info][gc] GC(7717) Pause Full (Allocation Failure) 15M->12M(15M) 28.526ms
[416.708s][info][gc] GC(7718) Pause Full (Allocation Failure) 15M->11M(15M) 28.669ms
[416.743s][info][gc] GC(7719) Pause Full (Allocation Failure) 15M->12M(15M) 28.983ms
[416.776s][info][gc] GC(7720) Pause Full (Allocation Failure) 15M->12M(15M) 27.821ms
[416.810s][info][gc] GC(7721) Pause Full (Allocation Failure) 15M->12M(15M) 27.626ms
[416.843s][info][gc] GC(7722) Pause Full (Allocation Failure) 15M->11M(15M) 27.595ms
[416.880s][info][gc] GC(7723) Pause Full (Allocation Failure) 15M->12M(15M) 29.971ms
[416.913s][info][gc] GC(7724) Pause Full (Allocation Failure) 15M->12M(15M) 28.086ms
[416.949s][info][gc] GC(7725) Pause Full (Allocation Failure) 15M->12M(15M) 29.427ms
[416.986s][info][gc] GC(7726) Pause Full (Allocation Failure) 15M->11M(15M) 30.613ms
[417.024s][info][gc] GC(7727) Pause Full (Allocation Failure) 15M->12M(15M) 31.840ms
[417.060s][info][gc] GC(7728) Pause Full (Allocation Failure) 15M->11M(15M) 30.938ms
[417.097s][info][gc] GC(7729) Pause Full (Allocation Failure) 15M->12M(15M) 30.074ms
[417.133s][info][gc] GC(7730) Pause Full (Allocation Failure) 15M->11M(15M) 30.420ms
[417.171s][info][gc] GC(7731) Pause Full (Allocation Failure) 15M->12M(15M) 31.012ms
[417.207s][info][gc] GC(7732) Pause Full (Allocation Failure) 15M->12M(15M) 30.692ms
[417.243s][info][gc] GC(7733) Pause Full (Allocation Failure) 15M->12M(15M) 30.291ms
[417.277s][info][gc] GC(7734) Pause Full (Allocation Failure) 15M->11M(15M) 28.021ms
[417.312s][info][gc] GC(7735) Pause Full (Allocation Failure) 15M->12M(15M) 28.487ms
[417.345s][info][gc] GC(7736) Pause Full (Allocation Failure) 15M->11M(15M) 27.391ms
[417.378s][info][gc] GC(7737) Pause Full (Allocation Failure) 15M->12M(15M) 27.963ms
[417.413s][info][gc] GC(7738) Pause Full (Allocation Failure) 15M->11M(15M) 28.601ms
[417.447s][info][gc] GC(7739) Pause Full (Allocation Failure) 15M->12M(15M) 28.517ms
[417.480s][info][gc] GC(7740) Pause Full (Allocation Failure) 15M->12M(15M) 27.766ms
[417.515s][info][gc] GC(7741) Pause Full (Allocation Failure) 15M->12M(15M) 29.062ms
[417.550s][info][gc] GC(7742) Pause Full (Allocation Failure) 15M->11M(15M) 29.286ms
[417.584s][info][gc] GC(7743) Pause Full (Allocation Failure) 15M->12M(15M) 28.618ms
[417.618s][info][gc] GC(7744) Pause Full (Allocation Failure) 15M->12M(15M) 27.738ms
[417.652s][info][gc] GC(7745) Pause Full (Allocation Failure) 15M->12M(15M) 27.931ms
[417.685s][info][gc] GC(7746) Pause Full (Allocation Failure) 15M->11M(15M) 27.799ms
[417.720s][info][gc] GC(7747) Pause Full (Allocation Failure) 15M->12M(15M) 28.445ms
[417.753s][info][gc] GC(7748) Pause Full (Allocation Failure) 15M->12M(15M) 27.501ms
[417.787s][info][gc] GC(7749) Pause Full (Allocation Failure) 15M->12M(15M) 28.185ms
[417.820s][info][gc] GC(7750) Pause Full (Allocation Failure) 15M->11M(15M) 27.782ms
[417.854s][info][gc] GC(7751) Pause Full (Allocation Failure) 15M->12M(15M) 28.207ms
[417.887s][info][gc] GC(7752) Pause Full (Allocation Failure) 15M->12M(15M) 27.892ms
[417.921s][info][gc] GC(7753) Pause Full (Allocation Failure) 15M->12M(15M) 28.104ms
[417.954s][info][gc] GC(7754) Pause Full (Allocation Failure) 15M->11M(15M) 27.502ms
[417.989s][info][gc] GC(7755) Pause Full (Allocation Failure) 15M->12M(15M) 28.970ms
[418.022s][info][gc] GC(7756) Pause Full (Allocation Failure) 15M->12M(15M) 27.818ms
[418.057s][info][gc] GC(7757) Pause Full (Allocation Failure) 15M->12M(15M) 28.584ms
[418.091s][info][gc] GC(7758) Pause Full (Allocation Failure) 15M->11M(15M) 28.056ms
[418.125s][info][gc] GC(7759) Pause Full (Allocation Failure) 15M->12M(15M) 28.952ms
[418.159s][info][gc] GC(7760) Pause Full (Allocation Failure) 15M->12M(15M) 28.017ms
[418.193s][info][gc] GC(7761) Pause Full (Allocation Failure) 15M->12M(15M) 28.582ms
[418.227s][info][gc] GC(7762) Pause Full (Allocation Failure) 15M->11M(15M) 28.125ms
[418.262s][info][gc] GC(7763) Pause Full (Allocation Failure) 15M->12M(15M) 28.974ms
[418.295s][info][gc] GC(7764) Pause Full (Allocation Failure) 15M->12M(15M) 28.030ms
[418.330s][info][gc] GC(7765) Pause Full (Allocation Failure) 15M->12M(15M) 28.526ms
[418.363s][info][gc] GC(7766) Pause Full (Allocation Failure) 15M->11M(15M) 28.306ms
[418.398s][info][gc] GC(7767) Pause Full (Allocation Failure) 15M->12M(15M) 28.857ms
[418.432s][info][gc] GC(7768) Pause Full (Allocation Failure) 15M->12M(15M) 28.040ms
[418.466s][info][gc] GC(7769) Pause Full (Allocation Failure) 15M->12M(15M) 28.773ms
[418.500s][info][gc] GC(7770) Pause Full (Allocation Failure) 15M->11M(15M) 28.282ms
[418.535s][info][gc] GC(7771) Pause Full (Allocation Failure) 15M->12M(15M) 28.859ms
[418.569s][info][gc] GC(7772) Pause Full (Allocation Failure) 15M->12M(15M) 28.235ms
[418.603s][info][gc] GC(7773) Pause Full (Allocation Failure) 15M->12M(15M) 28.446ms
[418.637s][info][gc] GC(7774) Pause Full (Allocation Failure) 15M->11M(15M) 28.369ms
[418.671s][info][gc] GC(7775) Pause Full (Allocation Failure) 15M->12M(15M) 28.704ms
[418.705s][info][gc] GC(7776) Pause Full (Allocation Failure) 15M->12M(15M) 27.983ms
[418.739s][info][gc] GC(7777) Pause Full (Allocation Failure) 15M->12M(15M) 28.271ms
[418.772s][info][gc] GC(7778) Pause Full (Allocation Failure) 15M->11M(15M) 28.146ms
[418.808s][info][gc] GC(7779) Pause Full (Allocation Failure) 15M->12M(15M) 29.585ms
[418.842s][info][gc] GC(7780) Pause Full (Allocation Failure) 15M->12M(15M) 28.575ms
[418.877s][info][gc] GC(7781) Pause Full (Allocation Failure) 15M->12M(15M) 29.067ms
[418.915s][info][gc] GC(7782) Pause Full (Allocation Failure) 15M->11M(15M) 30.464ms
[418.952s][info][gc] GC(7783) Pause Full (Allocation Failure) 15M->12M(15M) 31.013ms
[418.989s][info][gc] GC(7784) Pause Full (Allocation Failure) 15M->12M(15M) 30.701ms
[419.026s][info][gc] GC(7785) Pause Full (Allocation Failure) 15M->12M(15M) 30.729ms
[419.062s][info][gc] GC(7786) Pause Full (Allocation Failure) 15M->11M(15M) 29.792ms
[419.097s][info][gc] GC(7787) Pause Full (Allocation Failure) 15M->12M(15M) 28.907ms
[419.130s][info][gc] GC(7788) Pause Full (Allocation Failure) 15M->12M(15M) 27.529ms
[419.165s][info][gc] GC(7789) Pause Full (Allocation Failure) 15M->12M(15M) 28.842ms
[419.200s][info][gc] GC(7790) Pause Full (Allocation Failure) 15M->11M(15M) 29.769ms
[419.236s][info][gc] GC(7791) Pause Full (Allocation Failure) 15M->12M(15M) 30.083ms
[419.272s][info][gc] GC(7792) Pause Full (Allocation Failure) 15M->12M(15M) 29.146ms
[419.306s][info][gc] GC(7793) Pause Full (Allocation Failure) 15M->12M(15M) 29.024ms
[419.341s][info][gc] GC(7794) Pause Full (Allocation Failure) 15M->11M(15M) 28.962ms
[419.378s][info][gc] GC(7795) Pause Full (Allocation Failure) 15M->12M(15M) 30.024ms
[419.413s][info][gc] GC(7796) Pause Full (Allocation Failure) 15M->12M(15M) 28.957ms
[419.448s][info][gc] GC(7797) Pause Full (Allocation Failure) 15M->12M(15M) 29.683ms
[419.483s][info][gc] GC(7798) Pause Full (Allocation Failure) 15M->11M(15M) 28.962ms
[419.520s][info][gc] GC(7799) Pause Full (Allocation Failure) 15M->12M(15M) 30.921ms
[419.555s][info][gc] GC(7800) Pause Full (Allocation Failure) 15M->12M(15M) 28.997ms
[419.590s][info][gc] GC(7801) Pause Full (Allocation Failure) 15M->12M(15M) 29.191ms
[419.625s][info][gc] GC(7802) Pause Full (Allocation Failure) 15M->11M(15M) 29.427ms
[419.661s][info][gc] GC(7803) Pause Full (Allocation Failure) 15M->12M(15M) 29.690ms
[419.694s][info][gc] GC(7804) Pause Full (Allocation Failure) 15M->12M(15M) 27.914ms
[419.729s][info][gc] GC(7805) Pause Full (Allocation Failure) 15M->12M(15M) 28.012ms
[419.763s][info][gc] GC(7806) Pause Full (Allocation Failure) 15M->11M(15M) 28.594ms
[419.798s][info][gc] GC(7807) Pause Full (Allocation Failure) 15M->12M(15M) 29.006ms
[419.833s][info][gc] GC(7808) Pause Full (Allocation Failure) 15M->12M(15M) 28.978ms
[419.867s][info][gc] GC(7809) Pause Full (Allocation Failure) 15M->12M(15M) 28.627ms
[419.901s][info][gc] GC(7810) Pause Full (Allocation Failure) 15M->11M(15M) 28.476ms
[419.936s][info][gc] GC(7811) Pause Full (Allocation Failure) 15M->12M(15M) 28.464ms
[419.969s][info][gc] GC(7812) Pause Full (Allocation Failure) 15M->12M(15M) 27.720ms
[420.002s][info][gc] GC(7813) Pause Full (Allocation Failure) 15M->12M(15M) 27.912ms
[420.036s][info][gc] GC(7814) Pause Full (Allocation Failure) 15M->11M(15M) 28.150ms
[420.072s][info][gc] GC(7815) Pause Full (Allocation Failure) 15M->12M(15M) 30.026ms
[420.107s][info][gc] GC(7816) Pause Full (Allocation Failure) 15M->12M(15M) 29.347ms
[420.142s][info][gc] GC(7817) Pause Full (Allocation Failure) 15M->12M(15M) 29.546ms
[420.177s][info][gc] GC(7818) Pause Full (Allocation Failure) 15M->11M(15M) 29.112ms
[420.213s][info][gc] GC(7819) Pause Full (Allocation Failure) 15M->12M(15M) 29.298ms
[420.246s][info][gc] GC(7820) Pause Full (Allocation Failure) 15M->12M(15M) 27.776ms
[420.280s][info][gc] GC(7821) Pause Full (Allocation Failure) 15M->12M(15M) 28.135ms
[420.314s][info][gc] GC(7822) Pause Full (Allocation Failure) 15M->11M(15M) 28.452ms
[420.350s][info][gc] GC(7823) Pause Full (Allocation Failure) 15M->12M(15M) 30.066ms
[420.385s][info][gc] GC(7824) Pause Full (Allocation Failure) 15M->12M(15M) 29.344ms
[420.420s][info][gc] GC(7825) Pause Full (Allocation Failure) 15M->12M(15M) 29.316ms
[420.454s][info][gc] GC(7826) Pause Full (Allocation Failure) 15M->11M(15M) 28.749ms
[420.489s][info][gc] GC(7827) Pause Full (Allocation Failure) 15M->12M(15M) 28.647ms
[420.523s][info][gc] GC(7828) Pause Full (Allocation Failure) 15M->12M(15M) 27.979ms
[420.556s][info][gc] GC(7829) Pause Full (Allocation Failure) 15M->12M(15M) 27.758ms
[420.589s][info][gc] GC(7830) Pause Full (Allocation Failure) 15M->11M(15M) 27.817ms
[420.623s][info][gc] GC(7831) Pause Full (Allocation Failure) 15M->12M(15M) 28.384ms
[420.656s][info][gc] GC(7832) Pause Full (Allocation Failure) 15M->12M(15M) 27.784ms
[420.690s][info][gc] GC(7833) Pause Full (Allocation Failure) 15M->12M(15M) 28.256ms
[420.725s][info][gc] GC(7834) Pause Full (Allocation Failure) 15M->11M(15M) 29.325ms
[420.760s][info][gc] GC(7835) Pause Full (Allocation Failure) 15M->12M(15M) 29.108ms
[420.794s][info][gc] GC(7836) Pause Full (Allocation Failure) 15M->12M(15M) 28.026ms
[420.828s][info][gc] GC(7837) Pause Full (Allocation Failure) 15M->12M(15M) 28.536ms
[420.861s][info][gc] GC(7838) Pause Full (Allocation Failure) 15M->11M(15M) 27.980ms
[420.896s][info][gc] GC(7839) Pause Full (Allocation Failure) 15M->12M(15M) 28.964ms
[420.930s][info][gc] GC(7840) Pause Full (Allocation Failure) 15M->12M(15M) 28.253ms
[420.964s][info][gc] GC(7841) Pause Full (Allocation Failure) 15M->12M(15M) 28.391ms
[420.999s][info][gc] GC(7842) Pause Full (Allocation Failure) 15M->11M(15M) 28.961ms
[421.036s][info][gc] GC(7843) Pause Full (Allocation Failure) 15M->12M(15M) 31.155ms
[421.072s][info][gc] GC(7844) Pause Full (Allocation Failure) 15M->12M(15M) 30.356ms
[421.107s][info][gc] GC(7845) Pause Full (Allocation Failure) 15M->12M(15M) 29.107ms
[421.141s][info][gc] GC(7846) Pause Full (Allocation Failure) 15M->11M(15M) 28.350ms
[421.177s][info][gc] GC(7847) Pause Full (Allocation Failure) 15M->12M(15M) 29.162ms
[421.210s][info][gc] GC(7848) Pause Full (Allocation Failure) 15M->12M(15M) 28.276ms
[421.244s][info][gc] GC(7849) Pause Full (Allocation Failure) 15M->12M(15M) 28.404ms
[421.280s][info][gc] GC(7850) Pause Full (Allocation Failure) 15M->11M(15M) 28.704ms
[421.315s][info][gc] GC(7851) Pause Full (Allocation Failure) 15M->12M(15M) 28.841ms
[421.349s][info][gc] GC(7852) Pause Full (Allocation Failure) 15M->12M(15M) 28.413ms
[421.383s][info][gc] GC(7853) Pause Full (Allocation Failure) 15M->12M(15M) 28.733ms
[421.418s][info][gc] GC(7854) Pause Full (Allocation Failure) 15M->11M(15M) 29.928ms
[421.457s][info][gc] GC(7855) Pause Full (Allocation Failure) 15M->12M(15M) 32.568ms
[421.493s][info][gc] GC(7856) Pause Full (Allocation Failure) 15M->12M(15M) 29.949ms
[421.529s][info][gc] GC(7857) Pause Full (Allocation Failure) 15M->12M(15M) 29.691ms
[421.565s][info][gc] GC(7858) Pause Full (Allocation Failure) 15M->11M(15M) 29.180ms
[421.601s][info][gc] GC(7859) Pause Full (Allocation Failure) 15M->12M(15M) 29.694ms
[421.636s][info][gc] GC(7860) Pause Full (Allocation Failure) 15M->12M(15M) 29.483ms
[421.672s][info][gc] GC(7861) Pause Full (Allocation Failure) 15M->12M(15M) 29.287ms
[421.707s][info][gc] GC(7862) Pause Full (Allocation Failure) 15M->11M(15M) 29.305ms
[421.743s][info][gc] GC(7863) Pause Full (Allocation Failure) 15M->12M(15M) 30.387ms
[421.779s][info][gc] GC(7864) Pause Full (Allocation Failure) 15M->12M(15M) 29.398ms
[421.815s][info][gc] GC(7865) Pause Full (Allocation Failure) 15M->12M(15M) 29.875ms
[421.851s][info][gc] GC(7866) Pause Full (Allocation Failure) 15M->11M(15M) 30.067ms
[421.887s][info][gc] GC(7867) Pause Full (Allocation Failure) 15M->12M(15M) 30.266ms
[421.922s][info][gc] GC(7868) Pause Full (Allocation Failure) 15M->12M(15M) 29.748ms
[421.958s][info][gc] GC(7869) Pause Full (Allocation Failure) 15M->12M(15M) 30.248ms
[421.993s][info][gc] GC(7870) Pause Full (Allocation Failure) 15M->11M(15M) 29.613ms
[422.031s][info][gc] GC(7871) Pause Full (Allocation Failure) 15M->12M(15M) 30.473ms
[422.066s][info][gc] GC(7872) Pause Full (Allocation Failure) 15M->12M(15M) 29.670ms
[422.102s][info][gc] GC(7873) Pause Full (Allocation Failure) 15M->12M(15M) 30.103ms
[422.137s][info][gc] GC(7874) Pause Full (Allocation Failure) 15M->11M(15M) 29.916ms
[422.174s][info][gc] GC(7875) Pause Full (Allocation Failure) 15M->12M(15M) 30.366ms
[422.209s][info][gc] GC(7876) Pause Full (Allocation Failure) 15M->12M(15M) 29.519ms
[422.244s][info][gc] GC(7877) Pause Full (Allocation Failure) 15M->12M(15M) 29.527ms
[422.280s][info][gc] GC(7878) Pause Full (Allocation Failure) 15M->11M(15M) 30.288ms
[422.316s][info][gc] GC(7879) Pause Full (Allocation Failure) 15M->12M(15M) 29.573ms
[422.350s][info][gc] GC(7880) Pause Full (Allocation Failure) 15M->12M(15M) 28.416ms
[422.384s][info][gc] GC(7881) Pause Full (Allocation Failure) 15M->12M(15M) 28.643ms
[422.418s][info][gc] GC(7882) Pause Full (Allocation Failure) 15M->11M(15M) 28.375ms
[422.453s][info][gc] GC(7883) Pause Full (Allocation Failure) 15M->12M(15M) 29.245ms
[422.487s][info][gc] GC(7884) Pause Full (Allocation Failure) 15M->12M(15M) 28.364ms
[422.522s][info][gc] GC(7885) Pause Full (Allocation Failure) 15M->12M(15M) 28.519ms
[422.556s][info][gc] GC(7886) Pause Full (Allocation Failure) 15M->11M(15M) 28.409ms
[422.591s][info][gc] GC(7887) Pause Full (Allocation Failure) 15M->12M(15M) 29.447ms
[422.627s][info][gc] GC(7888) Pause Full (Allocation Failure) 15M->12M(15M) 30.000ms
[422.662s][info][gc] GC(7889) Pause Full (Allocation Failure) 15M->12M(15M) 28.228ms
[422.696s][info][gc] GC(7890) Pause Full (Allocation Failure) 15M->11M(15M) 28.451ms
[422.731s][info][gc] GC(7891) Pause Full (Allocation Failure) 15M->12M(15M) 29.083ms
[422.765s][info][gc] GC(7892) Pause Full (Allocation Failure) 15M->12M(15M) 28.204ms
[422.800s][info][gc] GC(7893) Pause Full (Allocation Failure) 15M->12M(15M) 28.610ms
[422.834s][info][gc] GC(7894) Pause Full (Allocation Failure) 15M->11M(15M) 28.434ms
[422.869s][info][gc] GC(7895) Pause Full (Allocation Failure) 15M->12M(15M) 28.921ms
[422.902s][info][gc] GC(7896) Pause Full (Allocation Failure) 15M->12M(15M) 28.207ms
[422.936s][info][gc] GC(7897) Pause Full (Allocation Failure) 15M->12M(15M) 28.619ms
[422.970s][info][gc] GC(7898) Pause Full (Allocation Failure) 15M->11M(15M) 28.563ms
[423.005s][info][gc] GC(7899) Pause Full (Allocation Failure) 15M->12M(15M) 29.204ms
[423.039s][info][gc] GC(7900) Pause Full (Allocation Failure) 15M->12M(15M) 28.190ms
[423.073s][info][gc] GC(7901) Pause Full (Allocation Failure) 15M->12M(15M) 28.546ms
[423.107s][info][gc] GC(7902) Pause Full (Allocation Failure) 15M->11M(15M) 28.509ms
[423.142s][info][gc] GC(7903) Pause Full (Allocation Failure) 15M->12M(15M) 29.206ms
[423.176s][info][gc] GC(7904) Pause Full (Allocation Failure) 15M->12M(15M) 28.912ms
[423.211s][info][gc] GC(7905) Pause Full (Allocation Failure) 15M->12M(15M) 29.398ms
[423.247s][info][gc] GC(7906) Pause Full (Allocation Failure) 15M->11M(15M) 29.763ms
[423.285s][info][gc] GC(7907) Pause Full (Allocation Failure) 15M->12M(15M) 30.609ms
[423.320s][info][gc] GC(7908) Pause Full (Allocation Failure) 15M->12M(15M) 30.026ms
[423.356s][info][gc] GC(7909) Pause Full (Allocation Failure) 15M->12M(15M) 30.275ms
[423.391s][info][gc] GC(7910) Pause Full (Allocation Failure) 15M->11M(15M) 29.663ms
[423.427s][info][gc] GC(7911) Pause Full (Allocation Failure) 15M->12M(15M) 29.783ms
[423.462s][info][gc] GC(7912) Pause Full (Allocation Failure) 15M->12M(15M) 28.563ms
[423.498s][info][gc] GC(7913) Pause Full (Allocation Failure) 15M->12M(15M) 29.220ms
[423.531s][info][gc] GC(7914) Pause Full (Allocation Failure) 15M->11M(15M) 28.411ms
[423.567s][info][gc] GC(7915) Pause Full (Allocation Failure) 15M->12M(15M) 29.128ms
[423.600s][info][gc] GC(7916) Pause Full (Allocation Failure) 15M->12M(15M) 28.284ms
[423.635s][info][gc] GC(7917) Pause Full (Allocation Failure) 15M->12M(15M) 28.686ms
[423.669s][info][gc] GC(7918) Pause Full (Allocation Failure) 15M->11M(15M) 28.344ms
[423.704s][info][gc] GC(7919) Pause Full (Allocation Failure) 15M->12M(15M) 28.920ms
[423.737s][info][gc] GC(7920) Pause Full (Allocation Failure) 15M->12M(15M) 28.318ms
[423.771s][info][gc] GC(7921) Pause Full (Allocation Failure) 15M->12M(15M) 28.570ms
[423.805s][info][gc] GC(7922) Pause Full (Allocation Failure) 15M->11M(15M) 28.265ms
[423.840s][info][gc] GC(7923) Pause Full (Allocation Failure) 15M->12M(15M) 29.461ms
[423.873s][info][gc] GC(7924) Pause Full (Allocation Failure) 15M->12M(15M) 28.167ms
[423.908s][info][gc] GC(7925) Pause Full (Allocation Failure) 15M->12M(15M) 28.697ms
[423.941s][info][gc] GC(7926) Pause Full (Allocation Failure) 15M->11M(15M) 28.174ms
[423.976s][info][gc] GC(7927) Pause Full (Allocation Failure) 15M->12M(15M) 28.868ms
[424.010s][info][gc] GC(7928) Pause Full (Allocation Failure) 15M->12M(15M) 28.175ms
[424.044s][info][gc] GC(7929) Pause Full (Allocation Failure) 15M->12M(15M) 28.651ms
[424.078s][info][gc] GC(7930) Pause Full (Allocation Failure) 15M->11M(15M) 28.257ms
[424.113s][info][gc] GC(7931) Pause Full (Allocation Failure) 15M->12M(15M) 28.679ms
[424.146s][info][gc] GC(7932) Pause Full (Allocation Failure) 15M->12M(15M) 28.189ms
[424.181s][info][gc] GC(7933) Pause Full (Allocation Failure) 15M->12M(15M) 28.958ms
[424.215s][info][gc] GC(7934) Pause Full (Allocation Failure) 15M->11M(15M) 28.610ms
[424.250s][info][gc] GC(7935) Pause Full (Allocation Failure) 15M->12M(15M) 29.057ms
[424.283s][info][gc] GC(7936) Pause Full (Allocation Failure) 15M->12M(15M) 28.272ms
[424.317s][info][gc] GC(7937) Pause Full (Allocation Failure) 15M->12M(15M) 28.696ms
[424.351s][info][gc] GC(7938) Pause Full (Allocation Failure) 15M->11M(15M) 28.480ms
[424.386s][info][gc] GC(7939) Pause Full (Allocation Failure) 15M->12M(15M) 29.161ms
[424.420s][info][gc] GC(7940) Pause Full (Allocation Failure) 15M->12M(15M) 28.458ms
[424.454s][info][gc] GC(7941) Pause Full (Allocation Failure) 15M->12M(15M) 28.627ms
[424.489s][info][gc] GC(7942) Pause Full (Allocation Failure) 15M->11M(15M) 28.696ms
[424.524s][info][gc] GC(7943) Pause Full (Allocation Failure) 15M->12M(15M) 29.460ms
[424.558s][info][gc] GC(7944) Pause Full (Allocation Failure) 15M->12M(15M) 28.179ms
[424.592s][info][gc] GC(7945) Pause Full (Allocation Failure) 15M->12M(15M) 28.519ms
[424.626s][info][gc] GC(7946) Pause Full (Allocation Failure) 15M->11M(15M) 28.508ms
[424.661s][info][gc] GC(7947) Pause Full (Allocation Failure) 15M->12M(15M) 28.799ms
[424.694s][info][gc] GC(7948) Pause Full (Allocation Failure) 15M->12M(15M) 28.111ms
[424.728s][info][gc] GC(7949) Pause Full (Allocation Failure) 15M->12M(15M) 28.356ms
[424.762s][info][gc] GC(7950) Pause Full (Allocation Failure) 15M->11M(15M) 28.539ms
[424.798s][info][gc] GC(7951) Pause Full (Allocation Failure) 15M->12M(15M) 29.358ms
[424.832s][info][gc] GC(7952) Pause Full (Allocation Failure) 15M->12M(15M) 28.421ms
[424.866s][info][gc] GC(7953) Pause Full (Allocation Failure) 15M->12M(15M) 28.654ms
[424.900s][info][gc] GC(7954) Pause Full (Allocation Failure) 15M->11M(15M) 28.501ms
[424.935s][info][gc] GC(7955) Pause Full (Allocation Failure) 15M->12M(15M) 29.070ms
[424.969s][info][gc] GC(7956) Pause Full (Allocation Failure) 15M->12M(15M) 28.494ms
[425.005s][info][gc] GC(7957) Pause Full (Allocation Failure) 15M->12M(15M) 28.863ms
[425.040s][info][gc] GC(7958) Pause Full (Allocation Failure) 15M->11M(15M) 28.698ms
[425.076s][info][gc] GC(7959) Pause Full (Allocation Failure) 15M->12M(15M) 29.681ms
[425.110s][info][gc] GC(7960) Pause Full (Allocation Failure) 15M->12M(15M) 28.292ms
[425.145s][info][gc] GC(7961) Pause Full (Allocation Failure) 15M->12M(15M) 28.878ms
[425.179s][info][gc] GC(7962) Pause Full (Allocation Failure) 15M->11M(15M) 28.473ms
[425.215s][info][gc] GC(7963) Pause Full (Allocation Failure) 15M->12M(15M) 29.261ms
[425.248s][info][gc] GC(7964) Pause Full (Allocation Failure) 15M->12M(15M) 28.300ms
[425.283s][info][gc] GC(7965) Pause Full (Allocation Failure) 15M->12M(15M) 28.662ms
[425.317s][info][gc] GC(7966) Pause Full (Allocation Failure) 15M->11M(15M) 28.476ms
[425.352s][info][gc] GC(7967) Pause Full (Allocation Failure) 15M->12M(15M) 29.123ms
[425.386s][info][gc] GC(7968) Pause Full (Allocation Failure) 15M->12M(15M) 29.150ms
[425.421s][info][gc] GC(7969) Pause Full (Allocation Failure) 15M->12M(15M) 28.822ms
[425.455s][info][gc] GC(7970) Pause Full (Allocation Failure) 15M->11M(15M) 28.562ms
[425.491s][info][gc] GC(7971) Pause Full (Allocation Failure) 15M->12M(15M) 29.615ms
[425.525s][info][gc] GC(7972) Pause Full (Allocation Failure) 15M->12M(15M) 28.250ms
[425.559s][info][gc] GC(7973) Pause Full (Allocation Failure) 15M->12M(15M) 28.777ms
[425.593s][info][gc] GC(7974) Pause Full (Allocation Failure) 15M->11M(15M) 28.296ms
[425.629s][info][gc] GC(7975) Pause Full (Allocation Failure) 15M->12M(15M) 29.264ms
[425.663s][info][gc] GC(7976) Pause Full (Allocation Failure) 15M->12M(15M) 28.560ms
[425.698s][info][gc] GC(7977) Pause Full (Allocation Failure) 15M->12M(15M) 29.217ms
[425.733s][info][gc] GC(7978) Pause Full (Allocation Failure) 15M->11M(15M) 28.913ms
[425.769s][info][gc] GC(7979) Pause Full (Allocation Failure) 15M->12M(15M) 29.785ms
[425.803s][info][gc] GC(7980) Pause Full (Allocation Failure) 15M->12M(15M) 29.061ms
[425.840s][info][gc] GC(7981) Pause Full (Allocation Failure) 15M->12M(15M) 30.698ms
[425.876s][info][gc] GC(7982) Pause Full (Allocation Failure) 15M->11M(15M) 29.720ms
[425.911s][info][gc] GC(7983) Pause Full (Allocation Failure) 15M->12M(15M) 29.407ms
[425.945s][info][gc] GC(7984) Pause Full (Allocation Failure) 15M->12M(15M) 28.399ms
[425.980s][info][gc] GC(7985) Pause Full (Allocation Failure) 15M->12M(15M) 28.793ms
[426.014s][info][gc] GC(7986) Pause Full (Allocation Failure) 15M->11M(15M) 28.592ms
[426.049s][info][gc] GC(7987) Pause Full (Allocation Failure) 15M->12M(15M) 29.445ms
[426.083s][info][gc] GC(7988) Pause Full (Allocation Failure) 15M->12M(15M) 28.568ms
[426.120s][info][gc] GC(7989) Pause Full (Allocation Failure) 15M->12M(15M) 30.383ms
[426.156s][info][gc] GC(7990) Pause Full (Allocation Failure) 15M->11M(15M) 30.291ms
[426.193s][info][gc] GC(7991) Pause Full (Allocation Failure) 15M->12M(15M) 31.044ms
[426.229s][info][gc] GC(7992) Pause Full (Allocation Failure) 15M->12M(15M) 29.770ms
[426.266s][info][gc] GC(7993) Pause Full (Allocation Failure) 15M->12M(15M) 30.532ms
[426.301s][info][gc] GC(7994) Pause Full (Allocation Failure) 15M->11M(15M) 29.352ms
[426.337s][info][gc] GC(7995) Pause Full (Allocation Failure) 15M->12M(15M) 29.431ms
[426.371s][info][gc] GC(7996) Pause Full (Allocation Failure) 15M->12M(15M) 28.629ms
[426.406s][info][gc] GC(7997) Pause Full (Allocation Failure) 15M->12M(15M) 29.236ms
[426.440s][info][gc] GC(7998) Pause Full (Allocation Failure) 15M->11M(15M) 28.650ms
[426.475s][info][gc] GC(7999) Pause Full (Allocation Failure) 15M->12M(15M) 29.403ms
[426.510s][info][gc] GC(8000) Pause Full (Allocation Failure) 15M->12M(15M) 29.010ms
[426.544s][info][gc] GC(8001) Pause Full (Allocation Failure) 15M->12M(15M) 28.827ms
[426.578s][info][gc] GC(8002) Pause Full (Allocation Failure) 15M->11M(15M) 28.294ms
[426.614s][info][gc] GC(8003) Pause Full (Allocation Failure) 15M->12M(15M) 29.281ms
[426.647s][info][gc] GC(8004) Pause Full (Allocation Failure) 15M->12M(15M) 28.090ms
[426.682s][info][gc] GC(8005) Pause Full (Allocation Failure) 15M->12M(15M) 28.972ms
[426.716s][info][gc] GC(8006) Pause Full (Allocation Failure) 15M->11M(15M) 28.453ms
[426.751s][info][gc] GC(8007) Pause Full (Allocation Failure) 15M->12M(15M) 29.176ms
[426.784s][info][gc] GC(8008) Pause Full (Allocation Failure) 15M->12M(15M) 28.157ms
[426.819s][info][gc] GC(8009) Pause Full (Allocation Failure) 15M->12M(15M) 28.844ms
[426.853s][info][gc] GC(8010) Pause Full (Allocation Failure) 15M->11M(15M) 28.680ms
[426.889s][info][gc] GC(8011) Pause Full (Allocation Failure) 15M->12M(15M) 29.699ms
[426.922s][info][gc] GC(8012) Pause Full (Allocation Failure) 15M->12M(15M) 28.295ms
[426.957s][info][gc] GC(8013) Pause Full (Allocation Failure) 15M->12M(15M) 28.802ms
[426.991s][info][gc] GC(8014) Pause Full (Allocation Failure) 15M->11M(15M) 28.639ms
[427.027s][info][gc] GC(8015) Pause Full (Allocation Failure) 15M->12M(15M) 29.215ms
[427.061s][info][gc] GC(8016) Pause Full (Allocation Failure) 15M->12M(15M) 28.566ms
[427.100s][info][gc] GC(8017) Pause Full (Allocation Failure) 15M->12M(15M) 33.145ms
[427.138s][info][gc] GC(8018) Pause Full (Allocation Failure) 15M->11M(15M) 31.756ms
[427.176s][info][gc] GC(8019) Pause Full (Allocation Failure) 15M->12M(15M) 31.926ms
[427.212s][info][gc] GC(8020) Pause Full (Allocation Failure) 15M->12M(15M) 30.257ms
[427.251s][info][gc] GC(8021) Pause Full (Allocation Failure) 15M->12M(15M) 31.957ms
[427.289s][info][gc] GC(8022) Pause Full (Allocation Failure) 15M->11M(15M) 31.609ms
[427.327s][info][gc] GC(8023) Pause Full (Allocation Failure) 15M->12M(15M) 31.484ms
[427.363s][info][gc] GC(8024) Pause Full (Allocation Failure) 15M->12M(15M) 30.423ms
[427.401s][info][gc] GC(8025) Pause Full (Allocation Failure) 15M->12M(15M) 31.534ms
[427.439s][info][gc] GC(8026) Pause Full (Allocation Failure) 15M->11M(15M) 31.993ms
[427.476s][info][gc] GC(8027) Pause Full (Allocation Failure) 15M->12M(15M) 30.367ms
[427.511s][info][gc] GC(8028) Pause Full (Allocation Failure) 15M->12M(15M) 29.257ms
[427.546s][info][gc] GC(8029) Pause Full (Allocation Failure) 15M->12M(15M) 29.300ms
[427.580s][info][gc] GC(8030) Pause Full (Allocation Failure) 15M->11M(15M) 28.482ms
[427.616s][info][gc] GC(8031) Pause Full (Allocation Failure) 15M->12M(15M) 29.405ms
[427.650s][info][gc] GC(8032) Pause Full (Allocation Failure) 15M->12M(15M) 28.266ms
[427.684s][info][gc] GC(8033) Pause Full (Allocation Failure) 15M->12M(15M) 28.540ms
[427.718s][info][gc] GC(8034) Pause Full (Allocation Failure) 15M->11M(15M) 28.194ms
[427.753s][info][gc] GC(8035) Pause Full (Allocation Failure) 15M->12M(15M) 29.120ms
[427.786s][info][gc] GC(8036) Pause Full (Allocation Failure) 15M->12M(15M) 28.146ms
[427.820s][info][gc] GC(8037) Pause Full (Allocation Failure) 15M->12M(15M) 28.449ms
[427.854s][info][gc] GC(8038) Pause Full (Allocation Failure) 15M->11M(15M) 28.176ms
[427.889s][info][gc] GC(8039) Pause Full (Allocation Failure) 15M->12M(15M) 28.956ms
[427.922s][info][gc] GC(8040) Pause Full (Allocation Failure) 15M->12M(15M) 28.040ms
[427.955s][info][gc] GC(8041) Pause Full (Allocation Failure) 15M->12M(15M) 28.264ms
[427.989s][info][gc] GC(8042) Pause Full (Allocation Failure) 15M->11M(15M) 28.494ms
[428.024s][info][gc] GC(8043) Pause Full (Allocation Failure) 15M->12M(15M) 28.851ms
[428.058s][info][gc] GC(8044) Pause Full (Allocation Failure) 15M->12M(15M) 28.938ms
[428.092s][info][gc] GC(8045) Pause Full (Allocation Failure) 15M->12M(15M) 28.435ms
[428.125s][info][gc] GC(8046) Pause Full (Allocation Failure) 15M->11M(15M) 28.221ms
[428.160s][info][gc] GC(8047) Pause Full (Allocation Failure) 15M->12M(15M) 28.702ms
[428.193s][info][gc] GC(8048) Pause Full (Allocation Failure) 15M->12M(15M) 27.947ms
[428.227s][info][gc] GC(8049) Pause Full (Allocation Failure) 15M->12M(15M) 28.567ms
[428.261s][info][gc] GC(8050) Pause Full (Allocation Failure) 15M->11M(15M) 28.739ms
[428.296s][info][gc] GC(8051) Pause Full (Allocation Failure) 15M->12M(15M) 28.771ms
[428.329s][info][gc] GC(8052) Pause Full (Allocation Failure) 15M->12M(15M) 28.207ms
[428.363s][info][gc] GC(8053) Pause Full (Allocation Failure) 15M->12M(15M) 28.540ms
[428.398s][info][gc] GC(8054) Pause Full (Allocation Failure) 15M->11M(15M) 29.046ms
[428.432s][info][gc] GC(8055) Pause Full (Allocation Failure) 15M->12M(15M) 28.955ms
[428.466s][info][gc] GC(8056) Pause Full (Allocation Failure) 15M->12M(15M) 28.459ms
[428.500s][info][gc] GC(8057) Pause Full (Allocation Failure) 15M->12M(15M) 28.747ms
[428.535s][info][gc] GC(8058) Pause Full (Allocation Failure) 15M->11M(15M) 28.824ms
[428.570s][info][gc] GC(8059) Pause Full (Allocation Failure) 15M->12M(15M) 29.349ms
[428.604s][info][gc] GC(8060) Pause Full (Allocation Failure) 15M->12M(15M) 28.566ms
[428.638s][info][gc] GC(8061) Pause Full (Allocation Failure) 15M->12M(15M) 28.762ms
[428.672s][info][gc] GC(8062) Pause Full (Allocation Failure) 15M->11M(15M) 28.382ms
[428.707s][info][gc] GC(8063) Pause Full (Allocation Failure) 15M->12M(15M) 29.017ms
[428.741s][info][gc] GC(8064) Pause Full (Allocation Failure) 15M->12M(15M) 28.632ms
[428.775s][info][gc] GC(8065) Pause Full (Allocation Failure) 15M->12M(15M) 28.724ms
[428.809s][info][gc] GC(8066) Pause Full (Allocation Failure) 15M->11M(15M) 28.723ms
[428.844s][info][gc] GC(8067) Pause Full (Allocation Failure) 15M->12M(15M) 29.124ms
[428.877s][info][gc] GC(8068) Pause Full (Allocation Failure) 15M->12M(15M) 28.532ms
[428.912s][info][gc] GC(8069) Pause Full (Allocation Failure) 15M->12M(15M) 29.039ms
[428.945s][info][gc] GC(8070) Pause Full (Allocation Failure) 15M->11M(15M) 28.466ms
[428.981s][info][gc] GC(8071) Pause Full (Allocation Failure) 15M->12M(15M) 29.251ms
[429.014s][info][gc] GC(8072) Pause Full (Allocation Failure) 15M->12M(15M) 28.252ms
[429.048s][info][gc] GC(8073) Pause Full (Allocation Failure) 15M->12M(15M) 28.841ms
[429.082s][info][gc] GC(8074) Pause Full (Allocation Failure) 15M->11M(15M) 28.723ms
[429.117s][info][gc] GC(8075) Pause Full (Allocation Failure) 15M->12M(15M) 29.021ms
[429.150s][info][gc] GC(8076) Pause Full (Allocation Failure) 15M->12M(15M) 28.311ms
[429.185s][info][gc] GC(8077) Pause Full (Allocation Failure) 15M->12M(15M) 28.832ms
[429.219s][info][gc] GC(8078) Pause Full (Allocation Failure) 15M->11M(15M) 29.109ms
[429.254s][info][gc] GC(8079) Pause Full (Allocation Failure) 15M->12M(15M) 29.288ms
[429.287s][info][gc] GC(8080) Pause Full (Allocation Failure) 15M->12M(15M) 28.191ms
[429.322s][info][gc] GC(8081) Pause Full (Allocation Failure) 15M->12M(15M) 28.771ms
[429.355s][info][gc] GC(8082) Pause Full (Allocation Failure) 15M->11M(15M) 28.731ms
[429.391s][info][gc] GC(8083) Pause Full (Allocation Failure) 15M->12M(15M) 29.522ms
[429.425s][info][gc] GC(8084) Pause Full (Allocation Failure) 15M->12M(15M) 29.040ms
[429.459s][info][gc] GC(8085) Pause Full (Allocation Failure) 15M->12M(15M) 28.918ms
[429.493s][info][gc] GC(8086) Pause Full (Allocation Failure) 15M->12M(15M) 29.122ms
[429.529s][info][gc] GC(8087) Pause Full (Allocation Failure) 15M->12M(15M) 29.576ms
[429.563s][info][gc] GC(8088) Pause Full (Allocation Failure) 15M->12M(15M) 28.742ms
[429.597s][info][gc] GC(8089) Pause Full (Allocation Failure) 15M->12M(15M) 28.948ms
[429.631s][info][gc] GC(8090) Pause Full (Allocation Failure) 15M->11M(15M) 28.738ms
[429.666s][info][gc] GC(8091) Pause Full (Allocation Failure) 15M->12M(15M) 29.331ms
[429.700s][info][gc] GC(8092) Pause Full (Allocation Failure) 15M->12M(15M) 28.674ms
[429.734s][info][gc] GC(8093) Pause Full (Allocation Failure) 15M->12M(15M) 28.809ms
[429.768s][info][gc] GC(8094) Pause Full (Allocation Failure) 15M->11M(15M) 28.778ms
[429.803s][info][gc] GC(8095) Pause Full (Allocation Failure) 15M->12M(15M) 29.360ms
[429.837s][info][gc] GC(8096) Pause Full (Allocation Failure) 15M->12M(15M) 28.680ms
[429.872s][info][gc] GC(8097) Pause Full (Allocation Failure) 15M->12M(15M) 29.062ms
[429.906s][info][gc] GC(8098) Pause Full (Allocation Failure) 15M->12M(15M) 29.080ms
[429.941s][info][gc] GC(8099) Pause Full (Allocation Failure) 15M->12M(15M) 29.014ms
[429.975s][info][gc] GC(8100) Pause Full (Allocation Failure) 15M->12M(15M) 28.718ms
[430.009s][info][gc] GC(8101) Pause Full (Allocation Failure) 15M->12M(15M) 28.838ms
[430.043s][info][gc] GC(8102) Pause Full (Allocation Failure) 15M->11M(15M) 28.686ms
[430.079s][info][gc] GC(8103) Pause Full (Allocation Failure) 15M->12M(15M) 29.494ms
[430.113s][info][gc] GC(8104) Pause Full (Allocation Failure) 15M->12M(15M) 28.710ms
[430.147s][info][gc] GC(8105) Pause Full (Allocation Failure) 15M->12M(15M) 28.988ms
[430.182s][info][gc] GC(8106) Pause Full (Allocation Failure) 15M->11M(15M) 29.306ms
[430.219s][info][gc] GC(8107) Pause Full (Allocation Failure) 15M->12M(15M) 31.664ms
[430.255s][info][gc] GC(8108) Pause Full (Allocation Failure) 15M->12M(15M) 30.618ms
[430.291s][info][gc] GC(8109) Pause Full (Allocation Failure) 15M->12M(15M) 29.711ms
[430.325s][info][gc] GC(8110) Pause Full (Allocation Failure) 15M->11M(15M) 28.746ms
[430.360s][info][gc] GC(8111) Pause Full (Allocation Failure) 15M->12M(15M) 29.521ms
[430.394s][info][gc] GC(8112) Pause Full (Allocation Failure) 15M->12M(15M) 28.685ms
[430.429s][info][gc] GC(8113) Pause Full (Allocation Failure) 15M->12M(15M) 29.735ms
[430.463s][info][gc] GC(8114) Pause Full (Allocation Failure) 15M->11M(15M) 28.812ms
[430.499s][info][gc] GC(8115) Pause Full (Allocation Failure) 15M->12M(15M) 29.486ms
[430.533s][info][gc] GC(8116) Pause Full (Allocation Failure) 15M->12M(15M) 29.228ms
[430.569s][info][gc] GC(8117) Pause Full (Allocation Failure) 15M->12M(15M) 30.332ms
[430.607s][info][gc] GC(8118) Pause Full (Allocation Failure) 15M->11M(15M) 32.386ms
[430.645s][info][gc] GC(8119) Pause Full (Allocation Failure) 15M->12M(15M) 31.840ms
[430.684s][info][gc] GC(8120) Pause Full (Allocation Failure) 15M->12M(15M) 31.837ms
[430.721s][info][gc] GC(8121) Pause Full (Allocation Failure) 15M->12M(15M) 32.158ms
[430.759s][info][gc] GC(8122) Pause Full (Allocation Failure) 15M->12M(15M) 31.704ms
[430.796s][info][gc] GC(8123) Pause Full (Allocation Failure) 15M->12M(15M) 30.564ms
[430.833s][info][gc] GC(8124) Pause Full (Allocation Failure) 15M->12M(15M) 30.970ms
[430.868s][info][gc] GC(8125) Pause Full (Allocation Failure) 15M->12M(15M) 29.399ms
[430.901s][info][gc] GC(8126) Pause Full (Allocation Failure) 15M->11M(15M) 28.163ms
[430.936s][info][gc] GC(8127) Pause Full (Allocation Failure) 15M->12M(15M) 28.920ms
[430.970s][info][gc] GC(8128) Pause Full (Allocation Failure) 15M->12M(15M) 28.932ms
[431.005s][info][gc] GC(8129) Pause Full (Allocation Failure) 15M->12M(15M) 28.675ms
[431.038s][info][gc] GC(8130) Pause Full (Allocation Failure) 15M->11M(15M) 28.293ms
[431.073s][info][gc] GC(8131) Pause Full (Allocation Failure) 15M->12M(15M) 28.948ms
[431.106s][info][gc] GC(8132) Pause Full (Allocation Failure) 15M->12M(15M) 28.059ms
[431.140s][info][gc] GC(8133) Pause Full (Allocation Failure) 15M->12M(15M) 28.653ms
[431.174s][info][gc] GC(8134) Pause Full (Allocation Failure) 15M->11M(15M) 29.269ms
[431.210s][info][gc] GC(8135) Pause Full (Allocation Failure) 15M->12M(15M) 30.098ms
[431.245s][info][gc] GC(8136) Pause Full (Allocation Failure) 15M->12M(15M) 28.914ms
[431.278s][info][gc] GC(8137) Pause Full (Allocation Failure) 15M->12M(15M) 28.606ms
[431.312s][info][gc] GC(8138) Pause Full (Allocation Failure) 15M->12M(15M) 28.518ms
[431.347s][info][gc] GC(8139) Pause Full (Allocation Failure) 15M->12M(15M) 28.630ms
[431.381s][info][gc] GC(8140) Pause Full (Allocation Failure) 15M->12M(15M) 28.829ms
[431.416s][info][gc] GC(8141) Pause Full (Allocation Failure) 15M->12M(15M) 29.342ms
[431.450s][info][gc] GC(8142) Pause Full (Allocation Failure) 15M->11M(15M) 28.864ms
[431.485s][info][gc] GC(8143) Pause Full (Allocation Failure) 15M->12M(15M) 28.807ms
[431.519s][info][gc] GC(8144) Pause Full (Allocation Failure) 15M->12M(15M) 29.111ms
[431.553s][info][gc] GC(8145) Pause Full (Allocation Failure) 15M->12M(15M) 28.395ms
[431.587s][info][gc] GC(8146) Pause Full (Allocation Failure) 15M->11M(15M) 28.723ms
[431.622s][info][gc] GC(8147) Pause Full (Allocation Failure) 15M->12M(15M) 29.255ms
[431.656s][info][gc] GC(8148) Pause Full (Allocation Failure) 15M->12M(15M) 28.845ms
[431.690s][info][gc] GC(8149) Pause Full (Allocation Failure) 15M->12M(15M) 28.736ms
[431.725s][info][gc] GC(8150) Pause Full (Allocation Failure) 15M->11M(15M) 28.928ms
[431.760s][info][gc] GC(8151) Pause Full (Allocation Failure) 15M->12M(15M) 29.530ms
[431.795s][info][gc] GC(8152) Pause Full (Allocation Failure) 15M->12M(15M) 28.756ms
[431.829s][info][gc] GC(8153) Pause Full (Allocation Failure) 15M->12M(15M) 29.041ms
[431.863s][info][gc] GC(8154) Pause Full (Allocation Failure) 15M->11M(15M) 28.836ms
[431.899s][info][gc] GC(8155) Pause Full (Allocation Failure) 15M->12M(15M) 29.647ms
[431.933s][info][gc] GC(8156) Pause Full (Allocation Failure) 15M->12M(15M) 28.817ms
[431.968s][info][gc] GC(8157) Pause Full (Allocation Failure) 15M->12M(15M) 29.319ms
[432.002s][info][gc] GC(8158) Pause Full (Allocation Failure) 15M->12M(15M) 28.851ms
[432.037s][info][gc] GC(8159) Pause Full (Allocation Failure) 15M->12M(15M) 29.290ms
[432.071s][info][gc] GC(8160) Pause Full (Allocation Failure) 15M->12M(15M) 29.043ms
[432.105s][info][gc] GC(8161) Pause Full (Allocation Failure) 15M->12M(15M) 28.950ms
[432.140s][info][gc] GC(8162) Pause Full (Allocation Failure) 15M->12M(15M) 28.813ms
[432.175s][info][gc] GC(8163) Pause Full (Allocation Failure) 15M->12M(15M) 29.316ms
[432.209s][info][gc] GC(8164) Pause Full (Allocation Failure) 15M->12M(15M) 28.864ms
[432.243s][info][gc] GC(8165) Pause Full (Allocation Failure) 15M->12M(15M) 29.183ms
[432.278s][info][gc] GC(8166) Pause Full (Allocation Failure) 15M->12M(15M) 29.115ms
[432.313s][info][gc] GC(8167) Pause Full (Allocation Failure) 15M->12M(15M) 29.194ms
[432.347s][info][gc] GC(8168) Pause Full (Allocation Failure) 15M->12M(15M) 28.968ms
[432.382s][info][gc] GC(8169) Pause Full (Allocation Failure) 15M->12M(15M) 29.376ms
[432.417s][info][gc] GC(8170) Pause Full (Allocation Failure) 15M->11M(15M) 29.825ms
[432.452s][info][gc] GC(8171) Pause Full (Allocation Failure) 15M->12M(15M) 29.510ms
[432.487s][info][gc] GC(8172) Pause Full (Allocation Failure) 15M->12M(15M) 29.369ms
[432.521s][info][gc] GC(8173) Pause Full (Allocation Failure) 15M->12M(15M) 29.598ms
[432.556s][info][gc] GC(8174) Pause Full (Allocation Failure) 15M->12M(15M) 29.220ms
[432.591s][info][gc] GC(8175) Pause Full (Allocation Failure) 15M->12M(15M) 29.580ms
[432.626s][info][gc] GC(8176) Pause Full (Allocation Failure) 15M->12M(15M) 28.929ms
[432.661s][info][gc] GC(8177) Pause Full (Allocation Failure) 15M->12M(15M) 29.646ms
[432.695s][info][gc] GC(8178) Pause Full (Allocation Failure) 15M->11M(15M) 28.777ms
[432.730s][info][gc] GC(8179) Pause Full (Allocation Failure) 15M->12M(15M) 29.346ms
[432.764s][info][gc] GC(8180) Pause Full (Allocation Failure) 15M->12M(15M) 28.953ms
[432.798s][info][gc] GC(8181) Pause Full (Allocation Failure) 15M->12M(15M) 28.995ms
[432.833s][info][gc] GC(8182) Pause Full (Allocation Failure) 15M->12M(15M) 29.059ms
[432.868s][info][gc] GC(8183) Pause Full (Allocation Failure) 15M->12M(15M) 29.154ms
[432.902s][info][gc] GC(8184) Pause Full (Allocation Failure) 15M->12M(15M) 29.139ms
[432.937s][info][gc] GC(8185) Pause Full (Allocation Failure) 15M->12M(15M) 29.148ms
[432.971s][info][gc] GC(8186) Pause Full (Allocation Failure) 15M->12M(15M) 29.036ms
[433.006s][info][gc] GC(8187) Pause Full (Allocation Failure) 15M->12M(15M) 29.313ms
[433.040s][info][gc] GC(8188) Pause Full (Allocation Failure) 15M->12M(15M) 28.841ms
[433.074s][info][gc] GC(8189) Pause Full (Allocation Failure) 15M->12M(15M) 28.798ms
[433.109s][info][gc] GC(8190) Pause Full (Allocation Failure) 15M->12M(15M) 29.547ms
[433.144s][info][gc] GC(8191) Pause Full (Allocation Failure) 15M->12M(15M) 29.552ms
[433.179s][info][gc] GC(8192) Pause Full (Allocation Failure) 15M->12M(15M) 28.842ms
[433.213s][info][gc] GC(8193) Pause Full (Allocation Failure) 15M->12M(15M) 29.472ms
[433.248s][info][gc] GC(8194) Pause Full (Allocation Failure) 15M->12M(15M) 29.239ms
[433.283s][info][gc] GC(8195) Pause Full (Allocation Failure) 15M->12M(15M) 29.213ms
[433.318s][info][gc] GC(8196) Pause Full (Allocation Failure) 15M->12M(15M) 29.090ms
[433.352s][info][gc] GC(8197) Pause Full (Allocation Failure) 15M->12M(15M) 28.953ms
[433.386s][info][gc] GC(8198) Pause Full (Allocation Failure) 15M->12M(15M) 29.396ms
[433.421s][info][gc] GC(8199) Pause Full (Allocation Failure) 15M->12M(15M) 29.462ms
[433.456s][info][gc] GC(8200) Pause Full (Allocation Failure) 15M->12M(15M) 28.813ms
[433.491s][info][gc] GC(8201) Pause Full (Allocation Failure) 15M->12M(15M) 29.347ms
[433.525s][info][gc] GC(8202) Pause Full (Allocation Failure) 15M->12M(15M) 29.439ms
[433.560s][info][gc] GC(8203) Pause Full (Allocation Failure) 15M->12M(15M) 29.326ms
[433.595s][info][gc] GC(8204) Pause Full (Allocation Failure) 15M->12M(15M) 29.110ms
[433.629s][info][gc] GC(8205) Pause Full (Allocation Failure) 15M->12M(15M) 28.852ms
[433.663s][info][gc] GC(8206) Pause Full (Allocation Failure) 15M->12M(15M) 28.999ms
[433.698s][info][gc] GC(8207) Pause Full (Allocation Failure) 15M->12M(15M) 29.580ms
[433.733s][info][gc] GC(8208) Pause Full (Allocation Failure) 15M->12M(15M) 29.023ms
[433.768s][info][gc] GC(8209) Pause Full (Allocation Failure) 15M->12M(15M) 29.339ms
[433.802s][info][gc] GC(8210) Pause Full (Allocation Failure) 15M->12M(15M) 29.193ms
[433.837s][info][gc] GC(8211) Pause Full (Allocation Failure) 15M->12M(15M) 29.366ms
[433.871s][info][gc] GC(8212) Pause Full (Allocation Failure) 15M->12M(15M) 28.890ms
[433.905s][info][gc] GC(8213) Pause Full (Allocation Failure) 15M->12M(15M) 29.021ms
[433.941s][info][gc] GC(8214) Pause Full (Allocation Failure) 15M->12M(15M) 29.787ms
[433.976s][info][gc] GC(8215) Pause Full (Allocation Failure) 15M->12M(15M) 29.610ms
[434.010s][info][gc] GC(8216) Pause Full (Allocation Failure) 15M->12M(15M) 29.111ms
[434.045s][info][gc] GC(8217) Pause Full (Allocation Failure) 15M->12M(15M) 29.317ms
[434.080s][info][gc] GC(8218) Pause Full (Allocation Failure) 15M->12M(15M) 29.213ms
[434.115s][info][gc] GC(8219) Pause Full (Allocation Failure) 15M->12M(15M) 29.606ms
[434.149s][info][gc] GC(8220) Pause Full (Allocation Failure) 15M->12M(15M) 28.948ms
[434.184s][info][gc] GC(8221) Pause Full (Allocation Failure) 15M->12M(15M) 29.174ms
[434.218s][info][gc] GC(8222) Pause Full (Allocation Failure) 15M->12M(15M) 29.289ms
[434.254s][info][gc] GC(8223) Pause Full (Allocation Failure) 15M->12M(15M) 29.746ms
[434.288s][info][gc] GC(8224) Pause Full (Allocation Failure) 15M->12M(15M) 29.058ms
[434.325s][info][gc] GC(8225) Pause Full (Allocation Failure) 15M->12M(15M) 30.923ms
[434.362s][info][gc] GC(8226) Pause Full (Allocation Failure) 15M->12M(15M) 31.502ms
[434.401s][info][gc] GC(8227) Pause Full (Allocation Failure) 15M->12M(15M) 32.323ms
[434.438s][info][gc] GC(8228) Pause Full (Allocation Failure) 15M->12M(15M) 32.095ms
[434.476s][info][gc] GC(8229) Pause Full (Allocation Failure) 15M->12M(15M) 32.586ms
[434.514s][info][gc] GC(8230) Pause Full (Allocation Failure) 15M->12M(15M) 31.588ms
[434.551s][info][gc] GC(8231) Pause Full (Allocation Failure) 15M->12M(15M) 31.946ms
[434.588s][info][gc] GC(8232) Pause Full (Allocation Failure) 15M->12M(15M) 31.510ms
[434.625s][info][gc] GC(8233) Pause Full (Allocation Failure) 15M->12M(15M) 31.268ms
[434.661s][info][gc] GC(8234) Pause Full (Allocation Failure) 15M->12M(15M) 30.101ms
[434.696s][info][gc] GC(8235) Pause Full (Allocation Failure) 15M->12M(15M) 28.979ms
[434.730s][info][gc] GC(8236) Pause Full (Allocation Failure) 15M->12M(15M) 28.527ms
[434.764s][info][gc] GC(8237) Pause Full (Allocation Failure) 15M->12M(15M) 28.697ms
[434.798s][info][gc] GC(8238) Pause Full (Allocation Failure) 15M->12M(15M) 28.738ms
[434.833s][info][gc] GC(8239) Pause Full (Allocation Failure) 15M->12M(15M) 29.329ms
[434.867s][info][gc] GC(8240) Pause Full (Allocation Failure) 15M->12M(15M) 28.604ms
[434.902s][info][gc] GC(8241) Pause Full (Allocation Failure) 15M->12M(15M) 28.962ms
[434.936s][info][gc] GC(8242) Pause Full (Allocation Failure) 15M->12M(15M) 28.680ms
[434.971s][info][gc] GC(8243) Pause Full (Allocation Failure) 15M->12M(15M) 29.771ms
[435.005s][info][gc] GC(8244) Pause Full (Allocation Failure) 15M->12M(15M) 29.054ms
[435.040s][info][gc] GC(8245) Pause Full (Allocation Failure) 15M->12M(15M) 28.710ms
[435.077s][info][gc] GC(8246) Pause Full (Allocation Failure) 15M->12M(15M) 31.403ms
[435.115s][info][gc] GC(8247) Pause Full (Allocation Failure) 15M->12M(15M) 31.683ms
[435.153s][info][gc] GC(8248) Pause Full (Allocation Failure) 15M->12M(15M) 32.579ms
[435.190s][info][gc] GC(8249) Pause Full (Allocation Failure) 15M->12M(15M) 31.923ms
[435.228s][info][gc] GC(8250) Pause Full (Allocation Failure) 15M->12M(15M) 31.506ms
[435.265s][info][gc] GC(8251) Pause Full (Allocation Failure) 15M->12M(15M) 31.609ms
[435.303s][info][gc] GC(8252) Pause Full (Allocation Failure) 15M->12M(15M) 32.249ms
[435.340s][info][gc] GC(8253) Pause Full (Allocation Failure) 15M->12M(15M) 31.245ms
[435.377s][info][gc] GC(8254) Pause Full (Allocation Failure) 15M->12M(15M) 31.591ms
[435.416s][info][gc] GC(8255) Pause Full (Allocation Failure) 15M->12M(15M) 31.976ms
[435.453s][info][gc] GC(8256) Pause Full (Allocation Failure) 15M->12M(15M) 31.816ms
[435.488s][info][gc] GC(8257) Pause Full (Allocation Failure) 15M->12M(15M) 29.533ms
[435.523s][info][gc] GC(8258) Pause Full (Allocation Failure) 15M->12M(15M) 29.227ms
[435.557s][info][gc] GC(8259) Pause Full (Allocation Failure) 15M->12M(15M) 28.982ms
[435.592s][info][gc] GC(8260) Pause Full (Allocation Failure) 15M->12M(15M) 29.427ms
[435.627s][info][gc] GC(8261) Pause Full (Allocation Failure) 15M->12M(15M) 30.021ms
[435.665s][info][gc] GC(8262) Pause Full (Allocation Failure) 15M->12M(15M) 31.276ms
[435.701s][info][gc] GC(8263) Pause Full (Allocation Failure) 15M->12M(15M) 30.357ms
[435.737s][info][gc] GC(8264) Pause Full (Allocation Failure) 15M->12M(15M) 30.459ms
[435.773s][info][gc] GC(8265) Pause Full (Allocation Failure) 15M->12M(15M) 30.108ms
[435.809s][info][gc] GC(8266) Pause Full (Allocation Failure) 15M->12M(15M) 30.452ms
[435.846s][info][gc] GC(8267) Pause Full (Allocation Failure) 15M->12M(15M) 31.188ms
[435.882s][info][gc] GC(8268) Pause Full (Allocation Failure) 15M->12M(15M) 30.709ms
[435.918s][info][gc] GC(8269) Pause Full (Allocation Failure) 15M->12M(15M) 30.373ms
[435.954s][info][gc] GC(8270) Pause Full (Allocation Failure) 15M->12M(15M) 30.256ms
[435.991s][info][gc] GC(8271) Pause Full (Allocation Failure) 15M->12M(15M) 30.583ms
[436.026s][info][gc] GC(8272) Pause Full (Allocation Failure) 15M->12M(15M) 29.664ms
[436.062s][info][gc] GC(8273) Pause Full (Allocation Failure) 15M->12M(15M) 30.146ms
[436.098s][info][gc] GC(8274) Pause Full (Allocation Failure) 15M->12M(15M) 30.324ms
[436.135s][info][gc] GC(8275) Pause Full (Allocation Failure) 15M->12M(15M) 30.651ms
[436.170s][info][gc] GC(8276) Pause Full (Allocation Failure) 15M->12M(15M) 30.140ms
[436.206s][info][gc] GC(8277) Pause Full (Allocation Failure) 15M->12M(15M) 30.109ms
[436.242s][info][gc] GC(8278) Pause Full (Allocation Failure) 15M->12M(15M) 30.148ms
[436.279s][info][gc] GC(8279) Pause Full (Allocation Failure) 15M->12M(15M) 30.846ms
[436.314s][info][gc] GC(8280) Pause Full (Allocation Failure) 15M->12M(15M) 30.193ms
[436.350s][info][gc] GC(8281) Pause Full (Allocation Failure) 15M->12M(15M) 31.015ms
[436.387s][info][gc] GC(8282) Pause Full (Allocation Failure) 15M->12M(15M) 30.511ms
[436.423s][info][gc] GC(8283) Pause Full (Allocation Failure) 15M->12M(15M) 30.468ms
[436.459s][info][gc] GC(8284) Pause Full (Allocation Failure) 15M->12M(15M) 30.086ms
[436.495s][info][gc] GC(8285) Pause Full (Allocation Failure) 15M->12M(15M) 30.543ms
[436.531s][info][gc] GC(8286) Pause Full (Allocation Failure) 15M->12M(15M) 30.586ms
[436.567s][info][gc] GC(8287) Pause Full (Allocation Failure) 15M->12M(15M) 30.617ms
[436.603s][info][gc] GC(8288) Pause Full (Allocation Failure) 15M->12M(15M) 30.420ms
[436.639s][info][gc] GC(8289) Pause Full (Allocation Failure) 15M->12M(15M) 30.468ms
[436.675s][info][gc] GC(8290) Pause Full (Allocation Failure) 15M->12M(15M) 30.442ms
[436.712s][info][gc] GC(8291) Pause Full (Allocation Failure) 15M->12M(15M) 30.688ms
[436.748s][info][gc] GC(8292) Pause Full (Allocation Failure) 15M->12M(15M) 30.503ms
[436.784s][info][gc] GC(8293) Pause Full (Allocation Failure) 15M->12M(15M) 30.672ms
[436.820s][info][gc] GC(8294) Pause Full (Allocation Failure) 15M->12M(15M) 30.275ms
[436.856s][info][gc] GC(8295) Pause Full (Allocation Failure) 15M->12M(15M) 30.442ms
[436.892s][info][gc] GC(8296) Pause Full (Allocation Failure) 15M->12M(15M) 30.093ms
[436.928s][info][gc] GC(8297) Pause Full (Allocation Failure) 15M->12M(15M) 30.206ms
[436.964s][info][gc] GC(8298) Pause Full (Allocation Failure) 15M->12M(15M) 29.858ms
[437.001s][info][gc] GC(8299) Pause Full (Allocation Failure) 15M->12M(15M) 30.858ms
[437.036s][info][gc] GC(8300) Pause Full (Allocation Failure) 15M->12M(15M) 30.257ms
[437.072s][info][gc] GC(8301) Pause Full (Allocation Failure) 15M->12M(15M) 30.816ms
[437.109s][info][gc] GC(8302) Pause Full (Allocation Failure) 15M->12M(15M) 31.286ms
[437.146s][info][gc] GC(8303) Pause Full (Allocation Failure) 15M->12M(15M) 30.522ms
[437.181s][info][gc] GC(8304) Pause Full (Allocation Failure) 15M->12M(15M) 29.975ms
[437.216s][info][gc] GC(8305) Pause Full (Allocation Failure) 15M->12M(15M) 30.279ms
[437.252s][info][gc] GC(8306) Pause Full (Allocation Failure) 15M->12M(15M) 29.940ms
[437.286s][info][gc] GC(8307) Pause Full (Allocation Failure) 15M->12M(15M) 29.269ms
[437.321s][info][gc] GC(8308) Pause Full (Allocation Failure) 15M->12M(15M) 28.766ms
[437.354s][info][gc] GC(8309) Pause Full (Allocation Failure) 15M->12M(15M) 28.787ms
[437.390s][info][gc] GC(8310) Pause Full (Allocation Failure) 15M->12M(15M) 30.042ms
[437.426s][info][gc] GC(8311) Pause Full (Allocation Failure) 15M->12M(15M) 30.384ms
[437.462s][info][gc] GC(8312) Pause Full (Allocation Failure) 15M->12M(15M) 30.266ms
[437.498s][info][gc] GC(8313) Pause Full (Allocation Failure) 15M->12M(15M) 30.421ms
[437.535s][info][gc] GC(8314) Pause Full (Allocation Failure) 15M->12M(15M) 30.541ms
[437.571s][info][gc] GC(8315) Pause Full (Allocation Failure) 15M->12M(15M) 30.455ms
[437.606s][info][gc] GC(8316) Pause Full (Allocation Failure) 15M->12M(15M) 29.953ms
[437.642s][info][gc] GC(8317) Pause Full (Allocation Failure) 15M->12M(15M) 30.100ms
[437.679s][info][gc] GC(8318) Pause Full (Allocation Failure) 15M->12M(15M) 30.667ms
[437.715s][info][gc] GC(8319) Pause Full (Allocation Failure) 15M->12M(15M) 30.673ms
[437.751s][info][gc] GC(8320) Pause Full (Allocation Failure) 15M->12M(15M) 30.262ms
[437.787s][info][gc] GC(8321) Pause Full (Allocation Failure) 15M->12M(15M) 30.350ms
[437.822s][info][gc] GC(8322) Pause Full (Allocation Failure) 15M->12M(15M) 30.209ms
[437.859s][info][gc] GC(8323) Pause Full (Allocation Failure) 15M->12M(15M) 30.496ms
[437.895s][info][gc] GC(8324) Pause Full (Allocation Failure) 15M->12M(15M) 30.244ms
[437.931s][info][gc] GC(8325) Pause Full (Allocation Failure) 15M->12M(15M) 30.561ms
[437.967s][info][gc] GC(8326) Pause Full (Allocation Failure) 15M->12M(15M) 30.150ms
[438.003s][info][gc] GC(8327) Pause Full (Allocation Failure) 15M->12M(15M) 30.713ms
[438.038s][info][gc] GC(8328) Pause Full (Allocation Failure) 15M->12M(15M) 29.461ms
[438.074s][info][gc] GC(8329) Pause Full (Allocation Failure) 15M->12M(15M) 30.428ms
[438.109s][info][gc] GC(8330) Pause Full (Allocation Failure) 15M->12M(15M) 29.717ms
[438.145s][info][gc] GC(8331) Pause Full (Allocation Failure) 15M->12M(15M) 30.681ms
[438.181s][info][gc] GC(8332) Pause Full (Allocation Failure) 15M->12M(15M) 30.222ms
[438.217s][info][gc] GC(8333) Pause Full (Allocation Failure) 15M->12M(15M) 30.424ms
[438.253s][info][gc] GC(8334) Pause Full (Allocation Failure) 15M->12M(15M) 30.407ms
[438.289s][info][gc] GC(8335) Pause Full (Allocation Failure) 15M->12M(15M) 30.631ms
[438.326s][info][gc] GC(8336) Pause Full (Allocation Failure) 15M->12M(15M) 30.307ms
[438.363s][info][gc] GC(8337) Pause Full (Allocation Failure) 15M->12M(15M) 30.581ms
[438.399s][info][gc] GC(8338) Pause Full (Allocation Failure) 15M->12M(15M) 30.490ms
[438.435s][info][gc] GC(8339) Pause Full (Allocation Failure) 15M->12M(15M) 30.593ms
[438.471s][info][gc] GC(8340) Pause Full (Allocation Failure) 15M->12M(15M) 30.288ms
[438.506s][info][gc] GC(8341) Pause Full (Allocation Failure) 15M->12M(15M) 30.061ms
[438.542s][info][gc] GC(8342) Pause Full (Allocation Failure) 15M->12M(15M) 30.011ms
[438.579s][info][gc] GC(8343) Pause Full (Allocation Failure) 15M->12M(15M) 30.433ms
[438.614s][info][gc] GC(8344) Pause Full (Allocation Failure) 15M->12M(15M) 30.413ms
[438.650s][info][gc] GC(8345) Pause Full (Allocation Failure) 15M->12M(15M) 30.404ms
[438.686s][info][gc] GC(8346) Pause Full (Allocation Failure) 15M->12M(15M) 30.417ms
[438.722s][info][gc] GC(8347) Pause Full (Allocation Failure) 15M->12M(15M) 30.293ms
[438.757s][info][gc] GC(8348) Pause Full (Allocation Failure) 15M->12M(15M) 30.329ms
[438.793s][info][gc] GC(8349) Pause Full (Allocation Failure) 15M->12M(15M) 29.953ms
[438.829s][info][gc] GC(8350) Pause Full (Allocation Failure) 15M->12M(15M) 30.186ms
[438.865s][info][gc] GC(8351) Pause Full (Allocation Failure) 15M->12M(15M) 30.573ms
[438.901s][info][gc] GC(8352) Pause Full (Allocation Failure) 15M->12M(15M) 30.392ms
[438.937s][info][gc] GC(8353) Pause Full (Allocation Failure) 15M->12M(15M) 30.825ms
[438.973s][info][gc] GC(8354) Pause Full (Allocation Failure) 15M->12M(15M) 30.426ms
[439.009s][info][gc] GC(8355) Pause Full (Allocation Failure) 15M->12M(15M) 30.344ms
[439.045s][info][gc] GC(8356) Pause Full (Allocation Failure) 15M->12M(15M) 30.236ms
[439.082s][info][gc] GC(8357) Pause Full (Allocation Failure) 15M->12M(15M) 30.883ms
[439.117s][info][gc] GC(8358) Pause Full (Allocation Failure) 15M->12M(15M) 30.514ms
[439.154s][info][gc] GC(8359) Pause Full (Allocation Failure) 15M->12M(15M) 30.677ms
[439.189s][info][gc] GC(8360) Pause Full (Allocation Failure) 15M->12M(15M) 30.015ms
[439.225s][info][gc] GC(8361) Pause Full (Allocation Failure) 15M->12M(15M) 30.229ms
[439.261s][info][gc] GC(8362) Pause Full (Allocation Failure) 15M->12M(15M) 30.430ms
[439.297s][info][gc] GC(8363) Pause Full (Allocation Failure) 15M->12M(15M) 30.334ms
[439.334s][info][gc] GC(8364) Pause Full (Allocation Failure) 15M->12M(15M) 30.914ms
[439.371s][info][gc] GC(8365) Pause Full (Allocation Failure) 15M->12M(15M) 31.629ms
[439.408s][info][gc] GC(8366) Pause Full (Allocation Failure) 15M->12M(15M) 31.651ms
[439.446s][info][gc] GC(8367) Pause Full (Allocation Failure) 15M->12M(15M) 31.516ms
[439.482s][info][gc] GC(8368) Pause Full (Allocation Failure) 15M->12M(15M) 30.661ms
[439.518s][info][gc] GC(8369) Pause Full (Allocation Failure) 15M->12M(15M) 29.982ms
[439.553s][info][gc] GC(8370) Pause Full (Allocation Failure) 15M->12M(15M) 29.771ms
[439.587s][info][gc] GC(8371) Pause Full (Allocation Failure) 15M->12M(15M) 29.106ms
[439.622s][info][gc] GC(8372) Pause Full (Allocation Failure) 15M->12M(15M) 29.076ms
[439.657s][info][gc] GC(8373) Pause Full (Allocation Failure) 15M->12M(15M) 30.268ms
[439.694s][info][gc] GC(8374) Pause Full (Allocation Failure) 15M->12M(15M) 30.866ms
[439.731s][info][gc] GC(8375) Pause Full (Allocation Failure) 15M->12M(15M) 30.848ms
[439.767s][info][gc] GC(8376) Pause Full (Allocation Failure) 15M->12M(15M) 30.435ms
[439.802s][info][gc] GC(8377) Pause Full (Allocation Failure) 15M->12M(15M) 30.398ms
[439.838s][info][gc] GC(8378) Pause Full (Allocation Failure) 15M->12M(15M) 30.003ms
[439.872s][info][gc] GC(8379) Pause Full (Allocation Failure) 15M->12M(15M) 29.236ms
[439.907s][info][gc] GC(8380) Pause Full (Allocation Failure) 15M->12M(15M) 29.027ms
[439.942s][info][gc] GC(8381) Pause Full (Allocation Failure) 15M->12M(15M) 29.259ms
[439.977s][info][gc] GC(8382) Pause Full (Allocation Failure) 15M->12M(15M) 29.611ms
[440.011s][info][gc] GC(8383) Pause Full (Allocation Failure) 15M->12M(15M) 29.088ms
[440.045s][info][gc] GC(8384) Pause Full (Allocation Failure) 15M->12M(15M) 28.999ms
[440.080s][info][gc] GC(8385) Pause Full (Allocation Failure) 15M->12M(15M) 29.097ms
[440.114s][info][gc] GC(8386) Pause Full (Allocation Failure) 15M->12M(15M) 29.197ms
[440.149s][info][gc] GC(8387) Pause Full (Allocation Failure) 15M->12M(15M) 29.452ms
[440.183s][info][gc] GC(8388) Pause Full (Allocation Failure) 15M->12M(15M) 28.951ms
[440.218s][info][gc] GC(8389) Pause Full (Allocation Failure) 15M->12M(15M) 29.228ms
[440.252s][info][gc] GC(8390) Pause Full (Allocation Failure) 15M->12M(15M) 29.117ms
[440.287s][info][gc] GC(8391) Pause Full (Allocation Failure) 15M->12M(15M) 28.952ms
[440.321s][info][gc] GC(8392) Pause Full (Allocation Failure) 15M->12M(15M) 28.978ms
[440.355s][info][gc] GC(8393) Pause Full (Allocation Failure) 15M->12M(15M) 28.937ms
[440.391s][info][gc] GC(8394) Pause Full (Allocation Failure) 15M->12M(15M) 30.201ms
[440.429s][info][gc] GC(8395) Pause Full (Allocation Failure) 15M->12M(15M) 31.660ms
[440.466s][info][gc] GC(8396) Pause Full (Allocation Failure) 15M->12M(15M) 31.764ms
[440.506s][info][gc] GC(8397) Pause Full (Allocation Failure) 15M->12M(15M) 33.288ms
[440.544s][info][gc] GC(8398) Pause Full (Allocation Failure) 15M->12M(15M) 32.481ms
[440.583s][info][gc] GC(8399) Pause Full (Allocation Failure) 15M->12M(15M) 32.154ms
[440.621s][info][gc] GC(8400) Pause Full (Allocation Failure) 15M->12M(15M) 32.479ms
[440.658s][info][gc] GC(8401) Pause Full (Allocation Failure) 15M->12M(15M) 31.545ms
[440.695s][info][gc] GC(8402) Pause Full (Allocation Failure) 15M->12M(15M) 31.246ms
[440.733s][info][gc] GC(8403) Pause Full (Allocation Failure) 15M->12M(15M) 31.817ms
[440.772s][info][gc] GC(8404) Pause Full (Allocation Failure) 15M->12M(15M) 32.300ms
[440.808s][info][gc] GC(8405) Pause Full (Allocation Failure) 15M->12M(15M) 31.324ms
[440.846s][info][gc] GC(8406) Pause Full (Allocation Failure) 15M->12M(15M) 31.500ms
[440.882s][info][gc] GC(8407) Pause Full (Allocation Failure) 15M->12M(15M) 30.728ms
[440.917s][info][gc] GC(8408) Pause Full (Allocation Failure) 15M->12M(15M) 29.085ms
[440.952s][info][gc] GC(8409) Pause Full (Allocation Failure) 15M->12M(15M) 29.385ms
[440.986s][info][gc] GC(8410) Pause Full (Allocation Failure) 15M->12M(15M) 29.030ms
[441.021s][info][gc] GC(8411) Pause Full (Allocation Failure) 15M->12M(15M) 29.285ms
[441.055s][info][gc] GC(8412) Pause Full (Allocation Failure) 15M->12M(15M) 29.116ms
[441.090s][info][gc] GC(8413) Pause Full (Allocation Failure) 15M->12M(15M) 29.221ms
[441.125s][info][gc] GC(8414) Pause Full (Allocation Failure) 15M->12M(15M) 29.562ms
[441.160s][info][gc] GC(8415) Pause Full (Allocation Failure) 15M->12M(15M) 30.075ms
[441.196s][info][gc] GC(8416) Pause Full (Allocation Failure) 15M->12M(15M) 30.217ms
[441.232s][info][gc] GC(8417) Pause Full (Allocation Failure) 15M->12M(15M) 30.390ms
[441.267s][info][gc] GC(8418) Pause Full (Allocation Failure) 15M->12M(15M) 29.492ms
[441.302s][info][gc] GC(8419) Pause Full (Allocation Failure) 15M->12M(15M) 28.976ms
[441.336s][info][gc] GC(8420) Pause Full (Allocation Failure) 15M->12M(15M) 28.864ms
[441.371s][info][gc] GC(8421) Pause Full (Allocation Failure) 15M->12M(15M) 29.295ms
[441.406s][info][gc] GC(8422) Pause Full (Allocation Failure) 15M->12M(15M) 29.637ms
[441.441s][info][gc] GC(8423) Pause Full (Allocation Failure) 15M->12M(15M) 29.095ms
[441.475s][info][gc] GC(8424) Pause Full (Allocation Failure) 15M->12M(15M) 29.113ms
[441.510s][info][gc] GC(8425) Pause Full (Allocation Failure) 15M->12M(15M) 29.288ms
[441.545s][info][gc] GC(8426) Pause Full (Allocation Failure) 15M->12M(15M) 29.793ms
[441.580s][info][gc] GC(8427) Pause Full (Allocation Failure) 15M->12M(15M) 29.132ms
[441.615s][info][gc] GC(8428) Pause Full (Allocation Failure) 15M->12M(15M) 29.024ms
[441.650s][info][gc] GC(8429) Pause Full (Allocation Failure) 15M->12M(15M) 29.112ms
[441.684s][info][gc] GC(8430) Pause Full (Allocation Failure) 15M->12M(15M) 29.353ms
[441.719s][info][gc] GC(8431) Pause Full (Allocation Failure) 15M->12M(15M) 29.385ms
[441.753s][info][gc] GC(8432) Pause Full (Allocation Failure) 15M->12M(15M) 28.908ms
[441.788s][info][gc] GC(8433) Pause Full (Allocation Failure) 15M->12M(15M) 29.178ms
[441.822s][info][gc] GC(8434) Pause Full (Allocation Failure) 15M->12M(15M) 29.250ms
[441.857s][info][gc] GC(8435) Pause Full (Allocation Failure) 15M->12M(15M) 29.279ms
[441.891s][info][gc] GC(8436) Pause Full (Allocation Failure) 15M->12M(15M) 29.118ms
[441.927s][info][gc] GC(8437) Pause Full (Allocation Failure) 15M->12M(15M) 30.413ms
[441.966s][info][gc] GC(8438) Pause Full (Allocation Failure) 15M->12M(15M) 32.528ms
[442.004s][info][gc] GC(8439) Pause Full (Allocation Failure) 15M->12M(15M) 32.807ms
[442.042s][info][gc] GC(8440) Pause Full (Allocation Failure) 15M->12M(15M) 32.244ms
[442.079s][info][gc] GC(8441) Pause Full (Allocation Failure) 15M->12M(15M) 31.461ms
[442.116s][info][gc] GC(8442) Pause Full (Allocation Failure) 15M->12M(15M) 31.593ms
[442.154s][info][gc] GC(8443) Pause Full (Allocation Failure) 15M->12M(15M) 32.275ms
[442.192s][info][gc] GC(8444) Pause Full (Allocation Failure) 15M->12M(15M) 32.454ms
[442.229s][info][gc] GC(8445) Pause Full (Allocation Failure) 15M->12M(15M) 30.736ms
[442.265s][info][gc] GC(8446) Pause Full (Allocation Failure) 15M->12M(15M) 30.579ms
[442.301s][info][gc] GC(8447) Pause Full (Allocation Failure) 15M->12M(15M) 30.689ms
[442.337s][info][gc] GC(8448) Pause Full (Allocation Failure) 15M->12M(15M) 30.697ms
[442.374s][info][gc] GC(8449) Pause Full (Allocation Failure) 15M->12M(15M) 30.834ms
[442.410s][info][gc] GC(8450) Pause Full (Allocation Failure) 15M->12M(15M) 30.969ms
[442.447s][info][gc] GC(8451) Pause Full (Allocation Failure) 15M->12M(15M) 31.211ms
[442.483s][info][gc] GC(8452) Pause Full (Allocation Failure) 15M->12M(15M) 30.670ms
[442.520s][info][gc] GC(8453) Pause Full (Allocation Failure) 15M->12M(15M) 31.128ms
[442.556s][info][gc] GC(8454) Pause Full (Allocation Failure) 15M->12M(15M) 31.220ms
[442.593s][info][gc] GC(8455) Pause Full (Allocation Failure) 15M->12M(15M) 30.511ms
[442.629s][info][gc] GC(8456) Pause Full (Allocation Failure) 15M->12M(15M) 30.694ms
[442.665s][info][gc] GC(8457) Pause Full (Allocation Failure) 15M->12M(15M) 30.647ms
[442.702s][info][gc] GC(8458) Pause Full (Allocation Failure) 15M->12M(15M) 30.944ms
[442.738s][info][gc] GC(8459) Pause Full (Allocation Failure) 15M->12M(15M) 30.882ms
[442.774s][info][gc] GC(8460) Pause Full (Allocation Failure) 15M->12M(15M) 30.604ms
[442.811s][info][gc] GC(8461) Pause Full (Allocation Failure) 15M->12M(15M) 30.822ms
[442.847s][info][gc] GC(8462) Pause Full (Allocation Failure) 15M->12M(15M) 30.708ms
[442.883s][info][gc] GC(8463) Pause Full (Allocation Failure) 15M->12M(15M) 30.357ms
[442.919s][info][gc] GC(8464) Pause Full (Allocation Failure) 15M->12M(15M) 30.483ms
[442.955s][info][gc] GC(8465) Pause Full (Allocation Failure) 15M->12M(15M) 30.338ms
[442.990s][info][gc] GC(8466) Pause Full (Allocation Failure) 15M->12M(15M) 29.244ms
[443.025s][info][gc] GC(8467) Pause Full (Allocation Failure) 15M->12M(15M) 29.047ms
[443.061s][info][gc] GC(8468) Pause Full (Allocation Failure) 15M->12M(15M) 30.432ms
[443.098s][info][gc] GC(8469) Pause Full (Allocation Failure) 15M->12M(15M) 30.928ms
[443.134s][info][gc] GC(8470) Pause Full (Allocation Failure) 15M->12M(15M) 30.880ms
[443.170s][info][gc] GC(8471) Pause Full (Allocation Failure) 15M->12M(15M) 30.197ms
[443.205s][info][gc] GC(8472) Pause Full (Allocation Failure) 15M->12M(15M) 29.457ms
[443.240s][info][gc] GC(8473) Pause Full (Allocation Failure) 15M->12M(15M) 29.353ms
[443.274s][info][gc] GC(8474) Pause Full (Allocation Failure) 15M->12M(15M) 28.923ms
[443.308s][info][gc] GC(8475) Pause Full (Allocation Failure) 15M->12M(15M) 29.180ms
[443.343s][info][gc] GC(8476) Pause Full (Allocation Failure) 15M->12M(15M) 29.294ms
[443.377s][info][gc] GC(8477) Pause Full (Allocation Failure) 15M->12M(15M) 29.002ms
[443.412s][info][gc] GC(8478) Pause Full (Allocation Failure) 15M->12M(15M) 30.053ms
[443.450s][info][gc] GC(8479) Pause Full (Allocation Failure) 15M->12M(15M) 31.628ms
[443.485s][info][gc] GC(8480) Pause Full (Allocation Failure) 15M->12M(15M) 29.452ms
[443.520s][info][gc] GC(8481) Pause Full (Allocation Failure) 15M->12M(15M) 29.689ms
[443.555s][info][gc] GC(8482) Pause Full (Allocation Failure) 15M->12M(15M) 30.097ms
[443.592s][info][gc] GC(8483) Pause Full (Allocation Failure) 15M->12M(15M) 31.576ms
[443.631s][info][gc] GC(8484) Pause Full (Allocation Failure) 15M->12M(15M) 32.227ms
[443.668s][info][gc] GC(8485) Pause Full (Allocation Failure) 15M->12M(15M) 31.633ms
[443.705s][info][gc] GC(8486) Pause Full (Allocation Failure) 15M->12M(15M) 31.623ms
[443.742s][info][gc] GC(8487) Pause Full (Allocation Failure) 15M->12M(15M) 31.545ms
[443.779s][info][gc] GC(8488) Pause Full (Allocation Failure) 15M->12M(15M) 31.352ms
[443.816s][info][gc] GC(8489) Pause Full (Allocation Failure) 15M->12M(15M) 30.788ms
[443.852s][info][gc] GC(8490) Pause Full (Allocation Failure) 15M->12M(15M) 30.931ms
[443.888s][info][gc] GC(8491) Pause Full (Allocation Failure) 15M->12M(15M) 31.092ms
[443.925s][info][gc] GC(8492) Pause Full (Allocation Failure) 15M->12M(15M) 30.752ms
[443.962s][info][gc] GC(8493) Pause Full (Allocation Failure) 15M->12M(15M) 30.834ms
[443.998s][info][gc] GC(8494) Pause Full (Allocation Failure) 15M->12M(15M) 30.910ms
[444.034s][info][gc] GC(8495) Pause Full (Allocation Failure) 15M->12M(15M) 30.471ms
[444.070s][info][gc] GC(8496) Pause Full (Allocation Failure) 15M->12M(15M) 31.035ms
[444.107s][info][gc] GC(8497) Pause Full (Allocation Failure) 15M->12M(15M) 30.770ms
[444.144s][info][gc] GC(8498) Pause Full (Allocation Failure) 15M->12M(15M) 30.707ms
[444.179s][info][gc] GC(8499) Pause Full (Allocation Failure) 15M->12M(15M) 30.191ms
[444.216s][info][gc] GC(8500) Pause Full (Allocation Failure) 15M->12M(15M) 30.270ms
[444.251s][info][gc] GC(8501) Pause Full (Allocation Failure) 15M->12M(15M) 29.541ms
[444.286s][info][gc] GC(8502) Pause Full (Allocation Failure) 15M->12M(15M) 29.843ms
[444.322s][info][gc] GC(8503) Pause Full (Allocation Failure) 15M->12M(15M) 30.054ms
[444.356s][info][gc] GC(8504) Pause Full (Allocation Failure) 15M->12M(15M) 29.614ms
[444.392s][info][gc] GC(8505) Pause Full (Allocation Failure) 15M->12M(15M) 29.824ms
[444.428s][info][gc] GC(8506) Pause Full (Allocation Failure) 15M->12M(15M) 30.450ms
[444.463s][info][gc] GC(8507) Pause Full (Allocation Failure) 15M->12M(15M) 29.583ms
[444.498s][info][gc] GC(8508) Pause Full (Allocation Failure) 15M->12M(15M) 29.642ms
[444.534s][info][gc] GC(8509) Pause Full (Allocation Failure) 15M->12M(15M) 30.444ms
[444.568s][info][gc] GC(8510) Pause Full (Allocation Failure) 15M->12M(15M) 29.669ms
[444.603s][info][gc] GC(8511) Pause Full (Allocation Failure) 15M->12M(15M) 29.915ms
[444.638s][info][gc] GC(8512) Pause Full (Allocation Failure) 15M->12M(15M) 29.668ms
[444.673s][info][gc] GC(8513) Pause Full (Allocation Failure) 15M->12M(15M) 29.704ms
[444.709s][info][gc] GC(8514) Pause Full (Allocation Failure) 15M->12M(15M) 29.988ms
[444.744s][info][gc] GC(8515) Pause Full (Allocation Failure) 15M->12M(15M) 29.495ms
[444.779s][info][gc] GC(8516) Pause Full (Allocation Failure) 15M->12M(15M) 30.266ms
[444.814s][info][gc] GC(8517) Pause Full (Allocation Failure) 15M->12M(15M) 29.646ms
[444.849s][info][gc] GC(8518) Pause Full (Allocation Failure) 15M->12M(15M) 29.823ms
[444.885s][info][gc] GC(8519) Pause Full (Allocation Failure) 15M->12M(15M) 30.030ms
[444.920s][info][gc] GC(8520) Pause Full (Allocation Failure) 15M->12M(15M) 30.028ms
[444.956s][info][gc] GC(8521) Pause Full (Allocation Failure) 15M->12M(15M) 29.943ms
[444.991s][info][gc] GC(8522) Pause Full (Allocation Failure) 15M->12M(15M) 29.872ms
[445.026s][info][gc] GC(8523) Pause Full (Allocation Failure) 15M->12M(15M) 29.554ms
[445.062s][info][gc] GC(8524) Pause Full (Allocation Failure) 15M->12M(15M) 29.964ms
[445.097s][info][gc] GC(8525) Pause Full (Allocation Failure) 15M->12M(15M) 29.745ms
[445.132s][info][gc] GC(8526) Pause Full (Allocation Failure) 15M->12M(15M) 29.915ms
[445.167s][info][gc] GC(8527) Pause Full (Allocation Failure) 15M->12M(15M) 29.721ms
[445.202s][info][gc] GC(8528) Pause Full (Allocation Failure) 15M->12M(15M) 29.829ms
[445.237s][info][gc] GC(8529) Pause Full (Allocation Failure) 15M->12M(15M) 29.833ms
[445.272s][info][gc] GC(8530) Pause Full (Allocation Failure) 15M->12M(15M) 29.769ms
[445.308s][info][gc] GC(8531) Pause Full (Allocation Failure) 15M->12M(15M) 30.121ms
[445.343s][info][gc] GC(8532) Pause Full (Allocation Failure) 15M->12M(15M) 29.682ms
[445.378s][info][gc] GC(8533) Pause Full (Allocation Failure) 15M->12M(15M) 30.098ms
[445.413s][info][gc] GC(8534) Pause Full (Allocation Failure) 15M->12M(15M) 29.878ms
[445.449s][info][gc] GC(8535) Pause Full (Allocation Failure) 15M->12M(15M) 29.846ms
[445.484s][info][gc] GC(8536) Pause Full (Allocation Failure) 15M->12M(15M) 30.305ms
[445.520s][info][gc] GC(8537) Pause Full (Allocation Failure) 15M->12M(15M) 30.426ms
[445.557s][info][gc] GC(8538) Pause Full (Allocation Failure) 15M->12M(15M) 31.538ms
[445.593s][info][gc] GC(8539) Pause Full (Allocation Failure) 15M->12M(15M) 30.328ms
[445.630s][info][gc] GC(8540) Pause Full (Allocation Failure) 15M->12M(15M) 31.031ms
[445.666s][info][gc] GC(8541) Pause Full (Allocation Failure) 15M->12M(15M) 31.374ms
[445.703s][info][gc] GC(8542) Pause Full (Allocation Failure) 15M->12M(15M) 31.303ms
[445.739s][info][gc] GC(8543) Pause Full (Allocation Failure) 15M->12M(15M) 30.920ms
[445.776s][info][gc] GC(8544) Pause Full (Allocation Failure) 15M->12M(15M) 30.642ms
[445.812s][info][gc] GC(8545) Pause Full (Allocation Failure) 15M->12M(15M) 30.716ms
[445.848s][info][gc] GC(8546) Pause Full (Allocation Failure) 15M->12M(15M) 30.395ms
[445.884s][info][gc] GC(8547) Pause Full (Allocation Failure) 15M->12M(15M) 30.609ms
[445.920s][info][gc] GC(8548) Pause Full (Allocation Failure) 15M->12M(15M) 30.030ms
[445.956s][info][gc] GC(8549) Pause Full (Allocation Failure) 15M->12M(15M) 30.026ms
[445.991s][info][gc] GC(8550) Pause Full (Allocation Failure) 15M->12M(15M) 29.534ms
[446.027s][info][gc] GC(8551) Pause Full (Allocation Failure) 15M->12M(15M) 30.621ms
[446.064s][info][gc] GC(8552) Pause Full (Allocation Failure) 15M->12M(15M) 31.379ms
[446.101s][info][gc] GC(8553) Pause Full (Allocation Failure) 15M->12M(15M) 30.765ms
[446.137s][info][gc] GC(8554) Pause Full (Allocation Failure) 15M->12M(15M) 30.572ms
[446.173s][info][gc] GC(8555) Pause Full (Allocation Failure) 15M->12M(15M) 30.003ms
[446.208s][info][gc] GC(8556) Pause Full (Allocation Failure) 15M->12M(15M) 29.560ms
[446.244s][info][gc] GC(8557) Pause Full (Allocation Failure) 15M->12M(15M) 29.870ms
[446.279s][info][gc] GC(8558) Pause Full (Allocation Failure) 15M->12M(15M) 29.914ms
[446.314s][info][gc] GC(8559) Pause Full (Allocation Failure) 15M->12M(15M) 29.968ms
[446.349s][info][gc] GC(8560) Pause Full (Allocation Failure) 15M->12M(15M) 29.804ms
[446.385s][info][gc] GC(8561) Pause Full (Allocation Failure) 15M->12M(15M) 30.301ms
[446.421s][info][gc] GC(8562) Pause Full (Allocation Failure) 15M->12M(15M) 30.961ms
[446.458s][info][gc] GC(8563) Pause Full (Allocation Failure) 15M->12M(15M) 31.085ms
[446.494s][info][gc] GC(8564) Pause Full (Allocation Failure) 15M->12M(15M) 30.706ms
[446.530s][info][gc] GC(8565) Pause Full (Allocation Failure) 15M->12M(15M) 30.601ms
[446.567s][info][gc] GC(8566) Pause Full (Allocation Failure) 15M->12M(15M) 30.688ms
[446.603s][info][gc] GC(8567) Pause Full (Allocation Failure) 15M->12M(15M) 30.565ms
[446.638s][info][gc] GC(8568) Pause Full (Allocation Failure) 15M->12M(15M) 29.737ms
[446.674s][info][gc] GC(8569) Pause Full (Allocation Failure) 15M->12M(15M) 29.807ms
[446.709s][info][gc] GC(8570) Pause Full (Allocation Failure) 15M->12M(15M) 29.847ms
[446.745s][info][gc] GC(8571) Pause Full (Allocation Failure) 15M->12M(15M) 30.038ms
[446.780s][info][gc] GC(8572) Pause Full (Allocation Failure) 15M->12M(15M) 30.053ms
[446.816s][info][gc] GC(8573) Pause Full (Allocation Failure) 15M->12M(15M) 29.864ms
[446.852s][info][gc] GC(8574) Pause Full (Allocation Failure) 15M->12M(15M) 29.950ms
[446.887s][info][gc] GC(8575) Pause Full (Allocation Failure) 15M->12M(15M) 29.585ms
[446.922s][info][gc] GC(8576) Pause Full (Allocation Failure) 15M->12M(15M) 29.729ms
[446.957s][info][gc] GC(8577) Pause Full (Allocation Failure) 15M->12M(15M) 29.770ms
[446.992s][info][gc] GC(8578) Pause Full (Allocation Failure) 15M->12M(15M) 29.578ms
[447.028s][info][gc] GC(8579) Pause Full (Allocation Failure) 15M->12M(15M) 30.103ms
[447.063s][info][gc] GC(8580) Pause Full (Allocation Failure) 15M->12M(15M) 29.848ms
[447.098s][info][gc] GC(8581) Pause Full (Allocation Failure) 15M->12M(15M) 29.788ms
[447.133s][info][gc] GC(8582) Pause Full (Allocation Failure) 15M->12M(15M) 29.936ms
[447.169s][info][gc] GC(8583) Pause Full (Allocation Failure) 15M->12M(15M) 30.011ms
[447.204s][info][gc] GC(8584) Pause Full (Allocation Failure) 15M->12M(15M) 29.925ms
[447.239s][info][gc] GC(8585) Pause Full (Allocation Failure) 15M->12M(15M) 29.644ms
[447.274s][info][gc] GC(8586) Pause Full (Allocation Failure) 15M->12M(15M) 29.605ms
[447.309s][info][gc] GC(8587) Pause Full (Allocation Failure) 15M->12M(15M) 29.560ms
[447.344s][info][gc] GC(8588) Pause Full (Allocation Failure) 15M->12M(15M) 29.548ms
[447.380s][info][gc] GC(8589) Pause Full (Allocation Failure) 15M->12M(15M) 30.776ms
[447.416s][info][gc] GC(8590) Pause Full (Allocation Failure) 15M->12M(15M) 30.885ms
[447.453s][info][gc] GC(8591) Pause Full (Allocation Failure) 15M->12M(15M) 31.516ms
[447.489s][info][gc] GC(8592) Pause Full (Allocation Failure) 15M->12M(15M) 30.789ms
[447.525s][info][gc] GC(8593) Pause Full (Allocation Failure) 15M->12M(15M) 30.049ms
[447.562s][info][gc] GC(8594) Pause Full (Allocation Failure) 15M->12M(15M) 30.622ms
[447.598s][info][gc] GC(8595) Pause Full (Allocation Failure) 15M->12M(15M) 30.627ms
[447.634s][info][gc] GC(8596) Pause Full (Allocation Failure) 15M->12M(15M) 31.069ms
[447.670s][info][gc] GC(8597) Pause Full (Allocation Failure) 15M->12M(15M) 30.280ms
[447.707s][info][gc] GC(8598) Pause Full (Allocation Failure) 15M->12M(15M) 31.246ms
[447.743s][info][gc] GC(8599) Pause Full (Allocation Failure) 15M->12M(15M) 30.309ms
[447.779s][info][gc] GC(8600) Pause Full (Allocation Failure) 15M->12M(15M) 30.523ms
[447.815s][info][gc] GC(8601) Pause Full (Allocation Failure) 15M->12M(15M) 30.504ms
[447.851s][info][gc] GC(8602) Pause Full (Allocation Failure) 15M->12M(15M) 30.990ms
[447.887s][info][gc] GC(8603) Pause Full (Allocation Failure) 15M->12M(15M) 30.796ms
[447.923s][info][gc] GC(8604) Pause Full (Allocation Failure) 15M->12M(15M) 30.255ms
[447.958s][info][gc] GC(8605) Pause Full (Allocation Failure) 15M->12M(15M) 29.495ms
[447.993s][info][gc] GC(8606) Pause Full (Allocation Failure) 15M->12M(15M) 29.681ms
[448.029s][info][gc] GC(8607) Pause Full (Allocation Failure) 15M->12M(15M) 30.089ms
[448.064s][info][gc] GC(8608) Pause Full (Allocation Failure) 15M->12M(15M) 29.934ms
[448.099s][info][gc] GC(8609) Pause Full (Allocation Failure) 15M->12M(15M) 29.903ms
[448.134s][info][gc] GC(8610) Pause Full (Allocation Failure) 15M->12M(15M) 29.928ms
[448.169s][info][gc] GC(8611) Pause Full (Allocation Failure) 15M->12M(15M) 29.806ms
[448.205s][info][gc] GC(8612) Pause Full (Allocation Failure) 15M->12M(15M) 30.205ms
[448.240s][info][gc] GC(8613) Pause Full (Allocation Failure) 15M->12M(15M) 29.732ms
[448.275s][info][gc] GC(8614) Pause Full (Allocation Failure) 15M->12M(15M) 29.636ms
[448.311s][info][gc] GC(8615) Pause Full (Allocation Failure) 15M->12M(15M) 30.186ms
[448.346s][info][gc] GC(8616) Pause Full (Allocation Failure) 15M->12M(15M) 29.720ms
[448.381s][info][gc] GC(8617) Pause Full (Allocation Failure) 15M->12M(15M) 30.499ms
[448.417s][info][gc] GC(8618) Pause Full (Allocation Failure) 15M->12M(15M) 30.180ms
[448.452s][info][gc] GC(8619) Pause Full (Allocation Failure) 15M->12M(15M) 30.210ms
[448.488s][info][gc] GC(8620) Pause Full (Allocation Failure) 15M->12M(15M) 30.134ms
[448.523s][info][gc] GC(8621) Pause Full (Allocation Failure) 15M->12M(15M) 29.774ms
[448.558s][info][gc] GC(8622) Pause Full (Allocation Failure) 15M->12M(15M) 30.108ms
[448.595s][info][gc] GC(8623) Pause Full (Allocation Failure) 15M->12M(15M) 30.770ms
[448.631s][info][gc] GC(8624) Pause Full (Allocation Failure) 15M->12M(15M) 30.832ms
[448.667s][info][gc] GC(8625) Pause Full (Allocation Failure) 15M->12M(15M) 30.856ms
[448.703s][info][gc] GC(8626) Pause Full (Allocation Failure) 15M->12M(15M) 30.870ms
[448.739s][info][gc] GC(8627) Pause Full (Allocation Failure) 15M->12M(15M) 30.550ms
[448.775s][info][gc] GC(8628) Pause Full (Allocation Failure) 15M->12M(15M) 30.453ms
[448.811s][info][gc] GC(8629) Pause Full (Allocation Failure) 15M->12M(15M) 30.331ms
[448.846s][info][gc] GC(8630) Pause Full (Allocation Failure) 15M->12M(15M) 29.957ms
[448.882s][info][gc] GC(8631) Pause Full (Allocation Failure) 15M->12M(15M) 30.556ms
[448.917s][info][gc] GC(8632) Pause Full (Allocation Failure) 15M->12M(15M) 30.398ms
[448.953s][info][gc] GC(8633) Pause Full (Allocation Failure) 15M->12M(15M) 30.844ms
[448.990s][info][gc] GC(8634) Pause Full (Allocation Failure) 15M->12M(15M) 30.680ms
[449.026s][info][gc] GC(8635) Pause Full (Allocation Failure) 15M->12M(15M) 30.438ms
[449.062s][info][gc] GC(8636) Pause Full (Allocation Failure) 15M->12M(15M) 30.851ms
[449.099s][info][gc] GC(8637) Pause Full (Allocation Failure) 15M->12M(15M) 30.634ms
[449.135s][info][gc] GC(8638) Pause Full (Allocation Failure) 15M->12M(15M) 30.544ms
[449.171s][info][gc] GC(8639) Pause Full (Allocation Failure) 15M->12M(15M) 30.208ms
[449.207s][info][gc] GC(8640) Pause Full (Allocation Failure) 15M->12M(15M) 30.318ms
[449.242s][info][gc] GC(8641) Pause Full (Allocation Failure) 15M->12M(15M) 29.953ms
[449.278s][info][gc] GC(8642) Pause Full (Allocation Failure) 15M->12M(15M) 30.363ms
[449.313s][info][gc] GC(8643) Pause Full (Allocation Failure) 15M->12M(15M) 29.988ms
[449.348s][info][gc] GC(8644) Pause Full (Allocation Failure) 15M->12M(15M) 29.955ms
[449.383s][info][gc] GC(8645) Pause Full (Allocation Failure) 15M->12M(15M) 30.045ms
[449.419s][info][gc] GC(8646) Pause Full (Allocation Failure) 15M->12M(15M) 30.039ms
[449.454s][info][gc] GC(8647) Pause Full (Allocation Failure) 15M->12M(15M) 29.732ms
[449.489s][info][gc] GC(8648) Pause Full (Allocation Failure) 15M->12M(15M) 30.018ms
[449.524s][info][gc] GC(8649) Pause Full (Allocation Failure) 15M->12M(15M) 29.894ms
[449.561s][info][gc] GC(8650) Pause Full (Allocation Failure) 15M->12M(15M) 30.793ms
[449.596s][info][gc] GC(8651) Pause Full (Allocation Failure) 15M->12M(15M) 30.023ms
[449.631s][info][gc] GC(8652) Pause Full (Allocation Failure) 15M->12M(15M) 29.960ms
[449.667s][info][gc] GC(8653) Pause Full (Allocation Failure) 15M->12M(15M) 30.014ms
[449.702s][info][gc] GC(8654) Pause Full (Allocation Failure) 15M->12M(15M) 29.972ms
[449.737s][info][gc] GC(8655) Pause Full (Allocation Failure) 15M->12M(15M) 29.975ms
[449.772s][info][gc] GC(8656) Pause Full (Allocation Failure) 15M->12M(15M) 29.716ms
[449.808s][info][gc] GC(8657) Pause Full (Allocation Failure) 15M->12M(15M) 30.291ms
[449.843s][info][gc] GC(8658) Pause Full (Allocation Failure) 15M->12M(15M) 30.105ms
[449.879s][info][gc] GC(8659) Pause Full (Allocation Failure) 15M->12M(15M) 30.712ms
[449.915s][info][gc] GC(8660) Pause Full (Allocation Failure) 15M->12M(15M) 30.800ms
[449.951s][info][gc] GC(8661) Pause Full (Allocation Failure) 15M->12M(15M) 30.560ms
[449.987s][info][gc] GC(8662) Pause Full (Allocation Failure) 15M->12M(15M) 30.701ms
[450.023s][info][gc] GC(8663) Pause Full (Allocation Failure) 15M->12M(15M) 30.285ms
[450.058s][info][gc] GC(8664) Pause Full (Allocation Failure) 15M->12M(15M) 30.414ms
[450.094s][info][gc] GC(8665) Pause Full (Allocation Failure) 15M->12M(15M) 30.439ms
[450.130s][info][gc] GC(8666) Pause Full (Allocation Failure) 15M->12M(15M) 30.352ms
[450.165s][info][gc] GC(8667) Pause Full (Allocation Failure) 15M->12M(15M) 30.557ms
[450.201s][info][gc] GC(8668) Pause Full (Allocation Failure) 15M->12M(15M) 30.614ms
[450.237s][info][gc] GC(8669) Pause Full (Allocation Failure) 15M->12M(15M) 30.563ms
[450.272s][info][gc] GC(8670) Pause Full (Allocation Failure) 15M->12M(15M) 30.316ms
[450.308s][info][gc] GC(8671) Pause Full (Allocation Failure) 15M->12M(15M) 30.300ms
[450.344s][info][gc] GC(8672) Pause Full (Allocation Failure) 15M->12M(15M) 30.473ms
[450.380s][info][gc] GC(8673) Pause Full (Allocation Failure) 15M->12M(15M) 30.557ms
[450.415s][info][gc] GC(8674) Pause Full (Allocation Failure) 15M->12M(15M) 30.507ms
[450.451s][info][gc] GC(8675) Pause Full (Allocation Failure) 15M->12M(15M) 30.283ms
[450.487s][info][gc] GC(8676) Pause Full (Allocation Failure) 15M->12M(15M) 30.633ms
[450.522s][info][gc] GC(8677) Pause Full (Allocation Failure) 15M->12M(15M) 30.581ms
[450.558s][info][gc] GC(8678) Pause Full (Allocation Failure) 15M->12M(15M) 30.703ms
[450.595s][info][gc] GC(8679) Pause Full (Allocation Failure) 15M->12M(15M) 30.876ms
[450.631s][info][gc] GC(8680) Pause Full (Allocation Failure) 15M->12M(15M) 30.697ms
[450.667s][info][gc] GC(8681) Pause Full (Allocation Failure) 15M->12M(15M) 31.076ms
[450.705s][info][gc] GC(8682) Pause Full (Allocation Failure) 15M->12M(15M) 32.599ms
[450.756s][info][gc] GC(8683) Pause Full (Allocation Failure) 15M->12M(15M) 31.770ms
[450.791s][info][gc] GC(8684) Pause Full (Allocation Failure) 15M->12M(15M) 30.253ms
[450.828s][info][gc] GC(8685) Pause Full (Allocation Failure) 15M->12M(15M) 30.643ms
[450.866s][info][gc] GC(8686) Pause Full (Allocation Failure) 15M->12M(15M) 32.793ms
[450.903s][info][gc] GC(8687) Pause Full (Allocation Failure) 15M->12M(15M) 30.755ms
[450.938s][info][gc] GC(8688) Pause Full (Allocation Failure) 15M->12M(15M) 30.040ms
[450.974s][info][gc] GC(8689) Pause Full (Allocation Failure) 15M->12M(15M) 30.053ms
[451.009s][info][gc] GC(8690) Pause Full (Allocation Failure) 15M->12M(15M) 29.907ms
[451.044s][info][gc] GC(8691) Pause Full (Allocation Failure) 15M->12M(15M) 30.003ms
[451.080s][info][gc] GC(8692) Pause Full (Allocation Failure) 15M->12M(15M) 30.032ms
[451.115s][info][gc] GC(8693) Pause Full (Allocation Failure) 15M->12M(15M) 30.014ms
[451.150s][info][gc] GC(8694) Pause Full (Allocation Failure) 15M->12M(15M) 30.172ms
[451.185s][info][gc] GC(8695) Pause Full (Allocation Failure) 15M->12M(15M) 29.830ms
[451.220s][info][gc] GC(8696) Pause Full (Allocation Failure) 15M->12M(15M) 30.158ms
[451.255s][info][gc] GC(8697) Pause Full (Allocation Failure) 15M->12M(15M) 30.023ms
[451.290s][info][gc] GC(8698) Pause Full (Allocation Failure) 15M->12M(15M) 29.839ms
[451.326s][info][gc] GC(8699) Pause Full (Allocation Failure) 15M->12M(15M) 30.716ms
[451.362s][info][gc] GC(8700) Pause Full (Allocation Failure) 15M->12M(15M) 30.167ms
[451.398s][info][gc] GC(8701) Pause Full (Allocation Failure) 15M->12M(15M) 30.299ms
[451.433s][info][gc] GC(8702) Pause Full (Allocation Failure) 15M->12M(15M) 30.017ms
[451.469s][info][gc] GC(8703) Pause Full (Allocation Failure) 15M->12M(15M) 30.530ms
[451.504s][info][gc] GC(8704) Pause Full (Allocation Failure) 15M->12M(15M) 29.853ms
[451.541s][info][gc] GC(8705) Pause Full (Allocation Failure) 15M->12M(15M) 31.659ms
[451.577s][info][gc] GC(8706) Pause Full (Allocation Failure) 15M->12M(15M) 31.013ms
[451.613s][info][gc] GC(8707) Pause Full (Allocation Failure) 15M->12M(15M) 30.619ms
[451.648s][info][gc] GC(8708) Pause Full (Allocation Failure) 15M->12M(15M) 30.052ms
[451.684s][info][gc] GC(8709) Pause Full (Allocation Failure) 15M->12M(15M) 30.084ms
[451.720s][info][gc] GC(8710) Pause Full (Allocation Failure) 15M->12M(15M) 30.265ms
[451.756s][info][gc] GC(8711) Pause Full (Allocation Failure) 15M->12M(15M) 30.058ms
[451.791s][info][gc] GC(8712) Pause Full (Allocation Failure) 15M->12M(15M) 30.519ms
[451.828s][info][gc] GC(8713) Pause Full (Allocation Failure) 15M->12M(15M) 31.683ms
[451.865s][info][gc] GC(8714) Pause Full (Allocation Failure) 15M->12M(15M) 31.670ms
[451.902s][info][gc] GC(8715) Pause Full (Allocation Failure) 15M->12M(15M) 31.417ms
[451.939s][info][gc] GC(8716) Pause Full (Allocation Failure) 15M->12M(15M) 31.216ms
[451.975s][info][gc] GC(8717) Pause Full (Allocation Failure) 15M->12M(15M) 30.991ms
[452.012s][info][gc] GC(8718) Pause Full (Allocation Failure) 15M->12M(15M) 31.038ms
[452.048s][info][gc] GC(8719) Pause Full (Allocation Failure) 15M->12M(15M) 31.006ms
[452.085s][info][gc] GC(8720) Pause Full (Allocation Failure) 15M->12M(15M) 31.083ms
[452.121s][info][gc] GC(8721) Pause Full (Allocation Failure) 15M->12M(15M) 31.037ms
[452.158s][info][gc] GC(8722) Pause Full (Allocation Failure) 15M->12M(15M) 31.327ms
[452.195s][info][gc] GC(8723) Pause Full (Allocation Failure) 15M->12M(15M) 31.263ms
[452.231s][info][gc] GC(8724) Pause Full (Allocation Failure) 15M->12M(15M) 30.809ms
[452.268s][info][gc] GC(8725) Pause Full (Allocation Failure) 15M->12M(15M) 30.990ms
[452.304s][info][gc] GC(8726) Pause Full (Allocation Failure) 15M->12M(15M) 30.789ms
[452.340s][info][gc] GC(8727) Pause Full (Allocation Failure) 15M->12M(15M) 30.633ms
[452.377s][info][gc] GC(8728) Pause Full (Allocation Failure) 15M->12M(15M) 31.429ms
[452.414s][info][gc] GC(8729) Pause Full (Allocation Failure) 15M->12M(15M) 31.519ms
[452.450s][info][gc] GC(8730) Pause Full (Allocation Failure) 15M->12M(15M) 30.812ms
[452.486s][info][gc] GC(8731) Pause Full (Allocation Failure) 15M->12M(15M) 30.900ms
[452.523s][info][gc] GC(8732) Pause Full (Allocation Failure) 15M->12M(15M) 30.969ms
[452.561s][info][gc] GC(8733) Pause Full (Allocation Failure) 15M->12M(15M) 31.685ms
[452.597s][info][gc] GC(8734) Pause Full (Allocation Failure) 15M->12M(15M) 30.706ms
[452.632s][info][gc] GC(8735) Pause Full (Allocation Failure) 15M->12M(15M) 29.935ms
[452.667s][info][gc] GC(8736) Pause Full (Allocation Failure) 15M->12M(15M) 29.706ms
[452.702s][info][gc] GC(8737) Pause Full (Allocation Failure) 15M->12M(15M) 30.423ms
[452.739s][info][gc] GC(8738) Pause Full (Allocation Failure) 15M->12M(15M) 31.165ms
[452.776s][info][gc] GC(8739) Pause Full (Allocation Failure) 15M->12M(15M) 31.588ms
[452.812s][info][gc] GC(8740) Pause Full (Allocation Failure) 15M->12M(15M) 31.244ms
[452.849s][info][gc] GC(8741) Pause Full (Allocation Failure) 15M->12M(15M) 31.205ms
[452.885s][info][gc] GC(8742) Pause Full (Allocation Failure) 15M->12M(15M) 30.749ms
[452.920s][info][gc] GC(8743) Pause Full (Allocation Failure) 15M->12M(15M) 30.674ms
[452.956s][info][gc] GC(8744) Pause Full (Allocation Failure) 15M->12M(15M) 30.277ms
[452.992s][info][gc] GC(8745) Pause Full (Allocation Failure) 15M->12M(15M) 29.849ms
[453.027s][info][gc] GC(8746) Pause Full (Allocation Failure) 15M->12M(15M) 29.972ms
[453.062s][info][gc] GC(8747) Pause Full (Allocation Failure) 15M->12M(15M) 30.164ms
[453.098s][info][gc] GC(8748) Pause Full (Allocation Failure) 15M->12M(15M) 31.167ms
[453.135s][info][gc] GC(8749) Pause Full (Allocation Failure) 15M->12M(15M) 31.627ms
[453.172s][info][gc] GC(8750) Pause Full (Allocation Failure) 15M->12M(15M) 31.655ms
[453.209s][info][gc] GC(8751) Pause Full (Allocation Failure) 15M->12M(15M) 31.476ms
[453.246s][info][gc] GC(8752) Pause Full (Allocation Failure) 15M->12M(15M) 30.942ms
[453.281s][info][gc] GC(8753) Pause Full (Allocation Failure) 15M->12M(15M) 30.354ms
[453.317s][info][gc] GC(8754) Pause Full (Allocation Failure) 15M->12M(15M) 30.000ms
[453.352s][info][gc] GC(8755) Pause Full (Allocation Failure) 15M->12M(15M) 30.118ms
[453.387s][info][gc] GC(8756) Pause Full (Allocation Failure) 15M->12M(15M) 30.128ms
[453.423s][info][gc] GC(8757) Pause Full (Allocation Failure) 15M->12M(15M) 30.144ms
[453.458s][info][gc] GC(8758) Pause Full (Allocation Failure) 15M->12M(15M) 30.583ms
[453.494s][info][gc] GC(8759) Pause Full (Allocation Failure) 15M->12M(15M) 30.225ms
[453.529s][info][gc] GC(8760) Pause Full (Allocation Failure) 15M->12M(15M) 29.949ms
[453.566s][info][gc] GC(8761) Pause Full (Allocation Failure) 15M->12M(15M) 31.586ms
[453.602s][info][gc] GC(8762) Pause Full (Allocation Failure) 15M->12M(15M) 31.128ms
[453.639s][info][gc] GC(8763) Pause Full (Allocation Failure) 15M->12M(15M) 31.024ms
[453.675s][info][gc] GC(8764) Pause Full (Allocation Failure) 15M->12M(15M) 30.678ms
[453.713s][info][gc] GC(8765) Pause Full (Allocation Failure) 15M->12M(15M) 32.148ms
[453.750s][info][gc] GC(8766) Pause Full (Allocation Failure) 15M->12M(15M) 31.838ms
[453.787s][info][gc] GC(8767) Pause Full (Allocation Failure) 15M->12M(15M) 31.785ms
[453.823s][info][gc] GC(8768) Pause Full (Allocation Failure) 15M->12M(15M) 31.532ms
[453.860s][info][gc] GC(8769) Pause Full (Allocation Failure) 15M->12M(15M) 31.052ms
[453.897s][info][gc] GC(8770) Pause Full (Allocation Failure) 15M->12M(15M) 31.589ms
[453.933s][info][gc] GC(8771) Pause Full (Allocation Failure) 15M->12M(15M) 31.163ms
[453.970s][info][gc] GC(8772) Pause Full (Allocation Failure) 15M->12M(15M) 31.465ms
[454.007s][info][gc] GC(8773) Pause Full (Allocation Failure) 15M->12M(15M) 31.094ms
[454.043s][info][gc] GC(8774) Pause Full (Allocation Failure) 15M->12M(15M) 30.786ms
[454.079s][info][gc] GC(8775) Pause Full (Allocation Failure) 15M->12M(15M) 30.919ms
[454.116s][info][gc] GC(8776) Pause Full (Allocation Failure) 15M->12M(15M) 31.107ms
[454.153s][info][gc] GC(8777) Pause Full (Allocation Failure) 15M->12M(15M) 31.552ms
[454.188s][info][gc] GC(8778) Pause Full (Allocation Failure) 15M->12M(15M) 30.579ms
[454.225s][info][gc] GC(8779) Pause Full (Allocation Failure) 15M->12M(15M) 30.817ms
[454.262s][info][gc] GC(8780) Pause Full (Allocation Failure) 15M->12M(15M) 31.351ms
[454.297s][info][gc] GC(8781) Pause Full (Allocation Failure) 15M->12M(15M) 30.372ms
[454.332s][info][gc] GC(8782) Pause Full (Allocation Failure) 15M->12M(15M) 29.787ms
[454.366s][info][gc] GC(8783) Pause Full (Allocation Failure) 15M->12M(15M) 29.638ms
[454.401s][info][gc] GC(8784) Pause Full (Allocation Failure) 15M->12M(15M) 30.059ms
[454.437s][info][gc] GC(8785) Pause Full (Allocation Failure) 15M->12M(15M) 30.471ms
[454.472s][info][gc] GC(8786) Pause Full (Allocation Failure) 15M->12M(15M) 30.319ms
[454.508s][info][gc] GC(8787) Pause Full (Allocation Failure) 15M->12M(15M) 30.693ms
[454.545s][info][gc] GC(8788) Pause Full (Allocation Failure) 15M->12M(15M) 31.284ms
[454.581s][info][gc] GC(8789) Pause Full (Allocation Failure) 15M->12M(15M) 31.269ms
[454.618s][info][gc] GC(8790) Pause Full (Allocation Failure) 15M->12M(15M) 31.447ms
[454.654s][info][gc] GC(8791) Pause Full (Allocation Failure) 15M->12M(15M) 30.904ms
[454.690s][info][gc] GC(8792) Pause Full (Allocation Failure) 15M->12M(15M) 30.920ms
[454.727s][info][gc] GC(8793) Pause Full (Allocation Failure) 15M->12M(15M) 31.146ms
[454.763s][info][gc] GC(8794) Pause Full (Allocation Failure) 15M->12M(15M) 30.971ms
[454.799s][info][gc] GC(8795) Pause Full (Allocation Failure) 15M->12M(15M) 30.566ms
[454.834s][info][gc] GC(8796) Pause Full (Allocation Failure) 15M->12M(15M) 29.851ms
[454.869s][info][gc] GC(8797) Pause Full (Allocation Failure) 15M->12M(15M) 29.871ms
[454.914s][info][gc] GC(8798) Pause Full (Allocation Failure) 15M->12M(15M) 36.916ms
[454.951s][info][gc] GC(8799) Pause Full (Allocation Failure) 15M->12M(15M) 31.333ms
[454.995s][info][gc] GC(8800) Pause Full (Allocation Failure) 15M->12M(15M) 33.772ms
[455.032s][info][gc] GC(8801) Pause Full (Allocation Failure) 15M->12M(15M) 31.200ms
[455.068s][info][gc] GC(8802) Pause Full (Allocation Failure) 15M->12M(15M) 31.196ms
[455.105s][info][gc] GC(8803) Pause Full (Allocation Failure) 15M->12M(15M) 31.009ms
[455.143s][info][gc] GC(8804) Pause Full (Allocation Failure) 15M->12M(15M) 31.927ms
[455.180s][info][gc] GC(8805) Pause Full (Allocation Failure) 15M->12M(15M) 31.883ms
[455.218s][info][gc] GC(8806) Pause Full (Allocation Failure) 15M->12M(15M) 31.859ms
[455.255s][info][gc] GC(8807) Pause Full (Allocation Failure) 15M->12M(15M) 32.044ms
[455.293s][info][gc] GC(8808) Pause Full (Allocation Failure) 15M->12M(15M) 32.633ms
[455.333s][info][gc] GC(8809) Pause Full (Allocation Failure) 15M->12M(15M) 34.401ms
[455.371s][info][gc] GC(8810) Pause Full (Allocation Failure) 15M->12M(15M) 31.796ms
[455.408s][info][gc] GC(8811) Pause Full (Allocation Failure) 15M->12M(15M) 31.573ms
[455.445s][info][gc] GC(8812) Pause Full (Allocation Failure) 15M->12M(15M) 31.013ms
[455.493s][info][gc] GC(8813) Pause Full (Allocation Failure) 15M->12M(15M) 43.553ms
[455.543s][info][gc] GC(8814) Pause Full (Allocation Failure) 15M->12M(15M) 32.143ms
[455.582s][info][gc] GC(8815) Pause Full (Allocation Failure) 15M->12M(15M) 32.422ms
[455.638s][info][gc] GC(8816) Pause Full (Allocation Failure) 15M->12M(15M) 32.660ms
[455.683s][info][gc] GC(8817) Pause Full (Allocation Failure) 15M->12M(15M) 32.076ms
[455.722s][info][gc] GC(8818) Pause Full (Allocation Failure) 15M->12M(15M) 31.926ms
[455.759s][info][gc] GC(8819) Pause Full (Allocation Failure) 15M->12M(15M) 32.023ms
[455.797s][info][gc] GC(8820) Pause Full (Allocation Failure) 15M->12M(15M) 31.804ms
[455.835s][info][gc] GC(8821) Pause Full (Allocation Failure) 15M->12M(15M) 32.192ms
[455.873s][info][gc] GC(8822) Pause Full (Allocation Failure) 15M->12M(15M) 32.186ms
[455.976s][info][gc] GC(8823) Pause Full (Allocation Failure) 15M->12M(15M) 33.216ms
[456.016s][info][gc] GC(8824) Pause Full (Allocation Failure) 15M->12M(15M) 33.115ms
[456.057s][info][gc] GC(8825) Pause Full (Allocation Failure) 15M->12M(15M) 34.172ms
[456.095s][info][gc] GC(8826) Pause Full (Allocation Failure) 15M->12M(15M) 31.822ms
[456.132s][info][gc] GC(8827) Pause Full (Allocation Failure) 15M->12M(15M) 31.605ms
[456.170s][info][gc] GC(8828) Pause Full (Allocation Failure) 15M->12M(15M) 32.686ms
[456.207s][info][gc] GC(8829) Pause Full (Allocation Failure) 15M->12M(15M) 31.347ms
[456.243s][info][gc] GC(8830) Pause Full (Allocation Failure) 15M->12M(15M) 30.874ms
[456.282s][info][gc] GC(8831) Pause Full (Allocation Failure) 15M->12M(15M) 33.824ms
[456.322s][info][gc] GC(8832) Pause Full (Allocation Failure) 15M->12M(15M) 32.031ms
[456.360s][info][gc] GC(8833) Pause Full (Allocation Failure) 15M->12M(15M) 32.678ms
[456.398s][info][gc] GC(8834) Pause Full (Allocation Failure) 15M->12M(15M) 32.776ms
[456.437s][info][gc] GC(8835) Pause Full (Allocation Failure) 15M->12M(15M) 32.138ms
[456.474s][info][gc] GC(8836) Pause Full (Allocation Failure) 15M->12M(15M) 30.725ms
[456.509s][info][gc] GC(8837) Pause Full (Allocation Failure) 15M->12M(15M) 30.284ms
[456.546s][info][gc] GC(8838) Pause Full (Allocation Failure) 15M->12M(15M) 31.086ms
[456.581s][info][gc] GC(8839) Pause Full (Allocation Failure) 15M->12M(15M) 30.694ms
[456.619s][info][gc] GC(8840) Pause Full (Allocation Failure) 15M->12M(15M) 31.714ms
[456.656s][info][gc] GC(8841) Pause Full (Allocation Failure) 15M->12M(15M) 32.141ms
[456.692s][info][gc] GC(8842) Pause Full (Allocation Failure) 15M->12M(15M) 30.272ms
[456.727s][info][gc] GC(8843) Pause Full (Allocation Failure) 15M->12M(15M) 29.922ms
[456.763s][info][gc] GC(8844) Pause Full (Allocation Failure) 15M->12M(15M) 30.319ms
[456.799s][info][gc] GC(8845) Pause Full (Allocation Failure) 15M->12M(15M) 30.746ms
[456.835s][info][gc] GC(8846) Pause Full (Allocation Failure) 15M->12M(15M) 30.810ms
[456.871s][info][gc] GC(8847) Pause Full (Allocation Failure) 15M->12M(15M) 31.347ms
[456.909s][info][gc] GC(8848) Pause Full (Allocation Failure) 15M->12M(15M) 32.130ms
[456.947s][info][gc] GC(8849) Pause Full (Allocation Failure) 15M->12M(15M) 32.214ms
[456.984s][info][gc] GC(8850) Pause Full (Allocation Failure) 15M->12M(15M) 32.239ms
[457.024s][info][gc] GC(8851) Pause Full (Allocation Failure) 15M->12M(15M) 32.366ms
[457.061s][info][gc] GC(8852) Pause Full (Allocation Failure) 15M->12M(15M) 31.490ms
[457.098s][info][gc] GC(8853) Pause Full (Allocation Failure) 15M->12M(15M) 31.383ms
[457.134s][info][gc] GC(8854) Pause Full (Allocation Failure) 15M->12M(15M) 31.293ms
[457.170s][info][gc] GC(8855) Pause Full (Allocation Failure) 15M->12M(15M) 31.438ms
[457.206s][info][gc] GC(8856) Pause Full (Allocation Failure) 15M->12M(15M) 30.360ms
[457.240s][info][gc] GC(8857) Pause Full (Allocation Failure) 15M->12M(15M) 29.446ms
[457.275s][info][gc] GC(8858) Pause Full (Allocation Failure) 15M->12M(15M) 29.889ms
[457.310s][info][gc] GC(8859) Pause Full (Allocation Failure) 15M->12M(15M) 30.260ms
[457.346s][info][gc] GC(8860) Pause Full (Allocation Failure) 15M->12M(15M) 30.321ms
[457.382s][info][gc] GC(8861) Pause Full (Allocation Failure) 15M->12M(15M) 30.726ms
[457.418s][info][gc] GC(8862) Pause Full (Allocation Failure) 15M->12M(15M) 31.520ms
[457.454s][info][gc] GC(8863) Pause Full (Allocation Failure) 15M->12M(15M) 30.708ms
[457.489s][info][gc] GC(8864) Pause Full (Allocation Failure) 15M->12M(15M) 29.661ms
[457.524s][info][gc] GC(8865) Pause Full (Allocation Failure) 15M->12M(15M) 30.107ms
[457.559s][info][gc] GC(8866) Pause Full (Allocation Failure) 15M->12M(15M) 30.227ms
[457.595s][info][gc] GC(8867) Pause Full (Allocation Failure) 15M->12M(15M) 30.976ms
[457.635s][info][gc] GC(8868) Pause Full (Allocation Failure) 15M->12M(15M) 34.456ms
[457.673s][info][gc] GC(8869) Pause Full (Allocation Failure) 15M->12M(15M) 32.648ms
[457.713s][info][gc] GC(8870) Pause Full (Allocation Failure) 15M->12M(15M) 33.529ms
[457.749s][info][gc] GC(8871) Pause Full (Allocation Failure) 15M->12M(15M) 31.450ms
[457.786s][info][gc] GC(8872) Pause Full (Allocation Failure) 15M->12M(15M) 31.243ms
[457.823s][info][gc] GC(8873) Pause Full (Allocation Failure) 15M->12M(15M) 31.480ms
[457.860s][info][gc] GC(8874) Pause Full (Allocation Failure) 15M->12M(15M) 31.934ms
[457.898s][info][gc] GC(8875) Pause Full (Allocation Failure) 15M->12M(15M) 32.552ms
[457.938s][info][gc] GC(8876) Pause Full (Allocation Failure) 15M->12M(15M) 34.752ms
[458.055s][info][gc] GC(8877) Pause Full (Allocation Failure) 15M->12M(15M) 43.576ms
[458.122s][info][gc] GC(8878) Pause Full (Allocation Failure) 15M->12M(15M) 33.427ms
[458.167s][info][gc] GC(8879) Pause Full (Allocation Failure) 15M->12M(15M) 38.150ms
[458.222s][info][gc] GC(8880) Pause Full (Allocation Failure) 15M->12M(15M) 33.520ms
[458.261s][info][gc] GC(8881) Pause Full (Allocation Failure) 15M->12M(15M) 32.648ms
[458.300s][info][gc] GC(8882) Pause Full (Allocation Failure) 15M->12M(15M) 32.095ms
[458.338s][info][gc] GC(8883) Pause Full (Allocation Failure) 15M->12M(15M) 32.311ms
[458.375s][info][gc] GC(8884) Pause Full (Allocation Failure) 15M->12M(15M) 32.105ms
[458.414s][info][gc] GC(8885) Pause Full (Allocation Failure) 15M->12M(15M) 32.227ms
[458.453s][info][gc] GC(8886) Pause Full (Allocation Failure) 15M->12M(15M) 33.328ms
[458.494s][info][gc] GC(8887) Pause Full (Allocation Failure) 15M->12M(15M) 32.506ms
[458.567s][info][gc] GC(8888) Pause Full (Allocation Failure) 15M->12M(15M) 66.656ms
[458.628s][info][gc] GC(8889) Pause Full (Allocation Failure) 15M->12M(15M) 33.100ms
[458.667s][info][gc] GC(8890) Pause Full (Allocation Failure) 15M->12M(15M) 32.890ms
[458.705s][info][gc] GC(8891) Pause Full (Allocation Failure) 15M->12M(15M) 32.667ms
[458.744s][info][gc] GC(8892) Pause Full (Allocation Failure) 15M->12M(15M) 33.223ms
[458.781s][info][gc] GC(8893) Pause Full (Allocation Failure) 15M->12M(15M) 31.775ms
[458.819s][info][gc] GC(8894) Pause Full (Allocation Failure) 15M->12M(15M) 32.052ms
[458.856s][info][gc] GC(8895) Pause Full (Allocation Failure) 15M->12M(15M) 31.679ms
[458.894s][info][gc] GC(8896) Pause Full (Allocation Failure) 15M->12M(15M) 32.307ms
[458.932s][info][gc] GC(8897) Pause Full (Allocation Failure) 15M->12M(15M) 31.629ms
[458.968s][info][gc] GC(8898) Pause Full (Allocation Failure) 15M->12M(15M) 31.828ms
[459.004s][info][gc] GC(8899) Pause Full (Allocation Failure) 15M->12M(15M) 30.985ms
[459.042s][info][gc] GC(8900) Pause Full (Allocation Failure) 15M->12M(15M) 32.646ms
[459.078s][info][gc] GC(8901) Pause Full (Allocation Failure) 15M->12M(15M) 31.147ms
[459.116s][info][gc] GC(8902) Pause Full (Allocation Failure) 15M->12M(15M) 32.054ms
[459.154s][info][gc] GC(8903) Pause Full (Allocation Failure) 15M->12M(15M) 32.914ms
[459.191s][info][gc] GC(8904) Pause Full (Allocation Failure) 15M->12M(15M) 31.995ms
[459.227s][info][gc] GC(8905) Pause Full (Allocation Failure) 15M->12M(15M) 31.144ms
[459.263s][info][gc] GC(8906) Pause Full (Allocation Failure) 15M->12M(15M) 30.829ms
[459.298s][info][gc] GC(8907) Pause Full (Allocation Failure) 15M->12M(15M) 30.375ms
[459.334s][info][gc] GC(8908) Pause Full (Allocation Failure) 15M->12M(15M) 30.269ms
[459.369s][info][gc] GC(8909) Pause Full (Allocation Failure) 15M->12M(15M) 30.149ms
[459.404s][info][gc] GC(8910) Pause Full (Allocation Failure) 15M->12M(15M) 30.319ms
[459.440s][info][gc] GC(8911) Pause Full (Allocation Failure) 15M->12M(15M) 30.781ms
[459.476s][info][gc] GC(8912) Pause Full (Allocation Failure) 15M->12M(15M) 31.091ms
[459.512s][info][gc] GC(8913) Pause Full (Allocation Failure) 15M->12M(15M) 30.418ms
[459.548s][info][gc] GC(8914) Pause Full (Allocation Failure) 15M->12M(15M) 30.940ms
[459.583s][info][gc] GC(8915) Pause Full (Allocation Failure) 15M->12M(15M) 30.401ms
[459.619s][info][gc] GC(8916) Pause Full (Allocation Failure) 15M->12M(15M) 30.671ms
[459.655s][info][gc] GC(8917) Pause Full (Allocation Failure) 15M->12M(15M) 30.581ms
[459.690s][info][gc] GC(8918) Pause Full (Allocation Failure) 15M->12M(15M) 30.624ms
[459.726s][info][gc] GC(8919) Pause Full (Allocation Failure) 15M->12M(15M) 30.407ms
[459.761s][info][gc] GC(8920) Pause Full (Allocation Failure) 15M->12M(15M) 30.043ms
[459.796s][info][gc] GC(8921) Pause Full (Allocation Failure) 15M->12M(15M) 30.348ms
[459.832s][info][gc] GC(8922) Pause Full (Allocation Failure) 15M->12M(15M) 30.506ms
[459.867s][info][gc] GC(8923) Pause Full (Allocation Failure) 15M->12M(15M) 30.483ms
[459.903s][info][gc] GC(8924) Pause Full (Allocation Failure) 15M->12M(15M) 30.623ms
[459.938s][info][gc] GC(8925) Pause Full (Allocation Failure) 15M->12M(15M) 30.298ms
[459.973s][info][gc] GC(8926) Pause Full (Allocation Failure) 15M->12M(15M) 30.377ms
[460.009s][info][gc] GC(8927) Pause Full (Allocation Failure) 15M->12M(15M) 30.585ms
[460.044s][info][gc] GC(8928) Pause Full (Allocation Failure) 15M->12M(15M) 30.417ms
[460.079s][info][gc] GC(8929) Pause Full (Allocation Failure) 15M->12M(15M) 30.084ms
[460.115s][info][gc] GC(8930) Pause Full (Allocation Failure) 15M->12M(15M) 30.740ms
[460.150s][info][gc] GC(8931) Pause Full (Allocation Failure) 15M->12M(15M) 30.178ms
[460.186s][info][gc] GC(8932) Pause Full (Allocation Failure) 15M->12M(15M) 30.609ms
[460.222s][info][gc] GC(8933) Pause Full (Allocation Failure) 15M->12M(15M) 30.824ms
[460.257s][info][gc] GC(8934) Pause Full (Allocation Failure) 15M->12M(15M) 30.432ms
[460.292s][info][gc] GC(8935) Pause Full (Allocation Failure) 15M->12M(15M) 30.324ms
[460.328s][info][gc] GC(8936) Pause Full (Allocation Failure) 15M->12M(15M) 30.225ms
[460.363s][info][gc] GC(8937) Pause Full (Allocation Failure) 15M->12M(15M) 30.318ms
[460.398s][info][gc] GC(8938) Pause Full (Allocation Failure) 15M->12M(15M) 30.161ms
[460.435s][info][gc] GC(8939) Pause Full (Allocation Failure) 15M->12M(15M) 31.422ms
[460.470s][info][gc] GC(8940) Pause Full (Allocation Failure) 15M->12M(15M) 30.699ms
[460.506s][info][gc] GC(8941) Pause Full (Allocation Failure) 15M->12M(15M) 30.369ms
[460.541s][info][gc] GC(8942) Pause Full (Allocation Failure) 15M->12M(15M) 30.742ms
[460.576s][info][gc] GC(8943) Pause Full (Allocation Failure) 15M->12M(15M) 30.291ms
[460.612s][info][gc] GC(8944) Pause Full (Allocation Failure) 15M->12M(15M) 30.485ms
[460.647s][info][gc] GC(8945) Pause Full (Allocation Failure) 15M->12M(15M) 30.244ms
[460.682s][info][gc] GC(8946) Pause Full (Allocation Failure) 15M->12M(15M) 30.280ms
[460.718s][info][gc] GC(8947) Pause Full (Allocation Failure) 15M->12M(15M) 30.383ms
[460.754s][info][gc] GC(8948) Pause Full (Allocation Failure) 15M->12M(15M) 31.100ms
[460.790s][info][gc] GC(8949) Pause Full (Allocation Failure) 15M->12M(15M) 30.731ms
[460.825s][info][gc] GC(8950) Pause Full (Allocation Failure) 15M->12M(15M) 30.218ms
[460.861s][info][gc] GC(8951) Pause Full (Allocation Failure) 15M->12M(15M) 30.823ms
[460.897s][info][gc] GC(8952) Pause Full (Allocation Failure) 15M->12M(15M) 31.304ms
[460.932s][info][gc] GC(8953) Pause Full (Allocation Failure) 15M->12M(15M) 30.320ms
[460.968s][info][gc] GC(8954) Pause Full (Allocation Failure) 15M->12M(15M) 30.441ms
[461.003s][info][gc] GC(8955) Pause Full (Allocation Failure) 15M->12M(15M) 30.501ms
[461.038s][info][gc] GC(8956) Pause Full (Allocation Failure) 15M->12M(15M) 30.083ms
[461.074s][info][gc] GC(8957) Pause Full (Allocation Failure) 15M->12M(15M) 30.323ms
[461.109s][info][gc] GC(8958) Pause Full (Allocation Failure) 15M->12M(15M) 30.463ms
[461.144s][info][gc] GC(8959) Pause Full (Allocation Failure) 15M->12M(15M) 30.215ms
[461.179s][info][gc] GC(8960) Pause Full (Allocation Failure) 15M->12M(15M) 30.273ms
[461.216s][info][gc] GC(8961) Pause Full (Allocation Failure) 15M->12M(15M) 31.149ms
[461.251s][info][gc] GC(8962) Pause Full (Allocation Failure) 15M->12M(15M) 30.340ms
[461.287s][info][gc] GC(8963) Pause Full (Allocation Failure) 15M->12M(15M) 30.400ms
[461.323s][info][gc] GC(8964) Pause Full (Allocation Failure) 15M->12M(15M) 30.464ms
[461.358s][info][gc] GC(8965) Pause Full (Allocation Failure) 15M->12M(15M) 30.243ms
[461.394s][info][gc] GC(8966) Pause Full (Allocation Failure) 15M->12M(15M) 30.276ms
[461.430s][info][gc] GC(8967) Pause Full (Allocation Failure) 15M->12M(15M) 30.805ms
[461.465s][info][gc] GC(8968) Pause Full (Allocation Failure) 15M->12M(15M) 30.283ms
[461.500s][info][gc] GC(8969) Pause Full (Allocation Failure) 15M->12M(15M) 30.403ms
[461.536s][info][gc] GC(8970) Pause Full (Allocation Failure) 15M->12M(15M) 30.856ms
[461.571s][info][gc] GC(8971) Pause Full (Allocation Failure) 15M->12M(15M) 30.242ms
[461.607s][info][gc] GC(8972) Pause Full (Allocation Failure) 15M->12M(15M) 30.396ms
[461.643s][info][gc] GC(8973) Pause Full (Allocation Failure) 15M->12M(15M) 30.562ms
[461.678s][info][gc] GC(8974) Pause Full (Allocation Failure) 15M->12M(15M) 30.084ms
[461.714s][info][gc] GC(8975) Pause Full (Allocation Failure) 15M->12M(15M) 30.613ms
[461.749s][info][gc] GC(8976) Pause Full (Allocation Failure) 15M->12M(15M) 30.700ms
[461.785s][info][gc] GC(8977) Pause Full (Allocation Failure) 15M->12M(15M) 30.408ms
[461.821s][info][gc] GC(8978) Pause Full (Allocation Failure) 15M->12M(15M) 30.933ms
[461.856s][info][gc] GC(8979) Pause Full (Allocation Failure) 15M->12M(15M) 30.499ms
[461.891s][info][gc] GC(8980) Pause Full (Allocation Failure) 15M->12M(15M) 30.309ms
[461.927s][info][gc] GC(8981) Pause Full (Allocation Failure) 15M->12M(15M) 30.298ms
[461.963s][info][gc] GC(8982) Pause Full (Allocation Failure) 15M->12M(15M) 31.068ms
[462.000s][info][gc] GC(8983) Pause Full (Allocation Failure) 15M->12M(15M) 31.883ms
[462.037s][info][gc] GC(8984) Pause Full (Allocation Failure) 15M->12M(15M) 31.590ms
[462.073s][info][gc] GC(8985) Pause Full (Allocation Failure) 15M->12M(15M) 31.312ms
[462.110s][info][gc] GC(8986) Pause Full (Allocation Failure) 15M->12M(15M) 31.757ms
[462.147s][info][gc] GC(8987) Pause Full (Allocation Failure) 15M->12M(15M) 31.278ms
[462.184s][info][gc] GC(8988) Pause Full (Allocation Failure) 15M->12M(15M) 32.111ms
[462.220s][info][gc] GC(8989) Pause Full (Allocation Failure) 15M->12M(15M) 31.533ms
[462.256s][info][gc] GC(8990) Pause Full (Allocation Failure) 15M->12M(15M) 29.941ms
[462.291s][info][gc] GC(8991) Pause Full (Allocation Failure) 15M->12M(15M) 29.968ms
[462.326s][info][gc] GC(8992) Pause Full (Allocation Failure) 15M->12M(15M) 30.411ms
[462.362s][info][gc] GC(8993) Pause Full (Allocation Failure) 15M->12M(15M) 31.321ms
[462.399s][info][gc] GC(8994) Pause Full (Allocation Failure) 15M->12M(15M) 31.591ms
[462.436s][info][gc] GC(8995) Pause Full (Allocation Failure) 15M->12M(15M) 31.793ms
[462.474s][info][gc] GC(8996) Pause Full (Allocation Failure) 15M->12M(15M) 32.656ms
[462.513s][info][gc] GC(8997) Pause Full (Allocation Failure) 15M->12M(15M) 33.396ms
[462.552s][info][gc] GC(8998) Pause Full (Allocation Failure) 15M->12M(15M) 32.771ms
[462.590s][info][gc] GC(8999) Pause Full (Allocation Failure) 15M->12M(15M) 32.780ms
[462.629s][info][gc] GC(9000) Pause Full (Allocation Failure) 15M->12M(15M) 32.497ms
[462.665s][info][gc] GC(9001) Pause Full (Allocation Failure) 15M->12M(15M) 31.245ms
[462.702s][info][gc] GC(9002) Pause Full (Allocation Failure) 15M->12M(15M) 31.739ms
[462.740s][info][gc] GC(9003) Pause Full (Allocation Failure) 15M->12M(15M) 32.126ms
[462.777s][info][gc] GC(9004) Pause Full (Allocation Failure) 15M->12M(15M) 32.145ms
[462.814s][info][gc] GC(9005) Pause Full (Allocation Failure) 15M->12M(15M) 31.859ms
[462.851s][info][gc] GC(9006) Pause Full (Allocation Failure) 15M->12M(15M) 31.731ms
[462.888s][info][gc] GC(9007) Pause Full (Allocation Failure) 15M->12M(15M) 32.427ms
[462.926s][info][gc] GC(9008) Pause Full (Allocation Failure) 15M->12M(15M) 31.696ms
[462.962s][info][gc] GC(9009) Pause Full (Allocation Failure) 15M->12M(15M) 31.513ms
[462.999s][info][gc] GC(9010) Pause Full (Allocation Failure) 15M->12M(15M) 31.909ms
[463.036s][info][gc] GC(9011) Pause Full (Allocation Failure) 15M->12M(15M) 31.654ms
[463.072s][info][gc] GC(9012) Pause Full (Allocation Failure) 15M->12M(15M) 31.173ms
[463.109s][info][gc] GC(9013) Pause Full (Allocation Failure) 15M->12M(15M) 31.856ms
[463.145s][info][gc] GC(9014) Pause Full (Allocation Failure) 15M->12M(15M) 30.970ms
[463.181s][info][gc] GC(9015) Pause Full (Allocation Failure) 15M->12M(15M) 30.586ms
[463.217s][info][gc] GC(9016) Pause Full (Allocation Failure) 15M->12M(15M) 31.067ms
[463.253s][info][gc] GC(9017) Pause Full (Allocation Failure) 15M->12M(15M) 30.672ms
[463.290s][info][gc] GC(9018) Pause Full (Allocation Failure) 15M->12M(15M) 30.805ms
[463.325s][info][gc] GC(9019) Pause Full (Allocation Failure) 15M->12M(15M) 30.329ms
[463.361s][info][gc] GC(9020) Pause Full (Allocation Failure) 15M->12M(15M) 30.541ms
[463.396s][info][gc] GC(9021) Pause Full (Allocation Failure) 15M->12M(15M) 30.339ms
[463.432s][info][gc] GC(9022) Pause Full (Allocation Failure) 15M->12M(15M) 30.624ms
[463.468s][info][gc] GC(9023) Pause Full (Allocation Failure) 15M->12M(15M) 31.107ms
[463.503s][info][gc] GC(9024) Pause Full (Allocation Failure) 15M->12M(15M) 30.376ms
[463.539s][info][gc] GC(9025) Pause Full (Allocation Failure) 15M->12M(15M) 31.067ms
[463.574s][info][gc] GC(9026) Pause Full (Allocation Failure) 15M->12M(15M) 30.133ms
[463.610s][info][gc] GC(9027) Pause Full (Allocation Failure) 15M->12M(15M) 31.128ms
[463.646s][info][gc] GC(9028) Pause Full (Allocation Failure) 15M->12M(15M) 30.702ms
[463.682s][info][gc] GC(9029) Pause Full (Allocation Failure) 15M->12M(15M) 30.365ms
[463.718s][info][gc] GC(9030) Pause Full (Allocation Failure) 15M->12M(15M) 30.574ms
[463.754s][info][gc] GC(9031) Pause Full (Allocation Failure) 15M->12M(15M) 30.585ms
[463.797s][info][gc] GC(9032) Pause Full (Allocation Failure) 15M->12M(15M) 38.520ms
[463.836s][info][gc] GC(9033) Pause Full (Allocation Failure) 15M->12M(15M) 33.917ms
[463.874s][info][gc] GC(9034) Pause Full (Allocation Failure) 15M->12M(15M) 32.447ms
[463.910s][info][gc] GC(9035) Pause Full (Allocation Failure) 15M->12M(15M) 31.180ms
[463.946s][info][gc] GC(9036) Pause Full (Allocation Failure) 15M->12M(15M) 30.332ms
[463.982s][info][gc] GC(9037) Pause Full (Allocation Failure) 15M->12M(15M) 30.526ms
[464.018s][info][gc] GC(9038) Pause Full (Allocation Failure) 15M->12M(15M) 30.649ms
[464.053s][info][gc] GC(9039) Pause Full (Allocation Failure) 15M->12M(15M) 30.341ms
[464.089s][info][gc] GC(9040) Pause Full (Allocation Failure) 15M->12M(15M) 30.800ms
[464.128s][info][gc] GC(9041) Pause Full (Allocation Failure) 15M->12M(15M) 34.019ms
[464.165s][info][gc] GC(9042) Pause Full (Allocation Failure) 15M->12M(15M) 31.482ms
[464.201s][info][gc] GC(9043) Pause Full (Allocation Failure) 15M->12M(15M) 31.282ms
[464.237s][info][gc] GC(9044) Pause Full (Allocation Failure) 15M->12M(15M) 30.937ms
[464.272s][info][gc] GC(9045) Pause Full (Allocation Failure) 15M->12M(15M) 29.892ms
[464.308s][info][gc] GC(9046) Pause Full (Allocation Failure) 15M->12M(15M) 30.592ms
[464.343s][info][gc] GC(9047) Pause Full (Allocation Failure) 15M->12M(15M) 30.516ms
[464.379s][info][gc] GC(9048) Pause Full (Allocation Failure) 15M->12M(15M) 30.637ms
[464.414s][info][gc] GC(9049) Pause Full (Allocation Failure) 15M->12M(15M) 30.755ms
[464.453s][info][gc] GC(9050) Pause Full (Allocation Failure) 15M->12M(15M) 33.232ms
[464.488s][info][gc] GC(9051) Pause Full (Allocation Failure) 15M->12M(15M) 30.638ms
[464.524s][info][gc] GC(9052) Pause Full (Allocation Failure) 15M->12M(15M) 30.674ms
[464.560s][info][gc] GC(9053) Pause Full (Allocation Failure) 15M->12M(15M) 31.140ms
[464.596s][info][gc] GC(9054) Pause Full (Allocation Failure) 15M->12M(15M) 30.654ms
[464.631s][info][gc] GC(9055) Pause Full (Allocation Failure) 15M->12M(15M) 30.303ms
[464.667s][info][gc] GC(9056) Pause Full (Allocation Failure) 15M->12M(15M) 30.646ms
[464.702s][info][gc] GC(9057) Pause Full (Allocation Failure) 15M->12M(15M) 30.270ms
[464.737s][info][gc] GC(9058) Pause Full (Allocation Failure) 15M->12M(15M) 30.372ms
[464.773s][info][gc] GC(9059) Pause Full (Allocation Failure) 15M->12M(15M) 30.431ms
[464.808s][info][gc] GC(9060) Pause Full (Allocation Failure) 15M->12M(15M) 30.674ms
[464.844s][info][gc] GC(9061) Pause Full (Allocation Failure) 15M->12M(15M) 30.799ms
[464.879s][info][gc] GC(9062) Pause Full (Allocation Failure) 15M->12M(15M) 30.250ms
[464.915s][info][gc] GC(9063) Pause Full (Allocation Failure) 15M->12M(15M) 30.413ms
[464.950s][info][gc] GC(9064) Pause Full (Allocation Failure) 15M->12M(15M) 30.574ms
[464.986s][info][gc] GC(9065) Pause Full (Allocation Failure) 15M->12M(15M) 30.619ms
[465.021s][info][gc] GC(9066) Pause Full (Allocation Failure) 15M->12M(15M) 30.210ms
[465.056s][info][gc] GC(9067) Pause Full (Allocation Failure) 15M->12M(15M) 30.393ms
[465.092s][info][gc] GC(9068) Pause Full (Allocation Failure) 15M->12M(15M) 30.430ms
[465.129s][info][gc] GC(9069) Pause Full (Allocation Failure) 15M->12M(15M) 32.232ms
[465.168s][info][gc] GC(9070) Pause Full (Allocation Failure) 15M->12M(15M) 32.571ms
[465.205s][info][gc] GC(9071) Pause Full (Allocation Failure) 15M->12M(15M) 31.743ms
[465.240s][info][gc] GC(9072) Pause Full (Allocation Failure) 15M->12M(15M) 30.047ms
[465.275s][info][gc] GC(9073) Pause Full (Allocation Failure) 15M->12M(15M) 30.353ms
[465.311s][info][gc] GC(9074) Pause Full (Allocation Failure) 15M->12M(15M) 30.248ms
[465.347s][info][gc] GC(9075) Pause Full (Allocation Failure) 15M->12M(15M) 30.680ms
[465.383s][info][gc] GC(9076) Pause Full (Allocation Failure) 15M->12M(15M) 30.657ms
[465.419s][info][gc] GC(9077) Pause Full (Allocation Failure) 15M->12M(15M) 30.721ms
[465.454s][info][gc] GC(9078) Pause Full (Allocation Failure) 15M->12M(15M) 30.411ms
[465.490s][info][gc] GC(9079) Pause Full (Allocation Failure) 15M->12M(15M) 30.766ms
[465.526s][info][gc] GC(9080) Pause Full (Allocation Failure) 15M->12M(15M) 30.642ms
[465.562s][info][gc] GC(9081) Pause Full (Allocation Failure) 15M->12M(15M) 30.903ms
[465.598s][info][gc] GC(9082) Pause Full (Allocation Failure) 15M->12M(15M) 30.760ms
[465.634s][info][gc] GC(9083) Pause Full (Allocation Failure) 15M->12M(15M) 30.439ms
[465.669s][info][gc] GC(9084) Pause Full (Allocation Failure) 15M->12M(15M) 30.377ms
[465.705s][info][gc] GC(9085) Pause Full (Allocation Failure) 15M->12M(15M) 30.981ms
[465.741s][info][gc] GC(9086) Pause Full (Allocation Failure) 15M->12M(15M) 30.617ms
[465.776s][info][gc] GC(9087) Pause Full (Allocation Failure) 15M->12M(15M) 30.535ms
[465.812s][info][gc] GC(9088) Pause Full (Allocation Failure) 15M->12M(15M) 30.731ms
[465.848s][info][gc] GC(9089) Pause Full (Allocation Failure) 15M->12M(15M) 30.891ms
[465.883s][info][gc] GC(9090) Pause Full (Allocation Failure) 15M->12M(15M) 31.089ms
[465.919s][info][gc] GC(9091) Pause Full (Allocation Failure) 15M->12M(15M) 30.976ms
[465.955s][info][gc] GC(9092) Pause Full (Allocation Failure) 15M->12M(15M) 30.447ms
[465.990s][info][gc] GC(9093) Pause Full (Allocation Failure) 15M->12M(15M) 30.604ms
[466.026s][info][gc] GC(9094) Pause Full (Allocation Failure) 15M->12M(15M) 30.483ms
[466.061s][info][gc] GC(9095) Pause Full (Allocation Failure) 15M->12M(15M) 30.466ms
[466.097s][info][gc] GC(9096) Pause Full (Allocation Failure) 15M->12M(15M) 30.669ms
[466.132s][info][gc] GC(9097) Pause Full (Allocation Failure) 15M->12M(15M) 30.448ms
[466.167s][info][gc] GC(9098) Pause Full (Allocation Failure) 15M->12M(15M) 30.352ms
[466.203s][info][gc] GC(9099) Pause Full (Allocation Failure) 15M->12M(15M) 30.492ms
[466.238s][info][gc] GC(9100) Pause Full (Allocation Failure) 15M->12M(15M) 30.576ms
[466.274s][info][gc] GC(9101) Pause Full (Allocation Failure) 15M->12M(15M) 30.366ms
[466.309s][info][gc] GC(9102) Pause Full (Allocation Failure) 15M->12M(15M) 30.519ms
[466.345s][info][gc] GC(9103) Pause Full (Allocation Failure) 15M->12M(15M) 30.853ms
[466.380s][info][gc] GC(9104) Pause Full (Allocation Failure) 15M->12M(15M) 30.459ms
[466.415s][info][gc] GC(9105) Pause Full (Allocation Failure) 15M->12M(15M) 30.559ms
[466.452s][info][gc] GC(9106) Pause Full (Allocation Failure) 15M->12M(15M) 31.069ms
[466.488s][info][gc] GC(9107) Pause Full (Allocation Failure) 15M->12M(15M) 31.777ms
[466.526s][info][gc] GC(9108) Pause Full (Allocation Failure) 15M->12M(15M) 32.397ms
[466.564s][info][gc] GC(9109) Pause Full (Allocation Failure) 15M->12M(15M) 32.342ms
[466.601s][info][gc] GC(9110) Pause Full (Allocation Failure) 15M->12M(15M) 32.333ms
[466.639s][info][gc] GC(9111) Pause Full (Allocation Failure) 15M->12M(15M) 32.304ms
[466.677s][info][gc] GC(9112) Pause Full (Allocation Failure) 15M->12M(15M) 32.160ms
[466.714s][info][gc] GC(9113) Pause Full (Allocation Failure) 15M->12M(15M) 32.624ms
[466.751s][info][gc] GC(9114) Pause Full (Allocation Failure) 15M->12M(15M) 31.776ms
[466.789s][info][gc] GC(9115) Pause Full (Allocation Failure) 15M->12M(15M) 32.107ms
[466.827s][info][gc] GC(9116) Pause Full (Allocation Failure) 15M->12M(15M) 32.729ms
[466.864s][info][gc] GC(9117) Pause Full (Allocation Failure) 15M->12M(15M) 31.952ms
[466.901s][info][gc] GC(9118) Pause Full (Allocation Failure) 15M->12M(15M) 31.976ms
[466.937s][info][gc] GC(9119) Pause Full (Allocation Failure) 15M->12M(15M) 31.442ms
[466.974s][info][gc] GC(9120) Pause Full (Allocation Failure) 15M->12M(15M) 31.241ms
[467.011s][info][gc] GC(9121) Pause Full (Allocation Failure) 15M->12M(15M) 32.244ms
[467.049s][info][gc] GC(9122) Pause Full (Allocation Failure) 15M->12M(15M) 32.261ms
[467.086s][info][gc] GC(9123) Pause Full (Allocation Failure) 15M->12M(15M) 32.117ms
[467.123s][info][gc] GC(9124) Pause Full (Allocation Failure) 15M->12M(15M) 31.835ms
[467.161s][info][gc] GC(9125) Pause Full (Allocation Failure) 15M->12M(15M) 32.222ms
[467.197s][info][gc] GC(9126) Pause Full (Allocation Failure) 15M->12M(15M) 31.079ms
[467.232s][info][gc] GC(9127) Pause Full (Allocation Failure) 15M->12M(15M) 30.547ms
[467.268s][info][gc] GC(9128) Pause Full (Allocation Failure) 15M->12M(15M) 30.597ms
[467.304s][info][gc] GC(9129) Pause Full (Allocation Failure) 15M->12M(15M) 31.397ms
[467.340s][info][gc] GC(9130) Pause Full (Allocation Failure) 15M->12M(15M) 31.137ms
[467.376s][info][gc] GC(9131) Pause Full (Allocation Failure) 15M->12M(15M) 30.587ms
[467.412s][info][gc] GC(9132) Pause Full (Allocation Failure) 15M->12M(15M) 31.561ms
[467.449s][info][gc] GC(9133) Pause Full (Allocation Failure) 15M->12M(15M) 31.479ms
[467.484s][info][gc] GC(9134) Pause Full (Allocation Failure) 15M->12M(15M) 30.682ms
[467.520s][info][gc] GC(9135) Pause Full (Allocation Failure) 15M->12M(15M) 30.602ms
[467.558s][info][gc] GC(9136) Pause Full (Allocation Failure) 15M->12M(15M) 33.536ms
[467.596s][info][gc] GC(9137) Pause Full (Allocation Failure) 15M->12M(15M) 32.716ms
[467.634s][info][gc] GC(9138) Pause Full (Allocation Failure) 15M->12M(15M) 32.480ms
[467.671s][info][gc] GC(9139) Pause Full (Allocation Failure) 15M->12M(15M) 31.828ms
[467.708s][info][gc] GC(9140) Pause Full (Allocation Failure) 15M->12M(15M) 31.545ms
[467.745s][info][gc] GC(9141) Pause Full (Allocation Failure) 15M->12M(15M) 31.624ms
[467.780s][info][gc] GC(9142) Pause Full (Allocation Failure) 15M->12M(15M) 30.611ms
[467.816s][info][gc] GC(9143) Pause Full (Allocation Failure) 15M->12M(15M) 30.969ms
[467.852s][info][gc] GC(9144) Pause Full (Allocation Failure) 15M->12M(15M) 30.895ms
[467.888s][info][gc] GC(9145) Pause Full (Allocation Failure) 15M->12M(15M) 31.005ms
[467.924s][info][gc] GC(9146) Pause Full (Allocation Failure) 15M->12M(15M) 30.912ms
[467.960s][info][gc] GC(9147) Pause Full (Allocation Failure) 15M->12M(15M) 30.992ms
[467.996s][info][gc] GC(9148) Pause Full (Allocation Failure) 15M->12M(15M) 31.024ms
[468.032s][info][gc] GC(9149) Pause Full (Allocation Failure) 15M->12M(15M) 31.119ms
[468.067s][info][gc] GC(9150) Pause Full (Allocation Failure) 15M->12M(15M) 31.118ms
[468.104s][info][gc] GC(9151) Pause Full (Allocation Failure) 15M->12M(15M) 31.158ms
[468.140s][info][gc] GC(9152) Pause Full (Allocation Failure) 15M->12M(15M) 31.020ms
[468.176s][info][gc] GC(9153) Pause Full (Allocation Failure) 15M->12M(15M) 31.112ms
[468.212s][info][gc] GC(9154) Pause Full (Allocation Failure) 15M->12M(15M) 31.206ms
[468.248s][info][gc] GC(9155) Pause Full (Allocation Failure) 15M->12M(15M) 30.893ms
[468.284s][info][gc] GC(9156) Pause Full (Allocation Failure) 15M->12M(15M) 31.139ms
[468.320s][info][gc] GC(9157) Pause Full (Allocation Failure) 15M->12M(15M) 31.103ms
[468.356s][info][gc] GC(9158) Pause Full (Allocation Failure) 15M->12M(15M) 31.600ms
[468.392s][info][gc] GC(9159) Pause Full (Allocation Failure) 15M->12M(15M) 30.910ms
[468.429s][info][gc] GC(9160) Pause Full (Allocation Failure) 15M->12M(15M) 32.360ms
[468.467s][info][gc] GC(9161) Pause Full (Allocation Failure) 15M->12M(15M) 33.180ms
[468.505s][info][gc] GC(9162) Pause Full (Allocation Failure) 15M->12M(15M) 32.480ms
[468.544s][info][gc] GC(9163) Pause Full (Allocation Failure) 15M->12M(15M) 32.532ms
[468.581s][info][gc] GC(9164) Pause Full (Allocation Failure) 15M->12M(15M) 32.204ms
[468.618s][info][gc] GC(9165) Pause Full (Allocation Failure) 15M->12M(15M) 31.821ms
[468.655s][info][gc] GC(9166) Pause Full (Allocation Failure) 15M->12M(15M) 31.817ms
[468.692s][info][gc] GC(9167) Pause Full (Allocation Failure) 15M->12M(15M) 31.729ms
[468.730s][info][gc] GC(9168) Pause Full (Allocation Failure) 15M->12M(15M) 32.345ms
[468.767s][info][gc] GC(9169) Pause Full (Allocation Failure) 15M->12M(15M) 31.892ms
[468.804s][info][gc] GC(9170) Pause Full (Allocation Failure) 15M->12M(15M) 32.224ms
[468.842s][info][gc] GC(9171) Pause Full (Allocation Failure) 15M->12M(15M) 32.500ms
[468.880s][info][gc] GC(9172) Pause Full (Allocation Failure) 15M->12M(15M) 32.768ms
[468.917s][info][gc] GC(9173) Pause Full (Allocation Failure) 15M->12M(15M) 31.992ms
[468.954s][info][gc] GC(9174) Pause Full (Allocation Failure) 15M->12M(15M) 31.683ms
[468.991s][info][gc] GC(9175) Pause Full (Allocation Failure) 15M->12M(15M) 31.965ms
[469.027s][info][gc] GC(9176) Pause Full (Allocation Failure) 15M->12M(15M) 30.903ms
[469.063s][info][gc] GC(9177) Pause Full (Allocation Failure) 15M->12M(15M) 30.994ms
[469.099s][info][gc] GC(9178) Pause Full (Allocation Failure) 15M->12M(15M) 31.304ms
[469.136s][info][gc] GC(9179) Pause Full (Allocation Failure) 15M->12M(15M) 31.541ms
[469.173s][info][gc] GC(9180) Pause Full (Allocation Failure) 15M->12M(15M) 31.615ms
[469.209s][info][gc] GC(9181) Pause Full (Allocation Failure) 15M->12M(15M) 31.260ms
[469.245s][info][gc] GC(9182) Pause Full (Allocation Failure) 15M->12M(15M) 31.132ms
[469.282s][info][gc] GC(9183) Pause Full (Allocation Failure) 15M->12M(15M) 31.251ms
[469.318s][info][gc] GC(9184) Pause Full (Allocation Failure) 15M->12M(15M) 31.229ms
[469.355s][info][gc] GC(9185) Pause Full (Allocation Failure) 15M->12M(15M) 31.768ms
[469.393s][info][gc] GC(9186) Pause Full (Allocation Failure) 15M->12M(15M) 33.763ms
[469.431s][info][gc] GC(9187) Pause Full (Allocation Failure) 15M->12M(15M) 32.972ms
[469.468s][info][gc] GC(9188) Pause Full (Allocation Failure) 15M->12M(15M) 31.242ms
[469.504s][info][gc] GC(9189) Pause Full (Allocation Failure) 15M->12M(15M) 31.293ms
[469.540s][info][gc] GC(9190) Pause Full (Allocation Failure) 15M->12M(15M) 31.143ms
[469.577s][info][gc] GC(9191) Pause Full (Allocation Failure) 15M->12M(15M) 31.602ms
[469.613s][info][gc] GC(9192) Pause Full (Allocation Failure) 15M->12M(15M) 31.229ms
[469.649s][info][gc] GC(9193) Pause Full (Allocation Failure) 15M->12M(15M) 31.255ms
[469.685s][info][gc] GC(9194) Pause Full (Allocation Failure) 15M->12M(15M) 31.285ms
[469.721s][info][gc] GC(9195) Pause Full (Allocation Failure) 15M->12M(15M) 30.925ms
[469.758s][info][gc] GC(9196) Pause Full (Allocation Failure) 15M->12M(15M) 31.512ms
[469.794s][info][gc] GC(9197) Pause Full (Allocation Failure) 15M->12M(15M) 31.594ms
[469.830s][info][gc] GC(9198) Pause Full (Allocation Failure) 15M->12M(15M) 31.273ms
[469.867s][info][gc] GC(9199) Pause Full (Allocation Failure) 15M->12M(15M) 30.941ms
[469.903s][info][gc] GC(9200) Pause Full (Allocation Failure) 15M->12M(15M) 31.154ms
[469.939s][info][gc] GC(9201) Pause Full (Allocation Failure) 15M->12M(15M) 30.975ms
[469.975s][info][gc] GC(9202) Pause Full (Allocation Failure) 15M->12M(15M) 31.256ms
[470.011s][info][gc] GC(9203) Pause Full (Allocation Failure) 15M->12M(15M) 31.136ms
[470.048s][info][gc] GC(9204) Pause Full (Allocation Failure) 15M->12M(15M) 31.345ms
[470.084s][info][gc] GC(9205) Pause Full (Allocation Failure) 15M->12M(15M) 31.187ms
[470.120s][info][gc] GC(9206) Pause Full (Allocation Failure) 15M->12M(15M) 30.961ms
[470.157s][info][gc] GC(9207) Pause Full (Allocation Failure) 15M->12M(15M) 31.327ms
[470.193s][info][gc] GC(9208) Pause Full (Allocation Failure) 15M->12M(15M) 31.223ms
[470.229s][info][gc] GC(9209) Pause Full (Allocation Failure) 15M->12M(15M) 31.250ms
[470.266s][info][gc] GC(9210) Pause Full (Allocation Failure) 15M->12M(15M) 31.680ms
[470.304s][info][gc] GC(9211) Pause Full (Allocation Failure) 15M->12M(15M) 32.317ms
[470.340s][info][gc] GC(9212) Pause Full (Allocation Failure) 15M->12M(15M) 30.836ms
[470.377s][info][gc] GC(9213) Pause Full (Allocation Failure) 15M->12M(15M) 31.773ms
[470.414s][info][gc] GC(9214) Pause Full (Allocation Failure) 15M->12M(15M) 31.577ms
[470.449s][info][gc] GC(9215) Pause Full (Allocation Failure) 15M->12M(15M) 30.680ms
[470.485s][info][gc] GC(9216) Pause Full (Allocation Failure) 15M->12M(15M) 30.670ms
[470.521s][info][gc] GC(9217) Pause Full (Allocation Failure) 15M->12M(15M) 30.815ms
[470.557s][info][gc] GC(9218) Pause Full (Allocation Failure) 15M->12M(15M) 31.239ms
[470.593s][info][gc] GC(9219) Pause Full (Allocation Failure) 15M->12M(15M) 30.567ms
[470.629s][info][gc] GC(9220) Pause Full (Allocation Failure) 15M->12M(15M) 31.314ms
[470.665s][info][gc] GC(9221) Pause Full (Allocation Failure) 15M->12M(15M) 30.960ms
[470.701s][info][gc] GC(9222) Pause Full (Allocation Failure) 15M->12M(15M) 30.601ms
[470.736s][info][gc] GC(9223) Pause Full (Allocation Failure) 15M->12M(15M) 30.606ms
[470.772s][info][gc] GC(9224) Pause Full (Allocation Failure) 15M->12M(15M) 30.778ms
[470.808s][info][gc] GC(9225) Pause Full (Allocation Failure) 15M->12M(15M) 30.922ms
[470.844s][info][gc] GC(9226) Pause Full (Allocation Failure) 15M->12M(15M) 31.037ms
[470.880s][info][gc] GC(9227) Pause Full (Allocation Failure) 15M->12M(15M) 31.188ms
[470.916s][info][gc] GC(9228) Pause Full (Allocation Failure) 15M->12M(15M) 31.256ms
[470.952s][info][gc] GC(9229) Pause Full (Allocation Failure) 15M->12M(15M) 30.977ms
[470.988s][info][gc] GC(9230) Pause Full (Allocation Failure) 15M->12M(15M) 31.540ms
[471.023s][info][gc] GC(9231) Pause Full (Allocation Failure) 15M->12M(15M) 30.771ms
[471.060s][info][gc] GC(9232) Pause Full (Allocation Failure) 15M->12M(15M) 31.183ms
[471.096s][info][gc] GC(9233) Pause Full (Allocation Failure) 15M->12M(15M) 31.053ms
[471.131s][info][gc] GC(9234) Pause Full (Allocation Failure) 15M->12M(15M) 31.044ms
[471.168s][info][gc] GC(9235) Pause Full (Allocation Failure) 15M->12M(15M) 31.181ms
[471.203s][info][gc] GC(9236) Pause Full (Allocation Failure) 15M->12M(15M) 30.780ms
[471.240s][info][gc] GC(9237) Pause Full (Allocation Failure) 15M->12M(15M) 31.445ms
[471.276s][info][gc] GC(9238) Pause Full (Allocation Failure) 15M->12M(15M) 31.240ms
[471.312s][info][gc] GC(9239) Pause Full (Allocation Failure) 15M->12M(15M) 31.206ms
[471.348s][info][gc] GC(9240) Pause Full (Allocation Failure) 15M->12M(15M) 30.954ms
[471.383s][info][gc] GC(9241) Pause Full (Allocation Failure) 15M->12M(15M) 31.123ms
[471.420s][info][gc] GC(9242) Pause Full (Allocation Failure) 15M->12M(15M) 31.382ms
[471.456s][info][gc] GC(9243) Pause Full (Allocation Failure) 15M->12M(15M) 31.273ms
[471.492s][info][gc] GC(9244) Pause Full (Allocation Failure) 15M->12M(15M) 31.187ms
[471.528s][info][gc] GC(9245) Pause Full (Allocation Failure) 15M->12M(15M) 30.911ms
[471.565s][info][gc] GC(9246) Pause Full (Allocation Failure) 15M->12M(15M) 32.038ms
[471.602s][info][gc] GC(9247) Pause Full (Allocation Failure) 15M->12M(15M) 30.912ms
[471.638s][info][gc] GC(9248) Pause Full (Allocation Failure) 15M->12M(15M) 30.655ms
[471.673s][info][gc] GC(9249) Pause Full (Allocation Failure) 15M->12M(15M) 30.721ms
[471.708s][info][gc] GC(9250) Pause Full (Allocation Failure) 15M->12M(15M) 30.657ms
[471.744s][info][gc] GC(9251) Pause Full (Allocation Failure) 15M->12M(15M) 30.555ms
[471.781s][info][gc] GC(9252) Pause Full (Allocation Failure) 15M->12M(15M) 32.307ms
[471.818s][info][gc] GC(9253) Pause Full (Allocation Failure) 15M->12M(15M) 32.008ms
[471.854s][info][gc] GC(9254) Pause Full (Allocation Failure) 15M->12M(15M) 30.552ms
[471.890s][info][gc] GC(9255) Pause Full (Allocation Failure) 15M->12M(15M) 31.016ms
[471.928s][info][gc] GC(9256) Pause Full (Allocation Failure) 15M->12M(15M) 32.333ms
[471.964s][info][gc] GC(9257) Pause Full (Allocation Failure) 15M->12M(15M) 32.062ms
[472.000s][info][gc] GC(9258) Pause Full (Allocation Failure) 15M->12M(15M) 30.633ms
[472.036s][info][gc] GC(9259) Pause Full (Allocation Failure) 15M->12M(15M) 30.706ms
[472.073s][info][gc] GC(9260) Pause Full (Allocation Failure) 15M->12M(15M) 31.764ms
[472.110s][info][gc] GC(9261) Pause Full (Allocation Failure) 15M->12M(15M) 32.293ms
[472.147s][info][gc] GC(9262) Pause Full (Allocation Failure) 15M->12M(15M) 31.767ms
[472.184s][info][gc] GC(9263) Pause Full (Allocation Failure) 15M->12M(15M) 31.933ms
[472.221s][info][gc] GC(9264) Pause Full (Allocation Failure) 15M->12M(15M) 32.221ms
[472.258s][info][gc] GC(9265) Pause Full (Allocation Failure) 15M->12M(15M) 32.296ms
[472.298s][info][gc] GC(9266) Pause Full (Allocation Failure) 15M->12M(15M) 33.699ms
[472.335s][info][gc] GC(9267) Pause Full (Allocation Failure) 15M->12M(15M) 32.223ms
[472.372s][info][gc] GC(9268) Pause Full (Allocation Failure) 15M->12M(15M) 31.872ms
[472.410s][info][gc] GC(9269) Pause Full (Allocation Failure) 15M->12M(15M) 32.193ms
[472.447s][info][gc] GC(9270) Pause Full (Allocation Failure) 15M->12M(15M) 32.448ms
[472.484s][info][gc] GC(9271) Pause Full (Allocation Failure) 15M->12M(15M) 32.221ms
[472.522s][info][gc] GC(9272) Pause Full (Allocation Failure) 15M->12M(15M) 32.155ms
[472.559s][info][gc] GC(9273) Pause Full (Allocation Failure) 15M->12M(15M) 32.471ms
[472.596s][info][gc] GC(9274) Pause Full (Allocation Failure) 15M->12M(15M) 31.776ms
[472.633s][info][gc] GC(9275) Pause Full (Allocation Failure) 15M->12M(15M) 31.825ms
[472.670s][info][gc] GC(9276) Pause Full (Allocation Failure) 15M->12M(15M) 31.624ms
[472.707s][info][gc] GC(9277) Pause Full (Allocation Failure) 15M->12M(15M) 31.516ms
[472.743s][info][gc] GC(9278) Pause Full (Allocation Failure) 15M->12M(15M) 30.567ms
[472.778s][info][gc] GC(9279) Pause Full (Allocation Failure) 15M->12M(15M) 30.374ms
[472.814s][info][gc] GC(9280) Pause Full (Allocation Failure) 15M->12M(15M) 30.650ms
[472.849s][info][gc] GC(9281) Pause Full (Allocation Failure) 15M->12M(15M) 30.816ms
[472.885s][info][gc] GC(9282) Pause Full (Allocation Failure) 15M->12M(15M) 31.373ms
[472.921s][info][gc] GC(9283) Pause Full (Allocation Failure) 15M->12M(15M) 31.230ms
[472.958s][info][gc] GC(9284) Pause Full (Allocation Failure) 15M->13M(15M) 31.788ms
[472.993s][info][gc] GC(9285) Pause Full (Allocation Failure) 15M->12M(15M) 30.380ms
[473.029s][info][gc] GC(9286) Pause Full (Allocation Failure) 15M->12M(15M) 30.273ms
[473.070s][info][gc] GC(9287) Pause Full (Allocation Failure) 15M->12M(15M) 36.668ms
[473.109s][info][gc] GC(9288) Pause Full (Allocation Failure) 15M->12M(15M) 32.054ms
[473.147s][info][gc] GC(9289) Pause Full (Allocation Failure) 15M->12M(15M) 33.179ms
[473.183s][info][gc] GC(9290) Pause Full (Allocation Failure) 15M->12M(15M) 31.520ms
[473.219s][info][gc] GC(9291) Pause Full (Allocation Failure) 15M->12M(15M) 31.164ms
[473.255s][info][gc] GC(9292) Pause Full (Allocation Failure) 15M->12M(15M) 31.067ms
[473.291s][info][gc] GC(9293) Pause Full (Allocation Failure) 15M->12M(15M) 30.777ms
[473.327s][info][gc] GC(9294) Pause Full (Allocation Failure) 15M->12M(15M) 31.710ms
[473.364s][info][gc] GC(9295) Pause Full (Allocation Failure) 15M->12M(15M) 31.923ms
[473.401s][info][gc] GC(9296) Pause Full (Allocation Failure) 15M->12M(15M) 32.238ms
[473.438s][info][gc] GC(9297) Pause Full (Allocation Failure) 15M->12M(15M) 32.312ms
[473.476s][info][gc] GC(9298) Pause Full (Allocation Failure) 15M->12M(15M) 32.500ms
[473.513s][info][gc] GC(9299) Pause Full (Allocation Failure) 15M->12M(15M) 31.985ms
[473.549s][info][gc] GC(9300) Pause Full (Allocation Failure) 15M->12M(15M) 31.820ms
[473.586s][info][gc] GC(9301) Pause Full (Allocation Failure) 15M->12M(15M) 31.415ms
[473.623s][info][gc] GC(9302) Pause Full (Allocation Failure) 15M->12M(15M) 32.088ms
[473.660s][info][gc] GC(9303) Pause Full (Allocation Failure) 15M->12M(15M) 32.118ms
[473.697s][info][gc] GC(9304) Pause Full (Allocation Failure) 15M->12M(15M) 31.860ms
[473.733s][info][gc] GC(9305) Pause Full (Allocation Failure) 15M->12M(15M) 31.593ms
[473.769s][info][gc] GC(9306) Pause Full (Allocation Failure) 15M->12M(15M) 31.066ms
[473.805s][info][gc] GC(9307) Pause Full (Allocation Failure) 15M->12M(15M) 31.607ms
[473.843s][info][gc] GC(9308) Pause Full (Allocation Failure) 15M->12M(15M) 32.404ms
[473.881s][info][gc] GC(9309) Pause Full (Allocation Failure) 15M->12M(15M) 32.835ms
[473.917s][info][gc] GC(9310) Pause Full (Allocation Failure) 15M->12M(15M) 31.998ms
[473.954s][info][gc] GC(9311) Pause Full (Allocation Failure) 15M->12M(15M) 31.698ms
[473.991s][info][gc] GC(9312) Pause Full (Allocation Failure) 15M->12M(15M) 32.112ms
[474.028s][info][gc] GC(9313) Pause Full (Allocation Failure) 15M->12M(15M) 31.675ms
[474.065s][info][gc] GC(9314) Pause Full (Allocation Failure) 15M->12M(15M) 32.138ms
[474.101s][info][gc] GC(9315) Pause Full (Allocation Failure) 15M->12M(15M) 31.848ms
[474.138s][info][gc] GC(9316) Pause Full (Allocation Failure) 15M->12M(15M) 31.726ms
[474.175s][info][gc] GC(9317) Pause Full (Allocation Failure) 15M->12M(15M) 31.969ms
[474.212s][info][gc] GC(9318) Pause Full (Allocation Failure) 15M->12M(15M) 32.045ms
[474.249s][info][gc] GC(9319) Pause Full (Allocation Failure) 15M->12M(15M) 32.285ms
[474.286s][info][gc] GC(9320) Pause Full (Allocation Failure) 15M->12M(15M) 31.854ms
[474.323s][info][gc] GC(9321) Pause Full (Allocation Failure) 15M->12M(15M) 31.651ms
[474.358s][info][gc] GC(9322) Pause Full (Allocation Failure) 15M->12M(15M) 30.610ms
[474.393s][info][gc] GC(9323) Pause Full (Allocation Failure) 15M->12M(15M) 30.326ms
[474.429s][info][gc] GC(9324) Pause Full (Allocation Failure) 15M->12M(15M) 30.997ms
[474.465s][info][gc] GC(9325) Pause Full (Allocation Failure) 15M->12M(15M) 30.836ms
[474.501s][info][gc] GC(9326) Pause Full (Allocation Failure) 15M->12M(15M) 30.960ms
[474.537s][info][gc] GC(9327) Pause Full (Allocation Failure) 15M->12M(15M) 30.859ms
[474.574s][info][gc] GC(9328) Pause Full (Allocation Failure) 15M->12M(15M) 32.417ms
[474.611s][info][gc] GC(9329) Pause Full (Allocation Failure) 15M->12M(15M) 31.393ms
[474.648s][info][gc] GC(9330) Pause Full (Allocation Failure) 15M->12M(15M) 32.220ms
[474.685s][info][gc] GC(9331) Pause Full (Allocation Failure) 15M->12M(15M) 32.107ms
[474.720s][info][gc] GC(9332) Pause Full (Allocation Failure) 15M->12M(15M) 30.808ms
[474.756s][info][gc] GC(9333) Pause Full (Allocation Failure) 15M->12M(15M) 31.352ms
[474.796s][info][gc] GC(9334) Pause Full (Allocation Failure) 15M->12M(15M) 35.238ms
[474.836s][info][gc] GC(9335) Pause Full (Allocation Failure) 15M->12M(15M) 32.445ms
[474.872s][info][gc] GC(9336) Pause Full (Allocation Failure) 15M->12M(15M) 31.422ms
[474.908s][info][gc] GC(9337) Pause Full (Allocation Failure) 15M->12M(15M) 31.408ms
[474.943s][info][gc] GC(9338) Pause Full (Allocation Failure) 15M->12M(15M) 30.427ms
[474.979s][info][gc] GC(9339) Pause Full (Allocation Failure) 15M->12M(15M) 30.641ms
[475.015s][info][gc] GC(9340) Pause Full (Allocation Failure) 15M->12M(15M) 31.506ms
[475.052s][info][gc] GC(9341) Pause Full (Allocation Failure) 15M->12M(15M) 31.552ms
[475.090s][info][gc] GC(9342) Pause Full (Allocation Failure) 15M->12M(15M) 32.543ms
[475.131s][info][gc] GC(9343) Pause Full (Allocation Failure) 15M->12M(15M) 34.563ms
[475.171s][info][gc] GC(9344) Pause Full (Allocation Failure) 15M->12M(15M) 32.795ms
[475.209s][info][gc] GC(9345) Pause Full (Allocation Failure) 15M->12M(15M) 32.305ms
[475.246s][info][gc] GC(9346) Pause Full (Allocation Failure) 15M->12M(15M) 32.319ms
[475.284s][info][gc] GC(9347) Pause Full (Allocation Failure) 15M->12M(15M) 32.489ms
[475.334s][info][gc] GC(9348) Pause Full (Allocation Failure) 15M->12M(15M) 45.225ms
[475.374s][info][gc] GC(9349) Pause Full (Allocation Failure) 15M->12M(15M) 32.307ms
[475.419s][info][gc] GC(9350) Pause Full (Allocation Failure) 15M->12M(15M) 39.282ms
[475.514s][info][gc] GC(9351) Pause Full (Allocation Failure) 15M->12M(15M) 34.609ms
[475.558s][info][gc] GC(9352) Pause Full (Allocation Failure) 15M->12M(15M) 36.620ms
[475.598s][info][gc] GC(9353) Pause Full (Allocation Failure) 15M->12M(15M) 34.547ms
[475.637s][info][gc] GC(9354) Pause Full (Allocation Failure) 15M->12M(15M) 33.371ms
[475.676s][info][gc] GC(9355) Pause Full (Allocation Failure) 15M->12M(15M) 32.629ms
[475.713s][info][gc] GC(9356) Pause Full (Allocation Failure) 15M->12M(15M) 31.896ms
[475.814s][info][gc] GC(9357) Pause Full (Allocation Failure) 15M->12M(15M) 96.096ms
[475.853s][info][gc] GC(9358) Pause Full (Allocation Failure) 15M->12M(15M) 33.613ms
[475.892s][info][gc] GC(9359) Pause Full (Allocation Failure) 15M->12M(15M) 34.726ms
[475.932s][info][gc] GC(9360) Pause Full (Allocation Failure) 15M->12M(15M) 33.522ms
[475.971s][info][gc] GC(9361) Pause Full (Allocation Failure) 15M->12M(15M) 32.689ms
[476.010s][info][gc] GC(9362) Pause Full (Allocation Failure) 15M->12M(15M) 33.672ms
[476.048s][info][gc] GC(9363) Pause Full (Allocation Failure) 15M->12M(15M) 33.494ms
[476.085s][info][gc] GC(9364) Pause Full (Allocation Failure) 15M->12M(15M) 32.274ms
[476.124s][info][gc] GC(9365) Pause Full (Allocation Failure) 15M->12M(15M) 33.132ms
[476.159s][info][gc] GC(9366) Pause Full (Allocation Failure) 15M->12M(15M) 30.709ms
[476.195s][info][gc] GC(9367) Pause Full (Allocation Failure) 15M->12M(15M) 30.703ms
[476.230s][info][gc] GC(9368) Pause Full (Allocation Failure) 15M->12M(15M) 31.054ms
[476.266s][info][gc] GC(9369) Pause Full (Allocation Failure) 15M->12M(15M) 30.938ms
[476.302s][info][gc] GC(9370) Pause Full (Allocation Failure) 15M->12M(15M) 30.616ms
[476.338s][info][gc] GC(9371) Pause Full (Allocation Failure) 15M->12M(15M) 30.895ms
[476.373s][info][gc] GC(9372) Pause Full (Allocation Failure) 15M->12M(15M) 30.851ms
[476.409s][info][gc] GC(9373) Pause Full (Allocation Failure) 15M->12M(15M) 30.924ms
[476.445s][info][gc] GC(9374) Pause Full (Allocation Failure) 15M->12M(15M) 30.967ms
[476.480s][info][gc] GC(9375) Pause Full (Allocation Failure) 15M->12M(15M) 31.171ms
[476.516s][info][gc] GC(9376) Pause Full (Allocation Failure) 15M->12M(15M) 30.755ms
[476.552s][info][gc] GC(9377) Pause Full (Allocation Failure) 15M->12M(15M) 30.992ms
[476.589s][info][gc] GC(9378) Pause Full (Allocation Failure) 15M->12M(15M) 32.391ms
[476.625s][info][gc] GC(9379) Pause Full (Allocation Failure) 15M->12M(15M) 30.925ms
[476.661s][info][gc] GC(9380) Pause Full (Allocation Failure) 15M->12M(15M) 31.937ms
[476.698s][info][gc] GC(9381) Pause Full (Allocation Failure) 15M->12M(15M) 31.511ms
[476.734s][info][gc] GC(9382) Pause Full (Allocation Failure) 15M->12M(15M) 31.700ms
[476.770s][info][gc] GC(9383) Pause Full (Allocation Failure) 15M->12M(15M) 31.287ms
[476.807s][info][gc] GC(9384) Pause Full (Allocation Failure) 15M->12M(15M) 31.902ms
[476.843s][info][gc] GC(9385) Pause Full (Allocation Failure) 15M->12M(15M) 30.918ms
[476.878s][info][gc] GC(9386) Pause Full (Allocation Failure) 15M->12M(15M) 30.601ms
[476.913s][info][gc] GC(9387) Pause Full (Allocation Failure) 15M->12M(15M) 30.452ms
[476.948s][info][gc] GC(9388) Pause Full (Allocation Failure) 15M->12M(15M) 30.387ms
[476.983s][info][gc] GC(9389) Pause Full (Allocation Failure) 15M->12M(15M) 30.658ms
[477.019s][info][gc] GC(9390) Pause Full (Allocation Failure) 15M->12M(15M) 30.870ms
[477.055s][info][gc] GC(9391) Pause Full (Allocation Failure) 15M->12M(15M) 30.994ms
[477.091s][info][gc] GC(9392) Pause Full (Allocation Failure) 15M->12M(15M) 31.108ms
[477.128s][info][gc] GC(9393) Pause Full (Allocation Failure) 15M->12M(15M) 32.215ms
[477.164s][info][gc] GC(9394) Pause Full (Allocation Failure) 15M->12M(15M) 31.145ms
[477.199s][info][gc] GC(9395) Pause Full (Allocation Failure) 15M->12M(15M) 30.715ms
[477.235s][info][gc] GC(9396) Pause Full (Allocation Failure) 15M->12M(15M) 30.850ms
[477.270s][info][gc] GC(9397) Pause Full (Allocation Failure) 15M->12M(15M) 30.873ms
[477.306s][info][gc] GC(9398) Pause Full (Allocation Failure) 15M->12M(15M) 30.762ms
[477.341s][info][gc] GC(9399) Pause Full (Allocation Failure) 15M->12M(15M) 30.920ms
[477.378s][info][gc] GC(9400) Pause Full (Allocation Failure) 15M->12M(15M) 31.807ms
[477.415s][info][gc] GC(9401) Pause Full (Allocation Failure) 15M->12M(15M) 32.324ms
[477.452s][info][gc] GC(9402) Pause Full (Allocation Failure) 15M->12M(15M) 32.333ms
[477.490s][info][gc] GC(9403) Pause Full (Allocation Failure) 15M->12M(15M) 32.761ms
[477.527s][info][gc] GC(9404) Pause Full (Allocation Failure) 15M->12M(15M) 32.065ms
[477.564s][info][gc] GC(9405) Pause Full (Allocation Failure) 15M->12M(15M) 32.316ms
[477.602s][info][gc] GC(9406) Pause Full (Allocation Failure) 15M->12M(15M) 32.346ms
[477.639s][info][gc] GC(9407) Pause Full (Allocation Failure) 15M->12M(15M) 32.161ms
[477.676s][info][gc] GC(9408) Pause Full (Allocation Failure) 15M->12M(15M) 32.691ms
[477.714s][info][gc] GC(9409) Pause Full (Allocation Failure) 15M->12M(15M) 32.693ms
[477.752s][info][gc] GC(9410) Pause Full (Allocation Failure) 15M->12M(15M) 33.569ms
[477.789s][info][gc] GC(9411) Pause Full (Allocation Failure) 15M->12M(15M) 31.941ms
[477.827s][info][gc] GC(9412) Pause Full (Allocation Failure) 15M->12M(15M) 32.985ms
[477.864s][info][gc] GC(9413) Pause Full (Allocation Failure) 15M->12M(15M) 33.121ms
[477.902s][info][gc] GC(9414) Pause Full (Allocation Failure) 15M->13M(15M) 32.555ms
[477.940s][info][gc] GC(9415) Pause Full (Allocation Failure) 15M->12M(15M) 33.092ms
[477.978s][info][gc] GC(9416) Pause Full (Allocation Failure) 15M->12M(15M) 32.951ms
[478.014s][info][gc] GC(9417) Pause Full (Allocation Failure) 15M->12M(15M) 31.852ms
[478.051s][info][gc] GC(9418) Pause Full (Allocation Failure) 15M->12M(15M) 31.413ms
[478.086s][info][gc] GC(9419) Pause Full (Allocation Failure) 15M->12M(15M) 30.625ms
[478.121s][info][gc] GC(9420) Pause Full (Allocation Failure) 15M->12M(15M) 30.547ms
[478.157s][info][gc] GC(9421) Pause Full (Allocation Failure) 15M->12M(15M) 31.156ms
[478.193s][info][gc] GC(9422) Pause Full (Allocation Failure) 15M->13M(15M) 31.150ms
[478.229s][info][gc] GC(9423) Pause Full (Allocation Failure) 15M->12M(15M) 31.012ms
[478.265s][info][gc] GC(9424) Pause Full (Allocation Failure) 15M->12M(15M) 30.762ms
[478.301s][info][gc] GC(9425) Pause Full (Allocation Failure) 15M->12M(15M) 31.148ms
[478.339s][info][gc] GC(9426) Pause Full (Allocation Failure) 15M->12M(15M) 33.362ms
[478.377s][info][gc] GC(9427) Pause Full (Allocation Failure) 15M->12M(15M) 32.546ms
[478.413s][info][gc] GC(9428) Pause Full (Allocation Failure) 15M->12M(15M) 32.042ms
[478.449s][info][gc] GC(9429) Pause Full (Allocation Failure) 15M->12M(15M) 31.425ms
[478.484s][info][gc] GC(9430) Pause Full (Allocation Failure) 15M->12M(15M) 30.675ms
[478.520s][info][gc] GC(9431) Pause Full (Allocation Failure) 15M->13M(15M) 30.820ms
[478.556s][info][gc] GC(9432) Pause Full (Allocation Failure) 15M->12M(15M) 31.375ms
[478.592s][info][gc] GC(9433) Pause Full (Allocation Failure) 15M->12M(15M) 31.375ms
[478.628s][info][gc] GC(9434) Pause Full (Allocation Failure) 15M->12M(15M) 31.172ms
[478.664s][info][gc] GC(9435) Pause Full (Allocation Failure) 15M->12M(15M) 31.012ms
[478.700s][info][gc] GC(9436) Pause Full (Allocation Failure) 15M->12M(15M) 30.871ms
[478.736s][info][gc] GC(9437) Pause Full (Allocation Failure) 15M->13M(15M) 31.813ms
[478.772s][info][gc] GC(9438) Pause Full (Allocation Failure) 15M->12M(15M) 30.729ms
[478.808s][info][gc] GC(9439) Pause Full (Allocation Failure) 15M->13M(15M) 31.628ms
[478.845s][info][gc] GC(9440) Pause Full (Allocation Failure) 15M->12M(15M) 31.374ms
[478.881s][info][gc] GC(9441) Pause Full (Allocation Failure) 15M->12M(15M) 31.333ms
[478.916s][info][gc] GC(9442) Pause Full (Allocation Failure) 15M->12M(15M) 30.874ms
[478.952s][info][gc] GC(9443) Pause Full (Allocation Failure) 15M->12M(15M) 31.222ms
[478.991s][info][gc] GC(9444) Pause Full (Allocation Failure) 15M->13M(15M) 32.935ms
[479.028s][info][gc] GC(9445) Pause Full (Allocation Failure) 15M->13M(15M) 32.715ms
[479.066s][info][gc] GC(9446) Pause Full (Allocation Failure) 15M->12M(15M) 33.242ms
[479.104s][info][gc] GC(9447) Pause Full (Allocation Failure) 15M->12M(15M) 33.179ms
[479.142s][info][gc] GC(9448) Pause Full (Allocation Failure) 15M->12M(15M) 33.280ms
[479.181s][info][gc] GC(9449) Pause Full (Allocation Failure) 15M->13M(15M) 33.948ms
[479.221s][info][gc] GC(9450) Pause Full (Allocation Failure) 15M->13M(15M) 33.895ms
[479.261s][info][gc] GC(9451) Pause Full (Allocation Failure) 15M->12M(15M) 33.462ms
[479.299s][info][gc] GC(9452) Pause Full (Allocation Failure) 15M->12M(15M) 32.670ms
[479.335s][info][gc] GC(9453) Pause Full (Allocation Failure) 15M->12M(15M) 32.194ms
[479.372s][info][gc] GC(9454) Pause Full (Allocation Failure) 15M->13M(15M) 31.930ms
[479.408s][info][gc] GC(9455) Pause Full (Allocation Failure) 15M->13M(15M) 31.344ms
[479.443s][info][gc] GC(9456) Pause Full (Allocation Failure) 15M->12M(15M) 30.718ms
[479.480s][info][gc] GC(9457) Pause Full (Allocation Failure) 15M->12M(15M) 31.399ms
[479.515s][info][gc] GC(9458) Pause Full (Allocation Failure) 15M->12M(15M) 30.593ms
[479.550s][info][gc] GC(9459) Pause Full (Allocation Failure) 15M->12M(15M) 31.117ms
[479.587s][info][gc] GC(9460) Pause Full (Allocation Failure) 15M->13M(15M) 32.291ms
[479.624s][info][gc] GC(9461) Pause Full (Allocation Failure) 15M->13M(15M) 31.708ms
[479.660s][info][gc] GC(9462) Pause Full (Allocation Failure) 15M->12M(15M) 31.030ms
[479.696s][info][gc] GC(9463) Pause Full (Allocation Failure) 15M->12M(15M) 31.318ms
[479.732s][info][gc] GC(9464) Pause Full (Allocation Failure) 15M->12M(15M) 31.316ms
[479.768s][info][gc] GC(9465) Pause Full (Allocation Failure) 15M->13M(15M) 31.084ms
[479.805s][info][gc] GC(9466) Pause Full (Allocation Failure) 15M->13M(15M) 31.018ms
[479.840s][info][gc] GC(9467) Pause Full (Allocation Failure) 15M->12M(15M) 30.681ms
[479.877s][info][gc] GC(9468) Pause Full (Allocation Failure) 15M->12M(15M) 31.652ms
[479.913s][info][gc] GC(9469) Pause Full (Allocation Failure) 15M->12M(15M) 31.744ms
[479.950s][info][gc] GC(9470) Pause Full (Allocation Failure) 15M->13M(15M) 31.887ms
[479.987s][info][gc] GC(9471) Pause Full (Allocation Failure) 15M->13M(15M) 31.376ms
[480.023s][info][gc] GC(9472) Pause Full (Allocation Failure) 15M->12M(15M) 32.205ms
[480.060s][info][gc] GC(9473) Pause Full (Allocation Failure) 15M->12M(15M) 31.828ms
[480.096s][info][gc] GC(9474) Pause Full (Allocation Failure) 15M->13M(15M) 31.945ms
[480.133s][info][gc] GC(9475) Pause Full (Allocation Failure) 15M->13M(15M) 32.175ms
[480.170s][info][gc] GC(9476) Pause Full (Allocation Failure) 15M->12M(15M) 31.836ms
[480.207s][info][gc] GC(9477) Pause Full (Allocation Failure) 15M->12M(15M) 32.412ms
[480.245s][info][gc] GC(9478) Pause Full (Allocation Failure) 15M->12M(15M) 32.877ms
[480.281s][info][gc] GC(9479) Pause Full (Allocation Failure) 15M->13M(15M) 32.073ms
[480.319s][info][gc] GC(9480) Pause Full (Allocation Failure) 15M->13M(15M) 32.514ms
[480.356s][info][gc] GC(9481) Pause Full (Allocation Failure) 15M->12M(15M) 32.175ms
[480.394s][info][gc] GC(9482) Pause Full (Allocation Failure) 15M->12M(15M) 32.602ms
[480.431s][info][gc] GC(9483) Pause Full (Allocation Failure) 15M->12M(15M) 32.535ms
[480.470s][info][gc] GC(9484) Pause Full (Allocation Failure) 15M->13M(15M) 32.743ms
[480.507s][info][gc] GC(9485) Pause Full (Allocation Failure) 15M->12M(15M) 32.648ms
[480.546s][info][gc] GC(9486) Pause Full (Allocation Failure) 15M->12M(15M) 32.513ms
[480.584s][info][gc] GC(9487) Pause Full (Allocation Failure) 15M->12M(15M) 33.259ms
[480.625s][info][gc] GC(9488) Pause Full (Allocation Failure) 15M->13M(15M) 34.754ms
[480.663s][info][gc] GC(9489) Pause Full (Allocation Failure) 15M->13M(15M) 33.104ms
[480.700s][info][gc] GC(9490) Pause Full (Allocation Failure) 15M->12M(15M) 33.364ms
[480.738s][info][gc] GC(9491) Pause Full (Allocation Failure) 15M->13M(15M) 32.564ms
[480.774s][info][gc] GC(9492) Pause Full (Allocation Failure) 15M->13M(15M) 31.518ms
[480.810s][info][gc] GC(9493) Pause Full (Allocation Failure) 15M->12M(15M) 32.060ms
[480.848s][info][gc] GC(9494) Pause Full (Allocation Failure) 15M->12M(15M) 32.432ms
[480.885s][info][gc] GC(9495) Pause Full (Allocation Failure) 15M->13M(15M) 31.371ms
[480.925s][info][gc] GC(9496) Pause Full (Allocation Failure) 15M->13M(15M) 35.385ms
[480.998s][info][gc] GC(9497) Pause Full (Allocation Failure) 15M->12M(15M) 35.894ms
[481.055s][info][gc] GC(9498) Pause Full (Allocation Failure) 15M->12M(15M) 36.110ms
[481.136s][info][gc] GC(9499) Pause Full (Allocation Failure) 15M->13M(15M) 34.043ms
[481.176s][info][gc] GC(9500) Pause Full (Allocation Failure) 15M->13M(15M) 33.615ms
[481.214s][info][gc] GC(9501) Pause Full (Allocation Failure) 15M->12M(15M) 33.268ms
[481.253s][info][gc] GC(9502) Pause Full (Allocation Failure) 15M->13M(15M) 34.066ms
[481.291s][info][gc] GC(9503) Pause Full (Allocation Failure) 15M->13M(15M) 32.888ms
[481.328s][info][gc] GC(9504) Pause Full (Allocation Failure) 15M->12M(15M) 32.375ms
[481.365s][info][gc] GC(9505) Pause Full (Allocation Failure) 15M->13M(15M) 32.265ms
[481.401s][info][gc] GC(9506) Pause Full (Allocation Failure) 15M->13M(15M) 31.005ms
[481.437s][info][gc] GC(9507) Pause Full (Allocation Failure) 15M->12M(15M) 31.661ms
[481.473s][info][gc] GC(9508) Pause Full (Allocation Failure) 15M->13M(15M) 31.167ms
[481.508s][info][gc] GC(9509) Pause Full (Allocation Failure) 15M->13M(15M) 30.577ms
[481.545s][info][gc] GC(9510) Pause Full (Allocation Failure) 15M->12M(15M) 31.461ms
[481.581s][info][gc] GC(9511) Pause Full (Allocation Failure) 15M->13M(15M) 31.365ms
[481.616s][info][gc] GC(9512) Pause Full (Allocation Failure) 15M->13M(15M) 31.082ms
[481.652s][info][gc] GC(9513) Pause Full (Allocation Failure) 15M->12M(15M) 31.475ms
[481.688s][info][gc] GC(9514) Pause Full (Allocation Failure) 15M->13M(15M) 31.121ms
[481.724s][info][gc] GC(9515) Pause Full (Allocation Failure) 15M->13M(15M) 30.907ms
[481.760s][info][gc] GC(9516) Pause Full (Allocation Failure) 15M->12M(15M) 30.915ms
[481.797s][info][gc] GC(9517) Pause Full (Allocation Failure) 15M->13M(15M) 31.507ms
[481.833s][info][gc] GC(9518) Pause Full (Allocation Failure) 15M->13M(15M) 30.997ms
[481.868s][info][gc] GC(9519) Pause Full (Allocation Failure) 15M->12M(15M) 30.944ms
[481.904s][info][gc] GC(9520) Pause Full (Allocation Failure) 15M->13M(15M) 31.105ms
[481.939s][info][gc] GC(9521) Pause Full (Allocation Failure) 15M->12M(15M) 30.747ms
[481.977s][info][gc] GC(9522) Pause Full (Allocation Failure) 15M->12M(15M) 32.372ms
[482.014s][info][gc] GC(9523) Pause Full (Allocation Failure) 15M->13M(15M) 32.398ms
[482.051s][info][gc] GC(9524) Pause Full (Allocation Failure) 15M->12M(15M) 32.052ms
[482.088s][info][gc] GC(9525) Pause Full (Allocation Failure) 15M->12M(15M) 32.199ms
[482.125s][info][gc] GC(9526) Pause Full (Allocation Failure) 15M->13M(15M) 32.231ms
[482.162s][info][gc] GC(9527) Pause Full (Allocation Failure) 15M->12M(15M) 31.954ms
[482.199s][info][gc] GC(9528) Pause Full (Allocation Failure) 15M->12M(15M) 31.935ms
[482.236s][info][gc] GC(9529) Pause Full (Allocation Failure) 15M->13M(15M) 32.578ms
[482.273s][info][gc] GC(9530) Pause Full (Allocation Failure) 15M->12M(15M) 32.256ms
[482.311s][info][gc] GC(9531) Pause Full (Allocation Failure) 15M->12M(15M) 32.498ms
[482.348s][info][gc] GC(9532) Pause Full (Allocation Failure) 15M->13M(15M) 32.517ms
[482.385s][info][gc] GC(9533) Pause Full (Allocation Failure) 15M->12M(15M) 31.678ms
[482.421s][info][gc] GC(9534) Pause Full (Allocation Failure) 15M->12M(15M) 32.288ms
[482.458s][info][gc] GC(9535) Pause Full (Allocation Failure) 15M->13M(15M) 31.540ms
[482.493s][info][gc] GC(9536) Pause Full (Allocation Failure) 15M->12M(15M) 30.422ms
[482.528s][info][gc] GC(9537) Pause Full (Allocation Failure) 15M->12M(15M) 30.736ms
[482.565s][info][gc] GC(9538) Pause Full (Allocation Failure) 15M->13M(15M) 32.488ms
[482.600s][info][gc] GC(9539) Pause Full (Allocation Failure) 15M->12M(15M) 30.821ms
[482.636s][info][gc] GC(9540) Pause Full (Allocation Failure) 15M->12M(15M) 30.919ms
[482.673s][info][gc] GC(9541) Pause Full (Allocation Failure) 15M->13M(15M) 32.086ms
[482.710s][info][gc] GC(9542) Pause Full (Allocation Failure) 15M->12M(15M) 33.123ms
[482.747s][info][gc] GC(9543) Pause Full (Allocation Failure) 15M->13M(15M) 32.029ms
[482.784s][info][gc] GC(9544) Pause Full (Allocation Failure) 15M->13M(15M) 31.842ms
[482.820s][info][gc] GC(9545) Pause Full (Allocation Failure) 15M->12M(15M) 31.757ms
[482.857s][info][gc] GC(9546) Pause Full (Allocation Failure) 15M->13M(15M) 32.117ms
[482.893s][info][gc] GC(9547) Pause Full (Allocation Failure) 15M->12M(15M) 31.246ms
[482.930s][info][gc] GC(9548) Pause Full (Allocation Failure) 15M->13M(15M) 32.434ms
[482.965s][info][gc] GC(9549) Pause Full (Allocation Failure) 15M->13M(15M) 30.512ms
[483.005s][info][gc] GC(9550) Pause Full (Allocation Failure) 15M->12M(15M) 31.197ms
[483.041s][info][gc] GC(9551) Pause Full (Allocation Failure) 15M->13M(15M) 31.082ms
[483.077s][info][gc] GC(9552) Pause Full (Allocation Failure) 15M->12M(15M) 30.930ms
[483.113s][info][gc] GC(9553) Pause Full (Allocation Failure) 15M->13M(15M) 31.738ms
[483.149s][info][gc] GC(9554) Pause Full (Allocation Failure) 15M->12M(15M) 31.274ms
[483.186s][info][gc] GC(9555) Pause Full (Allocation Failure) 15M->12M(15M) 32.537ms
[483.224s][info][gc] GC(9556) Pause Full (Allocation Failure) 15M->13M(15M) 32.807ms
[483.264s][info][gc] GC(9557) Pause Full (Allocation Failure) 15M->12M(15M) 34.177ms
[483.301s][info][gc] GC(9558) Pause Full (Allocation Failure) 15M->13M(15M) 32.849ms
[483.340s][info][gc] GC(9559) Pause Full (Allocation Failure) 15M->13M(15M) 33.020ms
[483.380s][info][gc] GC(9560) Pause Full (Allocation Failure) 15M->12M(15M) 33.203ms
[483.418s][info][gc] GC(9561) Pause Full (Allocation Failure) 15M->13M(15M) 33.502ms
[483.457s][info][gc] GC(9562) Pause Full (Allocation Failure) 15M->12M(15M) 33.075ms
[483.496s][info][gc] GC(9563) Pause Full (Allocation Failure) 15M->13M(15M) 34.087ms
[483.534s][info][gc] GC(9564) Pause Full (Allocation Failure) 15M->12M(15M) 33.590ms
[483.574s][info][gc] GC(9565) Pause Full (Allocation Failure) 15M->12M(15M) 33.592ms
[483.614s][info][gc] GC(9566) Pause Full (Allocation Failure) 15M->13M(15M) 33.776ms
[483.653s][info][gc] GC(9567) Pause Full (Allocation Failure) 15M->12M(15M) 32.915ms
[483.693s][info][gc] GC(9568) Pause Full (Allocation Failure) 15M->13M(15M) 33.927ms
[483.731s][info][gc] GC(9569) Pause Full (Allocation Failure) 15M->12M(15M) 33.231ms
[483.768s][info][gc] GC(9570) Pause Full (Allocation Failure) 15M->13M(15M) 31.942ms
[483.804s][info][gc] GC(9571) Pause Full (Allocation Failure) 15M->12M(15M) 31.287ms
[483.839s][info][gc] GC(9572) Pause Full (Allocation Failure) 15M->13M(15M) 30.887ms
[483.875s][info][gc] GC(9573) Pause Full (Allocation Failure) 15M->13M(15M) 31.051ms
[483.910s][info][gc] GC(9574) Pause Full (Allocation Failure) 15M->12M(15M) 31.033ms
[483.948s][info][gc] GC(9575) Pause Full (Allocation Failure) 15M->13M(15M) 32.963ms
[483.984s][info][gc] GC(9576) Pause Full (Allocation Failure) 15M->12M(15M) 31.625ms
[484.020s][info][gc] GC(9577) Pause Full (Allocation Failure) 15M->13M(15M) 31.074ms
[484.057s][info][gc] GC(9578) Pause Full (Allocation Failure) 15M->13M(15M) 31.229ms
[484.092s][info][gc] GC(9579) Pause Full (Allocation Failure) 15M->12M(15M) 30.928ms
[484.128s][info][gc] GC(9580) Pause Full (Allocation Failure) 15M->13M(15M) 31.239ms
[484.164s][info][gc] GC(9581) Pause Full (Allocation Failure) 15M->12M(15M) 31.393ms
[484.200s][info][gc] GC(9582) Pause Full (Allocation Failure) 15M->13M(15M) 31.327ms
[484.236s][info][gc] GC(9583) Pause Full (Allocation Failure) 15M->13M(15M) 31.210ms
[484.273s][info][gc] GC(9584) Pause Full (Allocation Failure) 15M->13M(15M) 32.568ms
[484.311s][info][gc] GC(9585) Pause Full (Allocation Failure) 15M->13M(15M) 33.430ms
[484.349s][info][gc] GC(9586) Pause Full (Allocation Failure) 15M->13M(15M) 32.943ms
[484.386s][info][gc] GC(9587) Pause Full (Allocation Failure) 15M->13M(15M) 31.405ms
[484.423s][info][gc] GC(9588) Pause Full (Allocation Failure) 15M->12M(15M) 32.645ms
[484.461s][info][gc] GC(9589) Pause Full (Allocation Failure) 15M->13M(15M) 32.885ms
[484.499s][info][gc] GC(9590) Pause Full (Allocation Failure) 15M->12M(15M) 32.381ms
[484.535s][info][gc] GC(9591) Pause Full (Allocation Failure) 15M->13M(15M) 31.255ms
[484.572s][info][gc] GC(9592) Pause Full (Allocation Failure) 15M->12M(15M) 31.536ms
[484.608s][info][gc] GC(9593) Pause Full (Allocation Failure) 15M->13M(15M) 31.230ms
[484.655s][info][gc] GC(9594) Pause Full (Allocation Failure) 15M->12M(15M) 42.316ms
[484.755s][info][gc] GC(9595) Pause Full (Allocation Failure) 15M->13M(15M) 36.280ms
[484.798s][info][gc] GC(9596) Pause Full (Allocation Failure) 15M->12M(15M) 34.134ms
[484.839s][info][gc] GC(9597) Pause Full (Allocation Failure) 15M->13M(15M) 33.737ms
[484.877s][info][gc] GC(9598) Pause Full (Allocation Failure) 15M->12M(15M) 33.573ms
[484.915s][info][gc] GC(9599) Pause Full (Allocation Failure) 15M->13M(15M) 32.721ms
[484.952s][info][gc] GC(9600) Pause Full (Allocation Failure) 15M->12M(15M) 31.953ms
[484.988s][info][gc] GC(9601) Pause Full (Allocation Failure) 15M->13M(15M) 31.735ms
[485.023s][info][gc] GC(9602) Pause Full (Allocation Failure) 15M->12M(15M) 30.992ms
[485.059s][info][gc] GC(9603) Pause Full (Allocation Failure) 15M->13M(15M) 30.800ms
[485.095s][info][gc] GC(9604) Pause Full (Allocation Failure) 15M->13M(15M) 31.461ms
[485.131s][info][gc] GC(9605) Pause Full (Allocation Failure) 15M->13M(15M) 31.359ms
[485.166s][info][gc] GC(9606) Pause Full (Allocation Failure) 15M->13M(15M) 30.959ms
[485.203s][info][gc] GC(9607) Pause Full (Allocation Failure) 15M->13M(15M) 32.169ms
[485.239s][info][gc] GC(9608) Pause Full (Allocation Failure) 15M->12M(15M) 31.711ms
[485.277s][info][gc] GC(9609) Pause Full (Allocation Failure) 15M->13M(15M) 32.407ms
[485.314s][info][gc] GC(9610) Pause Full (Allocation Failure) 15M->13M(15M) 32.496ms
[485.352s][info][gc] GC(9611) Pause Full (Allocation Failure) 15M->13M(15M) 33.413ms
[485.390s][info][gc] GC(9612) Pause Full (Allocation Failure) 15M->12M(15M) 32.763ms
[485.427s][info][gc] GC(9613) Pause Full (Allocation Failure) 15M->13M(15M) 32.352ms
[485.463s][info][gc] GC(9614) Pause Full (Allocation Failure) 15M->12M(15M) 31.588ms
[485.500s][info][gc] GC(9615) Pause Full (Allocation Failure) 15M->13M(15M) 31.834ms
[485.535s][info][gc] GC(9616) Pause Full (Allocation Failure) 15M->13M(15M) 30.614ms
[485.571s][info][gc] GC(9617) Pause Full (Allocation Failure) 15M->13M(15M) 31.649ms
[485.607s][info][gc] GC(9618) Pause Full (Allocation Failure) 15M->12M(15M) 30.997ms
[485.643s][info][gc] GC(9619) Pause Full (Allocation Failure) 15M->13M(15M) 31.341ms
[485.678s][info][gc] GC(9620) Pause Full (Allocation Failure) 15M->13M(15M) 30.887ms
[485.715s][info][gc] GC(9621) Pause Full (Allocation Failure) 15M->13M(15M) 31.579ms
[485.751s][info][gc] GC(9622) Pause Full (Allocation Failure) 15M->13M(15M) 31.327ms
[485.789s][info][gc] GC(9623) Pause Full (Allocation Failure) 15M->13M(15M) 33.450ms
[485.826s][info][gc] GC(9624) Pause Full (Allocation Failure) 15M->13M(15M) 32.494ms
[485.864s][info][gc] GC(9625) Pause Full (Allocation Failure) 15M->13M(15M) 32.613ms
[485.903s][info][gc] GC(9626) Pause Full (Allocation Failure) 15M->13M(15M) 34.937ms
[485.942s][info][gc] GC(9627) Pause Full (Allocation Failure) 15M->13M(15M) 32.352ms
[485.979s][info][gc] GC(9628) Pause Full (Allocation Failure) 15M->13M(15M) 32.411ms
[486.018s][info][gc] GC(9629) Pause Full (Allocation Failure) 15M->13M(15M) 33.788ms
[486.056s][info][gc] GC(9630) Pause Full (Allocation Failure) 15M->13M(15M) 32.733ms
[486.094s][info][gc] GC(9631) Pause Full (Allocation Failure) 15M->13M(15M) 32.947ms
[486.135s][info][gc] GC(9632) Pause Full (Allocation Failure) 15M->13M(15M) 35.492ms
[486.217s][info][gc] GC(9633) Pause Full (Allocation Failure) 15M->13M(15M) 33.612ms
[486.256s][info][gc] GC(9634) Pause Full (Allocation Failure) 15M->13M(15M) 33.890ms
[486.294s][info][gc] GC(9635) Pause Full (Allocation Failure) 15M->13M(15M) 33.404ms
[486.331s][info][gc] GC(9636) Pause Full (Allocation Failure) 15M->13M(15M) 31.848ms
[486.367s][info][gc] GC(9637) Pause Full (Allocation Failure) 15M->13M(15M) 31.635ms
[486.403s][info][gc] GC(9638) Pause Full (Allocation Failure) 15M->13M(15M) 31.350ms
[486.440s][info][gc] GC(9639) Pause Full (Allocation Failure) 15M->13M(15M) 31.833ms
[486.477s][info][gc] GC(9640) Pause Full (Allocation Failure) 15M->13M(15M) 32.759ms
[486.515s][info][gc] GC(9641) Pause Full (Allocation Failure) 15M->13M(15M) 32.944ms
[486.553s][info][gc] GC(9642) Pause Full (Allocation Failure) 15M->13M(15M) 32.581ms
[486.591s][info][gc] GC(9643) Pause Full (Allocation Failure) 15M->13M(15M) 33.381ms
[486.629s][info][gc] GC(9644) Pause Full (Allocation Failure) 15M->13M(15M) 33.482ms
[486.677s][info][gc] GC(9645) Pause Full (Allocation Failure) 15M->13M(15M) 41.840ms
[486.713s][info][gc] GC(9646) Pause Full (Allocation Failure) 15M->13M(15M) 31.537ms
[486.749s][info][gc] GC(9647) Pause Full (Allocation Failure) 15M->13M(15M) 31.124ms
[486.785s][info][gc] GC(9648) Pause Full (Allocation Failure) 15M->13M(15M) 31.056ms
[486.821s][info][gc] GC(9649) Pause Full (Allocation Failure) 15M->13M(15M) 31.400ms
[486.857s][info][gc] GC(9650) Pause Full (Allocation Failure) 15M->13M(15M) 31.386ms
[486.893s][info][gc] GC(9651) Pause Full (Allocation Failure) 15M->13M(15M) 31.428ms
[486.930s][info][gc] GC(9652) Pause Full (Allocation Failure) 15M->13M(15M) 31.975ms
[486.965s][info][gc] GC(9653) Pause Full (Allocation Failure) 15M->13M(15M) 31.343ms
[487.003s][info][gc] GC(9654) Pause Full (Allocation Failure) 15M->13M(15M) 33.019ms
[487.040s][info][gc] GC(9655) Pause Full (Allocation Failure) 15M->13M(15M) 32.204ms
[487.077s][info][gc] GC(9656) Pause Full (Allocation Failure) 15M->13M(15M) 32.015ms
[487.114s][info][gc] GC(9657) Pause Full (Allocation Failure) 15M->13M(15M) 32.997ms
[487.152s][info][gc] GC(9658) Pause Full (Allocation Failure) 15M->13M(15M) 32.474ms
[487.189s][info][gc] GC(9659) Pause Full (Allocation Failure) 15M->13M(15M) 32.343ms
[487.228s][info][gc] GC(9660) Pause Full (Allocation Failure) 15M->13M(15M) 33.555ms
[487.266s][info][gc] GC(9661) Pause Full (Allocation Failure) 15M->13M(15M) 32.491ms
[487.303s][info][gc] GC(9662) Pause Full (Allocation Failure) 15M->13M(15M) 32.427ms
[487.338s][info][gc] GC(9663) Pause Full (Allocation Failure) 15M->13M(15M) 30.800ms
[487.373s][info][gc] GC(9664) Pause Full (Allocation Failure) 15M->13M(15M) 30.682ms
[487.410s][info][gc] GC(9665) Pause Full (Allocation Failure) 15M->13M(15M) 31.393ms
[487.446s][info][gc] GC(9666) Pause Full (Allocation Failure) 15M->13M(15M) 32.175ms
[487.484s][info][gc] GC(9667) Pause Full (Allocation Failure) 15M->13M(15M) 32.220ms
[487.521s][info][gc] GC(9668) Pause Full (Allocation Failure) 15M->13M(15M) 32.766ms
[487.559s][info][gc] GC(9669) Pause Full (Allocation Failure) 15M->13M(15M) 33.014ms
[487.596s][info][gc] GC(9670) Pause Full (Allocation Failure) 15M->13M(15M) 31.880ms
[487.635s][info][gc] GC(9671) Pause Full (Allocation Failure) 15M->13M(15M) 34.143ms
[487.676s][info][gc] GC(9672) Pause Full (Allocation Failure) 15M->13M(15M) 34.401ms
[487.713s][info][gc] GC(9673) Pause Full (Allocation Failure) 15M->13M(15M) 32.343ms
[487.749s][info][gc] GC(9674) Pause Full (Allocation Failure) 15M->13M(15M) 31.267ms
[487.786s][info][gc] GC(9675) Pause Full (Allocation Failure) 15M->13M(15M) 31.858ms
[487.821s][info][gc] GC(9676) Pause Full (Allocation Failure) 15M->13M(15M) 30.966ms
[487.857s][info][gc] GC(9677) Pause Full (Allocation Failure) 15M->13M(15M) 31.454ms
[487.894s][info][gc] GC(9678) Pause Full (Allocation Failure) 15M->13M(15M) 32.089ms
[487.930s][info][gc] GC(9679) Pause Full (Allocation Failure) 15M->13M(15M) 31.257ms
[487.966s][info][gc] GC(9680) Pause Full (Allocation Failure) 15M->13M(15M) 31.169ms
[488.002s][info][gc] GC(9681) Pause Full (Allocation Failure) 15M->13M(15M) 31.151ms
[488.039s][info][gc] GC(9682) Pause Full (Allocation Failure) 15M->13M(15M) 32.072ms
[488.076s][info][gc] GC(9683) Pause Full (Allocation Failure) 15M->13M(15M) 32.124ms
[488.113s][info][gc] GC(9684) Pause Full (Allocation Failure) 15M->13M(15M) 32.789ms
[488.150s][info][gc] GC(9685) Pause Full (Allocation Failure) 15M->13M(15M) 32.142ms
[488.188s][info][gc] GC(9686) Pause Full (Allocation Failure) 15M->13M(15M) 32.671ms
[488.224s][info][gc] GC(9687) Pause Full (Allocation Failure) 15M->13M(15M) 31.642ms
[488.260s][info][gc] GC(9688) Pause Full (Allocation Failure) 15M->13M(15M) 31.688ms
[488.297s][info][gc] GC(9689) Pause Full (Allocation Failure) 15M->13M(15M) 32.454ms
[488.333s][info][gc] GC(9690) Pause Full (Allocation Failure) 15M->13M(15M) 31.945ms
[488.370s][info][gc] GC(9691) Pause Full (Allocation Failure) 15M->13M(15M) 31.793ms
[488.407s][info][gc] GC(9692) Pause Full (Allocation Failure) 15M->13M(15M) 32.719ms
[488.445s][info][gc] GC(9693) Pause Full (Allocation Failure) 15M->13M(15M) 32.887ms
[488.481s][info][gc] GC(9694) Pause Full (Allocation Failure) 15M->13M(15M) 31.720ms
[488.519s][info][gc] GC(9695) Pause Full (Allocation Failure) 15M->13M(15M) 32.605ms
[488.556s][info][gc] GC(9696) Pause Full (Allocation Failure) 15M->13M(15M) 32.304ms
[488.592s][info][gc] GC(9697) Pause Full (Allocation Failure) 15M->13M(15M) 31.963ms
[488.628s][info][gc] GC(9698) Pause Full (Allocation Failure) 15M->13M(15M) 31.297ms
[488.664s][info][gc] GC(9699) Pause Full (Allocation Failure) 15M->13M(15M) 31.097ms
[488.700s][info][gc] GC(9700) Pause Full (Allocation Failure) 15M->13M(15M) 31.313ms
[488.736s][info][gc] GC(9701) Pause Full (Allocation Failure) 15M->13M(15M) 31.735ms
[488.772s][info][gc] GC(9702) Pause Full (Allocation Failure) 15M->13M(15M) 31.547ms
[488.809s][info][gc] GC(9703) Pause Full (Allocation Failure) 15M->13M(15M) 31.571ms
[488.845s][info][gc] GC(9704) Pause Full (Allocation Failure) 15M->13M(15M) 32.560ms
[488.883s][info][gc] GC(9705) Pause Full (Allocation Failure) 15M->13M(15M) 32.201ms
[488.920s][info][gc] GC(9706) Pause Full (Allocation Failure) 15M->13M(15M) 32.540ms
[488.956s][info][gc] GC(9707) Pause Full (Allocation Failure) 15M->13M(15M) 32.278ms
[488.993s][info][gc] GC(9708) Pause Full (Allocation Failure) 15M->13M(15M) 31.482ms
[489.028s][info][gc] GC(9709) Pause Full (Allocation Failure) 15M->13M(15M) 31.243ms
[489.065s][info][gc] GC(9710) Pause Full (Allocation Failure) 15M->13M(15M) 31.156ms
[489.100s][info][gc] GC(9711) Pause Full (Allocation Failure) 15M->13M(15M) 31.209ms
[489.138s][info][gc] GC(9712) Pause Full (Allocation Failure) 15M->13M(15M) 32.191ms
[489.173s][info][gc] GC(9713) Pause Full (Allocation Failure) 15M->13M(15M) 30.726ms
[489.209s][info][gc] GC(9714) Pause Full (Allocation Failure) 15M->13M(15M) 31.271ms
[489.245s][info][gc] GC(9715) Pause Full (Allocation Failure) 15M->13M(15M) 31.117ms
[489.280s][info][gc] GC(9716) Pause Full (Allocation Failure) 15M->13M(15M) 31.189ms
[489.316s][info][gc] GC(9717) Pause Full (Allocation Failure) 15M->13M(15M) 31.139ms
[489.352s][info][gc] GC(9718) Pause Full (Allocation Failure) 15M->13M(15M) 31.405ms
[489.388s][info][gc] GC(9719) Pause Full (Allocation Failure) 15M->13M(15M) 31.154ms
[489.424s][info][gc] GC(9720) Pause Full (Allocation Failure) 15M->13M(15M) 31.653ms
[489.461s][info][gc] GC(9721) Pause Full (Allocation Failure) 15M->13M(15M) 32.904ms
[489.499s][info][gc] GC(9722) Pause Full (Allocation Failure) 15M->13M(15M) 32.599ms
[489.535s][info][gc] GC(9723) Pause Full (Allocation Failure) 15M->13M(15M) 31.886ms
[489.573s][info][gc] GC(9724) Pause Full (Allocation Failure) 15M->13M(15M) 33.498ms
[489.611s][info][gc] GC(9725) Pause Full (Allocation Failure) 15M->13M(15M) 32.786ms
[489.648s][info][gc] GC(9726) Pause Full (Allocation Failure) 15M->13M(15M) 32.908ms
[489.687s][info][gc] GC(9727) Pause Full (Allocation Failure) 15M->13M(15M) 33.490ms
[489.725s][info][gc] GC(9728) Pause Full (Allocation Failure) 15M->13M(15M) 33.379ms
[489.761s][info][gc] GC(9729) Pause Full (Allocation Failure) 15M->13M(15M) 31.686ms
[489.798s][info][gc] GC(9730) Pause Full (Allocation Failure) 15M->13M(15M) 31.623ms
[489.834s][info][gc] GC(9731) Pause Full (Allocation Failure) 15M->13M(15M) 31.499ms
[489.871s][info][gc] GC(9732) Pause Full (Allocation Failure) 15M->13M(15M) 32.520ms
[489.908s][info][gc] GC(9733) Pause Full (Allocation Failure) 15M->13M(15M) 32.009ms
[489.945s][info][gc] GC(9734) Pause Full (Allocation Failure) 15M->13M(15M) 32.444ms
[489.981s][info][gc] GC(9735) Pause Full (Allocation Failure) 15M->13M(15M) 31.547ms
[490.017s][info][gc] GC(9736) Pause Full (Allocation Failure) 15M->13M(15M) 30.982ms
[490.054s][info][gc] GC(9737) Pause Full (Allocation Failure) 15M->13M(15M) 31.741ms
[490.090s][info][gc] GC(9738) Pause Full (Allocation Failure) 15M->13M(15M) 31.704ms
[490.126s][info][gc] GC(9739) Pause Full (Allocation Failure) 15M->13M(15M) 31.117ms
[490.173s][info][gc] GC(9740) Pause Full (Allocation Failure) 15M->13M(15M) 42.010ms
[490.211s][info][gc] GC(9741) Pause Full (Allocation Failure) 15M->13M(15M) 33.384ms
[490.249s][info][gc] GC(9742) Pause Full (Allocation Failure) 15M->13M(15M) 33.941ms
[490.288s][info][gc] GC(9743) Pause Full (Allocation Failure) 15M->13M(15M) 33.275ms
[490.324s][info][gc] GC(9744) Pause Full (Allocation Failure) 15M->13M(15M) 31.872ms
[490.361s][info][gc] GC(9745) Pause Full (Allocation Failure) 15M->13M(15M) 32.663ms
[490.398s][info][gc] GC(9746) Pause Full (Allocation Failure) 15M->13M(15M) 32.332ms
[490.435s][info][gc] GC(9747) Pause Full (Allocation Failure) 15M->13M(15M) 32.334ms
[490.473s][info][gc] GC(9748) Pause Full (Allocation Failure) 15M->13M(15M) 32.880ms
[490.510s][info][gc] GC(9749) Pause Full (Allocation Failure) 15M->13M(15M) 32.773ms
[490.546s][info][gc] GC(9750) Pause Full (Allocation Failure) 15M->13M(15M) 31.968ms
[490.584s][info][gc] GC(9751) Pause Full (Allocation Failure) 15M->13M(15M) 32.642ms
[490.621s][info][gc] GC(9752) Pause Full (Allocation Failure) 15M->13M(15M) 32.417ms
[490.658s][info][gc] GC(9753) Pause Full (Allocation Failure) 15M->13M(15M) 32.756ms
[490.696s][info][gc] GC(9754) Pause Full (Allocation Failure) 15M->13M(15M) 32.760ms
[490.733s][info][gc] GC(9755) Pause Full (Allocation Failure) 15M->13M(15M) 32.807ms
[490.770s][info][gc] GC(9756) Pause Full (Allocation Failure) 15M->13M(15M) 32.521ms
[490.808s][info][gc] GC(9757) Pause Full (Allocation Failure) 15M->13M(15M) 32.710ms
[490.844s][info][gc] GC(9758) Pause Full (Allocation Failure) 15M->13M(15M) 31.938ms
[490.881s][info][gc] GC(9759) Pause Full (Allocation Failure) 15M->13M(15M) 31.935ms
[490.918s][info][gc] GC(9760) Pause Full (Allocation Failure) 15M->13M(15M) 32.403ms
[490.955s][info][gc] GC(9761) Pause Full (Allocation Failure) 15M->13M(15M) 32.589ms
[490.990s][info][gc] GC(9762) Pause Full (Allocation Failure) 15M->13M(15M) 31.062ms
[491.027s][info][gc] GC(9763) Pause Full (Allocation Failure) 15M->13M(15M) 32.570ms
[491.064s][info][gc] GC(9764) Pause Full (Allocation Failure) 15M->13M(15M) 31.704ms
[491.100s][info][gc] GC(9765) Pause Full (Allocation Failure) 15M->13M(15M) 31.657ms
