[0.017s][info][gc] Using Serial
[2.985s][info][gc] GC(0) Pause Young (Allocation Failure) 4M->2M(15M) 4.883ms
[3.218s][info][gc] GC(1) Pause Young (Allocation Failure) 6M->3M(15M) 5.204ms
[33.269s][info][gc] GC(2) Pause Young (Allocation Failure) 7M->3M(15M) 4.845ms
[51.995s][info][gc] GC(3) Pause Young (Allocation Failure) 7M->4M(15M) 2.438ms
[52.067s][info][gc] GC(4) Pause Young (Allocation Failure) 8M->5M(15M) 4.363ms
[52.141s][info][gc] GC(5) Pause Young (Allocation Failure) 10M->7M(15M) 3.952ms
[52.212s][info][gc] GC(6) Pause Young (Allocation Failure) 11M->9M(15M) 4.123ms
[52.281s][info][gc] GC(7) Pause Young (Allocation Failure) 13M->13M(15M) 0.050ms
[52.304s][info][gc] GC(8) Pause Full (Allocation Failure) 13M->6M(15M) 23.065ms
[52.381s][info][gc] GC(9) Pause Young (Allocation Failure) 11M->8M(15M) 5.096ms
[52.428s][info][gc] GC(10) Pause Young (Allocation Failure) 13M->10M(15M) 3.612ms
[52.452s][info][gc] GC(11) Pause Young (Allocation Failure) 14M->14M(15M) 0.044ms
[52.470s][info][gc] GC(12) Pause Full (Allocation Failure) 14M->6M(15M) 17.999ms
[85.247s][info][gc] GC(13) Pause Young (Allocation Failure) 11M->7M(15M) 4.585ms
[125.309s][info][gc] GC(14) Pause Young (Allocation Failure) 11M->6M(15M) 1.415ms
[133.655s][info][gc] GC(15) Pause Young (Allocation Failure) 11M->8M(15M) 2.825ms
[133.672s][info][gc] GC(16) Pause Young (Allocation Failure) 12M->10M(15M) 3.246ms
[133.684s][info][gc] GC(17) Pause Young (Allocation Failure) 14M->14M(15M) 0.043ms
[133.702s][info][gc] GC(18) Pause Full (Allocation Failure) 14M->6M(15M) 17.505ms
[133.722s][info][gc] GC(19) Pause Young (Allocation Failure) 10M->8M(15M) 4.258ms
[133.737s][info][gc] GC(20) Pause Young (Allocation Failure) 13M->10M(15M) 3.096ms
[133.749s][info][gc] GC(21) Pause Young (Allocation Failure) 14M->14M(15M) 0.051ms
[133.769s][info][gc] GC(22) Pause Full (Allocation Failure) 14M->6M(15M) 19.632ms
[133.787s][info][gc] GC(23) Pause Young (Allocation Failure) 10M->8M(15M) 4.356ms
[140.319s][info][gc] GC(24) Pause Young (Allocation Failure) 12M->9M(15M) 5.621ms
[181.335s][info][gc] GC(25) Pause Young (Allocation Failure) 14M->14M(15M) 0.087ms
[181.363s][info][gc] GC(26) Pause Full (Allocation Failure) 14M->4M(15M) 27.558ms
[223.356s][info][gc] GC(27) Pause Young (Allocation Failure) 8M->4M(15M) 0.990ms
