[0.032s][info][gc] Using Serial
[5.369s][info][gc] GC(0) Pause Young (Allocation Failure) 4M->2M(15M) 4.855ms
[5.600s][info][gc] GC(1) Pause Young (Allocation Failure) 6M->3M(15M) 5.300ms
[35.649s][info][gc] GC(2) Pause Young (Allocation Failure) 7M->3M(15M) 4.947ms
[48.456s][info][gc] GC(3) Pause Young (Allocation Failure) 7M->4M(15M) 2.906ms
[48.531s][info][gc] GC(4) Pause Young (Allocation Failure) 8M->6M(15M) 4.708ms
[48.606s][info][gc] GC(5) Pause Young (Allocation Failure) 10M->7M(15M) 4.212ms
[48.650s][info][gc] GC(6) Pause Young (Allocation Failure) 12M->9M(15M) 3.984ms
[48.674s][info][gc] GC(7) Pause Young (Allocation Failure) 13M->13M(15M) 0.044ms
[48.695s][info][gc] GC(8) Pause Full (Allocation Failure) 13M->6M(15M) 20.727ms
[48.724s][info][gc] GC(9) Pause Young (Allocation Failure) 11M->8M(15M) 5.029ms
[48.742s][info][gc] GC(10) Pause Young (Allocation Failure) 13M->10M(15M) 3.570ms
[49.622s][info][gc] GC(11) Pause Young (Allocation Failure) 14M->14M(15M) 0.091ms
[49.659s][info][gc] GC(12) Pause Full (Allocation Failure) 14M->6M(15M) 36.705ms
[87.674s][info][gc] GC(13) Pause Young (Allocation Failure) 11M->6M(15M) 2.812ms
[126.736s][info][gc] GC(14) Pause Young (Allocation Failure) 11M->6M(15M) 0.838ms
[141.525s][info][gc] GC(15) Pause Young (Allocation Failure) 11M->8M(15M) 2.339ms
[141.541s][info][gc] GC(16) Pause Young (Allocation Failure) 12M->9M(15M) 3.624ms
[141.552s][info][gc] GC(17) Pause Young (Allocation Failure) 14M->14M(15M) 0.056ms
[141.573s][info][gc] GC(18) Pause Full (Allocation Failure) 14M->6M(15M) 21.112ms
[141.591s][info][gc] GC(19) Pause Young (Allocation Failure) 10M->8M(15M) 4.117ms
[141.606s][info][gc] GC(20) Pause Young (Allocation Failure) 12M->10M(15M) 3.162ms
[141.619s][info][gc] GC(21) Pause Young (Allocation Failure) 14M->14M(15M) 0.048ms
[141.637s][info][gc] GC(22) Pause Full (Allocation Failure) 14M->6M(15M) 18.879ms
[141.661s][info][gc] GC(23) Pause Young (Allocation Failure) 10M->8M(15M) 4.759ms
[141.746s][info][gc] GC(24) Pause Young (Allocation Failure) 12M->9M(15M) 6.015ms
[178.635s][info][gc] GC(25) Pause Young (Allocation Failure) 14M->14M(15M) 0.087ms
[178.658s][info][gc] GC(26) Pause Full (Allocation Failure) 14M->4M(15M) 22.441ms
