[0.011s][info][gc] Using Serial
[14.066s][info][gc] GC(0) Pause Young (Allocation Failure) 4M->2M(15M) 5.859ms
[14.404s][info][gc] GC(1) Pause Young (Allocation Failure) 6M->3M(15M) 5.595ms
[44.459s][info][gc] GC(2) Pause Young (Allocation Failure) 7M->3M(15M) 4.957ms
[77.583s][info][gc] GC(3) Pause Young (Allocation Failure) 7M->3M(15M) 1.127ms
[117.614s][info][gc] GC(4) Pause Young (Allocation Failure) 7M->3M(15M) 2.130ms
[121.734s][info][gc] GC(5) Pause Young (Allocation Failure) 7M->5M(15M) 3.693ms
[121.761s][info][gc] GC(6) Pause Young (Allocation Failure) 9M->6M(15M) 3.860ms
[121.788s][info][gc] GC(7) Pause Young (Allocation Failure) 11M->8M(15M) 3.657ms
[121.811s][info][gc] GC(8) Pause Young (Allocation Failure) 12M->10M(15M) 3.724ms
[121.830s][info][gc] GC(9) Pause Young (Allocation Failure) 14M->14M(15M) 0.043ms
[121.864s][info][gc] GC(10) Pause Full (Allocation Failure) 14M->7M(15M) 34.094ms
[121.889s][info][gc] GC(11) Pause Young (Allocation Failure) 11M->9M(15M) 5.123ms
[121.900s][info][gc] GC(12) Pause Young (Allocation Failure) 13M->13M(15M) 0.054ms
[121.916s][info][gc] GC(13) Pause Full (Allocation Failure) 13M->6M(15M) 15.958ms
[121.934s][info][gc] GC(14) Pause Young (Allocation Failure) 10M->8M(15M) 4.274ms
[121.949s][info][gc] GC(15) Pause Young (Allocation Failure) 12M->9M(15M) 3.282ms
[121.961s][info][gc] GC(16) Pause Young (Allocation Failure) 14M->14M(15M) 0.042ms
[121.978s][info][gc] GC(17) Pause Full (Allocation Failure) 14M->6M(15M) 17.203ms
[121.997s][info][gc] GC(18) Pause Young (Allocation Failure) 10M->8M(15M) 4.666ms
[122.008s][info][gc] GC(19) Pause Young (Allocation Failure) 13M->13M(15M) 0.046ms
[122.025s][info][gc] GC(20) Pause Full (Allocation Failure) 13M->5M(15M) 17.669ms
[122.044s][info][gc] GC(21) Pause Young (Allocation Failure) 10M->7M(15M) 4.237ms
[122.059s][info][gc] GC(22) Pause Young (Allocation Failure) 12M->9M(15M) 3.251ms
[122.070s][info][gc] GC(23) Pause Young (Allocation Failure) 13M->13M(15M) 0.043ms
[122.088s][info][gc] GC(24) Pause Full (Allocation Failure) 13M->6M(15M) 17.873ms
[122.103s][info][gc] GC(25) Pause Young (Allocation Failure) 10M->8M(15M) 4.468ms
[122.110s][info][gc] GC(26) Pause Young (Allocation Failure) 12M->12M(15M) 0.044ms
[122.127s][info][gc] GC(27) Pause Full (Allocation Failure) 12M->6M(15M) 16.673ms
[122.139s][info][gc] GC(28) Pause Young (Allocation Failure) 10M->8M(15M) 4.535ms
[122.148s][info][gc] GC(29) Pause Young (Allocation Failure) 12M->9M(15M) 3.349ms
[122.154s][info][gc] GC(30) Pause Young (Allocation Failure) 14M->14M(15M) 0.039ms
[122.172s][info][gc] GC(31) Pause Full (Allocation Failure) 14M->6M(15M) 18.277ms
[122.183s][info][gc] GC(32) Pause Young (Allocation Failure) 10M->8M(15M) 4.479ms
[122.188s][info][gc] GC(33) Pause Young (Allocation Failure) 13M->13M(15M) 0.039ms
[122.205s][info][gc] GC(34) Pause Full (Allocation Failure) 13M->5M(15M) 16.979ms
[122.215s][info][gc] GC(35) Pause Young (Allocation Failure) 9M->7M(15M) 4.208ms
[122.223s][info][gc] GC(36) Pause Young (Allocation Failure) 12M->9M(15M) 2.978ms
[122.228s][info][gc] GC(37) Pause Young (Allocation Failure) 13M->13M(15M) 0.039ms
[122.246s][info][gc] GC(38) Pause Full (Allocation Failure) 13M->6M(15M) 17.556ms
[122.256s][info][gc] GC(39) Pause Young (Allocation Failure) 10M->8M(15M) 4.326ms
[122.261s][info][gc] GC(40) Pause Young (Allocation Failure) 12M->12M(15M) 0.035ms
[122.277s][info][gc] GC(41) Pause Full (Allocation Failure) 12M->6M(15M) 16.089ms
[122.286s][info][gc] GC(42) Pause Young (Allocation Failure) 10M->8M(15M) 3.957ms
[122.294s][info][gc] GC(43) Pause Young (Allocation Failure) 12M->9M(15M) 2.949ms
[122.299s][info][gc] GC(44) Pause Young (Allocation Failure) 14M->14M(15M) 0.036ms
[122.318s][info][gc] GC(45) Pause Full (Allocation Failure) 14M->6M(15M) 18.073ms
[122.328s][info][gc] GC(46) Pause Young (Allocation Failure) 11M->9M(15M) 4.462ms
[122.333s][info][gc] GC(47) Pause Young (Allocation Failure) 13M->13M(15M) 0.034ms
[122.349s][info][gc] GC(48) Pause Full (Allocation Failure) 13M->5M(15M) 15.970ms
[122.358s][info][gc] GC(49) Pause Young (Allocation Failure) 9M->7M(15M) 4.102ms
[122.367s][info][gc] GC(50) Pause Young (Allocation Failure) 12M->9M(15M) 2.986ms
[122.372s][info][gc] GC(51) Pause Young (Allocation Failure) 13M->13M(15M) 0.034ms
[122.389s][info][gc] GC(52) Pause Full (Allocation Failure) 13M->6M(15M) 17.035ms
[122.399s][info][gc] GC(53) Pause Young (Allocation Failure) 10M->8M(15M) 4.228ms
[122.404s][info][gc] GC(54) Pause Young (Allocation Failure) 12M->12M(15M) 0.035ms
[122.420s][info][gc] GC(55) Pause Full (Allocation Failure) 12M->6M(15M) 15.904ms
[122.429s][info][gc] GC(56) Pause Young (Allocation Failure) 10M->8M(15M) 3.915ms
[122.437s][info][gc] GC(57) Pause Young (Allocation Failure) 12M->9M(15M) 3.080ms
[122.443s][info][gc] GC(58) Pause Young (Allocation Failure) 14M->14M(15M) 0.033ms
[122.460s][info][gc] GC(59) Pause Full (Allocation Failure) 14M->6M(15M) 17.183ms
[122.470s][info][gc] GC(60) Pause Young (Allocation Failure) 11M->8M(15M) 4.470ms
[122.475s][info][gc] GC(61) Pause Young (Allocation Failure) 13M->13M(15M) 0.042ms
[122.493s][info][gc] GC(62) Pause Full (Allocation Failure) 13M->5M(15M) 17.211ms
[122.502s][info][gc] GC(63) Pause Young (Allocation Failure) 9M->7M(15M) 3.937ms
[122.511s][info][gc] GC(64) Pause Young (Allocation Failure) 11M->9M(15M) 2.946ms
[122.516s][info][gc] GC(65) Pause Young (Allocation Failure) 13M->13M(15M) 0.036ms
[122.534s][info][gc] GC(66) Pause Full (Allocation Failure) 13M->6M(15M) 17.401ms
[122.544s][info][gc] GC(67) Pause Young (Allocation Failure) 11M->8M(15M) 4.513ms
[122.549s][info][gc] GC(68) Pause Young (Allocation Failure) 13M->13M(15M) 0.034ms
[122.565s][info][gc] GC(69) Pause Full (Allocation Failure) 13M->6M(15M) 15.839ms
[122.574s][info][gc] GC(70) Pause Young (Allocation Failure) 10M->8M(15M) 3.967ms
[122.582s][info][gc] GC(71) Pause Young (Allocation Failure) 12M->9M(15M) 2.990ms
[122.588s][info][gc] GC(72) Pause Young (Allocation Failure) 14M->14M(15M) 0.033ms
[122.605s][info][gc] GC(73) Pause Full (Allocation Failure) 14M->6M(15M) 17.774ms
[122.616s][info][gc] GC(74) Pause Young (Allocation Failure) 11M->9M(15M) 4.809ms
[122.622s][info][gc] GC(75) Pause Young (Allocation Failure) 13M->13M(15M) 0.042ms
[122.638s][info][gc] GC(76) Pause Full (Allocation Failure) 13M->5M(15M) 16.009ms
[122.647s][info][gc] GC(77) Pause Young (Allocation Failure) 9M->7M(15M) 3.989ms
[122.656s][info][gc] GC(78) Pause Young (Allocation Failure) 11M->9M(15M) 3.081ms
[122.661s][info][gc] GC(79) Pause Young (Allocation Failure) 13M->13M(15M) 0.035ms
[122.678s][info][gc] GC(80) Pause Full (Allocation Failure) 13M->6M(15M) 17.383ms
[122.688s][info][gc] GC(81) Pause Young (Allocation Failure) 10M->8M(15M) 4.234ms
[122.693s][info][gc] GC(82) Pause Young (Allocation Failure) 12M->12M(15M) 0.034ms
[122.709s][info][gc] GC(83) Pause Full (Allocation Failure) 12M->6M(15M) 16.077ms
[122.719s][info][gc] GC(84) Pause Young (Allocation Failure) 10M->8M(15M) 4.270ms
[122.728s][info][gc] GC(85) Pause Young (Allocation Failure) 12M->9M(15M) 3.382ms
[122.733s][info][gc] GC(86) Pause Young (Allocation Failure) 14M->14M(15M) 0.046ms
[122.751s][info][gc] GC(87) Pause Full (Allocation Failure) 14M->6M(15M) 17.659ms
[122.761s][info][gc] GC(88) Pause Young (Allocation Failure) 10M->8M(15M) 4.363ms
[122.766s][info][gc] GC(89) Pause Young (Allocation Failure) 13M->13M(15M) 0.048ms
[122.783s][info][gc] GC(90) Pause Full (Allocation Failure) 13M->5M(15M) 16.239ms
[122.792s][info][gc] GC(91) Pause Young (Allocation Failure) 10M->7M(15M) 4.288ms
[122.801s][info][gc] GC(92) Pause Young (Allocation Failure) 12M->9M(15M) 3.387ms
[122.807s][info][gc] GC(93) Pause Young (Allocation Failure) 13M->13M(15M) 0.048ms
[122.825s][info][gc] GC(94) Pause Full (Allocation Failure) 13M->7M(15M) 18.844ms
[122.835s][info][gc] GC(95) Pause Young (Allocation Failure) 11M->9M(15M) 4.404ms
[122.841s][info][gc] GC(96) Pause Young (Allocation Failure) 13M->13M(15M) 0.034ms
[122.857s][info][gc] GC(97) Pause Full (Allocation Failure) 13M->6M(15M) 16.443ms
[122.866s][info][gc] GC(98) Pause Young (Allocation Failure) 10M->8M(15M) 3.937ms
[122.874s][info][gc] GC(99) Pause Young (Allocation Failure) 12M->10M(15M) 3.081ms
[122.879s][info][gc] GC(100) Pause Young (Allocation Failure) 14M->14M(15M) 0.034ms
[122.897s][info][gc] GC(101) Pause Full (Allocation Failure) 14M->6M(15M) 17.397ms
[122.907s][info][gc] GC(102) Pause Young (Allocation Failure) 11M->8M(15M) 4.343ms
[122.912s][info][gc] GC(103) Pause Young (Allocation Failure) 13M->13M(15M) 0.035ms
[122.928s][info][gc] GC(104) Pause Full (Allocation Failure) 13M->5M(15M) 15.992ms
[122.937s][info][gc] GC(105) Pause Young (Allocation Failure) 10M->7M(15M) 3.917ms
[122.945s][info][gc] GC(106) Pause Young (Allocation Failure) 12M->9M(15M) 2.960ms
[122.950s][info][gc] GC(107) Pause Young (Allocation Failure) 13M->13M(15M) 0.032ms
[122.968s][info][gc] GC(108) Pause Full (Allocation Failure) 13M->6M(15M) 18.385ms
[122.979s][info][gc] GC(109) Pause Young (Allocation Failure) 11M->9M(15M) 4.842ms
[122.984s][info][gc] GC(110) Pause Young (Allocation Failure) 13M->13M(15M) 0.042ms
[123.001s][info][gc] GC(111) Pause Full (Allocation Failure) 13M->6M(15M) 16.572ms
[123.010s][info][gc] GC(112) Pause Young (Allocation Failure) 10M->8M(15M) 4.012ms
[123.018s][info][gc] GC(113) Pause Young (Allocation Failure) 12M->9M(15M) 3.070ms
[123.023s][info][gc] GC(114) Pause Young (Allocation Failure) 14M->14M(15M) 0.032ms
[123.041s][info][gc] GC(115) Pause Full (Allocation Failure) 14M->6M(15M) 17.784ms
[123.051s][info][gc] GC(116) Pause Young (Allocation Failure) 11M->9M(15M) 4.489ms
[123.056s][info][gc] GC(117) Pause Young (Allocation Failure) 13M->13M(15M) 0.034ms
[123.072s][info][gc] GC(118) Pause Full (Allocation Failure) 13M->5M(15M) 16.261ms
[123.082s][info][gc] GC(119) Pause Young (Allocation Failure) 10M->7M(15M) 4.132ms
[123.090s][info][gc] GC(120) Pause Young (Allocation Failure) 12M->9M(15M) 3.089ms
[123.095s][info][gc] GC(121) Pause Young (Allocation Failure) 13M->13M(15M) 0.033ms
[123.112s][info][gc] GC(122) Pause Full (Allocation Failure) 13M->6M(15M) 17.207ms
[123.122s][info][gc] GC(123) Pause Young (Allocation Failure) 10M->8M(15M) 4.342ms
[123.127s][info][gc] GC(124) Pause Young (Allocation Failure) 12M->12M(15M) 0.034ms
[123.143s][info][gc] GC(125) Pause Full (Allocation Failure) 12M->6M(15M) 16.013ms
[123.153s][info][gc] GC(126) Pause Young (Allocation Failure) 10M->8M(15M) 4.021ms
[123.161s][info][gc] GC(127) Pause Young (Allocation Failure) 12M->9M(15M) 3.081ms
[123.166s][info][gc] GC(128) Pause Young (Allocation Failure) 14M->14M(15M) 0.034ms
[123.183s][info][gc] GC(129) Pause Full (Allocation Failure) 14M->6M(15M) 17.324ms
[123.193s][info][gc] GC(130) Pause Young (Allocation Failure) 10M->8M(15M) 4.374ms
[123.198s][info][gc] GC(131) Pause Young (Allocation Failure) 13M->13M(15M) 0.034ms
[123.214s][info][gc] GC(132) Pause Full (Allocation Failure) 13M->5M(15M) 16.061ms
[123.223s][info][gc] GC(133) Pause Young (Allocation Failure) 10M->7M(15M) 4.039ms
[123.231s][info][gc] GC(134) Pause Young (Allocation Failure) 12M->9M(15M) 2.986ms
[123.236s][info][gc] GC(135) Pause Young (Allocation Failure) 13M->13M(15M) 0.043ms
[123.254s][info][gc] GC(136) Pause Full (Allocation Failure) 13M->6M(15M) 18.055ms
[123.264s][info][gc] GC(137) Pause Young (Allocation Failure) 11M->8M(15M) 4.572ms
[123.270s][info][gc] GC(138) Pause Young (Allocation Failure) 13M->13M(15M) 0.035ms
[123.285s][info][gc] GC(139) Pause Full (Allocation Failure) 13M->6M(15M) 15.768ms
[123.295s][info][gc] GC(140) Pause Young (Allocation Failure) 10M->8M(15M) 4.170ms
[123.303s][info][gc] GC(141) Pause Young (Allocation Failure) 12M->9M(15M) 3.004ms
[123.308s][info][gc] GC(142) Pause Young (Allocation Failure) 14M->14M(15M) 0.033ms
[123.326s][info][gc] GC(143) Pause Full (Allocation Failure) 14M->6M(15M) 17.678ms
[123.336s][info][gc] GC(144) Pause Young (Allocation Failure) 11M->8M(15M) 4.545ms
[123.341s][info][gc] GC(145) Pause Young (Allocation Failure) 13M->13M(15M) 0.034ms
[123.357s][info][gc] GC(146) Pause Full (Allocation Failure) 13M->5M(15M) 16.048ms
[123.366s][info][gc] GC(147) Pause Young (Allocation Failure) 10M->7M(15M) 4.028ms
[123.374s][info][gc] GC(148) Pause Young (Allocation Failure) 12M->9M(15M) 2.979ms
[123.379s][info][gc] GC(149) Pause Young (Allocation Failure) 13M->13M(15M) 0.034ms
[123.397s][info][gc] GC(150) Pause Full (Allocation Failure) 13M->6M(15M) 17.863ms
[123.407s][info][gc] GC(151) Pause Young (Allocation Failure) 11M->8M(15M) 4.412ms
[123.412s][info][gc] GC(152) Pause Young (Allocation Failure) 13M->13M(15M) 0.034ms
[123.428s][info][gc] GC(153) Pause Full (Allocation Failure) 13M->6M(15M) 15.853ms
[123.437s][info][gc] GC(154) Pause Young (Allocation Failure) 10M->8M(15M) 4.024ms
[123.445s][info][gc] GC(155) Pause Young (Allocation Failure) 12M->9M(15M) 3.035ms
[123.450s][info][gc] GC(156) Pause Young (Allocation Failure) 14M->14M(15M) 0.033ms
[123.468s][info][gc] GC(157) Pause Full (Allocation Failure) 14M->6M(15M) 17.786ms
[123.479s][info][gc] GC(158) Pause Young (Allocation Failure) 11M->9M(15M) 5.116ms
[123.484s][info][gc] GC(159) Pause Young (Allocation Failure) 13M->13M(15M) 0.050ms
[123.501s][info][gc] GC(160) Pause Full (Allocation Failure) 13M->5M(15M) 16.752ms
[123.510s][info][gc] GC(161) Pause Young (Allocation Failure) 9M->7M(15M) 4.332ms
[123.519s][info][gc] GC(162) Pause Young (Allocation Failure) 11M->9M(15M) 3.184ms
[123.524s][info][gc] GC(163) Pause Young (Allocation Failure) 13M->13M(15M) 0.043ms
[123.543s][info][gc] GC(164) Pause Full (Allocation Failure) 13M->7M(15M) 18.801ms
[123.553s][info][gc] GC(165) Pause Young (Allocation Failure) 11M->9M(15M) 4.606ms
[123.558s][info][gc] GC(166) Pause Young (Allocation Failure) 13M->13M(15M) 0.044ms
[123.576s][info][gc] GC(167) Pause Full (Allocation Failure) 13M->6M(15M) 18.166ms
[123.589s][info][gc] GC(168) Pause Young (Allocation Failure) 10M->8M(15M) 4.985ms
[123.594s][info][gc] GC(169) Pause Young (Allocation Failure) 12M->12M(15M) 0.046ms
[123.612s][info][gc] GC(170) Pause Full (Allocation Failure) 12M->6M(15M) 17.976ms
[123.626s][info][gc] GC(171) Pause Young (Allocation Failure) 10M->8M(15M) 5.155ms
[123.636s][info][gc] GC(172) Pause Young (Allocation Failure) 12M->9M(15M) 3.482ms
[123.641s][info][gc] GC(173) Pause Young (Allocation Failure) 14M->14M(15M) 0.049ms
[123.660s][info][gc] GC(174) Pause Full (Allocation Failure) 14M->6M(15M) 18.647ms
[123.670s][info][gc] GC(175) Pause Young (Allocation Failure) 10M->8M(15M) 4.511ms
[123.678s][info][gc] GC(176) Pause Young (Allocation Failure) 12M->9M(15M) 3.271ms
[123.684s][info][gc] GC(177) Pause Young (Allocation Failure) 14M->14M(15M) 0.048ms
[123.703s][info][gc] GC(178) Pause Full (Allocation Failure) 14M->6M(15M) 18.957ms
[123.713s][info][gc] GC(179) Pause Young (Allocation Failure) 10M->8M(15M) 4.413ms
[123.718s][info][gc] GC(180) Pause Young (Allocation Failure) 12M->12M(15M) 0.054ms
[123.735s][info][gc] GC(181) Pause Full (Allocation Failure) 12M->6M(15M) 17.481ms
[123.747s][info][gc] GC(182) Pause Young (Allocation Failure) 10M->8M(15M) 4.411ms
[123.755s][info][gc] GC(183) Pause Young (Allocation Failure) 12M->9M(15M) 3.461ms
[123.761s][info][gc] GC(184) Pause Young (Allocation Failure) 14M->14M(15M) 0.052ms
[123.779s][info][gc] GC(185) Pause Full (Allocation Failure) 14M->6M(15M) 18.316ms
[123.789s][info][gc] GC(186) Pause Young (Allocation Failure) 10M->8M(15M) 4.548ms
[123.794s][info][gc] GC(187) Pause Young (Allocation Failure) 12M->12M(15M) 0.045ms
[123.812s][info][gc] GC(188) Pause Full (Allocation Failure) 12M->5M(15M) 17.415ms
[123.822s][info][gc] GC(189) Pause Young (Allocation Failure) 10M->7M(15M) 4.260ms
[123.830s][info][gc] GC(190) Pause Young (Allocation Failure) 12M->9M(15M) 3.204ms
[123.835s][info][gc] GC(191) Pause Young (Allocation Failure) 13M->13M(15M) 0.042ms
[123.853s][info][gc] GC(192) Pause Full (Allocation Failure) 13M->6M(15M) 17.685ms
[123.863s][info][gc] GC(193) Pause Young (Allocation Failure) 11M->8M(15M) 4.385ms
[123.868s][info][gc] GC(194) Pause Young (Allocation Failure) 13M->13M(15M) 0.039ms
[123.885s][info][gc] GC(195) Pause Full (Allocation Failure) 13M->6M(15M) 17.075ms
[123.895s][info][gc] GC(196) Pause Young (Allocation Failure) 10M->8M(15M) 4.208ms
[123.903s][info][gc] GC(197) Pause Young (Allocation Failure) 12M->10M(15M) 3.185ms
[123.909s][info][gc] GC(198) Pause Young (Allocation Failure) 14M->14M(15M) 0.040ms
[123.928s][info][gc] GC(199) Pause Full (Allocation Failure) 14M->6M(15M) 19.168ms
[123.939s][info][gc] GC(200) Pause Young (Allocation Failure) 11M->9M(15M) 4.731ms
[123.944s][info][gc] GC(201) Pause Young (Allocation Failure) 13M->13M(15M) 0.036ms
[123.962s][info][gc] GC(202) Pause Full (Allocation Failure) 13M->5M(15M) 17.740ms
[123.971s][info][gc] GC(203) Pause Young (Allocation Failure) 10M->7M(15M) 4.432ms
[123.980s][info][gc] GC(204) Pause Young (Allocation Failure) 12M->9M(15M) 3.547ms
[123.985s][info][gc] GC(205) Pause Young (Allocation Failure) 13M->13M(15M) 0.051ms
[124.004s][info][gc] GC(206) Pause Full (Allocation Failure) 13M->6M(15M) 19.017ms
[124.014s][info][gc] GC(207) Pause Young (Allocation Failure) 11M->8M(15M) 4.554ms
[124.019s][info][gc] GC(208) Pause Young (Allocation Failure) 13M->13M(15M) 0.042ms
[124.037s][info][gc] GC(209) Pause Full (Allocation Failure) 13M->6M(15M) 17.817ms
[124.047s][info][gc] GC(210) Pause Young (Allocation Failure) 10M->8M(15M) 4.196ms
[124.056s][info][gc] GC(211) Pause Young (Allocation Failure) 12M->10M(15M) 3.107ms
[124.061s][info][gc] GC(212) Pause Young (Allocation Failure) 14M->14M(15M) 0.040ms
[124.080s][info][gc] GC(213) Pause Full (Allocation Failure) 14M->7M(15M) 19.119ms
[124.091s][info][gc] GC(214) Pause Young (Allocation Failure) 11M->9M(15M) 5.034ms
[124.097s][info][gc] GC(215) Pause Young (Allocation Failure) 13M->13M(15M) 0.056ms
[124.114s][info][gc] GC(216) Pause Full (Allocation Failure) 13M->5M(15M) 17.718ms
[124.124s][info][gc] GC(217) Pause Young (Allocation Failure) 9M->7M(15M) 4.360ms
[124.132s][info][gc] GC(218) Pause Young (Allocation Failure) 12M->9M(15M) 3.329ms
[124.137s][info][gc] GC(219) Pause Young (Allocation Failure) 13M->13M(15M) 0.037ms
[124.157s][info][gc] GC(220) Pause Full (Allocation Failure) 13M->6M(15M) 19.604ms
[124.168s][info][gc] GC(221) Pause Young (Allocation Failure) 11M->9M(15M) 4.769ms
[124.174s][info][gc] GC(222) Pause Young (Allocation Failure) 13M->13M(15M) 0.042ms
[124.192s][info][gc] GC(223) Pause Full (Allocation Failure) 13M->6M(15M) 18.683ms
[124.203s][info][gc] GC(224) Pause Young (Allocation Failure) 10M->8M(15M) 4.592ms
[124.208s][info][gc] GC(225) Pause Young (Allocation Failure) 12M->12M(15M) 0.036ms
[124.227s][info][gc] GC(226) Pause Full (Allocation Failure) 12M->6M(15M) 18.480ms
[124.237s][info][gc] GC(227) Pause Young (Allocation Failure) 10M->8M(15M) 4.738ms
[124.243s][info][gc] GC(228) Pause Young (Allocation Failure) 12M->12M(15M) 0.042ms
[124.261s][info][gc] GC(229) Pause Full (Allocation Failure) 12M->5M(15M) 17.957ms
[124.271s][info][gc] GC(230) Pause Young (Allocation Failure) 9M->7M(15M) 4.368ms
[124.279s][info][gc] GC(231) Pause Young (Allocation Failure) 12M->9M(15M) 3.324ms
[124.284s][info][gc] GC(232) Pause Young (Allocation Failure) 13M->13M(15M) 0.044ms
[124.304s][info][gc] GC(233) Pause Full (Allocation Failure) 13M->6M(15M) 19.529ms
[124.315s][info][gc] GC(234) Pause Young (Allocation Failure) 11M->8M(15M) 4.788ms
[124.320s][info][gc] GC(235) Pause Young (Allocation Failure) 13M->13M(15M) 0.039ms
[124.338s][info][gc] GC(236) Pause Full (Allocation Failure) 13M->6M(15M) 18.350ms
[124.349s][info][gc] GC(237) Pause Young (Allocation Failure) 10M->8M(15M) 4.788ms
[124.354s][info][gc] GC(238) Pause Young (Allocation Failure) 12M->12M(15M) 0.055ms
[124.372s][info][gc] GC(239) Pause Full (Allocation Failure) 12M->6M(15M) 18.421ms
[124.383s][info][gc] GC(240) Pause Young (Allocation Failure) 10M->8M(15M) 4.301ms
[124.391s][info][gc] GC(241) Pause Young (Allocation Failure) 12M->10M(15M) 3.228ms
[124.398s][info][gc] GC(242) Pause Young (Allocation Failure) 14M->14M(15M) 0.046ms
[124.417s][info][gc] GC(243) Pause Full (Allocation Failure) 14M->6M(15M) 19.404ms
[124.428s][info][gc] GC(244) Pause Young (Allocation Failure) 10M->8M(15M) 4.945ms
[124.433s][info][gc] GC(245) Pause Young (Allocation Failure) 12M->12M(15M) 0.058ms
[124.451s][info][gc] GC(246) Pause Full (Allocation Failure) 12M->6M(15M) 17.601ms
[124.461s][info][gc] GC(247) Pause Young (Allocation Failure) 10M->8M(15M) 4.388ms
[124.466s][info][gc] GC(248) Pause Young (Allocation Failure) 12M->12M(15M) 0.042ms
[124.483s][info][gc] GC(249) Pause Full (Allocation Failure) 12M->6M(15M) 17.146ms
[124.494s][info][gc] GC(250) Pause Young (Allocation Failure) 10M->8M(15M) 5.208ms
[124.501s][info][gc] GC(251) Pause Young (Allocation Failure) 12M->12M(15M) 0.049ms
[124.520s][info][gc] GC(252) Pause Full (Allocation Failure) 12M->6M(15M) 18.443ms
[124.536s][info][gc] GC(253) Pause Young (Allocation Failure) 10M->8M(15M) 4.326ms
[124.543s][info][gc] GC(254) Pause Young (Allocation Failure) 12M->12M(15M) 0.045ms
[124.562s][info][gc] GC(255) Pause Full (Allocation Failure) 12M->5M(15M) 18.740ms
[124.572s][info][gc] GC(256) Pause Young (Allocation Failure) 10M->7M(15M) 4.783ms
[124.581s][info][gc] GC(257) Pause Young (Allocation Failure) 12M->9M(15M) 3.634ms
[124.587s][info][gc] GC(258) Pause Young (Allocation Failure) 13M->13M(15M) 0.047ms
[124.606s][info][gc] GC(259) Pause Full (Allocation Failure) 13M->6M(15M) 19.432ms
[124.619s][info][gc] GC(260) Pause Young (Allocation Failure) 10M->8M(15M) 4.918ms
[124.625s][info][gc] GC(261) Pause Young (Allocation Failure) 12M->12M(15M) 0.047ms
[124.643s][info][gc] GC(262) Pause Full (Allocation Failure) 12M->6M(15M) 18.146ms
[124.653s][info][gc] GC(263) Pause Young (Allocation Failure) 10M->8M(15M) 4.358ms
[124.659s][info][gc] GC(264) Pause Young (Allocation Failure) 12M->12M(15M) 0.046ms
[124.677s][info][gc] GC(265) Pause Full (Allocation Failure) 12M->6M(15M) 17.724ms
[124.687s][info][gc] GC(266) Pause Young (Allocation Failure) 10M->8M(15M) 4.260ms
[124.692s][info][gc] GC(267) Pause Young (Allocation Failure) 12M->12M(15M) 0.044ms
[124.709s][info][gc] GC(268) Pause Full (Allocation Failure) 12M->5M(15M) 17.422ms
[124.720s][info][gc] GC(269) Pause Young (Allocation Failure) 9M->7M(15M) 4.328ms
[124.729s][info][gc] GC(270) Pause Young (Allocation Failure) 12M->9M(15M) 3.468ms
[124.736s][info][gc] GC(271) Pause Young (Allocation Failure) 13M->13M(15M) 0.048ms
[124.756s][info][gc] GC(272) Pause Full (Allocation Failure) 13M->6M(15M) 20.158ms
[124.766s][info][gc] GC(273) Pause Young (Allocation Failure) 11M->8M(15M) 4.521ms
[124.772s][info][gc] GC(274) Pause Young (Allocation Failure) 13M->13M(15M) 0.047ms
[124.791s][info][gc] GC(275) Pause Full (Allocation Failure) 13M->6M(15M) 18.776ms
[124.801s][info][gc] GC(276) Pause Young (Allocation Failure) 10M->8M(15M) 4.323ms
[124.807s][info][gc] GC(277) Pause Young (Allocation Failure) 12M->12M(15M) 0.040ms
[124.824s][info][gc] GC(278) Pause Full (Allocation Failure) 12M->6M(15M) 17.209ms
[124.834s][info][gc] GC(279) Pause Young (Allocation Failure) 10M->8M(15M) 4.110ms
[124.839s][info][gc] GC(280) Pause Young (Allocation Failure) 12M->12M(15M) 0.036ms
[124.856s][info][gc] GC(281) Pause Full (Allocation Failure) 12M->5M(15M) 16.863ms
[124.865s][info][gc] GC(282) Pause Young (Allocation Failure) 10M->7M(15M) 3.853ms
[124.873s][info][gc] GC(283) Pause Young (Allocation Failure) 12M->9M(15M) 2.974ms
[124.878s][info][gc] GC(284) Pause Young (Allocation Failure) 13M->13M(15M) 0.032ms
[124.896s][info][gc] GC(285) Pause Full (Allocation Failure) 13M->7M(15M) 18.409ms
[124.906s][info][gc] GC(286) Pause Young (Allocation Failure) 11M->9M(15M) 4.399ms
[124.911s][info][gc] GC(287) Pause Young (Allocation Failure) 13M->13M(15M) 0.035ms
[124.928s][info][gc] GC(288) Pause Full (Allocation Failure) 13M->6M(15M) 16.540ms
[124.937s][info][gc] GC(289) Pause Young (Allocation Failure) 10M->8M(15M) 4.308ms
[124.944s][info][gc] GC(290) Pause Young (Allocation Failure) 12M->12M(15M) 0.048ms
[124.961s][info][gc] GC(291) Pause Full (Allocation Failure) 12M->6M(15M) 16.898ms
[124.975s][info][gc] GC(292) Pause Young (Allocation Failure) 10M->8M(15M) 4.131ms
[124.987s][info][gc] GC(293) Pause Young (Allocation Failure) 12M->9M(15M) 3.438ms
[124.996s][info][gc] GC(294) Pause Young (Allocation Failure) 14M->14M(15M) 0.040ms
[125.016s][info][gc] GC(295) Pause Full (Allocation Failure) 14M->6M(15M) 19.513ms
[125.030s][info][gc] GC(296) Pause Young (Allocation Failure) 10M->8M(15M) 4.840ms
[125.039s][info][gc] GC(297) Pause Young (Allocation Failure) 12M->12M(15M) 0.042ms
[125.057s][info][gc] GC(298) Pause Full (Allocation Failure) 12M->6M(15M) 18.431ms
[125.072s][info][gc] GC(299) Pause Young (Allocation Failure) 10M->8M(15M) 4.601ms
[125.082s][info][gc] GC(300) Pause Young (Allocation Failure) 12M->12M(15M) 0.044ms
[125.099s][info][gc] GC(301) Pause Full (Allocation Failure) 12M->6M(15M) 17.406ms
[125.109s][info][gc] GC(302) Pause Young (Allocation Failure) 10M->8M(15M) 3.931ms
[125.115s][info][gc] GC(303) Pause Young (Allocation Failure) 12M->12M(15M) 0.043ms
[125.132s][info][gc] GC(304) Pause Full (Allocation Failure) 12M->6M(15M) 16.916ms
[125.141s][info][gc] GC(305) Pause Young (Allocation Failure) 10M->8M(15M) 4.164ms
[125.146s][info][gc] GC(306) Pause Young (Allocation Failure) 12M->12M(15M) 0.040ms
[125.164s][info][gc] GC(307) Pause Full (Allocation Failure) 12M->6M(15M) 17.679ms
[125.174s][info][gc] GC(308) Pause Young (Allocation Failure) 10M->8M(15M) 4.231ms
[125.182s][info][gc] GC(309) Pause Young (Allocation Failure) 12M->9M(15M) 3.152ms
[125.188s][info][gc] GC(310) Pause Young (Allocation Failure) 14M->14M(15M) 0.041ms
[125.207s][info][gc] GC(311) Pause Full (Allocation Failure) 14M->6M(15M) 19.177ms
[125.218s][info][gc] GC(312) Pause Young (Allocation Failure) 11M->8M(15M) 4.743ms
[125.223s][info][gc] GC(313) Pause Young (Allocation Failure) 13M->13M(15M) 0.039ms
[125.242s][info][gc] GC(314) Pause Full (Allocation Failure) 13M->6M(15M) 18.623ms
[125.252s][info][gc] GC(315) Pause Young (Allocation Failure) 10M->8M(15M) 4.114ms
[125.257s][info][gc] GC(316) Pause Young (Allocation Failure) 12M->12M(15M) 0.051ms
[125.275s][info][gc] GC(317) Pause Full (Allocation Failure) 12M->6M(15M) 18.335ms
[125.285s][info][gc] GC(318) Pause Young (Allocation Failure) 10M->8M(15M) 4.470ms
[125.290s][info][gc] GC(319) Pause Young (Allocation Failure) 12M->12M(15M) 0.042ms
[125.308s][info][gc] GC(320) Pause Full (Allocation Failure) 12M->5M(15M) 17.694ms
[125.318s][info][gc] GC(321) Pause Young (Allocation Failure) 10M->7M(15M) 4.206ms
[125.326s][info][gc] GC(322) Pause Young (Allocation Failure) 12M->9M(15M) 3.225ms
[125.331s][info][gc] GC(323) Pause Young (Allocation Failure) 13M->13M(15M) 0.044ms
[125.351s][info][gc] GC(324) Pause Full (Allocation Failure) 13M->6M(15M) 19.252ms
[125.361s][info][gc] GC(325) Pause Young (Allocation Failure) 11M->9M(15M) 4.887ms
[125.367s][info][gc] GC(326) Pause Young (Allocation Failure) 13M->13M(15M) 0.041ms
[125.385s][info][gc] GC(327) Pause Full (Allocation Failure) 13M->6M(15M) 17.904ms
[125.395s][info][gc] GC(328) Pause Young (Allocation Failure) 10M->8M(15M) 4.425ms
[125.400s][info][gc] GC(329) Pause Young (Allocation Failure) 12M->12M(15M) 0.040ms
[125.418s][info][gc] GC(330) Pause Full (Allocation Failure) 12M->6M(15M) 17.882ms
[125.427s][info][gc] GC(331) Pause Young (Allocation Failure) 10M->8M(15M) 4.374ms
[125.433s][info][gc] GC(332) Pause Young (Allocation Failure) 12M->12M(15M) 0.056ms
[125.451s][info][gc] GC(333) Pause Full (Allocation Failure) 12M->5M(15M) 17.654ms
[125.461s][info][gc] GC(334) Pause Young (Allocation Failure) 10M->7M(15M) 4.357ms
[125.470s][info][gc] GC(335) Pause Young (Allocation Failure) 12M->9M(15M) 3.331ms
[125.475s][info][gc] GC(336) Pause Young (Allocation Failure) 13M->13M(15M) 0.044ms
[125.495s][info][gc] GC(337) Pause Full (Allocation Failure) 13M->7M(15M) 20.490ms
[125.505s][info][gc] GC(338) Pause Young (Allocation Failure) 11M->9M(15M) 4.169ms
[125.510s][info][gc] GC(339) Pause Young (Allocation Failure) 13M->13M(15M) 0.074ms
[125.528s][info][gc] GC(340) Pause Full (Allocation Failure) 13M->6M(15M) 17.711ms
[125.538s][info][gc] GC(341) Pause Young (Allocation Failure) 10M->8M(15M) 4.493ms
[125.544s][info][gc] GC(342) Pause Young (Allocation Failure) 12M->12M(15M) 0.098ms
[125.561s][info][gc] GC(343) Pause Full (Allocation Failure) 12M->6M(15M) 17.053ms
[125.570s][info][gc] GC(344) Pause Young (Allocation Failure) 10M->8M(15M) 4.009ms
[125.576s][info][gc] GC(345) Pause Young (Allocation Failure) 12M->12M(15M) 0.040ms
[125.594s][info][gc] GC(346) Pause Full (Allocation Failure) 12M->5M(15M) 17.884ms
[125.603s][info][gc] GC(347) Pause Young (Allocation Failure) 10M->8M(15M) 4.257ms
[125.612s][info][gc] GC(348) Pause Young (Allocation Failure) 12M->9M(15M) 3.439ms
[125.617s][info][gc] GC(349) Pause Young (Allocation Failure) 14M->14M(15M) 0.049ms
[125.636s][info][gc] GC(350) Pause Full (Allocation Failure) 14M->6M(15M) 19.410ms
[125.648s][info][gc] GC(351) Pause Young (Allocation Failure) 11M->8M(15M) 4.718ms
[125.653s][info][gc] GC(352) Pause Young (Allocation Failure) 13M->13M(15M) 0.044ms
[125.671s][info][gc] GC(353) Pause Full (Allocation Failure) 13M->6M(15M) 17.704ms
[125.680s][info][gc] GC(354) Pause Young (Allocation Failure) 10M->8M(15M) 4.066ms
[125.685s][info][gc] GC(355) Pause Young (Allocation Failure) 12M->12M(15M) 0.043ms
[125.702s][info][gc] GC(356) Pause Full (Allocation Failure) 12M->6M(15M) 16.827ms
[125.712s][info][gc] GC(357) Pause Young (Allocation Failure) 10M->8M(15M) 4.218ms
[125.718s][info][gc] GC(358) Pause Young (Allocation Failure) 12M->12M(15M) 0.039ms
[125.734s][info][gc] GC(359) Pause Full (Allocation Failure) 12M->5M(15M) 16.781ms
[125.744s][info][gc] GC(360) Pause Young (Allocation Failure) 10M->7M(15M) 4.233ms
[125.753s][info][gc] GC(361) Pause Young (Allocation Failure) 12M->9M(15M) 3.085ms
[125.758s][info][gc] GC(362) Pause Young (Allocation Failure) 13M->13M(15M) 0.036ms
[125.777s][info][gc] GC(363) Pause Full (Allocation Failure) 13M->7M(15M) 19.343ms
[125.788s][info][gc] GC(364) Pause Young (Allocation Failure) 11M->9M(15M) 4.578ms
[125.793s][info][gc] GC(365) Pause Young (Allocation Failure) 13M->13M(15M) 0.037ms
[125.810s][info][gc] GC(366) Pause Full (Allocation Failure) 13M->6M(15M) 17.494ms
[125.820s][info][gc] GC(367) Pause Young (Allocation Failure) 10M->8M(15M) 4.078ms
[125.825s][info][gc] GC(368) Pause Young (Allocation Failure) 12M->12M(15M) 0.040ms
[125.842s][info][gc] GC(369) Pause Full (Allocation Failure) 12M->6M(15M) 16.979ms
[125.852s][info][gc] GC(370) Pause Young (Allocation Failure) 10M->8M(15M) 4.116ms
[125.857s][info][gc] GC(371) Pause Young (Allocation Failure) 12M->12M(15M) 0.039ms
[125.874s][info][gc] GC(372) Pause Full (Allocation Failure) 12M->5M(15M) 16.237ms
[125.883s][info][gc] GC(373) Pause Young (Allocation Failure) 10M->7M(15M) 4.055ms
[125.891s][info][gc] GC(374) Pause Young (Allocation Failure) 12M->9M(15M) 3.028ms
[125.897s][info][gc] GC(375) Pause Young (Allocation Failure) 13M->13M(15M) 0.036ms
[125.915s][info][gc] GC(376) Pause Full (Allocation Failure) 13M->6M(15M) 18.454ms
[125.925s][info][gc] GC(377) Pause Young (Allocation Failure) 11M->8M(15M) 4.335ms
[125.930s][info][gc] GC(378) Pause Young (Allocation Failure) 13M->13M(15M) 0.034ms
[125.947s][info][gc] GC(379) Pause Full (Allocation Failure) 13M->6M(15M) 16.972ms
[125.958s][info][gc] GC(380) Pause Young (Allocation Failure) 10M->8M(15M) 4.847ms
[125.963s][info][gc] GC(381) Pause Young (Allocation Failure) 12M->12M(15M) 0.041ms
[125.981s][info][gc] GC(382) Pause Full (Allocation Failure) 12M->6M(15M) 17.214ms
[125.990s][info][gc] GC(383) Pause Young (Allocation Failure) 10M->8M(15M) 4.313ms
[125.995s][info][gc] GC(384) Pause Young (Allocation Failure) 12M->12M(15M) 0.035ms
[126.013s][info][gc] GC(385) Pause Full (Allocation Failure) 12M->5M(15M) 18.013ms
[126.023s][info][gc] GC(386) Pause Young (Allocation Failure) 10M->8M(15M) 4.103ms
[126.031s][info][gc] GC(387) Pause Young (Allocation Failure) 12M->9M(15M) 3.299ms
[126.037s][info][gc] GC(388) Pause Young (Allocation Failure) 14M->14M(15M) 0.040ms
[126.056s][info][gc] GC(389) Pause Full (Allocation Failure) 14M->7M(15M) 19.253ms
[126.066s][info][gc] GC(390) Pause Young (Allocation Failure) 11M->9M(15M) 4.636ms
[126.071s][info][gc] GC(391) Pause Young (Allocation Failure) 13M->13M(15M) 0.036ms
[126.090s][info][gc] GC(392) Pause Full (Allocation Failure) 13M->6M(15M) 18.186ms
[126.099s][info][gc] GC(393) Pause Young (Allocation Failure) 10M->8M(15M) 4.170ms
[126.104s][info][gc] GC(394) Pause Young (Allocation Failure) 12M->12M(15M) 0.035ms
[126.122s][info][gc] GC(395) Pause Full (Allocation Failure) 12M->6M(15M) 17.908ms
[126.132s][info][gc] GC(396) Pause Young (Allocation Failure) 10M->8M(15M) 4.401ms
[126.137s][info][gc] GC(397) Pause Young (Allocation Failure) 13M->13M(15M) 0.038ms
[126.155s][info][gc] GC(398) Pause Full (Allocation Failure) 13M->6M(15M) 18.041ms
[126.165s][info][gc] GC(399) Pause Young (Allocation Failure) 10M->8M(15M) 4.417ms
[126.173s][info][gc] GC(400) Pause Young (Allocation Failure) 12M->9M(15M) 3.177ms
[126.178s][info][gc] GC(401) Pause Young (Allocation Failure) 14M->14M(15M) 0.039ms
[126.198s][info][gc] GC(402) Pause Full (Allocation Failure) 14M->7M(15M) 20.069ms
[126.209s][info][gc] GC(403) Pause Young (Allocation Failure) 11M->9M(15M) 4.711ms
[126.214s][info][gc] GC(404) Pause Young (Allocation Failure) 13M->13M(15M) 0.043ms
[126.233s][info][gc] GC(405) Pause Full (Allocation Failure) 13M->6M(15M) 19.034ms
[126.243s][info][gc] GC(406) Pause Young (Allocation Failure) 10M->8M(15M) 4.492ms
[126.248s][info][gc] GC(407) Pause Young (Allocation Failure) 12M->12M(15M) 0.041ms
[126.266s][info][gc] GC(408) Pause Full (Allocation Failure) 12M->6M(15M) 17.600ms
[126.276s][info][gc] GC(409) Pause Young (Allocation Failure) 10M->8M(15M) 4.740ms
[126.282s][info][gc] GC(410) Pause Young (Allocation Failure) 13M->13M(15M) 0.042ms
[126.299s][info][gc] GC(411) Pause Full (Allocation Failure) 13M->5M(15M) 17.165ms
[126.309s][info][gc] GC(412) Pause Young (Allocation Failure) 10M->7M(15M) 4.213ms
[126.317s][info][gc] GC(413) Pause Young (Allocation Failure) 12M->9M(15M) 3.389ms
[126.323s][info][gc] GC(414) Pause Young (Allocation Failure) 13M->13M(15M) 0.037ms
[126.343s][info][gc] GC(415) Pause Full (Allocation Failure) 13M->7M(15M) 20.325ms
[126.353s][info][gc] GC(416) Pause Young (Allocation Failure) 11M->9M(15M) 4.802ms
[126.359s][info][gc] GC(417) Pause Young (Allocation Failure) 13M->13M(15M) 0.043ms
[126.377s][info][gc] GC(418) Pause Full (Allocation Failure) 13M->6M(15M) 18.111ms
[126.387s][info][gc] GC(419) Pause Young (Allocation Failure) 10M->8M(15M) 4.433ms
[126.392s][info][gc] GC(420) Pause Young (Allocation Failure) 12M->12M(15M) 0.039ms
[126.409s][info][gc] GC(421) Pause Full (Allocation Failure) 12M->6M(15M) 17.677ms
[126.419s][info][gc] GC(422) Pause Young (Allocation Failure) 10M->8M(15M) 4.098ms
[126.424s][info][gc] GC(423) Pause Young (Allocation Failure) 12M->12M(15M) 0.036ms
[126.442s][info][gc] GC(424) Pause Full (Allocation Failure) 12M->6M(15M) 17.733ms
[126.453s][info][gc] GC(425) Pause Young (Allocation Failure) 10M->8M(15M) 4.376ms
[126.461s][info][gc] GC(426) Pause Young (Allocation Failure) 12M->9M(15M) 3.197ms
[126.466s][info][gc] GC(427) Pause Young (Allocation Failure) 14M->14M(15M) 0.037ms
[126.486s][info][gc] GC(428) Pause Full (Allocation Failure) 14M->7M(15M) 19.406ms
[126.497s][info][gc] GC(429) Pause Young (Allocation Failure) 11M->9M(15M) 4.869ms
[126.502s][info][gc] GC(430) Pause Young (Allocation Failure) 13M->13M(15M) 0.044ms
[126.521s][info][gc] GC(431) Pause Full (Allocation Failure) 13M->6M(15M) 18.256ms
[126.530s][info][gc] GC(432) Pause Young (Allocation Failure) 10M->8M(15M) 4.369ms
[126.536s][info][gc] GC(433) Pause Young (Allocation Failure) 12M->12M(15M) 0.035ms
[126.553s][info][gc] GC(434) Pause Full (Allocation Failure) 12M->6M(15M) 17.000ms
[126.563s][info][gc] GC(435) Pause Young (Allocation Failure) 10M->8M(15M) 4.323ms
[126.568s][info][gc] GC(436) Pause Young (Allocation Failure) 12M->12M(15M) 0.036ms
[126.585s][info][gc] GC(437) Pause Full (Allocation Failure) 12M->6M(15M) 17.588ms
[126.595s][info][gc] GC(438) Pause Young (Allocation Failure) 10M->8M(15M) 4.147ms
[126.603s][info][gc] GC(439) Pause Young (Allocation Failure) 12M->9M(15M) 2.995ms
[126.608s][info][gc] GC(440) Pause Young (Allocation Failure) 14M->14M(15M) 0.034ms
[126.627s][info][gc] GC(441) Pause Full (Allocation Failure) 14M->7M(15M) 19.059ms
[126.637s][info][gc] GC(442) Pause Young (Allocation Failure) 11M->9M(15M) 4.882ms
[126.643s][info][gc] GC(443) Pause Young (Allocation Failure) 13M->13M(15M) 0.041ms
[126.660s][info][gc] GC(444) Pause Full (Allocation Failure) 13M->6M(15M) 16.944ms
[126.669s][info][gc] GC(445) Pause Young (Allocation Failure) 10M->8M(15M) 4.256ms
[126.674s][info][gc] GC(446) Pause Young (Allocation Failure) 12M->12M(15M) 0.037ms
[126.692s][info][gc] GC(447) Pause Full (Allocation Failure) 12M->6M(15M) 17.188ms
[126.701s][info][gc] GC(448) Pause Young (Allocation Failure) 10M->8M(15M) 4.062ms
[126.706s][info][gc] GC(449) Pause Young (Allocation Failure) 12M->12M(15M) 0.041ms
[126.724s][info][gc] GC(450) Pause Full (Allocation Failure) 12M->6M(15M) 17.833ms
[126.734s][info][gc] GC(451) Pause Young (Allocation Failure) 10M->8M(15M) 4.394ms
[126.743s][info][gc] GC(452) Pause Young (Allocation Failure) 12M->9M(15M) 3.170ms
[126.748s][info][gc] GC(453) Pause Young (Allocation Failure) 14M->14M(15M) 0.040ms
[126.768s][info][gc] GC(454) Pause Full (Allocation Failure) 14M->7M(15M) 20.092ms
[126.779s][info][gc] GC(455) Pause Young (Allocation Failure) 11M->9M(15M) 5.017ms
[126.784s][info][gc] GC(456) Pause Young (Allocation Failure) 13M->13M(15M) 0.037ms
[126.803s][info][gc] GC(457) Pause Full (Allocation Failure) 13M->6M(15M) 19.090ms
[126.813s][info][gc] GC(458) Pause Young (Allocation Failure) 10M->8M(15M) 4.602ms
[126.818s][info][gc] GC(459) Pause Young (Allocation Failure) 12M->12M(15M) 0.036ms
[126.837s][info][gc] GC(460) Pause Full (Allocation Failure) 12M->6M(15M) 18.506ms
[126.846s][info][gc] GC(461) Pause Young (Allocation Failure) 11M->8M(15M) 4.587ms
[126.852s][info][gc] GC(462) Pause Young (Allocation Failure) 13M->13M(15M) 0.043ms
[126.870s][info][gc] GC(463) Pause Full (Allocation Failure) 13M->6M(15M) 18.261ms
[126.880s][info][gc] GC(464) Pause Young (Allocation Failure) 10M->8M(15M) 4.301ms
[126.888s][info][gc] GC(465) Pause Young (Allocation Failure) 12M->9M(15M) 3.129ms
[126.894s][info][gc] GC(466) Pause Young (Allocation Failure) 14M->14M(15M) 0.042ms
[126.914s][info][gc] GC(467) Pause Full (Allocation Failure) 14M->7M(15M) 20.306ms
[126.924s][info][gc] GC(468) Pause Young (Allocation Failure) 11M->9M(15M) 4.654ms
[126.930s][info][gc] GC(469) Pause Young (Allocation Failure) 13M->13M(15M) 0.053ms
[126.948s][info][gc] GC(470) Pause Full (Allocation Failure) 13M->6M(15M) 18.330ms
[126.959s][info][gc] GC(471) Pause Young (Allocation Failure) 10M->8M(15M) 4.245ms
[126.964s][info][gc] GC(472) Pause Young (Allocation Failure) 12M->12M(15M) 0.041ms
[126.982s][info][gc] GC(473) Pause Full (Allocation Failure) 12M->6M(15M) 17.759ms
[126.992s][info][gc] GC(474) Pause Young (Allocation Failure) 10M->8M(15M) 4.284ms
[126.998s][info][gc] GC(475) Pause Young (Allocation Failure) 13M->13M(15M) 0.041ms
[127.015s][info][gc] GC(476) Pause Full (Allocation Failure) 13M->5M(15M) 17.112ms
[127.025s][info][gc] GC(477) Pause Young (Allocation Failure) 10M->7M(15M) 4.116ms
[127.033s][info][gc] GC(478) Pause Young (Allocation Failure) 12M->9M(15M) 3.016ms
[127.039s][info][gc] GC(479) Pause Young (Allocation Failure) 13M->13M(15M) 0.036ms
[127.057s][info][gc] GC(480) Pause Full (Allocation Failure) 13M->6M(15M) 18.635ms
[127.067s][info][gc] GC(481) Pause Young (Allocation Failure) 11M->9M(15M) 4.454ms
[127.073s][info][gc] GC(482) Pause Young (Allocation Failure) 13M->13M(15M) 0.038ms
[127.090s][info][gc] GC(483) Pause Full (Allocation Failure) 13M->6M(15M) 16.707ms
[127.099s][info][gc] GC(484) Pause Young (Allocation Failure) 10M->8M(15M) 4.126ms
[127.104s][info][gc] GC(485) Pause Young (Allocation Failure) 12M->12M(15M) 0.037ms
[127.121s][info][gc] GC(486) Pause Full (Allocation Failure) 12M->6M(15M) 16.988ms
[127.131s][info][gc] GC(487) Pause Young (Allocation Failure) 10M->8M(15M) 3.988ms
[127.136s][info][gc] GC(488) Pause Young (Allocation Failure) 12M->12M(15M) 0.036ms
[127.153s][info][gc] GC(489) Pause Full (Allocation Failure) 12M->6M(15M) 17.114ms
[127.163s][info][gc] GC(490) Pause Young (Allocation Failure) 10M->8M(15M) 4.353ms
[127.171s][info][gc] GC(491) Pause Young (Allocation Failure) 12M->9M(15M) 3.018ms
[127.176s][info][gc] GC(492) Pause Young (Allocation Failure) 14M->14M(15M) 0.033ms
[127.194s][info][gc] GC(493) Pause Full (Allocation Failure) 14M->7M(15M) 18.527ms
[127.204s][info][gc] GC(494) Pause Young (Allocation Failure) 11M->9M(15M) 4.187ms
[127.209s][info][gc] GC(495) Pause Young (Allocation Failure) 13M->13M(15M) 0.037ms
[127.226s][info][gc] GC(496) Pause Full (Allocation Failure) 13M->6M(15M) 17.614ms
[127.236s][info][gc] GC(497) Pause Young (Allocation Failure) 11M->8M(15M) 4.583ms
[127.242s][info][gc] GC(498) Pause Young (Allocation Failure) 13M->13M(15M) 0.037ms
[127.260s][info][gc] GC(499) Pause Full (Allocation Failure) 13M->6M(15M) 18.190ms
[127.269s][info][gc] GC(500) Pause Young (Allocation Failure) 11M->8M(15M) 4.295ms
[127.274s][info][gc] GC(501) Pause Young (Allocation Failure) 13M->13M(15M) 0.034ms
[127.292s][info][gc] GC(502) Pause Full (Allocation Failure) 13M->6M(15M) 17.942ms
[127.302s][info][gc] GC(503) Pause Young (Allocation Failure) 10M->8M(15M) 4.369ms
[127.310s][info][gc] GC(504) Pause Young (Allocation Failure) 12M->9M(15M) 3.133ms
[127.316s][info][gc] GC(505) Pause Young (Allocation Failure) 14M->14M(15M) 0.038ms
[127.335s][info][gc] GC(506) Pause Full (Allocation Failure) 14M->7M(15M) 18.767ms
[127.344s][info][gc] GC(507) Pause Young (Allocation Failure) 11M->9M(15M) 4.265ms
[127.349s][info][gc] GC(508) Pause Young (Allocation Failure) 13M->13M(15M) 0.035ms
[127.367s][info][gc] GC(509) Pause Full (Allocation Failure) 13M->6M(15M) 17.649ms
[127.376s][info][gc] GC(510) Pause Young (Allocation Failure) 10M->8M(15M) 4.049ms
[127.382s][info][gc] GC(511) Pause Young (Allocation Failure) 13M->13M(15M) 0.042ms
[127.399s][info][gc] GC(512) Pause Full (Allocation Failure) 13M->6M(15M) 17.647ms
[127.409s][info][gc] GC(513) Pause Young (Allocation Failure) 10M->8M(15M) 4.318ms
[127.415s][info][gc] GC(514) Pause Young (Allocation Failure) 12M->12M(15M) 0.041ms
[127.433s][info][gc] GC(515) Pause Full (Allocation Failure) 12M->6M(15M) 18.052ms
[127.445s][info][gc] GC(516) Pause Young (Allocation Failure) 10M->8M(15M) 4.648ms
[127.453s][info][gc] GC(517) Pause Young (Allocation Failure) 12M->9M(15M) 3.109ms
[127.458s][info][gc] GC(518) Pause Young (Allocation Failure) 14M->14M(15M) 0.044ms
[127.479s][info][gc] GC(519) Pause Full (Allocation Failure) 14M->7M(15M) 20.467ms
[127.489s][info][gc] GC(520) Pause Young (Allocation Failure) 11M->9M(15M) 4.871ms
[127.495s][info][gc] GC(521) Pause Young (Allocation Failure) 13M->13M(15M) 0.049ms
[127.513s][info][gc] GC(522) Pause Full (Allocation Failure) 13M->6M(15M) 17.936ms
[127.522s][info][gc] GC(523) Pause Young (Allocation Failure) 10M->8M(15M) 3.933ms
[127.528s][info][gc] GC(524) Pause Young (Allocation Failure) 12M->12M(15M) 0.046ms
[127.546s][info][gc] GC(525) Pause Full (Allocation Failure) 12M->6M(15M) 17.780ms
[127.555s][info][gc] GC(526) Pause Young (Allocation Failure) 10M->8M(15M) 3.831ms
[127.560s][info][gc] GC(527) Pause Young (Allocation Failure) 13M->13M(15M) 0.045ms
[127.578s][info][gc] GC(528) Pause Full (Allocation Failure) 13M->6M(15M) 17.378ms
[127.588s][info][gc] GC(529) Pause Young (Allocation Failure) 10M->8M(15M) 4.563ms
[127.593s][info][gc] GC(530) Pause Young (Allocation Failure) 12M->12M(15M) 0.038ms
[127.611s][info][gc] GC(531) Pause Full (Allocation Failure) 12M->6M(15M) 18.395ms
[127.621s][info][gc] GC(532) Pause Young (Allocation Failure) 10M->8M(15M) 4.120ms
[127.626s][info][gc] GC(533) Pause Young (Allocation Failure) 12M->12M(15M) 0.045ms
[127.645s][info][gc] GC(534) Pause Full (Allocation Failure) 12M->6M(15M) 18.297ms
[127.654s][info][gc] GC(535) Pause Young (Allocation Failure) 10M->8M(15M) 4.250ms
[127.660s][info][gc] GC(536) Pause Young (Allocation Failure) 13M->13M(15M) 0.063ms
[127.679s][info][gc] GC(537) Pause Full (Allocation Failure) 13M->6M(15M) 18.853ms
[127.689s][info][gc] GC(538) Pause Young (Allocation Failure) 11M->8M(15M) 4.215ms
[127.694s][info][gc] GC(539) Pause Young (Allocation Failure) 13M->13M(15M) 0.043ms
[127.712s][info][gc] GC(540) Pause Full (Allocation Failure) 13M->6M(15M) 17.789ms
[127.722s][info][gc] GC(541) Pause Young (Allocation Failure) 10M->8M(15M) 3.933ms
[127.730s][info][gc] GC(542) Pause Young (Allocation Failure) 12M->9M(15M) 3.096ms
[127.735s][info][gc] GC(543) Pause Young (Allocation Failure) 14M->14M(15M) 0.037ms
[127.754s][info][gc] GC(544) Pause Full (Allocation Failure) 14M->7M(15M) 18.915ms
[127.765s][info][gc] GC(545) Pause Young (Allocation Failure) 11M->9M(15M) 4.510ms
[127.770s][info][gc] GC(546) Pause Young (Allocation Failure) 13M->13M(15M) 0.038ms
[127.787s][info][gc] GC(547) Pause Full (Allocation Failure) 13M->6M(15M) 16.605ms
[127.796s][info][gc] GC(548) Pause Young (Allocation Failure) 10M->8M(15M) 4.202ms
[127.801s][info][gc] GC(549) Pause Young (Allocation Failure) 12M->12M(15M) 0.036ms
[127.819s][info][gc] GC(550) Pause Full (Allocation Failure) 12M->6M(15M) 17.139ms
[127.828s][info][gc] GC(551) Pause Young (Allocation Failure) 10M->8M(15M) 4.112ms
[127.833s][info][gc] GC(552) Pause Young (Allocation Failure) 12M->12M(15M) 0.034ms
[127.851s][info][gc] GC(553) Pause Full (Allocation Failure) 12M->6M(15M) 17.197ms
[127.860s][info][gc] GC(554) Pause Young (Allocation Failure) 10M->8M(15M) 4.305ms
[127.865s][info][gc] GC(555) Pause Young (Allocation Failure) 12M->12M(15M) 0.035ms
[127.883s][info][gc] GC(556) Pause Full (Allocation Failure) 12M->6M(15M) 17.104ms
[127.892s][info][gc] GC(557) Pause Young (Allocation Failure) 11M->8M(15M) 4.087ms
[127.897s][info][gc] GC(558) Pause Young (Allocation Failure) 13M->13M(15M) 0.043ms
[127.914s][info][gc] GC(559) Pause Full (Allocation Failure) 13M->6M(15M) 17.488ms
[127.924s][info][gc] GC(560) Pause Young (Allocation Failure) 11M->8M(15M) 4.267ms
[127.929s][info][gc] GC(561) Pause Young (Allocation Failure) 13M->13M(15M) 0.035ms
[127.946s][info][gc] GC(562) Pause Full (Allocation Failure) 13M->6M(15M) 17.463ms
[127.956s][info][gc] GC(563) Pause Young (Allocation Failure) 10M->8M(15M) 4.532ms
[127.961s][info][gc] GC(564) Pause Young (Allocation Failure) 12M->12M(15M) 0.048ms
[127.979s][info][gc] GC(565) Pause Full (Allocation Failure) 12M->6M(15M) 17.945ms
[127.989s][info][gc] GC(566) Pause Young (Allocation Failure) 10M->8M(15M) 4.412ms
[127.998s][info][gc] GC(567) Pause Young (Allocation Failure) 12M->9M(15M) 3.331ms
[128.003s][info][gc] GC(568) Pause Young (Allocation Failure) 14M->14M(15M) 0.040ms
[128.023s][info][gc] GC(569) Pause Full (Allocation Failure) 14M->7M(15M) 19.664ms
[128.033s][info][gc] GC(570) Pause Young (Allocation Failure) 11M->9M(15M) 4.719ms
[128.038s][info][gc] GC(571) Pause Young (Allocation Failure) 13M->13M(15M) 0.041ms
[128.057s][info][gc] GC(572) Pause Full (Allocation Failure) 13M->6M(15M) 18.759ms
[128.067s][info][gc] GC(573) Pause Young (Allocation Failure) 11M->8M(15M) 4.421ms
[128.073s][info][gc] GC(574) Pause Young (Allocation Failure) 13M->13M(15M) 0.040ms
[128.092s][info][gc] GC(575) Pause Full (Allocation Failure) 13M->6M(15M) 18.727ms
[128.102s][info][gc] GC(576) Pause Young (Allocation Failure) 11M->8M(15M) 4.439ms
[128.107s][info][gc] GC(577) Pause Young (Allocation Failure) 13M->13M(15M) 0.038ms
[128.126s][info][gc] GC(578) Pause Full (Allocation Failure) 13M->6M(15M) 19.172ms
[128.136s][info][gc] GC(579) Pause Young (Allocation Failure) 10M->8M(15M) 4.050ms
[128.141s][info][gc] GC(580) Pause Young (Allocation Failure) 12M->12M(15M) 0.038ms
[128.160s][info][gc] GC(581) Pause Full (Allocation Failure) 12M->6M(15M) 18.614ms
[128.170s][info][gc] GC(582) Pause Young (Allocation Failure) 10M->8M(15M) 4.019ms
[128.175s][info][gc] GC(583) Pause Young (Allocation Failure) 12M->12M(15M) 0.040ms
[128.194s][info][gc] GC(584) Pause Full (Allocation Failure) 12M->6M(15M) 19.176ms
[128.204s][info][gc] GC(585) Pause Young (Allocation Failure) 11M->8M(15M) 4.645ms
[128.210s][info][gc] GC(586) Pause Young (Allocation Failure) 13M->13M(15M) 0.067ms
[128.229s][info][gc] GC(587) Pause Full (Allocation Failure) 13M->6M(15M) 18.745ms
[128.238s][info][gc] GC(588) Pause Young (Allocation Failure) 11M->8M(15M) 4.234ms
[128.243s][info][gc] GC(589) Pause Young (Allocation Failure) 13M->13M(15M) 0.044ms
[128.262s][info][gc] GC(590) Pause Full (Allocation Failure) 13M->6M(15M) 18.280ms
[128.271s][info][gc] GC(591) Pause Young (Allocation Failure) 10M->8M(15M) 4.322ms
[128.277s][info][gc] GC(592) Pause Young (Allocation Failure) 12M->12M(15M) 0.045ms
[128.295s][info][gc] GC(593) Pause Full (Allocation Failure) 12M->6M(15M) 17.665ms
[128.304s][info][gc] GC(594) Pause Young (Allocation Failure) 10M->8M(15M) 4.269ms
[128.309s][info][gc] GC(595) Pause Young (Allocation Failure) 12M->12M(15M) 0.042ms
[128.328s][info][gc] GC(596) Pause Full (Allocation Failure) 12M->6M(15M) 18.378ms
[128.338s][info][gc] GC(597) Pause Young (Allocation Failure) 11M->8M(15M) 4.359ms
[128.343s][info][gc] GC(598) Pause Young (Allocation Failure) 13M->13M(15M) 0.040ms
[128.361s][info][gc] GC(599) Pause Full (Allocation Failure) 13M->6M(15M) 18.382ms
[128.370s][info][gc] GC(600) Pause Young (Allocation Failure) 11M->8M(15M) 4.096ms
[128.376s][info][gc] GC(601) Pause Young (Allocation Failure) 13M->13M(15M) 0.060ms
[128.393s][info][gc] GC(602) Pause Full (Allocation Failure) 13M->5M(15M) 17.780ms
[128.403s][info][gc] GC(603) Pause Young (Allocation Failure) 10M->8M(15M) 4.319ms
[128.411s][info][gc] GC(604) Pause Young (Allocation Failure) 12M->9M(15M) 3.603ms
[128.416s][info][gc] GC(605) Pause Young (Allocation Failure) 14M->14M(15M) 0.037ms
[128.436s][info][gc] GC(606) Pause Full (Allocation Failure) 14M->7M(15M) 19.718ms
[128.446s][info][gc] GC(607) Pause Young (Allocation Failure) 11M->9M(15M) 4.597ms
[128.451s][info][gc] GC(608) Pause Young (Allocation Failure) 13M->13M(15M) 0.035ms
[128.468s][info][gc] GC(609) Pause Full (Allocation Failure) 13M->6M(15M) 17.718ms
[128.478s][info][gc] GC(610) Pause Young (Allocation Failure) 10M->8M(15M) 4.445ms
[128.483s][info][gc] GC(611) Pause Young (Allocation Failure) 12M->12M(15M) 0.046ms
[128.502s][info][gc] GC(612) Pause Full (Allocation Failure) 12M->6M(15M) 19.075ms
[128.512s][info][gc] GC(613) Pause Young (Allocation Failure) 10M->8M(15M) 4.415ms
[128.517s][info][gc] GC(614) Pause Young (Allocation Failure) 12M->12M(15M) 0.039ms
[128.535s][info][gc] GC(615) Pause Full (Allocation Failure) 12M->6M(15M) 18.069ms
[128.545s][info][gc] GC(616) Pause Young (Allocation Failure) 10M->8M(15M) 4.360ms
[128.550s][info][gc] GC(617) Pause Young (Allocation Failure) 12M->12M(15M) 0.036ms
[128.566s][info][gc] GC(618) Pause Full (Allocation Failure) 12M->6M(15M) 16.785ms
[128.576s][info][gc] GC(619) Pause Young (Allocation Failure) 10M->8M(15M) 4.175ms
[128.581s][info][gc] GC(620) Pause Young (Allocation Failure) 12M->12M(15M) 0.037ms
[128.599s][info][gc] GC(621) Pause Full (Allocation Failure) 12M->6M(15M) 17.283ms
[128.608s][info][gc] GC(622) Pause Young (Allocation Failure) 11M->8M(15M) 4.085ms
[128.613s][info][gc] GC(623) Pause Young (Allocation Failure) 13M->13M(15M) 0.039ms
[128.631s][info][gc] GC(624) Pause Full (Allocation Failure) 13M->6M(15M) 18.299ms
[128.641s][info][gc] GC(625) Pause Young (Allocation Failure) 11M->8M(15M) 4.127ms
[128.646s][info][gc] GC(626) Pause Young (Allocation Failure) 13M->13M(15M) 0.037ms
[128.664s][info][gc] GC(627) Pause Full (Allocation Failure) 13M->6M(15M) 17.824ms
[128.674s][info][gc] GC(628) Pause Young (Allocation Failure) 10M->8M(15M) 4.233ms
[128.679s][info][gc] GC(629) Pause Young (Allocation Failure) 12M->12M(15M) 0.035ms
[128.696s][info][gc] GC(630) Pause Full (Allocation Failure) 12M->6M(15M) 16.857ms
[128.705s][info][gc] GC(631) Pause Young (Allocation Failure) 10M->8M(15M) 4.076ms
[128.710s][info][gc] GC(632) Pause Young (Allocation Failure) 12M->12M(15M) 0.034ms
[128.727s][info][gc] GC(633) Pause Full (Allocation Failure) 12M->6M(15M) 17.258ms
[128.737s][info][gc] GC(634) Pause Young (Allocation Failure) 11M->8M(15M) 3.951ms
[128.741s][info][gc] GC(635) Pause Young (Allocation Failure) 13M->13M(15M) 0.034ms
[128.759s][info][gc] GC(636) Pause Full (Allocation Failure) 13M->6M(15M) 17.362ms
[128.768s][info][gc] GC(637) Pause Young (Allocation Failure) 11M->9M(15M) 4.122ms
[128.773s][info][gc] GC(638) Pause Young (Allocation Failure) 13M->13M(15M) 0.033ms
[128.791s][info][gc] GC(639) Pause Full (Allocation Failure) 13M->6M(15M) 17.469ms
[128.800s][info][gc] GC(640) Pause Young (Allocation Failure) 10M->8M(15M) 3.972ms
[128.805s][info][gc] GC(641) Pause Young (Allocation Failure) 12M->12M(15M) 0.034ms
[128.822s][info][gc] GC(642) Pause Full (Allocation Failure) 12M->6M(15M) 17.553ms
[128.832s][info][gc] GC(643) Pause Young (Allocation Failure) 10M->8M(15M) 4.333ms
[128.837s][info][gc] GC(644) Pause Young (Allocation Failure) 13M->13M(15M) 0.035ms
[128.854s][info][gc] GC(645) Pause Full (Allocation Failure) 13M->6M(15M) 17.261ms
[128.863s][info][gc] GC(646) Pause Young (Allocation Failure) 10M->8M(15M) 4.054ms
[128.868s][info][gc] GC(647) Pause Young (Allocation Failure) 12M->12M(15M) 0.035ms
[128.886s][info][gc] GC(648) Pause Full (Allocation Failure) 12M->6M(15M) 17.282ms
[128.895s][info][gc] GC(649) Pause Young (Allocation Failure) 11M->8M(15M) 3.973ms
[128.900s][info][gc] GC(650) Pause Young (Allocation Failure) 13M->13M(15M) 0.033ms
[128.917s][info][gc] GC(651) Pause Full (Allocation Failure) 13M->6M(15M) 17.498ms
[128.927s][info][gc] GC(652) Pause Young (Allocation Failure) 10M->8M(15M) 4.181ms
[128.932s][info][gc] GC(653) Pause Young (Allocation Failure) 12M->12M(15M) 0.033ms
[128.949s][info][gc] GC(654) Pause Full (Allocation Failure) 12M->6M(15M) 17.481ms
[128.958s][info][gc] GC(655) Pause Young (Allocation Failure) 11M->8M(15M) 4.236ms
[128.963s][info][gc] GC(656) Pause Young (Allocation Failure) 13M->13M(15M) 0.037ms
[128.981s][info][gc] GC(657) Pause Full (Allocation Failure) 13M->6M(15M) 17.610ms
[128.990s][info][gc] GC(658) Pause Young (Allocation Failure) 11M->8M(15M) 4.146ms
[128.996s][info][gc] GC(659) Pause Young (Allocation Failure) 13M->13M(15M) 0.038ms
[129.013s][info][gc] GC(660) Pause Full (Allocation Failure) 13M->6M(15M) 17.839ms
[129.023s][info][gc] GC(661) Pause Young (Allocation Failure) 10M->8M(15M) 4.303ms
[129.028s][info][gc] GC(662) Pause Young (Allocation Failure) 12M->12M(15M) 0.042ms
[129.047s][info][gc] GC(663) Pause Full (Allocation Failure) 12M->6M(15M) 18.978ms
[129.057s][info][gc] GC(664) Pause Young (Allocation Failure) 10M->8M(15M) 4.260ms
[129.062s][info][gc] GC(665) Pause Young (Allocation Failure) 12M->12M(15M) 0.042ms
[129.081s][info][gc] GC(666) Pause Full (Allocation Failure) 12M->6M(15M) 19.017ms
[129.091s][info][gc] GC(667) Pause Young (Allocation Failure) 11M->8M(15M) 4.607ms
[129.097s][info][gc] GC(668) Pause Young (Allocation Failure) 13M->13M(15M) 0.044ms
[129.116s][info][gc] GC(669) Pause Full (Allocation Failure) 13M->6M(15M) 19.043ms
[129.125s][info][gc] GC(670) Pause Young (Allocation Failure) 10M->8M(15M) 4.014ms
[129.131s][info][gc] GC(671) Pause Young (Allocation Failure) 13M->13M(15M) 0.044ms
[129.149s][info][gc] GC(672) Pause Full (Allocation Failure) 13M->6M(15M) 18.576ms
[129.159s][info][gc] GC(673) Pause Young (Allocation Failure) 11M->8M(15M) 4.428ms
[129.165s][info][gc] GC(674) Pause Young (Allocation Failure) 13M->13M(15M) 0.044ms
[129.183s][info][gc] GC(675) Pause Full (Allocation Failure) 13M->6M(15M) 18.673ms
[129.194s][info][gc] GC(676) Pause Young (Allocation Failure) 10M->8M(15M) 4.592ms
[129.199s][info][gc] GC(677) Pause Young (Allocation Failure) 12M->12M(15M) 0.041ms
[129.218s][info][gc] GC(678) Pause Full (Allocation Failure) 12M->6M(15M) 18.866ms
[129.228s][info][gc] GC(679) Pause Young (Allocation Failure) 11M->8M(15M) 4.599ms
[129.233s][info][gc] GC(680) Pause Young (Allocation Failure) 13M->13M(15M) 0.056ms
[129.252s][info][gc] GC(681) Pause Full (Allocation Failure) 13M->6M(15M) 19.535ms
[129.262s][info][gc] GC(682) Pause Young (Allocation Failure) 11M->8M(15M) 4.626ms
[129.267s][info][gc] GC(683) Pause Young (Allocation Failure) 13M->13M(15M) 0.043ms
[129.286s][info][gc] GC(684) Pause Full (Allocation Failure) 13M->6M(15M) 18.453ms
[129.295s][info][gc] GC(685) Pause Young (Allocation Failure) 10M->8M(15M) 4.307ms
[129.301s][info][gc] GC(686) Pause Young (Allocation Failure) 13M->13M(15M) 0.042ms
[129.320s][info][gc] GC(687) Pause Full (Allocation Failure) 13M->6M(15M) 18.859ms
[129.330s][info][gc] GC(688) Pause Young (Allocation Failure) 10M->8M(15M) 4.305ms
[129.335s][info][gc] GC(689) Pause Young (Allocation Failure) 12M->12M(15M) 0.042ms
[129.354s][info][gc] GC(690) Pause Full (Allocation Failure) 12M->6M(15M) 19.400ms
[129.364s][info][gc] GC(691) Pause Young (Allocation Failure) 11M->9M(15M) 4.448ms
[129.369s][info][gc] GC(692) Pause Young (Allocation Failure) 13M->13M(15M) 0.041ms
[129.388s][info][gc] GC(693) Pause Full (Allocation Failure) 13M->6M(15M) 18.563ms
[129.397s][info][gc] GC(694) Pause Young (Allocation Failure) 11M->8M(15M) 4.190ms
[129.402s][info][gc] GC(695) Pause Young (Allocation Failure) 13M->13M(15M) 0.039ms
[129.420s][info][gc] GC(696) Pause Full (Allocation Failure) 13M->6M(15M) 18.253ms
[129.431s][info][gc] GC(697) Pause Young (Allocation Failure) 11M->9M(15M) 4.466ms
[129.436s][info][gc] GC(698) Pause Young (Allocation Failure) 13M->13M(15M) 0.035ms
[129.455s][info][gc] GC(699) Pause Full (Allocation Failure) 13M->6M(15M) 18.643ms
[129.464s][info][gc] GC(700) Pause Young (Allocation Failure) 10M->8M(15M) 4.240ms
[129.470s][info][gc] GC(701) Pause Young (Allocation Failure) 12M->12M(15M) 0.039ms
[129.489s][info][gc] GC(702) Pause Full (Allocation Failure) 12M->6M(15M) 19.052ms
[129.499s][info][gc] GC(703) Pause Young (Allocation Failure) 11M->8M(15M) 4.538ms
[129.504s][info][gc] GC(704) Pause Young (Allocation Failure) 13M->13M(15M) 0.044ms
[129.524s][info][gc] GC(705) Pause Full (Allocation Failure) 13M->6M(15M) 19.290ms
[129.533s][info][gc] GC(706) Pause Young (Allocation Failure) 11M->9M(15M) 4.333ms
[129.539s][info][gc] GC(707) Pause Young (Allocation Failure) 13M->13M(15M) 0.042ms
[129.557s][info][gc] GC(708) Pause Full (Allocation Failure) 13M->6M(15M) 18.491ms
[129.567s][info][gc] GC(709) Pause Young (Allocation Failure) 11M->8M(15M) 4.177ms
[129.572s][info][gc] GC(710) Pause Young (Allocation Failure) 13M->13M(15M) 0.041ms
[129.591s][info][gc] GC(711) Pause Full (Allocation Failure) 13M->6M(15M) 18.338ms
[129.601s][info][gc] GC(712) Pause Young (Allocation Failure) 10M->8M(15M) 4.273ms
[129.606s][info][gc] GC(713) Pause Young (Allocation Failure) 12M->12M(15M) 0.038ms
[129.625s][info][gc] GC(714) Pause Full (Allocation Failure) 12M->6M(15M) 18.661ms
[129.635s][info][gc] GC(715) Pause Young (Allocation Failure) 11M->8M(15M) 4.431ms
[129.640s][info][gc] GC(716) Pause Young (Allocation Failure) 13M->13M(15M) 0.044ms
[129.660s][info][gc] GC(717) Pause Full (Allocation Failure) 13M->6M(15M) 19.284ms
[129.669s][info][gc] GC(718) Pause Young (Allocation Failure) 11M->8M(15M) 3.841ms
[129.674s][info][gc] GC(719) Pause Young (Allocation Failure) 13M->13M(15M) 0.044ms
[129.693s][info][gc] GC(720) Pause Full (Allocation Failure) 13M->6M(15M) 18.754ms
[129.703s][info][gc] GC(721) Pause Young (Allocation Failure) 11M->9M(15M) 4.163ms
[129.708s][info][gc] GC(722) Pause Young (Allocation Failure) 13M->13M(15M) 0.042ms
[129.726s][info][gc] GC(723) Pause Full (Allocation Failure) 13M->6M(15M) 18.418ms
[129.736s][info][gc] GC(724) Pause Young (Allocation Failure) 10M->8M(15M) 4.101ms
[129.741s][info][gc] GC(725) Pause Young (Allocation Failure) 12M->12M(15M) 0.046ms
[129.759s][info][gc] GC(726) Pause Full (Allocation Failure) 12M->6M(15M) 18.175ms
[129.769s][info][gc] GC(727) Pause Young (Allocation Failure) 11M->8M(15M) 4.276ms
[129.775s][info][gc] GC(728) Pause Young (Allocation Failure) 13M->13M(15M) 0.042ms
[129.794s][info][gc] GC(729) Pause Full (Allocation Failure) 13M->7M(15M) 18.968ms
[129.803s][info][gc] GC(730) Pause Young (Allocation Failure) 11M->9M(15M) 4.089ms
[129.808s][info][gc] GC(731) Pause Young (Allocation Failure) 13M->13M(15M) 0.039ms
[129.828s][info][gc] GC(732) Pause Full (Allocation Failure) 13M->7M(15M) 19.453ms
[129.837s][info][gc] GC(733) Pause Young (Allocation Failure) 11M->9M(15M) 4.015ms
[129.842s][info][gc] GC(734) Pause Young (Allocation Failure) 13M->13M(15M) 0.050ms
[129.861s][info][gc] GC(735) Pause Full (Allocation Failure) 13M->6M(15M) 18.747ms
[129.870s][info][gc] GC(736) Pause Young (Allocation Failure) 10M->8M(15M) 4.131ms
[129.875s][info][gc] GC(737) Pause Young (Allocation Failure) 12M->12M(15M) 0.043ms
[129.893s][info][gc] GC(738) Pause Full (Allocation Failure) 12M->6M(15M) 17.673ms
[129.902s][info][gc] GC(739) Pause Young (Allocation Failure) 11M->8M(15M) 4.116ms
[129.908s][info][gc] GC(740) Pause Young (Allocation Failure) 13M->13M(15M) 0.038ms
[129.926s][info][gc] GC(741) Pause Full (Allocation Failure) 13M->6M(15M) 18.410ms
[129.936s][info][gc] GC(742) Pause Young (Allocation Failure) 11M->8M(15M) 3.998ms
[129.941s][info][gc] GC(743) Pause Young (Allocation Failure) 13M->13M(15M) 0.036ms
[129.959s][info][gc] GC(744) Pause Full (Allocation Failure) 13M->6M(15M) 18.194ms
[129.969s][info][gc] GC(745) Pause Young (Allocation Failure) 11M->9M(15M) 4.223ms
[129.974s][info][gc] GC(746) Pause Young (Allocation Failure) 13M->13M(15M) 0.038ms
[129.992s][info][gc] GC(747) Pause Full (Allocation Failure) 13M->6M(15M) 17.747ms
[130.001s][info][gc] GC(748) Pause Young (Allocation Failure) 10M->8M(15M) 4.004ms
[130.007s][info][gc] GC(749) Pause Young (Allocation Failure) 12M->12M(15M) 0.040ms
[130.025s][info][gc] GC(750) Pause Full (Allocation Failure) 12M->6M(15M) 18.596ms
[130.035s][info][gc] GC(751) Pause Young (Allocation Failure) 11M->8M(15M) 4.700ms
[130.041s][info][gc] GC(752) Pause Young (Allocation Failure) 13M->13M(15M) 0.040ms
[130.060s][info][gc] GC(753) Pause Full (Allocation Failure) 13M->6M(15M) 19.373ms
[130.070s][info][gc] GC(754) Pause Young (Allocation Failure) 11M->8M(15M) 4.320ms
[130.075s][info][gc] GC(755) Pause Young (Allocation Failure) 13M->13M(15M) 0.042ms
[130.094s][info][gc] GC(756) Pause Full (Allocation Failure) 13M->6M(15M) 19.209ms
[130.104s][info][gc] GC(757) Pause Young (Allocation Failure) 11M->8M(15M) 4.145ms
[130.109s][info][gc] GC(758) Pause Young (Allocation Failure) 13M->13M(15M) 0.045ms
[130.129s][info][gc] GC(759) Pause Full (Allocation Failure) 13M->6M(15M) 19.612ms
[130.139s][info][gc] GC(760) Pause Young (Allocation Failure) 10M->8M(15M) 4.651ms
[130.144s][info][gc] GC(761) Pause Young (Allocation Failure) 12M->12M(15M) 0.043ms
[130.164s][info][gc] GC(762) Pause Full (Allocation Failure) 12M->6M(15M) 19.451ms
[130.173s][info][gc] GC(763) Pause Young (Allocation Failure) 11M->8M(15M) 4.528ms
[130.178s][info][gc] GC(764) Pause Young (Allocation Failure) 13M->13M(15M) 0.048ms
[130.198s][info][gc] GC(765) Pause Full (Allocation Failure) 13M->6M(15M) 19.148ms
[130.207s][info][gc] GC(766) Pause Young (Allocation Failure) 11M->8M(15M) 4.312ms
[130.213s][info][gc] GC(767) Pause Young (Allocation Failure) 13M->13M(15M) 0.045ms
[130.233s][info][gc] GC(768) Pause Full (Allocation Failure) 13M->7M(15M) 19.518ms
[130.243s][info][gc] GC(769) Pause Young (Allocation Failure) 11M->9M(15M) 4.727ms
[130.248s][info][gc] GC(770) Pause Young (Allocation Failure) 13M->13M(15M) 0.037ms
[130.267s][info][gc] GC(771) Pause Full (Allocation Failure) 13M->6M(15M) 19.222ms
[130.277s][info][gc] GC(772) Pause Young (Allocation Failure) 10M->8M(15M) 4.736ms
[130.282s][info][gc] GC(773) Pause Young (Allocation Failure) 12M->12M(15M) 0.042ms
[130.301s][info][gc] GC(774) Pause Full (Allocation Failure) 12M->6M(15M) 18.805ms
[130.311s][info][gc] GC(775) Pause Young (Allocation Failure) 11M->8M(15M) 4.424ms
[130.316s][info][gc] GC(776) Pause Young (Allocation Failure) 13M->13M(15M) 0.041ms
[130.335s][info][gc] GC(777) Pause Full (Allocation Failure) 13M->6M(15M) 18.365ms
[130.344s][info][gc] GC(778) Pause Young (Allocation Failure) 11M->8M(15M) 4.293ms
[130.349s][info][gc] GC(779) Pause Young (Allocation Failure) 13M->13M(15M) 0.041ms
[130.368s][info][gc] GC(780) Pause Full (Allocation Failure) 13M->6M(15M) 18.567ms
[130.378s][info][gc] GC(781) Pause Young (Allocation Failure) 11M->8M(15M) 4.327ms
[130.383s][info][gc] GC(782) Pause Young (Allocation Failure) 13M->13M(15M) 0.036ms
[130.402s][info][gc] GC(783) Pause Full (Allocation Failure) 13M->6M(15M) 19.096ms
[130.412s][info][gc] GC(784) Pause Young (Allocation Failure) 10M->8M(15M) 4.774ms
[130.417s][info][gc] GC(785) Pause Young (Allocation Failure) 12M->12M(15M) 0.034ms
[130.436s][info][gc] GC(786) Pause Full (Allocation Failure) 12M->7M(15M) 18.918ms
[130.445s][info][gc] GC(787) Pause Young (Allocation Failure) 11M->9M(15M) 4.193ms
[130.451s][info][gc] GC(788) Pause Young (Allocation Failure) 13M->13M(15M) 0.039ms
[130.470s][info][gc] GC(789) Pause Full (Allocation Failure) 13M->6M(15M) 18.959ms
[130.479s][info][gc] GC(790) Pause Young (Allocation Failure) 11M->9M(15M) 4.581ms
[130.485s][info][gc] GC(791) Pause Young (Allocation Failure) 13M->13M(15M) 0.046ms
[130.505s][info][gc] GC(792) Pause Full (Allocation Failure) 13M->7M(15M) 19.702ms
[130.515s][info][gc] GC(793) Pause Young (Allocation Failure) 11M->9M(15M) 4.426ms
[130.520s][info][gc] GC(794) Pause Young (Allocation Failure) 13M->13M(15M) 0.039ms
[130.538s][info][gc] GC(795) Pause Full (Allocation Failure) 13M->6M(15M) 18.603ms
[130.548s][info][gc] GC(796) Pause Young (Allocation Failure) 10M->8M(15M) 4.355ms
[130.553s][info][gc] GC(797) Pause Young (Allocation Failure) 12M->12M(15M) 0.033ms
[130.570s][info][gc] GC(798) Pause Full (Allocation Failure) 12M->6M(15M) 17.434ms
[130.579s][info][gc] GC(799) Pause Young (Allocation Failure) 11M->8M(15M) 4.142ms
[130.584s][info][gc] GC(800) Pause Young (Allocation Failure) 13M->13M(15M) 0.032ms
[130.603s][info][gc] GC(801) Pause Full (Allocation Failure) 13M->6M(15M) 18.709ms
[130.613s][info][gc] GC(802) Pause Young (Allocation Failure) 11M->9M(15M) 4.187ms
[130.618s][info][gc] GC(803) Pause Young (Allocation Failure) 13M->13M(15M) 0.045ms
[130.636s][info][gc] GC(804) Pause Full (Allocation Failure) 13M->7M(15M) 18.764ms
[130.646s][info][gc] GC(805) Pause Young (Allocation Failure) 11M->9M(15M) 4.477ms
[130.652s][info][gc] GC(806) Pause Young (Allocation Failure) 13M->13M(15M) 0.043ms
[130.672s][info][gc] GC(807) Pause Full (Allocation Failure) 13M->6M(15M) 20.052ms
[130.683s][info][gc] GC(808) Pause Young (Allocation Failure) 10M->8M(15M) 4.703ms
[130.688s][info][gc] GC(809) Pause Young (Allocation Failure) 12M->12M(15M) 0.047ms
[130.708s][info][gc] GC(810) Pause Full (Allocation Failure) 12M->7M(15M) 19.609ms
[130.718s][info][gc] GC(811) Pause Young (Allocation Failure) 11M->9M(15M) 4.251ms
[130.724s][info][gc] GC(812) Pause Young (Allocation Failure) 13M->13M(15M) 0.048ms
[130.743s][info][gc] GC(813) Pause Full (Allocation Failure) 13M->6M(15M) 19.383ms
[130.752s][info][gc] GC(814) Pause Young (Allocation Failure) 11M->9M(15M) 4.086ms
[130.758s][info][gc] GC(815) Pause Young (Allocation Failure) 13M->13M(15M) 0.040ms
[130.777s][info][gc] GC(816) Pause Full (Allocation Failure) 13M->7M(15M) 19.209ms
[130.787s][info][gc] GC(817) Pause Young (Allocation Failure) 11M->9M(15M) 4.274ms
[130.792s][info][gc] GC(818) Pause Young (Allocation Failure) 13M->13M(15M) 0.036ms
[130.811s][info][gc] GC(819) Pause Full (Allocation Failure) 13M->6M(15M) 18.867ms
[130.820s][info][gc] GC(820) Pause Young (Allocation Failure) 10M->8M(15M) 4.237ms
[130.825s][info][gc] GC(821) Pause Young (Allocation Failure) 12M->12M(15M) 0.038ms
[130.845s][info][gc] GC(822) Pause Full (Allocation Failure) 12M->6M(15M) 19.358ms
[130.854s][info][gc] GC(823) Pause Young (Allocation Failure) 11M->9M(15M) 4.341ms
[130.860s][info][gc] GC(824) Pause Young (Allocation Failure) 13M->13M(15M) 0.043ms
[130.879s][info][gc] GC(825) Pause Full (Allocation Failure) 13M->7M(15M) 19.367ms
[130.891s][info][gc] GC(826) Pause Young (Allocation Failure) 11M->9M(15M) 4.564ms
[130.896s][info][gc] GC(827) Pause Young (Allocation Failure) 13M->13M(15M) 0.043ms
[130.915s][info][gc] GC(828) Pause Full (Allocation Failure) 13M->7M(15M) 19.519ms
[130.925s][info][gc] GC(829) Pause Young (Allocation Failure) 11M->9M(15M) 4.503ms
[130.931s][info][gc] GC(830) Pause Young (Allocation Failure) 13M->13M(15M) 0.047ms
[130.950s][info][gc] GC(831) Pause Full (Allocation Failure) 13M->6M(15M) 18.855ms
[130.959s][info][gc] GC(832) Pause Young (Allocation Failure) 10M->8M(15M) 4.122ms
[130.965s][info][gc] GC(833) Pause Young (Allocation Failure) 12M->12M(15M) 0.041ms
[130.983s][info][gc] GC(834) Pause Full (Allocation Failure) 12M->6M(15M) 18.536ms
[130.993s][info][gc] GC(835) Pause Young (Allocation Failure) 11M->8M(15M) 4.119ms
[130.999s][info][gc] GC(836) Pause Young (Allocation Failure) 13M->13M(15M) 0.044ms
[131.018s][info][gc] GC(837) Pause Full (Allocation Failure) 13M->6M(15M) 18.243ms
[131.027s][info][gc] GC(838) Pause Young (Allocation Failure) 10M->8M(15M) 4.382ms
[131.032s][info][gc] GC(839) Pause Young (Allocation Failure) 13M->13M(15M) 0.044ms
[131.051s][info][gc] GC(840) Pause Full (Allocation Failure) 13M->6M(15M) 18.582ms
[131.060s][info][gc] GC(841) Pause Young (Allocation Failure) 11M->9M(15M) 4.121ms
[131.065s][info][gc] GC(842) Pause Young (Allocation Failure) 13M->13M(15M) 0.034ms
[131.083s][info][gc] GC(843) Pause Full (Allocation Failure) 13M->6M(15M) 17.576ms
[131.092s][info][gc] GC(844) Pause Young (Allocation Failure) 10M->8M(15M) 3.915ms
[131.097s][info][gc] GC(845) Pause Young (Allocation Failure) 12M->12M(15M) 0.034ms
[131.114s][info][gc] GC(846) Pause Full (Allocation Failure) 12M->7M(15M) 17.699ms
[131.124s][info][gc] GC(847) Pause Young (Allocation Failure) 11M->9M(15M) 4.024ms
[131.129s][info][gc] GC(848) Pause Young (Allocation Failure) 13M->13M(15M) 0.036ms
[131.147s][info][gc] GC(849) Pause Full (Allocation Failure) 13M->6M(15M) 18.794ms
[131.157s][info][gc] GC(850) Pause Young (Allocation Failure) 11M->8M(15M) 4.398ms
[131.162s][info][gc] GC(851) Pause Young (Allocation Failure) 13M->13M(15M) 0.052ms
[131.181s][info][gc] GC(852) Pause Full (Allocation Failure) 13M->7M(15M) 19.132ms
[131.191s][info][gc] GC(853) Pause Young (Allocation Failure) 11M->9M(15M) 4.352ms
[131.197s][info][gc] GC(854) Pause Young (Allocation Failure) 13M->13M(15M) 0.046ms
[131.216s][info][gc] GC(855) Pause Full (Allocation Failure) 13M->6M(15M) 19.156ms
[131.226s][info][gc] GC(856) Pause Young (Allocation Failure) 10M->8M(15M) 4.471ms
[131.231s][info][gc] GC(857) Pause Young (Allocation Failure) 12M->12M(15M) 0.041ms
[131.251s][info][gc] GC(858) Pause Full (Allocation Failure) 12M->7M(15M) 19.168ms
[131.261s][info][gc] GC(859) Pause Young (Allocation Failure) 11M->9M(15M) 4.764ms
[131.266s][info][gc] GC(860) Pause Young (Allocation Failure) 13M->13M(15M) 0.042ms
[131.284s][info][gc] GC(861) Pause Full (Allocation Failure) 13M->6M(15M) 18.309ms
[131.294s][info][gc] GC(862) Pause Young (Allocation Failure) 11M->9M(15M) 4.252ms
[131.299s][info][gc] GC(863) Pause Young (Allocation Failure) 13M->13M(15M) 0.044ms
[131.317s][info][gc] GC(864) Pause Full (Allocation Failure) 13M->7M(15M) 18.288ms
[131.327s][info][gc] GC(865) Pause Young (Allocation Failure) 11M->9M(15M) 4.149ms
[131.332s][info][gc] GC(866) Pause Young (Allocation Failure) 13M->13M(15M) 0.039ms
[131.351s][info][gc] GC(867) Pause Full (Allocation Failure) 13M->6M(15M) 18.388ms
[131.360s][info][gc] GC(868) Pause Young (Allocation Failure) 10M->8M(15M) 4.239ms
[131.366s][info][gc] GC(869) Pause Young (Allocation Failure) 12M->12M(15M) 0.039ms
[131.384s][info][gc] GC(870) Pause Full (Allocation Failure) 12M->6M(15M) 18.067ms
[131.394s][info][gc] GC(871) Pause Young (Allocation Failure) 11M->8M(15M) 4.261ms
[131.399s][info][gc] GC(872) Pause Young (Allocation Failure) 13M->13M(15M) 0.037ms
[131.418s][info][gc] GC(873) Pause Full (Allocation Failure) 13M->7M(15M) 19.287ms
[131.428s][info][gc] GC(874) Pause Young (Allocation Failure) 11M->9M(15M) 4.559ms
[131.433s][info][gc] GC(875) Pause Young (Allocation Failure) 13M->13M(15M) 0.046ms
[131.452s][info][gc] GC(876) Pause Full (Allocation Failure) 13M->7M(15M) 19.502ms
[131.462s][info][gc] GC(877) Pause Young (Allocation Failure) 11M->9M(15M) 4.482ms
[131.467s][info][gc] GC(878) Pause Young (Allocation Failure) 13M->13M(15M) 0.040ms
[131.486s][info][gc] GC(879) Pause Full (Allocation Failure) 13M->6M(15M) 19.156ms
[131.497s][info][gc] GC(880) Pause Young (Allocation Failure) 10M->8M(15M) 4.869ms
[131.504s][info][gc] GC(881) Pause Young (Allocation Failure) 12M->12M(15M) 0.045ms
[131.524s][info][gc] GC(882) Pause Full (Allocation Failure) 12M->6M(15M) 19.335ms
[131.533s][info][gc] GC(883) Pause Young (Allocation Failure) 11M->8M(15M) 4.175ms
[131.538s][info][gc] GC(884) Pause Young (Allocation Failure) 13M->13M(15M) 0.043ms
[131.557s][info][gc] GC(885) Pause Full (Allocation Failure) 13M->7M(15M) 18.956ms
[131.567s][info][gc] GC(886) Pause Young (Allocation Failure) 11M->9M(15M) 4.165ms
[131.572s][info][gc] GC(887) Pause Young (Allocation Failure) 13M->13M(15M) 0.037ms
[131.590s][info][gc] GC(888) Pause Full (Allocation Failure) 13M->6M(15M) 18.252ms
[131.600s][info][gc] GC(889) Pause Young (Allocation Failure) 11M->8M(15M) 4.029ms
[131.605s][info][gc] GC(890) Pause Young (Allocation Failure) 13M->13M(15M) 0.054ms
[131.623s][info][gc] GC(891) Pause Full (Allocation Failure) 13M->6M(15M) 18.201ms
[131.633s][info][gc] GC(892) Pause Young (Allocation Failure) 10M->8M(15M) 4.125ms
[131.638s][info][gc] GC(893) Pause Young (Allocation Failure) 12M->12M(15M) 0.033ms
[131.656s][info][gc] GC(894) Pause Full (Allocation Failure) 12M->6M(15M) 18.038ms
[131.665s][info][gc] GC(895) Pause Young (Allocation Failure) 11M->8M(15M) 4.060ms
[131.670s][info][gc] GC(896) Pause Young (Allocation Failure) 13M->13M(15M) 0.038ms
[131.688s][info][gc] GC(897) Pause Full (Allocation Failure) 13M->6M(15M) 17.201ms
[131.697s][info][gc] GC(898) Pause Young (Allocation Failure) 11M->8M(15M) 4.032ms
[131.702s][info][gc] GC(899) Pause Young (Allocation Failure) 13M->13M(15M) 0.034ms
[131.720s][info][gc] GC(900) Pause Full (Allocation Failure) 13M->7M(15M) 18.539ms
[131.730s][info][gc] GC(901) Pause Young (Allocation Failure) 11M->9M(15M) 4.331ms
[131.735s][info][gc] GC(902) Pause Young (Allocation Failure) 13M->13M(15M) 0.037ms
[131.755s][info][gc] GC(903) Pause Full (Allocation Failure) 13M->6M(15M) 19.852ms
[131.765s][info][gc] GC(904) Pause Young (Allocation Failure) 10M->8M(15M) 4.592ms
[131.771s][info][gc] GC(905) Pause Young (Allocation Failure) 12M->12M(15M) 0.043ms
[131.790s][info][gc] GC(906) Pause Full (Allocation Failure) 12M->6M(15M) 19.246ms
[131.800s][info][gc] GC(907) Pause Young (Allocation Failure) 11M->9M(15M) 4.347ms
[131.805s][info][gc] GC(908) Pause Young (Allocation Failure) 13M->13M(15M) 0.041ms
[131.825s][info][gc] GC(909) Pause Full (Allocation Failure) 13M->6M(15M) 19.777ms
[131.835s][info][gc] GC(910) Pause Young (Allocation Failure) 11M->9M(15M) 4.334ms
[131.840s][info][gc] GC(911) Pause Young (Allocation Failure) 13M->13M(15M) 0.039ms
[131.860s][info][gc] GC(912) Pause Full (Allocation Failure) 13M->7M(15M) 19.773ms
[131.870s][info][gc] GC(913) Pause Young (Allocation Failure) 11M->9M(15M) 4.406ms
[131.875s][info][gc] GC(914) Pause Young (Allocation Failure) 13M->13M(15M) 0.041ms
[131.895s][info][gc] GC(915) Pause Full (Allocation Failure) 13M->6M(15M) 19.394ms
[131.904s][info][gc] GC(916) Pause Young (Allocation Failure) 10M->8M(15M) 3.962ms
[131.910s][info][gc] GC(917) Pause Young (Allocation Failure) 12M->12M(15M) 0.053ms
[131.929s][info][gc] GC(918) Pause Full (Allocation Failure) 12M->6M(15M) 19.042ms
[131.938s][info][gc] GC(919) Pause Young (Allocation Failure) 11M->9M(15M) 4.510ms
[131.944s][info][gc] GC(920) Pause Young (Allocation Failure) 13M->13M(15M) 0.038ms
[131.962s][info][gc] GC(921) Pause Full (Allocation Failure) 13M->6M(15M) 18.603ms
[131.972s][info][gc] GC(922) Pause Young (Allocation Failure) 11M->9M(15M) 4.485ms
[131.977s][info][gc] GC(923) Pause Young (Allocation Failure) 13M->13M(15M) 0.037ms
[131.995s][info][gc] GC(924) Pause Full (Allocation Failure) 13M->7M(15M) 18.459ms
[132.005s][info][gc] GC(925) Pause Young (Allocation Failure) 11M->9M(15M) 4.478ms
[132.010s][info][gc] GC(926) Pause Young (Allocation Failure) 13M->13M(15M) 0.047ms
[132.030s][info][gc] GC(927) Pause Full (Allocation Failure) 13M->6M(15M) 19.143ms
[132.039s][info][gc] GC(928) Pause Young (Allocation Failure) 10M->8M(15M) 4.306ms
[132.045s][info][gc] GC(929) Pause Young (Allocation Failure) 13M->13M(15M) 0.046ms
[132.064s][info][gc] GC(930) Pause Full (Allocation Failure) 13M->7M(15M) 19.449ms
[132.074s][info][gc] GC(931) Pause Young (Allocation Failure) 11M->9M(15M) 4.363ms
[132.080s][info][gc] GC(932) Pause Young (Allocation Failure) 13M->13M(15M) 0.041ms
[132.100s][info][gc] GC(933) Pause Full (Allocation Failure) 13M->7M(15M) 19.615ms
[132.109s][info][gc] GC(934) Pause Young (Allocation Failure) 11M->9M(15M) 4.520ms
[132.115s][info][gc] GC(935) Pause Young (Allocation Failure) 13M->13M(15M) 0.045ms
[132.133s][info][gc] GC(936) Pause Full (Allocation Failure) 13M->6M(15M) 18.693ms
[132.143s][info][gc] GC(937) Pause Young (Allocation Failure) 11M->8M(15M) 4.395ms
[132.148s][info][gc] GC(938) Pause Young (Allocation Failure) 13M->13M(15M) 0.041ms
[132.167s][info][gc] GC(939) Pause Full (Allocation Failure) 13M->6M(15M) 18.713ms
[132.176s][info][gc] GC(940) Pause Young (Allocation Failure) 10M->8M(15M) 4.218ms
[132.181s][info][gc] GC(941) Pause Young (Allocation Failure) 12M->12M(15M) 0.044ms
[132.200s][info][gc] GC(942) Pause Full (Allocation Failure) 12M->7M(15M) 18.885ms
[132.210s][info][gc] GC(943) Pause Young (Allocation Failure) 11M->9M(15M) 4.590ms
[132.215s][info][gc] GC(944) Pause Young (Allocation Failure) 13M->13M(15M) 0.037ms
[132.234s][info][gc] GC(945) Pause Full (Allocation Failure) 13M->7M(15M) 18.255ms
[132.243s][info][gc] GC(946) Pause Young (Allocation Failure) 11M->9M(15M) 4.050ms
[132.248s][info][gc] GC(947) Pause Young (Allocation Failure) 13M->13M(15M) 0.038ms
[132.266s][info][gc] GC(948) Pause Full (Allocation Failure) 13M->7M(15M) 18.146ms
[132.275s][info][gc] GC(949) Pause Young (Allocation Failure) 11M->9M(15M) 3.984ms
[132.280s][info][gc] GC(950) Pause Young (Allocation Failure) 13M->13M(15M) 0.038ms
[132.299s][info][gc] GC(951) Pause Full (Allocation Failure) 13M->6M(15M) 18.663ms
[132.309s][info][gc] GC(952) Pause Young (Allocation Failure) 10M->8M(15M) 4.719ms
[132.314s][info][gc] GC(953) Pause Young (Allocation Failure) 13M->13M(15M) 0.038ms
[132.333s][info][gc] GC(954) Pause Full (Allocation Failure) 13M->6M(15M) 18.427ms
[132.342s][info][gc] GC(955) Pause Young (Allocation Failure) 11M->8M(15M) 4.121ms
[132.347s][info][gc] GC(956) Pause Young (Allocation Failure) 13M->13M(15M) 0.039ms
[132.366s][info][gc] GC(957) Pause Full (Allocation Failure) 13M->7M(15M) 19.372ms
[132.376s][info][gc] GC(958) Pause Young (Allocation Failure) 11M->9M(15M) 4.078ms
[132.381s][info][gc] GC(959) Pause Young (Allocation Failure) 13M->13M(15M) 0.042ms
[132.400s][info][gc] GC(960) Pause Full (Allocation Failure) 13M->7M(15M) 18.670ms
[132.410s][info][gc] GC(961) Pause Young (Allocation Failure) 11M->9M(15M) 4.507ms
[132.415s][info][gc] GC(962) Pause Young (Allocation Failure) 13M->13M(15M) 0.038ms
[132.434s][info][gc] GC(963) Pause Full (Allocation Failure) 13M->6M(15M) 18.928ms
[132.444s][info][gc] GC(964) Pause Young (Allocation Failure) 10M->8M(15M) 4.364ms
[132.449s][info][gc] GC(965) Pause Young (Allocation Failure) 13M->13M(15M) 0.039ms
[132.468s][info][gc] GC(966) Pause Full (Allocation Failure) 13M->7M(15M) 19.872ms
[132.479s][info][gc] GC(967) Pause Young (Allocation Failure) 11M->9M(15M) 4.694ms
[132.484s][info][gc] GC(968) Pause Young (Allocation Failure) 13M->13M(15M) 0.045ms
[132.504s][info][gc] GC(969) Pause Full (Allocation Failure) 13M->6M(15M) 19.492ms
[132.514s][info][gc] GC(970) Pause Young (Allocation Failure) 11M->9M(15M) 4.669ms
[132.519s][info][gc] GC(971) Pause Young (Allocation Failure) 13M->13M(15M) 0.040ms
[132.538s][info][gc] GC(972) Pause Full (Allocation Failure) 13M->7M(15M) 18.580ms
[132.547s][info][gc] GC(973) Pause Young (Allocation Failure) 11M->9M(15M) 4.113ms
[132.552s][info][gc] GC(974) Pause Young (Allocation Failure) 13M->13M(15M) 0.036ms
[132.570s][info][gc] GC(975) Pause Full (Allocation Failure) 13M->6M(15M) 18.446ms
[132.579s][info][gc] GC(976) Pause Young (Allocation Failure) 10M->8M(15M) 4.248ms
[132.585s][info][gc] GC(977) Pause Young (Allocation Failure) 13M->13M(15M) 0.038ms
[132.602s][info][gc] GC(978) Pause Full (Allocation Failure) 13M->6M(15M) 17.624ms
[132.612s][info][gc] GC(979) Pause Young (Allocation Failure) 11M->8M(15M) 4.090ms
[132.617s][info][gc] GC(980) Pause Young (Allocation Failure) 13M->13M(15M) 0.035ms
[132.635s][info][gc] GC(981) Pause Full (Allocation Failure) 13M->7M(15M) 18.408ms
[132.646s][info][gc] GC(982) Pause Young (Allocation Failure) 11M->9M(15M) 4.114ms
[132.651s][info][gc] GC(983) Pause Young (Allocation Failure) 13M->13M(15M) 0.035ms
[132.670s][info][gc] GC(984) Pause Full (Allocation Failure) 13M->7M(15M) 19.021ms
[132.679s][info][gc] GC(985) Pause Young (Allocation Failure) 11M->9M(15M) 4.263ms
[132.684s][info][gc] GC(986) Pause Young (Allocation Failure) 13M->13M(15M) 0.034ms
[132.704s][info][gc] GC(987) Pause Full (Allocation Failure) 13M->6M(15M) 19.510ms
[132.714s][info][gc] GC(988) Pause Young (Allocation Failure) 10M->8M(15M) 4.626ms
[132.719s][info][gc] GC(989) Pause Young (Allocation Failure) 13M->13M(15M) 0.037ms
[132.739s][info][gc] GC(990) Pause Full (Allocation Failure) 13M->7M(15M) 19.909ms
[132.750s][info][gc] GC(991) Pause Young (Allocation Failure) 11M->9M(15M) 4.299ms
[132.755s][info][gc] GC(992) Pause Young (Allocation Failure) 13M->13M(15M) 0.039ms
[132.775s][info][gc] GC(993) Pause Full (Allocation Failure) 13M->7M(15M) 19.729ms
[132.785s][info][gc] GC(994) Pause Young (Allocation Failure) 11M->9M(15M) 4.295ms
[132.790s][info][gc] GC(995) Pause Young (Allocation Failure) 13M->13M(15M) 0.041ms
[132.810s][info][gc] GC(996) Pause Full (Allocation Failure) 13M->6M(15M) 19.628ms
[132.819s][info][gc] GC(997) Pause Young (Allocation Failure) 11M->8M(15M) 4.477ms
[132.824s][info][gc] GC(998) Pause Young (Allocation Failure) 13M->13M(15M) 0.040ms
[132.844s][info][gc] GC(999) Pause Full (Allocation Failure) 13M->6M(15M) 19.603ms
[132.853s][info][gc] GC(1000) Pause Young (Allocation Failure) 10M->8M(15M) 3.967ms
[132.858s][info][gc] GC(1001) Pause Young (Allocation Failure) 12M->12M(15M) 0.042ms
[132.877s][info][gc] GC(1002) Pause Full (Allocation Failure) 12M->7M(15M) 19.136ms
[132.887s][info][gc] GC(1003) Pause Young (Allocation Failure) 11M->9M(15M) 4.281ms
[132.892s][info][gc] GC(1004) Pause Young (Allocation Failure) 13M->13M(15M) 0.064ms
[132.910s][info][gc] GC(1005) Pause Full (Allocation Failure) 13M->7M(15M) 18.570ms
[132.920s][info][gc] GC(1006) Pause Young (Allocation Failure) 11M->9M(15M) 4.025ms
[132.924s][info][gc] GC(1007) Pause Young (Allocation Failure) 13M->13M(15M) 0.033ms
[132.943s][info][gc] GC(1008) Pause Full (Allocation Failure) 13M->7M(15M) 18.621ms
[132.952s][info][gc] GC(1009) Pause Young (Allocation Failure) 11M->9M(15M) 4.145ms
[132.957s][info][gc] GC(1010) Pause Young (Allocation Failure) 13M->13M(15M) 0.043ms
[132.977s][info][gc] GC(1011) Pause Full (Allocation Failure) 13M->6M(15M) 19.289ms
[132.987s][info][gc] GC(1012) Pause Young (Allocation Failure) 11M->8M(15M) 4.508ms
[132.991s][info][gc] GC(1013) Pause Young (Allocation Failure) 13M->13M(15M) 0.037ms
[133.011s][info][gc] GC(1014) Pause Full (Allocation Failure) 13M->7M(15M) 19.785ms
[133.021s][info][gc] GC(1015) Pause Young (Allocation Failure) 11M->9M(15M) 4.060ms
[133.026s][info][gc] GC(1016) Pause Young (Allocation Failure) 13M->13M(15M) 0.051ms
[133.044s][info][gc] GC(1017) Pause Full (Allocation Failure) 13M->6M(15M) 18.486ms
[133.054s][info][gc] GC(1018) Pause Young (Allocation Failure) 11M->8M(15M) 4.416ms
[133.059s][info][gc] GC(1019) Pause Young (Allocation Failure) 13M->13M(15M) 0.044ms
[133.078s][info][gc] GC(1020) Pause Full (Allocation Failure) 13M->7M(15M) 19.379ms
[133.087s][info][gc] GC(1021) Pause Young (Allocation Failure) 11M->9M(15M) 3.930ms
[133.092s][info][gc] GC(1022) Pause Young (Allocation Failure) 13M->13M(15M) 0.041ms
[133.112s][info][gc] GC(1023) Pause Full (Allocation Failure) 13M->6M(15M) 19.718ms
[133.121s][info][gc] GC(1024) Pause Young (Allocation Failure) 11M->8M(15M) 4.332ms
[133.127s][info][gc] GC(1025) Pause Young (Allocation Failure) 13M->13M(15M) 0.043ms
[133.145s][info][gc] GC(1026) Pause Full (Allocation Failure) 13M->7M(15M) 18.611ms
[133.154s][info][gc] GC(1027) Pause Young (Allocation Failure) 11M->9M(15M) 3.936ms
[133.159s][info][gc] GC(1028) Pause Young (Allocation Failure) 13M->13M(15M) 0.038ms
[133.178s][info][gc] GC(1029) Pause Full (Allocation Failure) 13M->7M(15M) 18.963ms
[133.188s][info][gc] GC(1030) Pause Young (Allocation Failure) 11M->9M(15M) 4.134ms
[133.193s][info][gc] GC(1031) Pause Young (Allocation Failure) 13M->13M(15M) 0.048ms
[133.211s][info][gc] GC(1032) Pause Full (Allocation Failure) 13M->6M(15M) 18.450ms
[133.221s][info][gc] GC(1033) Pause Young (Allocation Failure) 11M->9M(15M) 4.116ms
[133.226s][info][gc] GC(1034) Pause Young (Allocation Failure) 13M->13M(15M) 0.043ms
[133.244s][info][gc] GC(1035) Pause Full (Allocation Failure) 13M->6M(15M) 18.623ms
[133.254s][info][gc] GC(1036) Pause Young (Allocation Failure) 10M->8M(15M) 4.241ms
[133.259s][info][gc] GC(1037) Pause Young (Allocation Failure) 12M->12M(15M) 0.044ms
[133.278s][info][gc] GC(1038) Pause Full (Allocation Failure) 12M->7M(15M) 19.055ms
[133.288s][info][gc] GC(1039) Pause Young (Allocation Failure) 11M->9M(15M) 4.102ms
[133.293s][info][gc] GC(1040) Pause Young (Allocation Failure) 13M->13M(15M) 0.044ms
[133.311s][info][gc] GC(1041) Pause Full (Allocation Failure) 13M->6M(15M) 18.112ms
[133.321s][info][gc] GC(1042) Pause Young (Allocation Failure) 11M->9M(15M) 4.154ms
[133.326s][info][gc] GC(1043) Pause Young (Allocation Failure) 13M->13M(15M) 0.042ms
[133.346s][info][gc] GC(1044) Pause Full (Allocation Failure) 13M->7M(15M) 19.021ms
[133.355s][info][gc] GC(1045) Pause Young (Allocation Failure) 11M->9M(15M) 4.012ms
[133.360s][info][gc] GC(1046) Pause Young (Allocation Failure) 13M->13M(15M) 0.038ms
[133.379s][info][gc] GC(1047) Pause Full (Allocation Failure) 13M->6M(15M) 19.028ms
[133.388s][info][gc] GC(1048) Pause Young (Allocation Failure) 11M->8M(15M) 4.084ms
[133.394s][info][gc] GC(1049) Pause Young (Allocation Failure) 13M->13M(15M) 0.036ms
[133.412s][info][gc] GC(1050) Pause Full (Allocation Failure) 13M->7M(15M) 18.572ms
[133.422s][info][gc] GC(1051) Pause Young (Allocation Failure) 11M->9M(15M) 4.196ms
[133.427s][info][gc] GC(1052) Pause Young (Allocation Failure) 13M->13M(15M) 0.038ms
[133.447s][info][gc] GC(1053) Pause Full (Allocation Failure) 13M->7M(15M) 19.859ms
[133.457s][info][gc] GC(1054) Pause Young (Allocation Failure) 11M->9M(15M) 4.066ms
[133.462s][info][gc] GC(1055) Pause Young (Allocation Failure) 13M->13M(15M) 0.043ms
[133.482s][info][gc] GC(1056) Pause Full (Allocation Failure) 13M->7M(15M) 20.180ms
[133.492s][info][gc] GC(1057) Pause Young (Allocation Failure) 11M->9M(15M) 4.821ms
[133.500s][info][gc] GC(1058) Pause Young (Allocation Failure) 13M->13M(15M) 0.047ms
[133.519s][info][gc] GC(1059) Pause Full (Allocation Failure) 13M->6M(15M) 19.387ms
[133.529s][info][gc] GC(1060) Pause Young (Allocation Failure) 10M->8M(15M) 4.155ms
[133.534s][info][gc] GC(1061) Pause Young (Allocation Failure) 12M->12M(15M) 0.041ms
[133.553s][info][gc] GC(1062) Pause Full (Allocation Failure) 12M->7M(15M) 19.151ms
[133.563s][info][gc] GC(1063) Pause Young (Allocation Failure) 11M->9M(15M) 4.261ms
[133.568s][info][gc] GC(1064) Pause Young (Allocation Failure) 13M->13M(15M) 0.033ms
[133.586s][info][gc] GC(1065) Pause Full (Allocation Failure) 13M->7M(15M) 18.665ms
[133.596s][info][gc] GC(1066) Pause Young (Allocation Failure) 11M->9M(15M) 4.669ms
[133.601s][info][gc] GC(1067) Pause Young (Allocation Failure) 13M->13M(15M) 0.036ms
[133.620s][info][gc] GC(1068) Pause Full (Allocation Failure) 13M->7M(15M) 19.104ms
[133.630s][info][gc] GC(1069) Pause Young (Allocation Failure) 11M->9M(15M) 4.188ms
[133.635s][info][gc] GC(1070) Pause Young (Allocation Failure) 13M->13M(15M) 0.037ms
[133.654s][info][gc] GC(1071) Pause Full (Allocation Failure) 13M->6M(15M) 18.754ms
[133.663s][info][gc] GC(1072) Pause Young (Allocation Failure) 11M->8M(15M) 4.115ms
[133.669s][info][gc] GC(1073) Pause Young (Allocation Failure) 13M->13M(15M) 0.046ms
[133.688s][info][gc] GC(1074) Pause Full (Allocation Failure) 13M->7M(15M) 19.073ms
[133.698s][info][gc] GC(1075) Pause Young (Allocation Failure) 11M->9M(15M) 4.106ms
[133.703s][info][gc] GC(1076) Pause Young (Allocation Failure) 13M->13M(15M) 0.037ms
[133.721s][info][gc] GC(1077) Pause Full (Allocation Failure) 13M->7M(15M) 18.068ms
[133.730s][info][gc] GC(1078) Pause Young (Allocation Failure) 11M->9M(15M) 4.085ms
[133.736s][info][gc] GC(1079) Pause Young (Allocation Failure) 13M->13M(15M) 0.035ms
[133.755s][info][gc] GC(1080) Pause Full (Allocation Failure) 13M->7M(15M) 19.559ms
[133.765s][info][gc] GC(1081) Pause Young (Allocation Failure) 11M->9M(15M) 4.101ms
[133.770s][info][gc] GC(1082) Pause Young (Allocation Failure) 13M->13M(15M) 0.048ms
[133.788s][info][gc] GC(1083) Pause Full (Allocation Failure) 13M->6M(15M) 18.389ms
[133.798s][info][gc] GC(1084) Pause Young (Allocation Failure) 10M->8M(15M) 4.065ms
[133.803s][info][gc] GC(1085) Pause Young (Allocation Failure) 12M->12M(15M) 0.039ms
[133.822s][info][gc] GC(1086) Pause Full (Allocation Failure) 12M->6M(15M) 18.872ms
[133.831s][info][gc] GC(1087) Pause Young (Allocation Failure) 11M->9M(15M) 4.002ms
[133.837s][info][gc] GC(1088) Pause Young (Allocation Failure) 13M->13M(15M) 0.042ms
[133.857s][info][gc] GC(1089) Pause Full (Allocation Failure) 13M->7M(15M) 19.662ms
[133.867s][info][gc] GC(1090) Pause Young (Allocation Failure) 11M->9M(15M) 4.460ms
[133.872s][info][gc] GC(1091) Pause Young (Allocation Failure) 13M->13M(15M) 0.033ms
[133.891s][info][gc] GC(1092) Pause Full (Allocation Failure) 13M->7M(15M) 19.228ms
[133.900s][info][gc] GC(1093) Pause Young (Allocation Failure) 11M->9M(15M) 3.928ms
[133.906s][info][gc] GC(1094) Pause Young (Allocation Failure) 13M->13M(15M) 0.037ms
[133.924s][info][gc] GC(1095) Pause Full (Allocation Failure) 13M->6M(15M) 18.619ms
[133.934s][info][gc] GC(1096) Pause Young (Allocation Failure) 11M->8M(15M) 4.209ms
[133.939s][info][gc] GC(1097) Pause Young (Allocation Failure) 13M->13M(15M) 0.039ms
[133.958s][info][gc] GC(1098) Pause Full (Allocation Failure) 13M->7M(15M) 18.390ms
[133.967s][info][gc] GC(1099) Pause Young (Allocation Failure) 11M->9M(15M) 3.980ms
[133.972s][info][gc] GC(1100) Pause Young (Allocation Failure) 13M->13M(15M) 0.036ms
[133.991s][info][gc] GC(1101) Pause Full (Allocation Failure) 13M->7M(15M) 18.371ms
[134.000s][info][gc] GC(1102) Pause Young (Allocation Failure) 11M->9M(15M) 4.234ms
[134.006s][info][gc] GC(1103) Pause Young (Allocation Failure) 13M->13M(15M) 0.036ms
[134.024s][info][gc] GC(1104) Pause Full (Allocation Failure) 13M->7M(15M) 18.169ms
[134.033s][info][gc] GC(1105) Pause Young (Allocation Failure) 11M->9M(15M) 4.021ms
[134.038s][info][gc] GC(1106) Pause Young (Allocation Failure) 13M->13M(15M) 0.034ms
[134.057s][info][gc] GC(1107) Pause Full (Allocation Failure) 13M->6M(15M) 18.319ms
[134.066s][info][gc] GC(1108) Pause Young (Allocation Failure) 11M->8M(15M) 4.219ms
[134.071s][info][gc] GC(1109) Pause Young (Allocation Failure) 13M->13M(15M) 0.036ms
[134.089s][info][gc] GC(1110) Pause Full (Allocation Failure) 13M->7M(15M) 17.912ms
[134.098s][info][gc] GC(1111) Pause Young (Allocation Failure) 11M->9M(15M) 4.025ms
[134.103s][info][gc] GC(1112) Pause Young (Allocation Failure) 13M->13M(15M) 0.034ms
[134.121s][info][gc] GC(1113) Pause Full (Allocation Failure) 13M->7M(15M) 18.315ms
[134.131s][info][gc] GC(1114) Pause Young (Allocation Failure) 11M->9M(15M) 3.953ms
[134.135s][info][gc] GC(1115) Pause Young (Allocation Failure) 13M->13M(15M) 0.034ms
[134.154s][info][gc] GC(1116) Pause Full (Allocation Failure) 13M->7M(15M) 18.716ms
[134.164s][info][gc] GC(1117) Pause Young (Allocation Failure) 11M->9M(15M) 4.500ms
[134.169s][info][gc] GC(1118) Pause Young (Allocation Failure) 13M->13M(15M) 0.054ms
[134.188s][info][gc] GC(1119) Pause Full (Allocation Failure) 13M->6M(15M) 18.981ms
[134.197s][info][gc] GC(1120) Pause Young (Allocation Failure) 10M->8M(15M) 4.044ms
[134.202s][info][gc] GC(1121) Pause Young (Allocation Failure) 12M->12M(15M) 0.037ms
[134.221s][info][gc] GC(1122) Pause Full (Allocation Failure) 12M->7M(15M) 19.263ms
[134.231s][info][gc] GC(1123) Pause Young (Allocation Failure) 11M->9M(15M) 4.145ms
[134.236s][info][gc] GC(1124) Pause Young (Allocation Failure) 13M->13M(15M) 0.040ms
[134.256s][info][gc] GC(1125) Pause Full (Allocation Failure) 13M->7M(15M) 20.056ms
[134.266s][info][gc] GC(1126) Pause Young (Allocation Failure) 11M->9M(15M) 4.529ms
[134.271s][info][gc] GC(1127) Pause Young (Allocation Failure) 13M->13M(15M) 0.035ms
[134.291s][info][gc] GC(1128) Pause Full (Allocation Failure) 13M->7M(15M) 19.804ms
[134.301s][info][gc] GC(1129) Pause Young (Allocation Failure) 11M->9M(15M) 4.175ms
[134.306s][info][gc] GC(1130) Pause Young (Allocation Failure) 13M->13M(15M) 0.040ms
[134.326s][info][gc] GC(1131) Pause Full (Allocation Failure) 13M->6M(15M) 19.960ms
[134.335s][info][gc] GC(1132) Pause Young (Allocation Failure) 11M->8M(15M) 4.377ms
[134.341s][info][gc] GC(1133) Pause Young (Allocation Failure) 13M->13M(15M) 0.040ms
[134.360s][info][gc] GC(1134) Pause Full (Allocation Failure) 13M->7M(15M) 19.265ms
[134.369s][info][gc] GC(1135) Pause Young (Allocation Failure) 11M->9M(15M) 4.317ms
[134.375s][info][gc] GC(1136) Pause Young (Allocation Failure) 13M->13M(15M) 0.043ms
[134.395s][info][gc] GC(1137) Pause Full (Allocation Failure) 13M->7M(15M) 19.884ms
[134.404s][info][gc] GC(1138) Pause Young (Allocation Failure) 11M->9M(15M) 4.303ms
[134.409s][info][gc] GC(1139) Pause Young (Allocation Failure) 13M->13M(15M) 0.046ms
[134.429s][info][gc] GC(1140) Pause Full (Allocation Failure) 13M->7M(15M) 19.404ms
[134.438s][info][gc] GC(1141) Pause Young (Allocation Failure) 11M->9M(15M) 4.189ms
[134.443s][info][gc] GC(1142) Pause Young (Allocation Failure) 13M->13M(15M) 0.041ms
[134.463s][info][gc] GC(1143) Pause Full (Allocation Failure) 13M->6M(15M) 19.772ms
[134.473s][info][gc] GC(1144) Pause Young (Allocation Failure) 11M->8M(15M) 4.160ms
[134.478s][info][gc] GC(1145) Pause Young (Allocation Failure) 13M->13M(15M) 0.045ms
[134.498s][info][gc] GC(1146) Pause Full (Allocation Failure) 13M->7M(15M) 19.973ms
[134.508s][info][gc] GC(1147) Pause Young (Allocation Failure) 11M->9M(15M) 4.685ms
[134.514s][info][gc] GC(1148) Pause Young (Allocation Failure) 13M->13M(15M) 0.046ms
[134.534s][info][gc] GC(1149) Pause Full (Allocation Failure) 13M->7M(15M) 19.266ms
[134.543s][info][gc] GC(1150) Pause Young (Allocation Failure) 11M->9M(15M) 4.337ms
[134.548s][info][gc] GC(1151) Pause Young (Allocation Failure) 13M->13M(15M) 0.045ms
[134.567s][info][gc] GC(1152) Pause Full (Allocation Failure) 13M->7M(15M) 19.181ms
[134.577s][info][gc] GC(1153) Pause Young (Allocation Failure) 11M->9M(15M) 4.119ms
[134.582s][info][gc] GC(1154) Pause Young (Allocation Failure) 13M->13M(15M) 0.035ms
[134.601s][info][gc] GC(1155) Pause Full (Allocation Failure) 13M->6M(15M) 19.113ms
[134.610s][info][gc] GC(1156) Pause Young (Allocation Failure) 11M->8M(15M) 4.304ms
[134.615s][info][gc] GC(1157) Pause Young (Allocation Failure) 13M->13M(15M) 0.041ms
[134.635s][info][gc] GC(1158) Pause Full (Allocation Failure) 13M->7M(15M) 19.000ms
[134.644s][info][gc] GC(1159) Pause Young (Allocation Failure) 11M->9M(15M) 4.381ms
[134.649s][info][gc] GC(1160) Pause Young (Allocation Failure) 13M->13M(15M) 0.034ms
[134.668s][info][gc] GC(1161) Pause Full (Allocation Failure) 13M->7M(15M) 18.524ms
[134.677s][info][gc] GC(1162) Pause Young (Allocation Failure) 11M->9M(15M) 4.034ms
[134.682s][info][gc] GC(1163) Pause Young (Allocation Failure) 13M->13M(15M) 0.036ms
[134.701s][info][gc] GC(1164) Pause Full (Allocation Failure) 13M->7M(15M) 18.613ms
[134.710s][info][gc] GC(1165) Pause Young (Allocation Failure) 11M->9M(15M) 4.124ms
[134.715s][info][gc] GC(1166) Pause Young (Allocation Failure) 13M->13M(15M) 0.039ms
[134.734s][info][gc] GC(1167) Pause Full (Allocation Failure) 13M->6M(15M) 18.348ms
[134.743s][info][gc] GC(1168) Pause Young (Allocation Failure) 11M->8M(15M) 4.182ms
[134.748s][info][gc] GC(1169) Pause Young (Allocation Failure) 13M->13M(15M) 0.045ms
[134.767s][info][gc] GC(1170) Pause Full (Allocation Failure) 13M->7M(15M) 18.518ms
[134.776s][info][gc] GC(1171) Pause Young (Allocation Failure) 11M->9M(15M) 4.072ms
[134.781s][info][gc] GC(1172) Pause Young (Allocation Failure) 13M->13M(15M) 0.036ms
[134.801s][info][gc] GC(1173) Pause Full (Allocation Failure) 13M->7M(15M) 19.368ms
[134.810s][info][gc] GC(1174) Pause Young (Allocation Failure) 11M->9M(15M) 4.253ms
[134.815s][info][gc] GC(1175) Pause Young (Allocation Failure) 13M->13M(15M) 0.033ms
[134.833s][info][gc] GC(1176) Pause Full (Allocation Failure) 13M->7M(15M) 18.481ms
[134.843s][info][gc] GC(1177) Pause Young (Allocation Failure) 11M->9M(15M) 4.049ms
[134.847s][info][gc] GC(1178) Pause Young (Allocation Failure) 13M->13M(15M) 0.034ms
[134.866s][info][gc] GC(1179) Pause Full (Allocation Failure) 13M->6M(15M) 18.394ms
[134.875s][info][gc] GC(1180) Pause Young (Allocation Failure) 11M->8M(15M) 4.052ms
[134.880s][info][gc] GC(1181) Pause Young (Allocation Failure) 13M->13M(15M) 0.034ms
[134.899s][info][gc] GC(1182) Pause Full (Allocation Failure) 13M->7M(15M) 19.118ms
[134.909s][info][gc] GC(1183) Pause Young (Allocation Failure) 11M->9M(15M) 4.341ms
[134.914s][info][gc] GC(1184) Pause Young (Allocation Failure) 13M->13M(15M) 0.035ms
[134.933s][info][gc] GC(1185) Pause Full (Allocation Failure) 13M->7M(15M) 18.684ms
[134.942s][info][gc] GC(1186) Pause Young (Allocation Failure) 11M->9M(15M) 3.949ms
[134.946s][info][gc] GC(1187) Pause Young (Allocation Failure) 13M->13M(15M) 0.034ms
[134.965s][info][gc] GC(1188) Pause Full (Allocation Failure) 13M->7M(15M) 18.906ms
[134.975s][info][gc] GC(1189) Pause Young (Allocation Failure) 11M->9M(15M) 4.131ms
[134.980s][info][gc] GC(1190) Pause Young (Allocation Failure) 13M->13M(15M) 0.035ms
[134.998s][info][gc] GC(1191) Pause Full (Allocation Failure) 13M->6M(15M) 18.446ms
[135.007s][info][gc] GC(1192) Pause Young (Allocation Failure) 11M->8M(15M) 4.072ms
[135.012s][info][gc] GC(1193) Pause Young (Allocation Failure) 13M->13M(15M) 0.037ms
[135.031s][info][gc] GC(1194) Pause Full (Allocation Failure) 13M->7M(15M) 18.891ms
[135.040s][info][gc] GC(1195) Pause Young (Allocation Failure) 11M->9M(15M) 3.942ms
[135.045s][info][gc] GC(1196) Pause Young (Allocation Failure) 13M->13M(15M) 0.050ms
[135.064s][info][gc] GC(1197) Pause Full (Allocation Failure) 13M->7M(15M) 18.627ms
[135.073s][info][gc] GC(1198) Pause Young (Allocation Failure) 11M->9M(15M) 4.104ms
[135.078s][info][gc] GC(1199) Pause Young (Allocation Failure) 13M->13M(15M) 0.035ms
[135.096s][info][gc] GC(1200) Pause Full (Allocation Failure) 13M->7M(15M) 18.219ms
[135.105s][info][gc] GC(1201) Pause Young (Allocation Failure) 11M->9M(15M) 4.040ms
[135.111s][info][gc] GC(1202) Pause Young (Allocation Failure) 13M->13M(15M) 0.047ms
[135.130s][info][gc] GC(1203) Pause Full (Allocation Failure) 13M->6M(15M) 18.913ms
[135.139s][info][gc] GC(1204) Pause Young (Allocation Failure) 11M->8M(15M) 3.971ms
[135.144s][info][gc] GC(1205) Pause Young (Allocation Failure) 13M->13M(15M) 0.034ms
[135.162s][info][gc] GC(1206) Pause Full (Allocation Failure) 13M->7M(15M) 18.660ms
[135.172s][info][gc] GC(1207) Pause Young (Allocation Failure) 11M->9M(15M) 4.329ms
[135.177s][info][gc] GC(1208) Pause Young (Allocation Failure) 13M->13M(15M) 0.035ms
[135.196s][info][gc] GC(1209) Pause Full (Allocation Failure) 13M->7M(15M) 18.802ms
[135.205s][info][gc] GC(1210) Pause Young (Allocation Failure) 11M->9M(15M) 4.078ms
[135.210s][info][gc] GC(1211) Pause Young (Allocation Failure) 13M->13M(15M) 0.036ms
[135.229s][info][gc] GC(1212) Pause Full (Allocation Failure) 13M->7M(15M) 19.492ms
[135.239s][info][gc] GC(1213) Pause Young (Allocation Failure) 11M->9M(15M) 4.131ms
[135.244s][info][gc] GC(1214) Pause Young (Allocation Failure) 13M->13M(15M) 0.037ms
[135.264s][info][gc] GC(1215) Pause Full (Allocation Failure) 13M->6M(15M) 19.863ms
[135.273s][info][gc] GC(1216) Pause Young (Allocation Failure) 11M->8M(15M) 4.468ms
[135.279s][info][gc] GC(1217) Pause Young (Allocation Failure) 13M->13M(15M) 0.053ms
[135.299s][info][gc] GC(1218) Pause Full (Allocation Failure) 13M->7M(15M) 19.810ms
[135.309s][info][gc] GC(1219) Pause Young (Allocation Failure) 11M->9M(15M) 4.547ms
[135.313s][info][gc] GC(1220) Pause Young (Allocation Failure) 13M->13M(15M) 0.034ms
[135.332s][info][gc] GC(1221) Pause Full (Allocation Failure) 13M->7M(15M) 19.003ms
[135.341s][info][gc] GC(1222) Pause Young (Allocation Failure) 11M->9M(15M) 3.995ms
[135.347s][info][gc] GC(1223) Pause Young (Allocation Failure) 13M->13M(15M) 0.043ms
[135.366s][info][gc] GC(1224) Pause Full (Allocation Failure) 13M->7M(15M) 18.892ms
[135.375s][info][gc] GC(1225) Pause Young (Allocation Failure) 11M->9M(15M) 4.204ms
[135.380s][info][gc] GC(1226) Pause Young (Allocation Failure) 13M->13M(15M) 0.040ms
[135.399s][info][gc] GC(1227) Pause Full (Allocation Failure) 13M->6M(15M) 18.809ms
[135.408s][info][gc] GC(1228) Pause Young (Allocation Failure) 11M->8M(15M) 4.148ms
[135.413s][info][gc] GC(1229) Pause Young (Allocation Failure) 13M->13M(15M) 0.039ms
[135.433s][info][gc] GC(1230) Pause Full (Allocation Failure) 13M->7M(15M) 19.447ms
[135.442s][info][gc] GC(1231) Pause Young (Allocation Failure) 11M->9M(15M) 4.179ms
[135.447s][info][gc] GC(1232) Pause Young (Allocation Failure) 13M->13M(15M) 0.036ms
[135.466s][info][gc] GC(1233) Pause Full (Allocation Failure) 13M->7M(15M) 18.308ms
[135.475s][info][gc] GC(1234) Pause Young (Allocation Failure) 11M->9M(15M) 4.123ms
[135.480s][info][gc] GC(1235) Pause Young (Allocation Failure) 13M->13M(15M) 0.048ms
[135.499s][info][gc] GC(1236) Pause Full (Allocation Failure) 13M->7M(15M) 18.860ms
[135.509s][info][gc] GC(1237) Pause Young (Allocation Failure) 11M->9M(15M) 4.429ms
[135.514s][info][gc] GC(1238) Pause Young (Allocation Failure) 13M->13M(15M) 0.046ms
[135.533s][info][gc] GC(1239) Pause Full (Allocation Failure) 13M->6M(15M) 19.695ms
[135.543s][info][gc] GC(1240) Pause Young (Allocation Failure) 11M->9M(15M) 4.207ms
[135.548s][info][gc] GC(1241) Pause Young (Allocation Failure) 13M->13M(15M) 0.045ms
[135.567s][info][gc] GC(1242) Pause Full (Allocation Failure) 13M->7M(15M) 19.095ms
[135.576s][info][gc] GC(1243) Pause Young (Allocation Failure) 11M->9M(15M) 3.914ms
[135.581s][info][gc] GC(1244) Pause Young (Allocation Failure) 13M->13M(15M) 0.035ms
[135.600s][info][gc] GC(1245) Pause Full (Allocation Failure) 13M->7M(15M) 18.632ms
[135.609s][info][gc] GC(1246) Pause Young (Allocation Failure) 11M->9M(15M) 4.266ms
[135.614s][info][gc] GC(1247) Pause Young (Allocation Failure) 13M->13M(15M) 0.036ms
[135.634s][info][gc] GC(1248) Pause Full (Allocation Failure) 13M->7M(15M) 19.307ms
[135.644s][info][gc] GC(1249) Pause Young (Allocation Failure) 11M->9M(15M) 4.661ms
[135.650s][info][gc] GC(1250) Pause Young (Allocation Failure) 13M->13M(15M) 0.082ms
[135.669s][info][gc] GC(1251) Pause Full (Allocation Failure) 13M->6M(15M) 19.038ms
[135.679s][info][gc] GC(1252) Pause Young (Allocation Failure) 10M->8M(15M) 4.216ms
[135.684s][info][gc] GC(1253) Pause Young (Allocation Failure) 12M->12M(15M) 0.045ms
[135.705s][info][gc] GC(1254) Pause Full (Allocation Failure) 12M->7M(15M) 20.304ms
[135.716s][info][gc] GC(1255) Pause Young (Allocation Failure) 11M->9M(15M) 4.169ms
[135.721s][info][gc] GC(1256) Pause Young (Allocation Failure) 13M->13M(15M) 0.041ms
[135.740s][info][gc] GC(1257) Pause Full (Allocation Failure) 13M->7M(15M) 19.261ms
[135.750s][info][gc] GC(1258) Pause Young (Allocation Failure) 11M->9M(15M) 3.942ms
[135.755s][info][gc] GC(1259) Pause Young (Allocation Failure) 13M->13M(15M) 0.044ms
[135.773s][info][gc] GC(1260) Pause Full (Allocation Failure) 13M->7M(15M) 18.550ms
[135.783s][info][gc] GC(1261) Pause Young (Allocation Failure) 11M->9M(15M) 4.044ms
[135.788s][info][gc] GC(1262) Pause Young (Allocation Failure) 13M->13M(15M) 0.034ms
[135.807s][info][gc] GC(1263) Pause Full (Allocation Failure) 13M->6M(15M) 19.250ms
[135.816s][info][gc] GC(1264) Pause Young (Allocation Failure) 11M->8M(15M) 4.003ms
[135.821s][info][gc] GC(1265) Pause Young (Allocation Failure) 13M->13M(15M) 0.034ms
[135.840s][info][gc] GC(1266) Pause Full (Allocation Failure) 13M->7M(15M) 18.977ms
[135.850s][info][gc] GC(1267) Pause Young (Allocation Failure) 11M->9M(15M) 4.255ms
[135.855s][info][gc] GC(1268) Pause Young (Allocation Failure) 13M->13M(15M) 0.046ms
[135.874s][info][gc] GC(1269) Pause Full (Allocation Failure) 13M->7M(15M) 19.285ms
[135.883s][info][gc] GC(1270) Pause Young (Allocation Failure) 11M->9M(15M) 4.062ms
[135.888s][info][gc] GC(1271) Pause Young (Allocation Failure) 13M->13M(15M) 0.034ms
[135.907s][info][gc] GC(1272) Pause Full (Allocation Failure) 13M->7M(15M) 19.138ms
[135.917s][info][gc] GC(1273) Pause Young (Allocation Failure) 11M->9M(15M) 4.607ms
[135.922s][info][gc] GC(1274) Pause Young (Allocation Failure) 13M->13M(15M) 0.041ms
[135.943s][info][gc] GC(1275) Pause Full (Allocation Failure) 13M->6M(15M) 20.289ms
[135.953s][info][gc] GC(1276) Pause Young (Allocation Failure) 11M->9M(15M) 4.425ms
[135.958s][info][gc] GC(1277) Pause Young (Allocation Failure) 13M->13M(15M) 0.044ms
[135.978s][info][gc] GC(1278) Pause Full (Allocation Failure) 13M->7M(15M) 19.971ms
[135.988s][info][gc] GC(1279) Pause Young (Allocation Failure) 11M->9M(15M) 4.496ms
[135.993s][info][gc] GC(1280) Pause Young (Allocation Failure) 13M->13M(15M) 0.041ms
[136.012s][info][gc] GC(1281) Pause Full (Allocation Failure) 13M->7M(15M) 19.797ms
[136.022s][info][gc] GC(1282) Pause Young (Allocation Failure) 11M->9M(15M) 4.116ms
[136.027s][info][gc] GC(1283) Pause Young (Allocation Failure) 13M->13M(15M) 0.043ms
[136.047s][info][gc] GC(1284) Pause Full (Allocation Failure) 13M->7M(15M) 19.800ms
[136.057s][info][gc] GC(1285) Pause Young (Allocation Failure) 11M->9M(15M) 4.246ms
[136.062s][info][gc] GC(1286) Pause Young (Allocation Failure) 13M->13M(15M) 0.048ms
[136.081s][info][gc] GC(1287) Pause Full (Allocation Failure) 13M->6M(15M) 19.557ms
[136.091s][info][gc] GC(1288) Pause Young (Allocation Failure) 11M->8M(15M) 4.303ms
[136.096s][info][gc] GC(1289) Pause Young (Allocation Failure) 13M->13M(15M) 0.037ms
[136.115s][info][gc] GC(1290) Pause Full (Allocation Failure) 13M->7M(15M) 19.107ms
[136.124s][info][gc] GC(1291) Pause Young (Allocation Failure) 11M->9M(15M) 3.969ms
[136.129s][info][gc] GC(1292) Pause Young (Allocation Failure) 13M->13M(15M) 0.039ms
[136.148s][info][gc] GC(1293) Pause Full (Allocation Failure) 13M->7M(15M) 19.225ms
[136.158s][info][gc] GC(1294) Pause Young (Allocation Failure) 11M->9M(15M) 4.206ms
[136.163s][info][gc] GC(1295) Pause Young (Allocation Failure) 13M->13M(15M) 0.034ms
[136.182s][info][gc] GC(1296) Pause Full (Allocation Failure) 13M->7M(15M) 18.936ms
[136.191s][info][gc] GC(1297) Pause Young (Allocation Failure) 11M->9M(15M) 4.017ms
[136.196s][info][gc] GC(1298) Pause Young (Allocation Failure) 13M->13M(15M) 0.034ms
[136.214s][info][gc] GC(1299) Pause Full (Allocation Failure) 13M->6M(15M) 18.757ms
[136.224s][info][gc] GC(1300) Pause Young (Allocation Failure) 11M->9M(15M) 4.202ms
[136.229s][info][gc] GC(1301) Pause Young (Allocation Failure) 13M->13M(15M) 0.035ms
[136.247s][info][gc] GC(1302) Pause Full (Allocation Failure) 13M->7M(15M) 18.264ms
[136.256s][info][gc] GC(1303) Pause Young (Allocation Failure) 11M->9M(15M) 4.024ms
[136.261s][info][gc] GC(1304) Pause Young (Allocation Failure) 13M->13M(15M) 0.034ms
[136.280s][info][gc] GC(1305) Pause Full (Allocation Failure) 13M->7M(15M) 18.884ms
[136.289s][info][gc] GC(1306) Pause Young (Allocation Failure) 11M->9M(15M) 3.958ms
[136.294s][info][gc] GC(1307) Pause Young (Allocation Failure) 13M->13M(15M) 0.033ms
[136.313s][info][gc] GC(1308) Pause Full (Allocation Failure) 13M->7M(15M) 19.157ms
[136.323s][info][gc] GC(1309) Pause Young (Allocation Failure) 11M->9M(15M) 4.354ms
[136.327s][info][gc] GC(1310) Pause Young (Allocation Failure) 13M->13M(15M) 0.035ms
[136.347s][info][gc] GC(1311) Pause Full (Allocation Failure) 13M->6M(15M) 19.093ms
[136.356s][info][gc] GC(1312) Pause Young (Allocation Failure) 11M->8M(15M) 3.930ms
[136.361s][info][gc] GC(1313) Pause Young (Allocation Failure) 13M->13M(15M) 0.034ms
[136.380s][info][gc] GC(1314) Pause Full (Allocation Failure) 13M->7M(15M) 19.213ms
[136.390s][info][gc] GC(1315) Pause Young (Allocation Failure) 11M->9M(15M) 4.505ms
[136.395s][info][gc] GC(1316) Pause Young (Allocation Failure) 13M->13M(15M) 0.038ms
[136.415s][info][gc] GC(1317) Pause Full (Allocation Failure) 13M->7M(15M) 19.801ms
[136.424s][info][gc] GC(1318) Pause Young (Allocation Failure) 11M->9M(15M) 4.079ms
[136.430s][info][gc] GC(1319) Pause Young (Allocation Failure) 13M->13M(15M) 0.043ms
[136.450s][info][gc] GC(1320) Pause Full (Allocation Failure) 13M->7M(15M) 20.570ms
[136.460s][info][gc] GC(1321) Pause Young (Allocation Failure) 11M->9M(15M) 4.466ms
[136.466s][info][gc] GC(1322) Pause Young (Allocation Failure) 13M->13M(15M) 0.059ms
[136.486s][info][gc] GC(1323) Pause Full (Allocation Failure) 13M->6M(15M) 20.094ms
[136.497s][info][gc] GC(1324) Pause Young (Allocation Failure) 11M->8M(15M) 4.513ms
[136.502s][info][gc] GC(1325) Pause Young (Allocation Failure) 13M->13M(15M) 0.053ms
[136.522s][info][gc] GC(1326) Pause Full (Allocation Failure) 13M->7M(15M) 20.224ms
[136.531s][info][gc] GC(1327) Pause Young (Allocation Failure) 11M->9M(15M) 3.984ms
[136.536s][info][gc] GC(1328) Pause Young (Allocation Failure) 13M->13M(15M) 0.038ms
[136.556s][info][gc] GC(1329) Pause Full (Allocation Failure) 13M->7M(15M) 19.787ms
[136.566s][info][gc] GC(1330) Pause Young (Allocation Failure) 11M->9M(15M) 4.249ms
[136.571s][info][gc] GC(1331) Pause Young (Allocation Failure) 13M->13M(15M) 0.034ms
[136.591s][info][gc] GC(1332) Pause Full (Allocation Failure) 13M->7M(15M) 20.520ms
[136.601s][info][gc] GC(1333) Pause Young (Allocation Failure) 11M->9M(15M) 4.139ms
[136.606s][info][gc] GC(1334) Pause Young (Allocation Failure) 13M->13M(15M) 0.048ms
[136.626s][info][gc] GC(1335) Pause Full (Allocation Failure) 13M->6M(15M) 19.794ms
[136.635s][info][gc] GC(1336) Pause Young (Allocation Failure) 11M->8M(15M) 4.245ms
[136.640s][info][gc] GC(1337) Pause Young (Allocation Failure) 13M->13M(15M) 0.036ms
[136.660s][info][gc] GC(1338) Pause Full (Allocation Failure) 13M->7M(15M) 19.998ms
[136.669s][info][gc] GC(1339) Pause Young (Allocation Failure) 11M->9M(15M) 3.996ms
[136.675s][info][gc] GC(1340) Pause Young (Allocation Failure) 13M->13M(15M) 0.044ms
[136.695s][info][gc] GC(1341) Pause Full (Allocation Failure) 13M->7M(15M) 19.915ms
[136.705s][info][gc] GC(1342) Pause Young (Allocation Failure) 11M->9M(15M) 4.103ms
[136.710s][info][gc] GC(1343) Pause Young (Allocation Failure) 13M->13M(15M) 0.046ms
[136.730s][info][gc] GC(1344) Pause Full (Allocation Failure) 13M->7M(15M) 19.291ms
[136.739s][info][gc] GC(1345) Pause Young (Allocation Failure) 11M->9M(15M) 4.244ms
[136.744s][info][gc] GC(1346) Pause Young (Allocation Failure) 13M->13M(15M) 0.047ms
[136.764s][info][gc] GC(1347) Pause Full (Allocation Failure) 13M->6M(15M) 19.650ms
[136.772s][info][gc] GC(1348) Pause Young (Allocation Failure) 11M->8M(15M) 3.803ms
[136.778s][info][gc] GC(1349) Pause Young (Allocation Failure) 13M->13M(15M) 0.045ms
[136.797s][info][gc] GC(1350) Pause Full (Allocation Failure) 13M->7M(15M) 19.514ms
[136.807s][info][gc] GC(1351) Pause Young (Allocation Failure) 11M->9M(15M) 4.055ms
[136.812s][info][gc] GC(1352) Pause Young (Allocation Failure) 13M->13M(15M) 0.045ms
[136.831s][info][gc] GC(1353) Pause Full (Allocation Failure) 13M->7M(15M) 18.623ms
[136.840s][info][gc] GC(1354) Pause Young (Allocation Failure) 11M->9M(15M) 3.831ms
[136.845s][info][gc] GC(1355) Pause Young (Allocation Failure) 13M->13M(15M) 0.040ms
[136.865s][info][gc] GC(1356) Pause Full (Allocation Failure) 13M->7M(15M) 19.575ms
[136.874s][info][gc] GC(1357) Pause Young (Allocation Failure) 11M->9M(15M) 4.172ms
[136.880s][info][gc] GC(1358) Pause Young (Allocation Failure) 13M->13M(15M) 0.037ms
[136.900s][info][gc] GC(1359) Pause Full (Allocation Failure) 13M->7M(15M) 19.925ms
[136.910s][info][gc] GC(1360) Pause Young (Allocation Failure) 11M->9M(15M) 4.450ms
[136.915s][info][gc] GC(1361) Pause Young (Allocation Failure) 13M->13M(15M) 0.041ms
[136.934s][info][gc] GC(1362) Pause Full (Allocation Failure) 13M->7M(15M) 19.654ms
[136.944s][info][gc] GC(1363) Pause Young (Allocation Failure) 11M->9M(15M) 4.132ms
[136.949s][info][gc] GC(1364) Pause Young (Allocation Failure) 13M->13M(15M) 0.038ms
[136.968s][info][gc] GC(1365) Pause Full (Allocation Failure) 13M->7M(15M) 19.276ms
[136.978s][info][gc] GC(1366) Pause Young (Allocation Failure) 11M->9M(15M) 4.172ms
[136.983s][info][gc] GC(1367) Pause Young (Allocation Failure) 13M->13M(15M) 0.035ms
[137.002s][info][gc] GC(1368) Pause Full (Allocation Failure) 13M->7M(15M) 19.105ms
[137.012s][info][gc] GC(1369) Pause Young (Allocation Failure) 11M->9M(15M) 4.322ms
[137.016s][info][gc] GC(1370) Pause Young (Allocation Failure) 13M->13M(15M) 0.034ms
[137.036s][info][gc] GC(1371) Pause Full (Allocation Failure) 13M->6M(15M) 19.106ms
[137.045s][info][gc] GC(1372) Pause Young (Allocation Failure) 11M->9M(15M) 4.070ms
[137.050s][info][gc] GC(1373) Pause Young (Allocation Failure) 13M->13M(15M) 0.034ms
[137.069s][info][gc] GC(1374) Pause Full (Allocation Failure) 13M->7M(15M) 19.133ms
[137.078s][info][gc] GC(1375) Pause Young (Allocation Failure) 11M->9M(15M) 4.054ms
[137.083s][info][gc] GC(1376) Pause Young (Allocation Failure) 13M->13M(15M) 0.037ms
[137.102s][info][gc] GC(1377) Pause Full (Allocation Failure) 13M->7M(15M) 19.237ms
[137.111s][info][gc] GC(1378) Pause Young (Allocation Failure) 11M->9M(15M) 4.071ms
[137.116s][info][gc] GC(1379) Pause Young (Allocation Failure) 13M->13M(15M) 0.035ms
[137.135s][info][gc] GC(1380) Pause Full (Allocation Failure) 13M->7M(15M) 18.675ms
[137.144s][info][gc] GC(1381) Pause Young (Allocation Failure) 11M->9M(15M) 4.065ms
[137.149s][info][gc] GC(1382) Pause Young (Allocation Failure) 13M->13M(15M) 0.034ms
[137.168s][info][gc] GC(1383) Pause Full (Allocation Failure) 13M->7M(15M) 19.255ms
[137.178s][info][gc] GC(1384) Pause Young (Allocation Failure) 11M->9M(15M) 4.086ms
[137.183s][info][gc] GC(1385) Pause Young (Allocation Failure) 13M->13M(15M) 0.035ms
[137.201s][info][gc] GC(1386) Pause Full (Allocation Failure) 13M->7M(15M) 18.287ms
[137.210s][info][gc] GC(1387) Pause Young (Allocation Failure) 11M->9M(15M) 4.120ms
[137.215s][info][gc] GC(1388) Pause Young (Allocation Failure) 13M->13M(15M) 0.034ms
[137.234s][info][gc] GC(1389) Pause Full (Allocation Failure) 13M->7M(15M) 19.344ms
[137.244s][info][gc] GC(1390) Pause Young (Allocation Failure) 11M->9M(15M) 4.050ms
[137.249s][info][gc] GC(1391) Pause Young (Allocation Failure) 13M->13M(15M) 0.034ms
[137.268s][info][gc] GC(1392) Pause Full (Allocation Failure) 13M->7M(15M) 19.170ms
[137.277s][info][gc] GC(1393) Pause Young (Allocation Failure) 11M->9M(15M) 4.330ms
[137.282s][info][gc] GC(1394) Pause Young (Allocation Failure) 14M->14M(15M) 0.036ms
[137.302s][info][gc] GC(1395) Pause Full (Allocation Failure) 14M->7M(15M) 19.184ms
[137.311s][info][gc] GC(1396) Pause Young (Allocation Failure) 11M->9M(15M) 4.087ms
[137.316s][info][gc] GC(1397) Pause Young (Allocation Failure) 13M->13M(15M) 0.035ms
[137.336s][info][gc] GC(1398) Pause Full (Allocation Failure) 13M->7M(15M) 20.136ms
[137.345s][info][gc] GC(1399) Pause Young (Allocation Failure) 11M->9M(15M) 4.402ms
[137.350s][info][gc] GC(1400) Pause Young (Allocation Failure) 13M->13M(15M) 0.036ms
[137.370s][info][gc] GC(1401) Pause Full (Allocation Failure) 13M->7M(15M) 19.854ms
[137.380s][info][gc] GC(1402) Pause Young (Allocation Failure) 11M->9M(15M) 4.098ms
[137.385s][info][gc] GC(1403) Pause Young (Allocation Failure) 13M->13M(15M) 0.038ms
[137.404s][info][gc] GC(1404) Pause Full (Allocation Failure) 13M->7M(15M) 19.424ms
[137.414s][info][gc] GC(1405) Pause Young (Allocation Failure) 11M->9M(15M) 4.534ms
[137.419s][info][gc] GC(1406) Pause Young (Allocation Failure) 13M->13M(15M) 0.037ms
[137.439s][info][gc] GC(1407) Pause Full (Allocation Failure) 13M->6M(15M) 19.371ms
[137.448s][info][gc] GC(1408) Pause Young (Allocation Failure) 11M->9M(15M) 4.335ms
[137.453s][info][gc] GC(1409) Pause Young (Allocation Failure) 13M->13M(15M) 0.035ms
[137.473s][info][gc] GC(1410) Pause Full (Allocation Failure) 13M->7M(15M) 19.893ms
[137.483s][info][gc] GC(1411) Pause Young (Allocation Failure) 11M->9M(15M) 4.251ms
[137.488s][info][gc] GC(1412) Pause Young (Allocation Failure) 13M->13M(15M) 0.047ms
[137.508s][info][gc] GC(1413) Pause Full (Allocation Failure) 13M->7M(15M) 20.368ms
[137.514s][info][gc] GC(1414) Pause Young (Allocation Failure) 12M->12M(15M) 0.045ms
[137.533s][info][gc] GC(1415) Pause Full (Allocation Failure) 12M->6M(15M) 19.402ms
[137.542s][info][gc] GC(1416) Pause Young (Allocation Failure) 11M->9M(15M) 4.044ms
[137.548s][info][gc] GC(1417) Pause Young (Allocation Failure) 13M->13M(15M) 0.045ms
[137.572s][info][gc] GC(1418) Pause Full (Allocation Failure) 13M->7M(15M) 23.906ms
[137.581s][info][gc] GC(1419) Pause Young (Allocation Failure) 11M->9M(15M) 4.345ms
[137.586s][info][gc] GC(1420) Pause Young (Allocation Failure) 13M->13M(15M) 0.040ms
[137.607s][info][gc] GC(1421) Pause Full (Allocation Failure) 13M->7M(15M) 20.385ms
[137.617s][info][gc] GC(1422) Pause Young (Allocation Failure) 12M->9M(15M) 4.185ms
[137.622s][info][gc] GC(1423) Pause Young (Allocation Failure) 14M->14M(15M) 0.040ms
[137.642s][info][gc] GC(1424) Pause Full (Allocation Failure) 14M->7M(15M) 19.794ms
[137.651s][info][gc] GC(1425) Pause Young (Allocation Failure) 11M->9M(15M) 3.978ms
[137.657s][info][gc] GC(1426) Pause Young (Allocation Failure) 13M->13M(15M) 0.039ms
[137.676s][info][gc] GC(1427) Pause Full (Allocation Failure) 13M->7M(15M) 19.592ms
[137.685s][info][gc] GC(1428) Pause Young (Allocation Failure) 11M->9M(15M) 3.957ms
[137.690s][info][gc] GC(1429) Pause Young (Allocation Failure) 13M->13M(15M) 0.042ms
[137.710s][info][gc] GC(1430) Pause Full (Allocation Failure) 13M->7M(15M) 19.786ms
[137.720s][info][gc] GC(1431) Pause Young (Allocation Failure) 11M->9M(15M) 4.212ms
[137.725s][info][gc] GC(1432) Pause Young (Allocation Failure) 13M->13M(15M) 0.047ms
[137.747s][info][gc] GC(1433) Pause Full (Allocation Failure) 13M->7M(15M) 21.305ms
[137.752s][info][gc] GC(1434) Pause Young (Allocation Failure) 12M->12M(15M) 0.044ms
[137.771s][info][gc] GC(1435) Pause Full (Allocation Failure) 12M->6M(15M) 19.340ms
[137.781s][info][gc] GC(1436) Pause Young (Allocation Failure) 11M->9M(15M) 4.021ms
[137.786s][info][gc] GC(1437) Pause Young (Allocation Failure) 13M->13M(15M) 0.043ms
[137.806s][info][gc] GC(1438) Pause Full (Allocation Failure) 13M->7M(15M) 20.213ms
[137.816s][info][gc] GC(1439) Pause Young (Allocation Failure) 11M->9M(15M) 4.289ms
[137.823s][info][gc] GC(1440) Pause Young (Allocation Failure) 13M->13M(15M) 0.042ms
[137.843s][info][gc] GC(1441) Pause Full (Allocation Failure) 13M->7M(15M) 20.531ms
[137.853s][info][gc] GC(1442) Pause Young (Allocation Failure) 11M->9M(15M) 4.436ms
[137.858s][info][gc] GC(1443) Pause Young (Allocation Failure) 13M->13M(15M) 0.052ms
[137.879s][info][gc] GC(1444) Pause Full (Allocation Failure) 13M->7M(15M) 20.449ms
[137.884s][info][gc] GC(1445) Pause Young (Allocation Failure) 12M->12M(15M) 0.044ms
[137.903s][info][gc] GC(1446) Pause Full (Allocation Failure) 12M->6M(15M) 18.408ms
[137.912s][info][gc] GC(1447) Pause Young (Allocation Failure) 11M->9M(15M) 3.902ms
[137.918s][info][gc] GC(1448) Pause Young (Allocation Failure) 13M->13M(15M) 0.043ms
[137.938s][info][gc] GC(1449) Pause Full (Allocation Failure) 13M->7M(15M) 20.293ms
[137.948s][info][gc] GC(1450) Pause Young (Allocation Failure) 12M->9M(15M) 4.314ms
[137.953s][info][gc] GC(1451) Pause Young (Allocation Failure) 14M->14M(15M) 0.049ms
[137.973s][info][gc] GC(1452) Pause Full (Allocation Failure) 14M->6M(15M) 20.067ms
[137.982s][info][gc] GC(1453) Pause Young (Allocation Failure) 11M->9M(15M) 4.146ms
[137.987s][info][gc] GC(1454) Pause Young (Allocation Failure) 13M->13M(15M) 0.035ms
[138.007s][info][gc] GC(1455) Pause Full (Allocation Failure) 13M->7M(15M) 19.837ms
[138.016s][info][gc] GC(1456) Pause Young (Allocation Failure) 11M->9M(15M) 3.986ms
[138.022s][info][gc] GC(1457) Pause Young (Allocation Failure) 13M->13M(15M) 0.039ms
[138.041s][info][gc] GC(1458) Pause Full (Allocation Failure) 13M->7M(15M) 19.308ms
[138.050s][info][gc] GC(1459) Pause Young (Allocation Failure) 11M->9M(15M) 3.959ms
[138.055s][info][gc] GC(1460) Pause Young (Allocation Failure) 14M->14M(15M) 0.039ms
[138.074s][info][gc] GC(1461) Pause Full (Allocation Failure) 14M->7M(15M) 18.805ms
[138.083s][info][gc] GC(1462) Pause Young (Allocation Failure) 11M->9M(15M) 3.890ms
[138.089s][info][gc] GC(1463) Pause Young (Allocation Failure) 13M->13M(15M) 0.034ms
[138.108s][info][gc] GC(1464) Pause Full (Allocation Failure) 13M->7M(15M) 19.586ms
[138.117s][info][gc] GC(1465) Pause Young (Allocation Failure) 11M->9M(15M) 3.882ms
[138.122s][info][gc] GC(1466) Pause Young (Allocation Failure) 13M->13M(15M) 0.034ms
[138.142s][info][gc] GC(1467) Pause Full (Allocation Failure) 13M->7M(15M) 19.223ms
[138.147s][info][gc] GC(1468) Pause Young (Allocation Failure) 11M->11M(15M) 0.038ms
[138.165s][info][gc] GC(1469) Pause Full (Allocation Failure) 11M->6M(15M) 17.415ms
[138.173s][info][gc] GC(1470) Pause Young (Allocation Failure) 11M->9M(15M) 3.839ms
[138.178s][info][gc] GC(1471) Pause Young (Allocation Failure) 13M->13M(15M) 0.034ms
[138.197s][info][gc] GC(1472) Pause Full (Allocation Failure) 13M->7M(15M) 19.102ms
[138.207s][info][gc] GC(1473) Pause Young (Allocation Failure) 11M->9M(15M) 4.178ms
[138.212s][info][gc] GC(1474) Pause Young (Allocation Failure) 14M->14M(15M) 0.034ms
[138.231s][info][gc] GC(1475) Pause Full (Allocation Failure) 14M->6M(15M) 18.906ms
[138.240s][info][gc] GC(1476) Pause Young (Allocation Failure) 11M->8M(15M) 4.093ms
[138.245s][info][gc] GC(1477) Pause Young (Allocation Failure) 13M->13M(15M) 0.036ms
[138.265s][info][gc] GC(1478) Pause Full (Allocation Failure) 13M->7M(15M) 20.061ms
[138.275s][info][gc] GC(1479) Pause Young (Allocation Failure) 11M->9M(15M) 4.468ms
[138.280s][info][gc] GC(1480) Pause Young (Allocation Failure) 13M->13M(15M) 0.038ms
[138.300s][info][gc] GC(1481) Pause Full (Allocation Failure) 13M->7M(15M) 20.644ms
[138.306s][info][gc] GC(1482) Pause Young (Allocation Failure) 12M->12M(15M) 0.040ms
[138.325s][info][gc] GC(1483) Pause Full (Allocation Failure) 12M->6M(15M) 19.461ms
[138.335s][info][gc] GC(1484) Pause Young (Allocation Failure) 11M->9M(15M) 4.124ms
[138.340s][info][gc] GC(1485) Pause Young (Allocation Failure) 13M->13M(15M) 0.041ms
[138.361s][info][gc] GC(1486) Pause Full (Allocation Failure) 13M->7M(15M) 21.056ms
[138.371s][info][gc] GC(1487) Pause Young (Allocation Failure) 11M->9M(15M) 4.484ms
[138.376s][info][gc] GC(1488) Pause Young (Allocation Failure) 13M->13M(15M) 0.041ms
[138.396s][info][gc] GC(1489) Pause Full (Allocation Failure) 13M->7M(15M) 20.525ms
[138.406s][info][gc] GC(1490) Pause Young (Allocation Failure) 11M->9M(15M) 4.167ms
[138.411s][info][gc] GC(1491) Pause Young (Allocation Failure) 13M->13M(15M) 0.042ms
[138.430s][info][gc] GC(1492) Pause Full (Allocation Failure) 13M->7M(15M) 19.238ms
[138.439s][info][gc] GC(1493) Pause Young (Allocation Failure) 11M->9M(15M) 4.114ms
[138.445s][info][gc] GC(1494) Pause Young (Allocation Failure) 13M->13M(15M) 0.039ms
[138.464s][info][gc] GC(1495) Pause Full (Allocation Failure) 13M->7M(15M) 19.779ms
[138.470s][info][gc] GC(1496) Pause Young (Allocation Failure) 12M->12M(15M) 0.037ms
[138.488s][info][gc] GC(1497) Pause Full (Allocation Failure) 12M->6M(15M) 18.002ms
[138.497s][info][gc] GC(1498) Pause Young (Allocation Failure) 10M->8M(15M) 4.372ms
[138.502s][info][gc] GC(1499) Pause Young (Allocation Failure) 12M->12M(15M) 0.045ms
[138.524s][info][gc] GC(1500) Pause Full (Allocation Failure) 12M->7M(15M) 21.154ms
[138.529s][info][gc] GC(1501) Pause Young (Allocation Failure) 12M->12M(15M) 0.045ms
[138.548s][info][gc] GC(1502) Pause Full (Allocation Failure) 12M->6M(15M) 18.399ms
[138.557s][info][gc] GC(1503) Pause Young (Allocation Failure) 11M->9M(15M) 3.971ms
[138.562s][info][gc] GC(1504) Pause Young (Allocation Failure) 13M->13M(15M) 0.044ms
[138.582s][info][gc] GC(1505) Pause Full (Allocation Failure) 13M->7M(15M) 20.186ms
[138.587s][info][gc] GC(1506) Pause Young (Allocation Failure) 11M->11M(15M) 0.037ms
[138.606s][info][gc] GC(1507) Pause Full (Allocation Failure) 11M->6M(15M) 18.902ms
[138.616s][info][gc] GC(1508) Pause Young (Allocation Failure) 10M->8M(15M) 4.102ms
[138.621s][info][gc] GC(1509) Pause Young (Allocation Failure) 12M->12M(15M) 0.041ms
[138.642s][info][gc] GC(1510) Pause Full (Allocation Failure) 12M->7M(15M) 20.562ms
[138.647s][info][gc] GC(1511) Pause Young (Allocation Failure) 11M->11M(15M) 0.051ms
[138.666s][info][gc] GC(1512) Pause Full (Allocation Failure) 11M->7M(15M) 19.174ms
[138.676s][info][gc] GC(1513) Pause Young (Allocation Failure) 11M->9M(15M) 4.333ms
[138.681s][info][gc] GC(1514) Pause Young (Allocation Failure) 13M->13M(15M) 0.042ms
[138.701s][info][gc] GC(1515) Pause Full (Allocation Failure) 13M->7M(15M) 19.923ms
[138.706s][info][gc] GC(1516) Pause Young (Allocation Failure) 12M->12M(15M) 0.045ms
[138.725s][info][gc] GC(1517) Pause Full (Allocation Failure) 12M->6M(15M) 18.483ms
[138.734s][info][gc] GC(1518) Pause Young (Allocation Failure) 10M->8M(15M) 4.118ms
[138.739s][info][gc] GC(1519) Pause Young (Allocation Failure) 12M->12M(15M) 0.043ms
[138.761s][info][gc] GC(1520) Pause Full (Allocation Failure) 12M->7M(15M) 21.117ms
[138.766s][info][gc] GC(1521) Pause Young (Allocation Failure) 12M->12M(15M) 0.044ms
[138.785s][info][gc] GC(1522) Pause Full (Allocation Failure) 12M->7M(15M) 19.145ms
[138.795s][info][gc] GC(1523) Pause Young (Allocation Failure) 11M->9M(15M) 4.148ms
[138.800s][info][gc] GC(1524) Pause Young (Allocation Failure) 13M->13M(15M) 0.036ms
[138.820s][info][gc] GC(1525) Pause Full (Allocation Failure) 13M->7M(15M) 20.883ms
[138.826s][info][gc] GC(1526) Pause Young (Allocation Failure) 12M->12M(15M) 0.046ms
[138.845s][info][gc] GC(1527) Pause Full (Allocation Failure) 12M->6M(15M) 18.628ms
[138.854s][info][gc] GC(1528) Pause Young (Allocation Failure) 10M->8M(15M) 4.253ms
[138.860s][info][gc] GC(1529) Pause Young (Allocation Failure) 12M->12M(15M) 0.045ms
[138.880s][info][gc] GC(1530) Pause Full (Allocation Failure) 12M->7M(15M) 20.248ms
[138.886s][info][gc] GC(1531) Pause Young (Allocation Failure) 12M->12M(15M) 0.042ms
[138.904s][info][gc] GC(1532) Pause Full (Allocation Failure) 12M->7M(15M) 18.436ms
[138.914s][info][gc] GC(1533) Pause Young (Allocation Failure) 11M->9M(15M) 4.384ms
[138.919s][info][gc] GC(1534) Pause Young (Allocation Failure) 13M->13M(15M) 0.036ms
[138.939s][info][gc] GC(1535) Pause Full (Allocation Failure) 13M->7M(15M) 19.929ms
[138.949s][info][gc] GC(1536) Pause Young (Allocation Failure) 11M->9M(15M) 4.310ms
[138.954s][info][gc] GC(1537) Pause Young (Allocation Failure) 13M->13M(15M) 0.036ms
[138.975s][info][gc] GC(1538) Pause Full (Allocation Failure) 13M->7M(15M) 21.201ms
[138.986s][info][gc] GC(1539) Pause Young (Allocation Failure) 11M->9M(15M) 4.422ms
[138.991s][info][gc] GC(1540) Pause Young (Allocation Failure) 13M->13M(15M) 0.036ms
[139.012s][info][gc] GC(1541) Pause Full (Allocation Failure) 13M->7M(15M) 20.905ms
[139.017s][info][gc] GC(1542) Pause Young (Allocation Failure) 12M->12M(15M) 0.043ms
[139.036s][info][gc] GC(1543) Pause Full (Allocation Failure) 12M->7M(15M) 18.841ms
[139.045s][info][gc] GC(1544) Pause Young (Allocation Failure) 11M->9M(15M) 4.422ms
[139.050s][info][gc] GC(1545) Pause Young (Allocation Failure) 13M->13M(15M) 0.038ms
[139.071s][info][gc] GC(1546) Pause Full (Allocation Failure) 13M->7M(15M) 20.435ms
[139.077s][info][gc] GC(1547) Pause Young (Allocation Failure) 12M->12M(15M) 0.046ms
[139.095s][info][gc] GC(1548) Pause Full (Allocation Failure) 12M->6M(15M) 18.113ms
[139.104s][info][gc] GC(1549) Pause Young (Allocation Failure) 10M->8M(15M) 3.809ms
[139.110s][info][gc] GC(1550) Pause Young (Allocation Failure) 12M->12M(15M) 0.043ms
[139.130s][info][gc] GC(1551) Pause Full (Allocation Failure) 12M->7M(15M) 20.264ms
[139.135s][info][gc] GC(1552) Pause Young (Allocation Failure) 12M->12M(15M) 0.043ms
[139.154s][info][gc] GC(1553) Pause Full (Allocation Failure) 12M->7M(15M) 19.134ms
[139.164s][info][gc] GC(1554) Pause Young (Allocation Failure) 11M->9M(15M) 4.181ms
[139.169s][info][gc] GC(1555) Pause Young (Allocation Failure) 13M->13M(15M) 0.072ms
[139.190s][info][gc] GC(1556) Pause Full (Allocation Failure) 13M->7M(15M) 20.635ms
[139.195s][info][gc] GC(1557) Pause Young (Allocation Failure) 12M->12M(15M) 0.043ms
[139.214s][info][gc] GC(1558) Pause Full (Allocation Failure) 12M->6M(15M) 18.897ms
[139.224s][info][gc] GC(1559) Pause Young (Allocation Failure) 10M->8M(15M) 3.924ms
[139.230s][info][gc] GC(1560) Pause Young (Allocation Failure) 12M->12M(15M) 0.044ms
[139.250s][info][gc] GC(1561) Pause Full (Allocation Failure) 12M->7M(15M) 19.823ms
[139.255s][info][gc] GC(1562) Pause Young (Allocation Failure) 11M->11M(15M) 0.039ms
[139.274s][info][gc] GC(1563) Pause Full (Allocation Failure) 11M->7M(15M) 18.664ms
[139.283s][info][gc] GC(1564) Pause Young (Allocation Failure) 11M->9M(15M) 3.882ms
[139.288s][info][gc] GC(1565) Pause Young (Allocation Failure) 13M->13M(15M) 0.038ms
[139.308s][info][gc] GC(1566) Pause Full (Allocation Failure) 13M->7M(15M) 20.338ms
[139.314s][info][gc] GC(1567) Pause Young (Allocation Failure) 12M->12M(15M) 0.044ms
[139.333s][info][gc] GC(1568) Pause Full (Allocation Failure) 12M->6M(15M) 18.876ms
[139.343s][info][gc] GC(1569) Pause Young (Allocation Failure) 10M->8M(15M) 4.315ms
[139.348s][info][gc] GC(1570) Pause Young (Allocation Failure) 13M->13M(15M) 0.042ms
[139.369s][info][gc] GC(1571) Pause Full (Allocation Failure) 13M->7M(15M) 20.843ms
[139.374s][info][gc] GC(1572) Pause Young (Allocation Failure) 11M->11M(15M) 0.040ms
[139.393s][info][gc] GC(1573) Pause Full (Allocation Failure) 11M->7M(15M) 19.028ms
[139.402s][info][gc] GC(1574) Pause Young (Allocation Failure) 11M->9M(15M) 3.755ms
[139.407s][info][gc] GC(1575) Pause Young (Allocation Failure) 13M->13M(15M) 0.035ms
[139.428s][info][gc] GC(1576) Pause Full (Allocation Failure) 13M->7M(15M) 20.709ms
[139.433s][info][gc] GC(1577) Pause Young (Allocation Failure) 12M->12M(15M) 0.050ms
[139.452s][info][gc] GC(1578) Pause Full (Allocation Failure) 12M->6M(15M) 18.990ms
[139.461s][info][gc] GC(1579) Pause Young (Allocation Failure) 10M->8M(15M) 4.308ms
[139.468s][info][gc] GC(1580) Pause Young (Allocation Failure) 12M->12M(15M) 0.044ms
[139.489s][info][gc] GC(1581) Pause Full (Allocation Failure) 12M->7M(15M) 21.011ms
[139.495s][info][gc] GC(1582) Pause Young (Allocation Failure) 12M->12M(15M) 0.048ms
[139.515s][info][gc] GC(1583) Pause Full (Allocation Failure) 12M->7M(15M) 19.745ms
[139.524s][info][gc] GC(1584) Pause Young (Allocation Failure) 11M->9M(15M) 4.195ms
[139.530s][info][gc] GC(1585) Pause Young (Allocation Failure) 13M->13M(15M) 0.045ms
[139.551s][info][gc] GC(1586) Pause Full (Allocation Failure) 13M->7M(15M) 20.808ms
[139.556s][info][gc] GC(1587) Pause Young (Allocation Failure) 12M->12M(15M) 0.046ms
[139.574s][info][gc] GC(1588) Pause Full (Allocation Failure) 12M->6M(15M) 18.492ms
[139.583s][info][gc] GC(1589) Pause Young (Allocation Failure) 10M->8M(15M) 3.819ms
[139.588s][info][gc] GC(1590) Pause Young (Allocation Failure) 12M->12M(15M) 0.035ms
[139.609s][info][gc] GC(1591) Pause Full (Allocation Failure) 12M->7M(15M) 20.347ms
[139.614s][info][gc] GC(1592) Pause Young (Allocation Failure) 12M->12M(15M) 0.038ms
[139.632s][info][gc] GC(1593) Pause Full (Allocation Failure) 12M->7M(15M) 18.022ms
[139.641s][info][gc] GC(1594) Pause Young (Allocation Failure) 11M->9M(15M) 3.881ms
[139.646s][info][gc] GC(1595) Pause Young (Allocation Failure) 13M->13M(15M) 0.038ms
[139.665s][info][gc] GC(1596) Pause Full (Allocation Failure) 13M->7M(15M) 19.094ms
[139.671s][info][gc] GC(1597) Pause Young (Allocation Failure) 12M->12M(15M) 0.041ms
[139.689s][info][gc] GC(1598) Pause Full (Allocation Failure) 12M->6M(15M) 17.829ms
[139.698s][info][gc] GC(1599) Pause Young (Allocation Failure) 10M->8M(15M) 3.922ms
[139.703s][info][gc] GC(1600) Pause Young (Allocation Failure) 13M->13M(15M) 0.034ms
[139.723s][info][gc] GC(1601) Pause Full (Allocation Failure) 13M->7M(15M) 19.456ms
[139.728s][info][gc] GC(1602) Pause Young (Allocation Failure) 12M->12M(15M) 0.037ms
[139.747s][info][gc] GC(1603) Pause Full (Allocation Failure) 12M->7M(15M) 18.446ms
[139.755s][info][gc] GC(1604) Pause Young (Allocation Failure) 11M->9M(15M) 3.767ms
[139.760s][info][gc] GC(1605) Pause Young (Allocation Failure) 13M->13M(15M) 0.053ms
[139.781s][info][gc] GC(1606) Pause Full (Allocation Failure) 13M->7M(15M) 20.226ms
[139.786s][info][gc] GC(1607) Pause Young (Allocation Failure) 12M->12M(15M) 0.038ms
[139.805s][info][gc] GC(1608) Pause Full (Allocation Failure) 12M->6M(15M) 18.913ms
[139.814s][info][gc] GC(1609) Pause Young (Allocation Failure) 10M->8M(15M) 4.016ms
[139.819s][info][gc] GC(1610) Pause Young (Allocation Failure) 13M->13M(15M) 0.039ms
[139.840s][info][gc] GC(1611) Pause Full (Allocation Failure) 13M->7M(15M) 20.664ms
[139.846s][info][gc] GC(1612) Pause Young (Allocation Failure) 12M->12M(15M) 0.041ms
[139.864s][info][gc] GC(1613) Pause Full (Allocation Failure) 12M->7M(15M) 18.362ms
[139.873s][info][gc] GC(1614) Pause Young (Allocation Failure) 11M->9M(15M) 3.997ms
[139.879s][info][gc] GC(1615) Pause Young (Allocation Failure) 13M->13M(15M) 0.040ms
[139.899s][info][gc] GC(1616) Pause Full (Allocation Failure) 13M->7M(15M) 20.218ms
[139.905s][info][gc] GC(1617) Pause Young (Allocation Failure) 11M->11M(15M) 0.041ms
[139.923s][info][gc] GC(1618) Pause Full (Allocation Failure) 11M->6M(15M) 18.642ms
[139.932s][info][gc] GC(1619) Pause Young (Allocation Failure) 10M->8M(15M) 3.822ms
[139.937s][info][gc] GC(1620) Pause Young (Allocation Failure) 13M->13M(15M) 0.038ms
[139.958s][info][gc] GC(1621) Pause Full (Allocation Failure) 13M->7M(15M) 20.233ms
[139.963s][info][gc] GC(1622) Pause Young (Allocation Failure) 12M->12M(15M) 0.045ms
[139.982s][info][gc] GC(1623) Pause Full (Allocation Failure) 12M->7M(15M) 18.973ms
[139.992s][info][gc] GC(1624) Pause Young (Allocation Failure) 11M->9M(15M) 4.196ms
[139.997s][info][gc] GC(1625) Pause Young (Allocation Failure) 13M->13M(15M) 0.041ms
[140.017s][info][gc] GC(1626) Pause Full (Allocation Failure) 13M->7M(15M) 19.922ms
[140.023s][info][gc] GC(1627) Pause Young (Allocation Failure) 12M->12M(15M) 0.039ms
[140.041s][info][gc] GC(1628) Pause Full (Allocation Failure) 12M->6M(15M) 18.515ms
[140.050s][info][gc] GC(1629) Pause Young (Allocation Failure) 10M->8M(15M) 3.728ms
[140.055s][info][gc] GC(1630) Pause Young (Allocation Failure) 12M->12M(15M) 0.036ms
[140.075s][info][gc] GC(1631) Pause Full (Allocation Failure) 12M->7M(15M) 19.913ms
[140.080s][info][gc] GC(1632) Pause Young (Allocation Failure) 12M->12M(15M) 0.038ms
[140.098s][info][gc] GC(1633) Pause Full (Allocation Failure) 12M->7M(15M) 17.887ms
[140.107s][info][gc] GC(1634) Pause Young (Allocation Failure) 11M->9M(15M) 3.867ms
[140.112s][info][gc] GC(1635) Pause Young (Allocation Failure) 13M->13M(15M) 0.043ms
[140.132s][info][gc] GC(1636) Pause Full (Allocation Failure) 13M->7M(15M) 20.167ms
[140.138s][info][gc] GC(1637) Pause Young (Allocation Failure) 12M->12M(15M) 0.044ms
[140.157s][info][gc] GC(1638) Pause Full (Allocation Failure) 12M->6M(15M) 18.986ms
[140.166s][info][gc] GC(1639) Pause Young (Allocation Failure) 10M->8M(15M) 3.875ms
[140.171s][info][gc] GC(1640) Pause Young (Allocation Failure) 12M->12M(15M) 0.045ms
[140.192s][info][gc] GC(1641) Pause Full (Allocation Failure) 12M->7M(15M) 20.720ms
[140.197s][info][gc] GC(1642) Pause Young (Allocation Failure) 12M->12M(15M) 0.042ms
[140.216s][info][gc] GC(1643) Pause Full (Allocation Failure) 12M->7M(15M) 18.944ms
[140.226s][info][gc] GC(1644) Pause Young (Allocation Failure) 11M->9M(15M) 4.150ms
[140.231s][info][gc] GC(1645) Pause Young (Allocation Failure) 13M->13M(15M) 0.039ms
[140.251s][info][gc] GC(1646) Pause Full (Allocation Failure) 13M->7M(15M) 19.412ms
[140.256s][info][gc] GC(1647) Pause Young (Allocation Failure) 11M->11M(15M) 0.042ms
[140.274s][info][gc] GC(1648) Pause Full (Allocation Failure) 11M->6M(15M) 17.877ms
[140.283s][info][gc] GC(1649) Pause Young (Allocation Failure) 11M->8M(15M) 3.738ms
[140.288s][info][gc] GC(1650) Pause Young (Allocation Failure) 13M->13M(15M) 0.037ms
[140.308s][info][gc] GC(1651) Pause Full (Allocation Failure) 13M->7M(15M) 19.476ms
[140.313s][info][gc] GC(1652) Pause Young (Allocation Failure) 12M->12M(15M) 0.043ms
[140.331s][info][gc] GC(1653) Pause Full (Allocation Failure) 12M->7M(15M) 18.315ms
[140.341s][info][gc] GC(1654) Pause Young (Allocation Failure) 11M->9M(15M) 4.204ms
[140.346s][info][gc] GC(1655) Pause Young (Allocation Failure) 13M->13M(15M) 0.038ms
[140.366s][info][gc] GC(1656) Pause Full (Allocation Failure) 13M->7M(15M) 20.363ms
[140.372s][info][gc] GC(1657) Pause Young (Allocation Failure) 12M->12M(15M) 0.043ms
[140.391s][info][gc] GC(1658) Pause Full (Allocation Failure) 12M->6M(15M) 18.814ms
[140.400s][info][gc] GC(1659) Pause Young (Allocation Failure) 10M->8M(15M) 3.812ms
[140.405s][info][gc] GC(1660) Pause Young (Allocation Failure) 13M->13M(15M) 0.039ms
[140.427s][info][gc] GC(1661) Pause Full (Allocation Failure) 13M->7M(15M) 21.362ms
[140.432s][info][gc] GC(1662) Pause Young (Allocation Failure) 12M->12M(15M) 0.041ms
[140.451s][info][gc] GC(1663) Pause Full (Allocation Failure) 12M->7M(15M) 19.128ms
[140.460s][info][gc] GC(1664) Pause Young (Allocation Failure) 11M->9M(15M) 4.148ms
[140.466s][info][gc] GC(1665) Pause Young (Allocation Failure) 13M->13M(15M) 0.038ms
[140.486s][info][gc] GC(1666) Pause Full (Allocation Failure) 13M->7M(15M) 20.104ms
[140.491s][info][gc] GC(1667) Pause Young (Allocation Failure) 11M->11M(15M) 0.050ms
[140.512s][info][gc] GC(1668) Pause Full (Allocation Failure) 11M->6M(15M) 20.047ms
[140.521s][info][gc] GC(1669) Pause Young (Allocation Failure) 10M->8M(15M) 3.617ms
[140.526s][info][gc] GC(1670) Pause Young (Allocation Failure) 13M->13M(15M) 0.044ms
[140.546s][info][gc] GC(1671) Pause Full (Allocation Failure) 13M->7M(15M) 19.845ms
[140.551s][info][gc] GC(1672) Pause Young (Allocation Failure) 12M->12M(15M) 0.038ms
[140.570s][info][gc] GC(1673) Pause Full (Allocation Failure) 12M->7M(15M) 18.281ms
[140.578s][info][gc] GC(1674) Pause Young (Allocation Failure) 11M->9M(15M) 3.810ms
[140.584s][info][gc] GC(1675) Pause Young (Allocation Failure) 13M->13M(15M) 0.034ms
[140.603s][info][gc] GC(1676) Pause Full (Allocation Failure) 13M->7M(15M) 19.644ms
[140.609s][info][gc] GC(1677) Pause Young (Allocation Failure) 12M->12M(15M) 0.043ms
[140.627s][info][gc] GC(1678) Pause Full (Allocation Failure) 12M->6M(15M) 18.670ms
[140.637s][info][gc] GC(1679) Pause Young (Allocation Failure) 10M->8M(15M) 3.919ms
[140.642s][info][gc] GC(1680) Pause Young (Allocation Failure) 13M->13M(15M) 0.038ms
[140.662s][info][gc] GC(1681) Pause Full (Allocation Failure) 13M->7M(15M) 20.160ms
[140.667s][info][gc] GC(1682) Pause Young (Allocation Failure) 12M->12M(15M) 0.042ms
[140.685s][info][gc] GC(1683) Pause Full (Allocation Failure) 12M->7M(15M) 18.046ms
[140.695s][info][gc] GC(1684) Pause Young (Allocation Failure) 11M->9M(15M) 4.029ms
[140.700s][info][gc] GC(1685) Pause Young (Allocation Failure) 13M->13M(15M) 0.035ms
[140.720s][info][gc] GC(1686) Pause Full (Allocation Failure) 13M->7M(15M) 20.393ms
[140.726s][info][gc] GC(1687) Pause Young (Allocation Failure) 11M->11M(15M) 0.043ms
[140.745s][info][gc] GC(1688) Pause Full (Allocation Failure) 11M->6M(15M) 19.473ms
[140.755s][info][gc] GC(1689) Pause Young (Allocation Failure) 11M->8M(15M) 4.273ms
[140.761s][info][gc] GC(1690) Pause Young (Allocation Failure) 13M->13M(15M) 0.048ms
[140.781s][info][gc] GC(1691) Pause Full (Allocation Failure) 13M->7M(15M) 20.490ms
[140.786s][info][gc] GC(1692) Pause Young (Allocation Failure) 12M->12M(15M) 0.040ms
[140.805s][info][gc] GC(1693) Pause Full (Allocation Failure) 12M->7M(15M) 18.999ms
[140.815s][info][gc] GC(1694) Pause Young (Allocation Failure) 11M->9M(15M) 4.034ms
[140.820s][info][gc] GC(1695) Pause Young (Allocation Failure) 13M->13M(15M) 0.039ms
[140.840s][info][gc] GC(1696) Pause Full (Allocation Failure) 13M->7M(15M) 20.446ms
[140.846s][info][gc] GC(1697) Pause Young (Allocation Failure) 12M->12M(15M) 0.042ms
[140.865s][info][gc] GC(1698) Pause Full (Allocation Failure) 12M->6M(15M) 19.222ms
[140.874s][info][gc] GC(1699) Pause Young (Allocation Failure) 11M->8M(15M) 3.844ms
[140.879s][info][gc] GC(1700) Pause Young (Allocation Failure) 13M->13M(15M) 0.039ms
[140.900s][info][gc] GC(1701) Pause Full (Allocation Failure) 13M->7M(15M) 20.624ms
[140.905s][info][gc] GC(1702) Pause Young (Allocation Failure) 12M->12M(15M) 0.038ms
[140.925s][info][gc] GC(1703) Pause Full (Allocation Failure) 12M->7M(15M) 19.512ms
[142.636s][info][gc] GC(1704) Pause Young (Allocation Failure) 11M->9M(15M) 4.906ms
[176.496s][info][gc] GC(1705) Pause Young (Allocation Failure) 13M->13M(15M) 0.090ms
[176.522s][info][gc] GC(1706) Pause Full (Allocation Failure) 13M->5M(15M) 25.351ms
[217.723s][info][gc] GC(1707) Pause Young (Allocation Failure) 10M->5M(15M) 1.148ms
[217.930s][info][gc] GC(1708) Pause Young (Allocation Failure) 10M->6M(15M) 0.527ms
